# Starting performance log. MPI processes: 128

Cycle_Number 2111
ChemistryCooling 3.604239e+01 6.756722e+00 2.473023e+01 7.171327e+01
CommBufferedSend 9.369904e-01 2.365951e-01 4.255733e-01 2.121944e+00
CommReceiveHandler 3.211728e+01 7.336517e+00 7.250964e+00 4.504572e+01
CommunicationTranspose 1.120412e-01 5.741364e-02 4.316252e-02 1.749492e-01
ComputePotentialFieldLevelZero 1.335329e-01 4.937902e-02 7.622104e-02 1.865233e-01
CopyToOldBaryon 1.193022e+00 2.180288e-01 7.836022e-01 1.802390e+00
CreateSiblingList 8.880629e-01 2.619284e-01 5.209023e-01 1.710013e+00
GravityAccel 1.671711e+00 2.008130e-01 1.182805e+00 2.357644e+00
Group_WriteAllData 2.237718e+01 8.060964e+00 1.429248e+01 3.045344e+01
Level_00 2.760984e+00 2.492528e-02 2.713056e+00 2.803086e+00 1.677722e+07 64 4.747293e+04
Level_01 1.553918e-01 4.143974e-02 1.007847e-01 1.970804e-01 1.198240e+05 44 6.024289e+03
Level_02 1.931045e-01 6.046135e-03 1.815906e-01 1.992324e-01 2.329680e+05 91 9.425272e+03
Level_03 4.091950e-01 3.899072e-03 3.991339e-01 4.258135e-01 8.134320e+05 178 1.553034e+04
Level_04 1.481863e+00 1.425737e-02 1.449596e+00 1.520683e+00 7.567680e+06 215 3.989741e+04
Level_05 5.410200e+00 5.548131e-02 5.248918e+00 5.542845e+00 3.269166e+07 727 4.720778e+04
Level_06 1.182614e+01 6.977782e-02 1.164809e+01 1.200442e+01 8.136688e+07 989 5.375203e+04
Level_07 2.164366e+01 1.065394e-01 2.137497e+01 2.188257e+01 9.812907e+07 801 3.542068e+04
Level_08 3.919363e+01 1.659421e-01 3.868404e+01 3.962941e+01 1.146602e+08 590 2.285531e+04
Level_09 7.147427e+01 2.577039e-01 7.074876e+01 7.213306e+01 1.803259e+08 374 1.971053e+04
Level_10 1.237639e+02 4.026087e-01 1.231549e+02 1.256351e+02 3.382666e+08 350 2.135282e+04
MPIWaitReceive 2.838791e+01 6.658302e+00 6.881269e+00 4.116104e+01
ParticleUpdate 1.271199e-01 1.866012e-02 8.785612e-02 1.822294e-01
PrepareDensityField 2.503283e+01 3.179294e+00 1.409626e+01 3.037582e+01
RebuildHierarchy 3.154742e+01 1.181250e-01 3.118154e+01 3.185308e+01
SPCommUpdateCount 1.569134e+02 1.075210e+01 1.130341e+02 1.886333e+02
SPFinalize 1.569194e+02 1.075228e+01 1.130390e+02 1.886397e+02
SPFindTotalParticles 8.128004e-01 1.192319e-01 5.862802e-01 1.071148e+00
SPInitialize 1.350253e+00 5.790396e-02 1.220070e+00 1.434949e+00
SPRecordStarCount 5.271510e-01 1.563990e-01 1.962341e-01 8.238204e-01
SetAccelBoundary 4.954205e+00 7.950425e-01 1.942866e+00 6.172550e+00
SetBoundaryConditions 2.581498e+01 2.694234e+00 1.475238e+01 2.911702e+01
SetLevelTimeStep 7.864663e+00 1.708501e+00 4.314722e+00 1.457961e+01
SolveForPotential 1.646590e+01 2.152658e+00 8.891255e+00 1.969718e+01
SolveHydroEquations 2.445099e+01 1.734698e+00 1.909197e+01 3.049936e+01
StarParticleHandler 3.029507e+00 1.082028e+00 1.398651e+00 8.081629e+00
Total 3.293145e+02 5.470188e-04 3.293144e+02 3.293206e+02 8.709514e+08 4423 2.066204e+04
UpdateFromFinerGrids 2.352873e+00 5.183169e-01 1.294167e+00 3.877583e+00

Cycle_Number 2112
ChemistryCooling 3.537088e+01 7.612753e+00 2.576860e+01 6.968467e+01
CommBufferedSend 6.905018e-01 2.245530e-01 2.063127e-01 1.586712e+00
CommReceiveHandler 2.840522e+01 6.893506e+00 9.175170e+00 4.350570e+01
CommunicationTranspose 1.214250e-01 5.834151e-02 5.414000e-02 1.897065e-01
ComputePotentialFieldLevelZero 1.406483e-01 5.086054e-02 8.063909e-02 2.006014e-01
CopyToOldBaryon 1.319211e+00 3.082904e-01 7.733776e-01 2.074709e+00
CreateSiblingList 8.886248e-01 3.131467e-01 4.439227e-01 1.977409e+00
GravityAccel 1.634654e+00 2.514736e-01 1.257288e+00 2.863188e+00
Group_WriteAllData 6.537041e+00 7.088521e-04 6.535936e+00 6.538775e+00
Level_00 2.317832e+00 2.943636e-02 2.265263e+00 2.374162e+00 1.677722e+07 64 5.654941e+04
Level_01 1.953565e-01 4.262461e-02 1.307977e-01 2.418648e-01 1.198240e+05 44 4.791880e+03
Level_02 1.974837e-01 1.230131e-02 1.743592e-01 2.096235e-01 2.329680e+05 91 9.216268e+03
Level_03 2.599295e-01 6.133725e-03 2.447110e-01 2.707161e-01 8.134320e+05 178 2.444870e+04
Level_04 1.335126e+00 1.654372e-02 1.289545e+00 1.384797e+00 7.567680e+06 215 4.428234e+04
Level_05 4.891374e+00 6.364322e-02 4.744922e+00 5.069355e+00 2.916022e+07 722 4.657468e+04
Level_06 1.340323e+01 1.548807e-01 1.294143e+01 1.382335e+01 9.301228e+07 971 5.421519e+04
Level_07 2.312222e+01 1.932994e-01 2.264896e+01 2.356771e+01 1.200874e+08 814 4.057494e+04
Level_08 4.128290e+01 2.281378e-01 4.087822e+01 4.223480e+01 1.039929e+08 576 1.967994e+04
Level_09 4.910977e+01 2.902816e-01 4.810789e+01 5.040471e+01 1.531434e+08 374 2.436241e+04
Level_10 1.266847e+02 3.295799e-01 1.258318e+02 1.280778e+02 3.188181e+08 361 1.966114e+04
MPIWaitReceive 2.466680e+01 6.528436e+00 8.353694e+00 3.930830e+01
ParticleUpdate 1.233568e-01 2.250353e-02 8.859595e-02 2.529288e-01
PrepareDensityField 2.083537e+01 2.231105e+00 1.273441e+01 2.589057e+01
RebuildHierarchy 3.439089e+01 1.430607e-01 3.393017e+01 3.473102e+01
SPCommUpdateCount 1.473849e+02 1.072341e+01 1.085528e+02 1.694122e+02
SPFinalize 1.473908e+02 1.072355e+01 1.085584e+02 1.694190e+02
SPFindTotalParticles 8.208653e-01 1.363322e-01 5.624887e-01 1.057426e+00
SPInitialize 1.304126e+00 6.516787e-02 1.177677e+00 1.417875e+00
SPRecordStarCount 4.777787e-01 1.655643e-01 1.588807e-01 8.303911e-01
SetAccelBoundary 4.733789e+00 6.573336e-01 2.135654e+00 6.122000e+00
SetBoundaryConditions 2.610283e+01 2.366300e+00 1.686602e+01 3.062839e+01
SetLevelTimeStep 7.746875e+00 1.782263e+00 3.305922e+00 1.347328e+01
SolveForPotential 1.318184e+01 1.425038e+00 7.943339e+00 1.614068e+01
SolveHydroEquations 2.336069e+01 1.731939e+00 2.009388e+01 3.017693e+01
StarParticleHandler 2.761777e+00 1.360504e+00 1.496179e+00 1.212011e+01
Total 3.191660e+02 2.288399e-03 3.191577e+02 3.191676e+02 8.437254e+08 4410 2.065259e+04
UpdateFromFinerGrids 2.283766e+00 6.027178e-01 1.315741e+00 4.054972e+00

Cycle_Number 2113
ChemistryCooling 3.628306e+01 8.416409e+00 2.505601e+01 8.021820e+01
CommBufferedSend 6.979182e-01 1.856199e-01 2.818742e-01 1.384529e+00
CommReceiveHandler 2.994473e+01 6.668322e+00 1.098722e+01 4.178387e+01
CommunicationTranspose 1.147628e-01 5.566409e-02 4.914140e-02 1.839658e-01
ComputePotentialFieldLevelZero 1.353245e-01 4.797642e-02 7.562565e-02 1.948719e-01
CopyToOldBaryon 1.457135e+00 3.078778e-01 9.101574e-01 2.579176e+00
CreateSiblingList 1.040593e+00 3.472780e-01 5.515539e-01 2.188453e+00
GravityAccel 1.714720e+00 1.855466e-01 1.314361e+00 2.466952e+00
Group_WriteAllData 6.429612e+00 1.619941e-04 6.429588e+00 6.431437e+00
Level_00 2.506313e+00 3.353930e-02 2.422914e+00 2.578611e+00 1.677722e+07 64 5.229675e+04
Level_01 1.898101e-01 4.199194e-02 1.376485e-01 2.362142e-01 1.208480e+05 44 4.974049e+03
Level_02 2.447082e-01 5.646104e-03 2.368791e-01 2.513674e-01 2.338640e+05 91 7.466291e+03
Level_03 2.345803e-01 2.907590e-03 2.285248e-01 2.463123e-01 8.107600e+05 186 2.700169e+04
Level_04 1.457501e+00 1.442988e-02 1.421416e+00 1.511266e+00 7.528560e+06 227 4.035459e+04
Level_05 4.085153e+00 7.230721e-02 3.939634e+00 4.278677e+00 2.267608e+07 716 4.336603e+04
Level_06 1.551643e+01 1.496954e-01 1.493011e+01 1.589408e+01 1.053564e+08 966 5.304678e+04
Level_07 2.421917e+01 1.694637e-01 2.385795e+01 2.480951e+01 1.250532e+08 811 4.033906e+04
Level_08 5.151380e+01 1.923068e-01 5.099200e+01 5.243258e+01 1.147718e+08 575 1.740610e+04
Level_09 7.802791e+01 2.406441e-01 7.735781e+01 7.884744e+01 1.498122e+08 366 1.499986e+04
Level_10 1.115630e+02 2.447531e-01 1.107730e+02 1.124580e+02 3.283182e+08 384 2.299136e+04
MPIWaitReceive 2.589008e+01 6.234195e+00 9.899756e+00 3.759401e+01
ParticleUpdate 1.291436e-01 1.794562e-02 9.303159e-02 1.947980e-01
PrepareDensityField 2.279069e+01 2.052687e+00 1.582644e+01 2.702878e+01
RebuildHierarchy 3.543981e+01 1.450203e-01 3.511990e+01 3.574458e+01
SPCommUpdateCount 1.686606e+02 1.082683e+01 1.171846e+02 1.920982e+02
SPFinalize 1.686667e+02 1.082728e+01 1.171898e+02 1.921070e+02
SPFindTotalParticles 8.481699e-01 1.286701e-01 5.433843e-01 1.092365e+00
SPInitialize 1.330646e+00 6.569249e-02 1.215101e+00 1.450388e+00
SPRecordStarCount 4.766627e-01 1.591669e-01 1.647229e-01 8.966551e-01
SetAccelBoundary 4.974585e+00 5.754379e-01 2.886641e+00 6.456914e+00
SetBoundaryConditions 2.740303e+01 1.843847e+00 2.144110e+01 3.152519e+01
SetLevelTimeStep 7.755193e+00 1.379511e+00 4.763903e+00 1.189053e+01
SolveForPotential 1.414265e+01 1.307443e+00 1.000174e+01 1.694251e+01
SolveHydroEquations 2.453289e+01 1.757330e+00 2.079569e+01 2.905324e+01
StarParticleHandler 2.711282e+00 1.056876e+00 1.216005e+00 8.141354e+00
Total 3.475676e+02 1.259563e-03 3.475622e+02 3.475682e+02 8.714591e+08 4430 1.958834e+04
UpdateFromFinerGrids 2.390410e+00 5.266065e-01 1.429194e+00 3.658722e+00

Cycle_Number 2114
ChemistryCooling 3.520101e+01 8.301730e+00 2.572124e+01 8.241076e+01
CommBufferedSend 6.021536e-01 1.852747e-01 2.156720e-01 1.312405e+00
CommReceiveHandler 2.833193e+01 6.712585e+00 9.181123e+00 4.239318e+01
CommunicationTranspose 1.053754e-01 4.936010e-02 4.297942e-02 1.687795e-01
ComputePotentialFieldLevelZero 1.237467e-01 4.287978e-02 6.915473e-02 1.793168e-01
CopyToOldBaryon 1.260393e+00 2.963244e-01 7.816694e-01 2.040983e+00
CreateSiblingList 1.027254e+00 3.853639e-01 5.047569e-01 2.023796e+00
GravityAccel 1.609945e+00 1.924499e-01 1.273420e+00 2.187018e+00
Group_WriteAllData 6.383412e+00 8.438107e-04 6.382322e+00 6.385338e+00
Level_00 2.450703e+00 2.812321e-02 2.393473e+00 2.522080e+00 1.677722e+07 64 5.348342e+04
Level_01 1.819416e-01 3.864914e-02 1.317511e-01 2.248375e-01 1.208480e+05 44 5.189166e+03
Level_02 1.640495e-01 5.406469e-03 1.522504e-01 1.697368e-01 2.338640e+05 91 1.113726e+04
Level_03 2.307625e-01 3.357002e-03 2.229674e-01 2.384362e-01 8.107600e+05 186 2.744840e+04
Level_04 1.300382e+00 1.520793e-02 1.253489e+00 1.339619e+00 7.528560e+06 227 4.523045e+04
Level_05 3.926682e+00 4.106489e-02 3.826118e+00 4.067305e+00 2.266194e+07 709 4.508805e+04
Level_06 1.443567e+01 1.211985e-01 1.404666e+01 1.481349e+01 1.050733e+08 941 5.686507e+04
Level_07 2.063815e+01 1.076969e-01 2.019152e+01 2.090487e+01 1.042358e+08 815 3.945811e+04
Level_08 4.962751e+01 1.891535e-01 4.892160e+01 5.012244e+01 1.144290e+08 582 1.801374e+04
Level_09 8.593347e+01 2.117870e-01 8.528758e+01 8.647597e+01 1.524380e+08 379 1.385865e+04
Level_10 1.289388e+02 2.637463e-01 1.283374e+02 1.300042e+02 3.122573e+08 391 1.891991e+04
MPIWaitReceive 2.457900e+01 6.330707e+00 8.457003e+00 3.724810e+01
ParticleUpdate 1.225824e-01 2.196506e-02 8.837304e-02 2.116788e-01
PrepareDensityField 2.260470e+01 2.540872e+00 1.466865e+01 2.734365e+01
RebuildHierarchy 3.704179e+01 1.674014e-01 3.657343e+01 3.773853e+01
SPCommUpdateCount 1.932133e+02 1.108211e+01 1.404239e+02 2.122164e+02
SPFinalize 1.932188e+02 1.108230e+01 1.404298e+02 2.122225e+02
SPFindTotalParticles 8.034520e-01 1.404849e-01 5.203376e-01 1.073001e+00
SPInitialize 1.276003e+00 5.776150e-02 1.163379e+00 1.387640e+00
SPRecordStarCount 4.671048e-01 1.680372e-01 1.285708e-01 8.382739e-01
SetAccelBoundary 4.422038e+00 7.531343e-01 2.192982e+00 1.026937e+01
SetBoundaryConditions 2.436353e+01 2.018402e+00 1.742981e+01 3.220630e+01
SetLevelTimeStep 6.853484e+00 1.524226e+00 3.288534e+00 1.190373e+01
SolveForPotential 1.415680e+01 1.536675e+00 8.449333e+00 1.751795e+01
SolveHydroEquations 2.355274e+01 1.812844e+00 2.034227e+01 2.966436e+01
StarParticleHandler 2.631315e+00 9.506086e-01 1.280240e+00 7.313176e+00
Total 3.663402e+02 7.672388e-04 3.663366e+02 3.663406e+02 8.365666e+08 4429 1.784046e+04
UpdateFromFinerGrids 2.143186e+00 5.442835e-01 1.214668e+00 3.568992e+00

Cycle_Number 2115
ChemistryCooling 3.532016e+01 7.484541e+00 2.566702e+01 7.483827e+01
CommBufferedSend 6.048179e-01 1.858029e-01 2.301784e-01 1.100732e+00
CommReceiveHandler 3.101352e+01 6.481926e+00 1.261800e+01 4.594706e+01
CommunicationTranspose 1.232555e-01 6.283736e-02 4.662656e-02 2.010349e-01
ComputePotentialFieldLevelZero 1.438069e-01 5.503449e-02 7.738123e-02 2.117985e-01
CopyToOldBaryon 1.320807e+00 2.815294e-01 8.420063e-01 2.199735e+00
CreateSiblingList 9.467953e-01 3.142373e-01 4.663590e-01 2.010926e+00
GravityAccel 1.623149e+00 1.905113e-01 1.286254e+00 2.372889e+00
Group_WriteAllData 6.457028e+00 1.960607e-04 6.457000e+00 6.459237e+00
Level_00 2.382153e+00 3.141862e-02 2.309490e+00 2.454332e+00 1.677722e+07 64 5.502248e+04
Level_01 2.035846e-01 4.157753e-02 1.489336e-01 2.495909e-01 1.208480e+05 44 4.637507e+03
Level_02 1.828241e-01 4.963661e-03 1.746197e-01 1.887747e-01 2.338640e+05 91 9.993556e+03
Level_03 2.417194e-01 4.039989e-03 2.322756e-01 2.569293e-01 8.099760e+05 188 2.617886e+04
Level_04 1.386671e+00 1.692931e-02 1.341428e+00 1.426876e+00 7.525264e+06 227 4.239731e+04
Level_05 4.832602e+00 7.121763e-02 4.670256e+00 5.038062e+00 2.918526e+07 729 4.718159e+04
Level_06 1.472038e+01 1.481371e-01 1.425572e+01 1.516094e+01 1.094122e+08 939 5.806801e+04
Level_07 2.466297e+01 1.696744e-01 2.407183e+01 2.500419e+01 1.201429e+08 816 3.805773e+04
Level_08 4.959083e+01 2.117462e-01 4.904587e+01 5.028688e+01 1.127264e+08 571 1.775882e+04
Level_09 8.736649e+01 1.729327e-01 8.702753e+01 8.784824e+01 1.429642e+08 348 1.278417e+04
Level_10 9.819187e+01 2.632545e-01 9.769487e+01 9.926441e+01 2.984111e+08 378 2.374267e+04
MPIWaitReceive 2.730632e+01 6.234598e+00 1.164309e+01 4.234486e+01
ParticleUpdate 1.202801e-01 1.809173e-02 8.773754e-02 1.906680e-01
PrepareDensityField 2.428409e+01 2.752852e+00 1.364475e+01 2.792489e+01
RebuildHierarchy 3.657264e+01 1.954014e-01 3.618947e+01 3.716047e+01
SPCommUpdateCount 1.659346e+02 9.722257e+00 1.215765e+02 1.840449e+02
SPFinalize 1.659403e+02 9.722472e+00 1.215819e+02 1.840520e+02
SPFindTotalParticles 7.833455e-01 1.257108e-01 5.299656e-01 1.013364e+00
SPInitialize 1.246087e+00 6.369233e-02 1.129827e+00 1.368480e+00
SPRecordStarCount 4.574857e-01 1.471599e-01 1.487430e-01 8.209654e-01
SetAccelBoundary 4.577048e+00 5.790930e-01 2.549942e+00 5.959241e+00
SetBoundaryConditions 2.549199e+01 1.938569e+00 2.032961e+01 2.870624e+01
SetLevelTimeStep 7.365275e+00 1.543656e+00 3.560631e+00 1.170885e+01
SolveForPotential 1.444873e+01 1.556762e+00 8.569915e+00 1.758444e+01
SolveHydroEquations 2.356100e+01 1.706597e+00 2.034293e+01 2.770820e+01
StarParticleHandler 2.567895e+00 9.999114e-01 1.180934e+00 8.965573e+00
Total 3.421710e+02 1.006428e-03 3.421665e+02 3.421714e+02 8.383093e+08 4395 1.914041e+04
UpdateFromFinerGrids 2.329853e+00 5.430973e-01 1.225915e+00 3.741621e+00

