# Starting performance log. MPI processes: 128

Cycle_Number 2111
ChemistryCooling 3.640185e+01 6.907098e+00 2.485739e+01 6.985100e+01
CommBufferedSend 8.101216e-01 1.972966e-01 3.496739e-01 1.725292e+00
CommReceiveHandler 1.025324e+02 2.675324e+01 9.395153e+00 1.402191e+02
CommunicationTranspose 1.010189e-01 4.512915e-02 4.482783e-02 1.503329e-01
ComputePotentialFieldLevelZero 1.212042e-01 3.823029e-02 7.743421e-02 1.627132e-01
CopyToOldBaryon 1.120109e+00 1.708558e-01 7.504649e-01 1.734189e+00
CreateSiblingList 4.644418e-01 3.844763e-02 3.901883e-01 5.560552e-01
GravityAccel 1.635070e+00 1.945217e-01 1.216599e+00 2.378291e+00
Group_WriteAllData 2.278910e+01 7.956135e+00 1.481141e+01 3.083692e+01
Level_00 1.235086e+00 9.676083e-01 2.291210e-01 2.278133e+00 1.677722e+07 64 1.061238e+05
Level_01 1.100953e+00 9.973949e-01 2.937870e-02 2.099757e+00 1.198240e+05 44 8.502860e+02
Level_02 1.312430e-01 9.050254e-03 1.064381e-01 1.455274e-01 2.329680e+05 91 1.386788e+04
Level_03 3.041859e-01 3.643308e-02 2.558934e-01 3.552960e-01 8.134320e+05 178 2.089163e+04
Level_04 9.484910e-01 1.320630e-01 7.218601e-01 1.293123e+00 7.567680e+06 215 6.233322e+04
Level_05 4.392647e+00 1.782762e-01 3.894190e+00 4.719135e+00 3.269166e+07 727 5.814343e+04
Level_06 9.674617e+00 3.531674e-01 8.508529e+00 1.039224e+01 8.136688e+07 989 6.570583e+04
Level_07 1.586985e+01 1.625428e+00 9.341781e+00 2.014845e+01 9.812907e+07 801 4.830754e+04
Level_08 2.417223e+01 3.954327e+00 1.544531e+01 3.470440e+01 1.146602e+08 590 3.705834e+04
Level_09 4.545491e+01 5.071827e+00 3.360396e+01 6.478118e+01 1.803259e+08 374 3.099326e+04
Level_10 8.493195e+01 6.045925e+00 7.068045e+01 1.085121e+02 3.382656e+08 350 3.111550e+04
MPIWaitReceive 9.952290e+01 2.593385e+01 9.022902e+00 1.358588e+02
ParticleUpdate 1.284609e-01 1.935207e-02 9.529641e-02 2.089655e-01
PrepareDensityField 2.418394e+01 3.037448e+00 1.413986e+01 2.945115e+01
RebuildHierarchy 3.013803e+01 1.339395e-01 2.973442e+01 3.044118e+01
SPCommUpdateCount 2.491617e-03 3.864615e-04 1.666861e-03 3.169828e-03
SPFinalize 4.960727e-03 5.624957e-04 3.598722e-03 6.513193e-03
SPFindTotalParticles 8.195613e-01 1.150580e-01 5.829434e-01 1.075324e+00
SPInitialize 1.365783e+00 3.927272e-02 1.271167e+00 1.428224e+00
SPRecordStarCount 5.359134e-01 1.298082e-01 2.360684e-01 8.264066e-01
SetAccelBoundary 4.798279e+00 7.577200e-01 1.993585e+00 5.916114e+00
SetBoundaryConditions 9.283619e+01 2.298253e+01 1.725513e+01 1.243687e+02
SetLevelTimeStep 3.269194e+01 1.581414e+01 1.142571e+01 8.956964e+01
SolveForPotential 1.585616e+01 2.158140e+00 8.145657e+00 1.944282e+01
SolveHydroEquations 2.440964e+01 1.864687e+00 1.965019e+01 2.971990e+01
StarParticleHandler 2.933995e+00 1.089637e+00 1.335932e+00 8.046261e+00
Total 3.104568e+02 5.842018e-04 3.104567e+02 3.104633e+02 8.709504e+08 4423 2.191706e+04
UpdateFromFinerGrids 2.256731e+00 4.454565e-01 1.382891e+00 3.997240e+00

Cycle_Number 2112
ChemistryCooling 3.567325e+01 7.623136e+00 2.578241e+01 7.091264e+01
CommBufferedSend 6.227669e-01 1.909914e-01 1.737361e-01 1.255599e+00
CommReceiveHandler 8.901312e+01 2.128544e+01 1.378006e+01 1.276343e+02
CommunicationTranspose 1.142270e-01 4.936753e-02 5.698325e-02 1.721497e-01
ComputePotentialFieldLevelZero 1.337932e-01 4.148448e-02 8.294538e-02 1.825006e-01
CopyToOldBaryon 1.305053e+00 2.683186e-01 7.770600e-01 2.044443e+00
CreateSiblingList 4.949495e-01 6.095753e-02 3.877860e-01 6.869975e-01
GravityAccel 1.613210e+00 2.447633e-01 1.254161e+00 3.140759e+00
Group_WriteAllData 6.968505e+00 9.291063e-04 6.967039e+00 6.971045e+00
Level_00 1.218407e+00 8.802131e-01 2.315394e-01 2.171334e+00 1.677722e+07 64 1.075766e+05
Level_01 1.034952e+00 9.122000e-01 3.786093e-02 1.950162e+00 1.198240e+05 44 9.045107e+02
Level_02 1.578401e-01 2.317317e-02 1.041040e-01 1.770284e-01 2.329680e+05 91 1.153105e+04
Level_03 2.040322e-01 4.517001e-02 1.525405e-01 3.060786e-01 8.134320e+05 178 3.114674e+04
Level_04 1.020582e+00 1.517094e-01 8.182722e-01 1.432275e+00 7.567680e+06 215 5.793017e+04
Level_05 4.124178e+00 1.767532e-01 3.687673e+00 4.472611e+00 2.916022e+07 722 5.523868e+04
Level_06 1.063742e+01 4.097641e-01 9.413421e+00 1.153907e+01 9.301228e+07 971 6.831153e+04
Level_07 1.769749e+01 1.747936e+00 1.353414e+01 2.206869e+01 1.200874e+08 814 5.301219e+04
Level_08 2.262767e+01 4.291932e+00 1.595039e+01 4.167485e+01 1.039929e+08 576 3.590493e+04
Level_09 4.090992e+01 2.990129e+00 3.472995e+01 5.016831e+01 1.531434e+08 374 2.924554e+04
Level_10 7.494631e+01 8.456507e+00 4.850726e+01 1.048680e+02 3.188181e+08 361 3.323401e+04
MPIWaitReceive 8.596180e+01 2.056782e+01 1.296592e+01 1.239213e+02
ParticleUpdate 1.252879e-01 2.419524e-02 8.679254e-02 2.935939e-01
PrepareDensityField 2.176471e+01 2.488568e+00 1.280996e+01 2.731448e+01
RebuildHierarchy 3.407643e+01 1.849525e-01 3.350198e+01 3.453408e+01
SPCommUpdateCount 2.308923e-03 4.020947e-04 1.563579e-03 3.149075e-03
SPFinalize 4.614481e-03 5.366432e-04 3.424778e-03 5.660379e-03
SPFindTotalParticles 8.405253e-01 1.400182e-01 5.751899e-01 1.115651e+00
SPInitialize 1.386337e+00 6.757044e-02 1.277629e+00 1.501280e+00
SPRecordStarCount 5.403801e-01 1.581672e-01 1.868654e-01 8.942120e-01
SetAccelBoundary 4.671734e+00 6.412889e-01 2.129030e+00 5.874510e+00
SetBoundaryConditions 8.138343e+01 1.794627e+01 1.654979e+01 1.110320e+02
SetLevelTimeStep 3.021616e+01 1.197740e+01 6.732004e+00 8.104794e+01
SolveForPotential 1.375183e+01 1.550989e+00 8.039860e+00 1.643063e+01
SolveHydroEquations 2.332195e+01 1.648966e+00 2.027081e+01 2.934906e+01
StarParticleHandler 2.679282e+00 1.339162e+00 1.343779e+00 1.198395e+01
Total 3.039693e+02 2.560505e-03 3.039598e+02 3.039711e+02 8.437254e+08 4410 2.168510e+04
UpdateFromFinerGrids 2.352058e+00 5.769466e-01 1.028068e+00 4.013450e+00

Cycle_Number 2113
ChemistryCooling 3.648811e+01 8.308410e+00 2.478708e+01 7.937834e+01
CommBufferedSend 6.206644e-01 1.808778e-01 2.228239e-01 1.149324e+00
CommReceiveHandler 1.131327e+02 2.360004e+01 2.367380e+01 1.559806e+02
CommunicationTranspose 1.146782e-01 5.108487e-02 5.170282e-02 1.816173e-01
ComputePotentialFieldLevelZero 1.362250e-01 4.232825e-02 8.938042e-02 1.930854e-01
CopyToOldBaryon 1.358602e+00 2.748878e-01 8.308434e-01 2.159971e+00
CreateSiblingList 5.279872e-01 7.098743e-02 3.753235e-01 7.367143e-01
GravityAccel 1.682438e+00 1.898742e-01 1.340681e+00 2.479639e+00
Group_WriteAllData 6.791894e+00 2.671720e-04 6.791858e+00 6.794904e+00
Level_00 1.285252e+00 9.483241e-01 2.393260e-01 2.384167e+00 1.677722e+07 64 1.019816e+05
Level_01 1.156575e+00 1.020338e+00 2.230526e-02 2.182041e+00 1.208480e+05 44 8.163108e+02
Level_02 1.442866e-01 9.127682e-03 1.148042e-01 1.641006e-01 2.338640e+05 91 1.266273e+04
Level_03 2.055162e-01 1.956586e-02 1.539653e-01 2.360817e-01 8.107600e+05 186 3.082026e+04
Level_04 1.054368e+00 1.549500e-01 7.374805e-01 1.403382e+00 7.528560e+06 227 5.578400e+04
Level_05 3.307197e+00 8.381597e-02 2.981217e+00 3.480581e+00 2.267608e+07 716 5.356708e+04
Level_06 1.196166e+01 4.606833e-01 1.023926e+01 1.293999e+01 1.053564e+08 966 6.881126e+04
Level_07 1.960815e+01 1.616791e+00 1.207438e+01 2.249908e+01 1.250532e+08 811 4.982511e+04
Level_08 2.580038e+01 5.461119e+00 1.578145e+01 4.519414e+01 1.147718e+08 575 3.475354e+04
Level_09 4.762980e+01 5.738159e+00 3.481503e+01 6.978174e+01 1.498122e+08 366 2.457302e+04
Level_10 8.777810e+01 4.064402e+00 7.301120e+01 1.012110e+02 3.283182e+08 384 2.922125e+04
MPIWaitReceive 1.099460e+02 2.290482e+01 2.279447e+01 1.521949e+02
ParticleUpdate 1.303081e-01 2.103487e-02 9.359755e-02 2.141064e-01
PrepareDensityField 2.449749e+01 2.431154e+00 1.685511e+01 2.893711e+01
RebuildHierarchy 3.516137e+01 1.330578e-01 3.482246e+01 3.547806e+01
SPCommUpdateCount 2.364969e-03 4.111569e-04 1.530662e-03 3.192579e-03
SPFinalize 4.730390e-03 5.545027e-04 3.603646e-03 5.752296e-03
SPFindTotalParticles 8.510444e-01 1.229768e-01 5.731717e-01 1.110480e+00
SPInitialize 1.373790e+00 6.688876e-02 1.249488e+00 1.517201e+00
SPRecordStarCount 5.172805e-01 1.526032e-01 1.883808e-01 8.686378e-01
SetAccelBoundary 4.886931e+00 6.008979e-01 2.848219e+00 6.463880e+00
SetBoundaryConditions 1.034435e+02 2.079492e+01 2.590087e+01 1.438321e+02
SetLevelTimeStep 4.361948e+01 1.527792e+01 9.988869e+00 1.011364e+02
SolveForPotential 1.513972e+01 1.490274e+00 1.109615e+01 1.819733e+01
SolveHydroEquations 2.428700e+01 1.659025e+00 2.042915e+01 3.043038e+01
StarParticleHandler 2.724650e+00 1.059498e+00 1.234010e+00 8.197091e+00
Total 3.288474e+02 1.529046e-03 3.288416e+02 3.288481e+02 8.714591e+08 4430 2.070345e+04
UpdateFromFinerGrids 2.365689e+00 5.233292e-01 1.078847e+00 3.859421e+00

Cycle_Number 2114
ChemistryCooling 3.555116e+01 8.345329e+00 2.585517e+01 8.327940e+01
CommBufferedSend 5.628522e-01 1.757528e-01 1.933873e-01 1.205961e+00
CommReceiveHandler 1.152319e+02 2.888949e+01 1.877258e+01 1.646378e+02
CommunicationTranspose 1.182637e-01 5.052008e-02 5.956116e-02 1.822848e-01
ComputePotentialFieldLevelZero 1.374878e-01 4.333142e-02 8.426368e-02 1.937595e-01
CopyToOldBaryon 1.306997e+00 2.901023e-01 8.033571e-01 2.186826e+00
CreateSiblingList 5.218671e-01 7.195664e-02 3.908318e-01 6.842961e-01
GravityAccel 1.612605e+00 1.944522e-01 1.215185e+00 2.304759e+00
Group_WriteAllData 6.741620e+00 8.359370e-04 6.740379e+00 6.743948e+00
Level_00 1.278598e+00 9.305575e-01 2.629815e-01 2.292041e+00 1.677722e+07 64 1.025123e+05
Level_01 1.078770e+00 9.778637e-01 1.577411e-02 2.061236e+00 1.208480e+05 44 8.751865e+02
Level_02 1.501258e-01 1.402947e-02 1.200141e-01 1.771544e-01 2.338640e+05 91 1.217021e+04
Level_03 1.951061e-01 2.005767e-02 1.538849e-01 2.229634e-01 8.107600e+05 186 3.246472e+04
Level_04 9.124760e-01 9.308037e-02 7.435917e-01 1.189849e+00 7.528560e+06 227 6.445854e+04
Level_05 3.336755e+00 1.491867e-01 2.913354e+00 3.610859e+00 2.266194e+07 709 5.305946e+04
Level_06 1.180861e+01 5.350295e-01 1.053244e+01 1.328823e+01 1.050733e+08 941 6.951582e+04
Level_07 1.658957e+01 1.639554e+00 1.038956e+01 1.957560e+01 1.042358e+08 815 4.908761e+04
Level_08 2.645495e+01 5.864115e+00 1.352259e+01 4.238395e+01 1.144290e+08 582 3.379242e+04
Level_09 4.659528e+01 6.149009e+00 3.536578e+01 6.584610e+01 1.524415e+08 379 2.555943e+04
Level_10 9.722937e+01 5.212015e+00 8.409198e+01 1.111441e+02 3.122516e+08 391 2.508980e+04
MPIWaitReceive 1.121390e+02 2.816815e+01 1.809838e+01 1.605454e+02
ParticleUpdate 1.265367e-01 2.231141e-02 8.535159e-02 2.244043e-01
PrepareDensityField 2.473384e+01 3.079341e+00 1.538770e+01 2.999860e+01
RebuildHierarchy 3.822289e+01 1.319479e-01 3.790718e+01 3.849854e+01
SPCommUpdateCount 2.286351e-03 4.023430e-04 1.528155e-03 3.124312e-03
SPFinalize 4.579728e-03 5.538320e-04 3.520068e-03 5.892678e-03
SPFindTotalParticles 8.389784e-01 1.354817e-01 5.864129e-01 1.115295e+00
SPInitialize 1.353790e+00 6.805912e-02 1.214862e+00 1.482180e+00
SPRecordStarCount 5.094215e-01 1.669101e-01 1.634461e-01 8.615437e-01
SetAccelBoundary 4.575165e+00 6.834716e-01 2.576346e+00 8.685530e+00
SetBoundaryConditions 1.047030e+02 2.553328e+01 2.115353e+01 1.487101e+02
SetLevelTimeStep 5.036483e+01 1.778533e+01 1.249697e+01 1.095701e+02
SolveForPotential 1.504733e+01 1.752821e+00 8.834821e+00 1.886619e+01
SolveHydroEquations 2.346705e+01 1.802055e+00 2.032048e+01 2.845630e+01
StarParticleHandler 2.658793e+00 9.485927e-01 1.286052e+00 7.245590e+00
Total 3.557821e+02 1.404555e-03 3.557759e+02 3.557826e+02 8.365644e+08 4429 1.836984e+04
UpdateFromFinerGrids 2.335392e+00 5.842950e-01 1.262426e+00 3.838074e+00

Cycle_Number 2115
ChemistryCooling 3.563737e+01 7.511304e+00 2.593923e+01 7.522178e+01
CommBufferedSend 5.827260e-01 1.722050e-01 2.032386e-01 1.079716e+00
CommReceiveHandler 1.152916e+02 2.391111e+01 3.730938e+01 1.519325e+02
CommunicationTranspose 1.261705e-01 5.269271e-02 6.604061e-02 1.913792e-01
ComputePotentialFieldLevelZero 1.468004e-01 4.469246e-02 9.230616e-02 2.022307e-01
CopyToOldBaryon 1.507667e+00 3.338280e-01 8.485773e-01 2.502189e+00
CreateSiblingList 5.446986e-01 7.710324e-02 3.913815e-01 7.107287e-01
GravityAccel 1.647616e+00 2.081360e-01 1.321942e+00 2.608288e+00
Group_WriteAllData 6.914771e+00 1.652139e-04 6.914748e+00 6.916633e+00
Level_00 1.401313e+00 1.078228e+00 2.426728e-01 2.567062e+00 1.677722e+07 64 9.353512e+04
Level_01 1.235717e+00 1.110678e+00 2.397880e-02 2.351244e+00 1.208480e+05 44 7.640299e+02
Level_02 1.520773e-01 2.586994e-02 1.177594e-01 2.020846e-01 2.338640e+05 91 1.201404e+04
Level_03 2.037640e-01 1.635581e-02 1.499450e-01 2.318521e-01 8.099760e+05 188 3.105522e+04
Level_04 1.099878e+00 1.632277e-01 8.431242e-01 1.400779e+00 7.525264e+06 227 5.345238e+04
Level_05 4.310418e+00 2.265012e-01 3.575039e+00 4.554274e+00 2.918526e+07 729 5.289737e+04
Level_06 1.223077e+01 4.663985e-01 1.085027e+01 1.303975e+01 1.094122e+08 939 6.988791e+04
Level_07 1.785575e+01 1.719797e+00 1.223127e+01 2.145756e+01 1.201429e+08 816 5.256663e+04
Level_08 2.528172e+01 4.669866e+00 1.406508e+01 3.864169e+01 1.127264e+08 571 3.483445e+04
Level_09 5.041053e+01 6.258731e+00 3.817287e+01 7.296155e+01 1.429634e+08 348 2.215612e+04
Level_10 8.484807e+01 4.720909e+00 7.210446e+01 9.687684e+01 2.984123e+08 378 2.747671e+04
MPIWaitReceive 1.120946e+02 2.328417e+01 3.545591e+01 1.492132e+02
ParticleUpdate 1.272689e-01 2.221018e-02 9.165868e-02 2.136320e-01
PrepareDensityField 2.291764e+01 2.555282e+00 1.346435e+01 2.648272e+01
RebuildHierarchy 3.651484e+01 1.635143e-01 3.607210e+01 3.690274e+01
SPCommUpdateCount 2.189513e-03 4.011676e-04 1.498375e-03 3.011739e-03
SPFinalize 4.409979e-03 5.300678e-04 3.535251e-03 6.013603e-03
SPFindTotalParticles 8.240240e-01 1.333075e-01 5.746476e-01 1.070684e+00
SPInitialize 1.326815e+00 5.874031e-02 1.225767e+00 1.460219e+00
SPRecordStarCount 4.974917e-01 1.609313e-01 2.036059e-01 8.434041e-01
SetAccelBoundary 4.831111e+00 5.910542e-01 2.694791e+00 5.902810e+00
SetBoundaryConditions 1.071068e+02 2.108448e+01 3.562860e+01 1.440490e+02
SetLevelTimeStep 4.505670e+01 1.685346e+01 1.773633e+01 9.509798e+01
SolveForPotential 1.445345e+01 1.615250e+00 8.726820e+00 1.711421e+01
SolveHydroEquations 2.368371e+01 1.632744e+00 2.098244e+01 2.823901e+01
StarParticleHandler 2.618987e+00 1.007284e+00 1.295806e+00 8.908805e+00
Total 3.271668e+02 9.756164e-04 3.271624e+02 3.271672e+02 8.383097e+08 4395 2.001822e+04
UpdateFromFinerGrids 2.475644e+00 5.727878e-01 1.160096e+00 4.441499e+00

