# Starting performance log. MPI processes: 128

Cycle_Number 2111
ChemistryCooling 3.434081e+01 6.757453e+00 2.546703e+01 6.360926e+01
CommBufferedSend 1.540137e+00 4.424781e-01 4.591851e-01 2.641079e+00
CommReceiveHandler 3.585592e+01 8.221281e+00 1.067539e+01 4.964348e+01
CommunicationTranspose 1.326839e-01 6.487504e-02 5.277670e-02 2.027954e-01
ComputePotentialFieldLevelZero 1.533433e-01 5.736077e-02 8.669293e-02 2.152486e-01
CopyToOldBaryon 2.430131e+00 1.730428e-01 2.039395e+00 2.910674e+00
CreateSiblingList 1.021611e+00 2.377815e-01 5.604580e-01 1.709796e+00
GravityAccel 2.917640e+00 1.952721e-01 2.527682e+00 3.881702e+00
Group_WriteAllData 2.413851e+01 8.988555e+00 1.512066e+01 3.316719e+01
Level_00 2.603541e+00 3.532374e-02 2.543316e+00 2.658880e+00 1.677722e+07 64 5.034375e+04
Level_01 1.655155e-01 4.124682e-02 1.226691e-01 2.134971e-01 1.187280e+05 80 5.604084e+03
Level_02 2.523877e-01 3.194542e-03 2.490014e-01 2.620260e-01 2.255600e+05 157 6.982065e+03
Level_03 2.762343e-01 5.428610e-03 2.644132e-01 2.862403e-01 7.840880e+05 180 2.217570e+04
Level_04 1.206953e+00 1.470718e-02 1.169221e+00 1.244332e+00 7.562880e+06 218 4.895384e+04
Level_05 4.998589e+00 5.178992e-02 4.774176e+00 5.125471e+00 2.917922e+07 727 4.560541e+04
Level_06 1.420842e+01 9.010406e-02 1.395666e+01 1.442669e+01 9.345039e+07 985 5.138369e+04
Level_07 2.124013e+01 1.055485e-01 2.101045e+01 2.154125e+01 9.245870e+07 820 3.400796e+04
Level_08 3.397554e+01 1.568164e-01 3.359832e+01 3.432616e+01 1.148898e+08 616 2.641831e+04
Level_09 7.223661e+01 1.944045e-01 7.156788e+01 7.288444e+01 1.788784e+08 474 1.934597e+04
Level_10 1.348409e+02 3.647526e-01 1.342328e+02 1.365196e+02 3.273460e+08 492 1.896599e+04
MPIWaitReceive 3.078809e+01 6.953005e+00 1.008764e+01 4.369921e+01
ParticleUpdate 1.346183e+00 2.079860e-02 1.302980e+00 1.490859e+00
PrepareDensityField 2.824703e+01 3.632180e+00 1.491041e+01 3.261327e+01
RebuildHierarchy 3.503090e+01 1.305368e-01 3.467370e+01 3.536599e+01
SPCommUpdateCount 1.459303e+02 1.139631e+01 1.079970e+02 1.765239e+02
SPFinalize 1.459433e+02 1.139653e+01 1.080089e+02 1.765384e+02
SPFindTotalParticles 8.874784e-01 1.224263e-01 5.673429e-01 1.185105e+00
SPInitialize 1.491626e+00 6.438281e-02 1.385420e+00 1.585095e+00
SPRecordStarCount 5.850657e-01 1.597704e-01 2.266138e-01 9.802332e-01
SetAccelBoundary 5.633887e+00 8.548436e-01 2.413887e+00 6.858617e+00
SetBoundaryConditions 2.986797e+01 2.783209e+00 1.938222e+01 3.332464e+01
SetLevelTimeStep 8.344139e+00 1.652458e+00 5.368408e+00 1.388282e+01
SolveForPotential 1.819145e+01 2.420281e+00 8.434877e+00 2.201901e+01
SolveHydroEquations 2.702016e+01 1.976038e+00 2.260034e+01 3.316404e+01
StarParticleHandler 4.294011e+00 1.284791e+00 2.675180e+00 1.525510e+01
Total 3.440882e+02 7.950342e-04 3.440880e+02 3.440971e+02 8.616710e+08 4813 1.956418e+04
UpdateFromFinerGrids 2.643237e+00 4.970884e-01 1.685167e+00 3.837688e+00

Cycle_Number 2112
ChemistryCooling 3.215511e+01 6.427767e+00 2.343309e+01 5.851231e+01
CommBufferedSend 1.225138e+00 3.525088e-01 3.623942e-01 2.214975e+00
CommReceiveHandler 3.646677e+01 7.778173e+00 8.606388e+00 5.266412e+01
CommunicationTranspose 1.157972e-01 5.464006e-02 5.167751e-02 1.831610e-01
ComputePotentialFieldLevelZero 1.347232e-01 4.718453e-02 7.763937e-02 1.936340e-01
CopyToOldBaryon 2.363336e+00 2.085756e-01 1.919498e+00 2.851001e+00
CreateSiblingList 1.089722e+00 3.003575e-01 4.992326e-01 1.846425e+00
GravityAccel 2.701090e+00 1.644393e-01 2.297678e+00 3.640124e+00
Group_WriteAllData 6.896677e+00 1.033085e-03 6.895343e+00 6.899317e+00
Level_00 2.454045e+00 3.431037e-02 2.380493e+00 2.525215e+00 1.677722e+07 64 5.341059e+04
Level_01 1.854230e-01 4.049567e-02 1.422974e-01 2.338885e-01 1.187280e+05 80 5.002412e+03
Level_02 1.330709e-01 3.576772e-03 1.282151e-01 1.439821e-01 2.255600e+05 157 1.324247e+04
Level_03 2.867824e-01 5.567427e-03 2.768079e-01 3.040723e-01 7.840880e+05 180 2.136005e+04
Level_04 1.479474e+00 1.533636e-02 1.453243e+00 1.523668e+00 7.562880e+06 218 3.993650e+04
Level_05 4.537761e+00 4.613030e-02 4.400215e+00 4.630504e+00 2.577872e+07 736 4.438230e+04
Level_06 1.362370e+01 1.254774e-01 1.334201e+01 1.405752e+01 9.307531e+07 959 5.337397e+04
Level_07 2.685585e+01 1.461041e-01 2.629675e+01 2.729026e+01 1.200235e+08 850 3.491544e+04
Level_08 3.858433e+01 1.572513e-01 3.814536e+01 3.907866e+01 1.104152e+08 619 2.235672e+04
Level_09 6.445567e+01 1.905921e-01 6.401542e+01 6.522164e+01 1.380994e+08 475 1.673866e+04
Level_10 1.304226e+02 2.223112e-01 1.298488e+02 1.313331e+02 2.855718e+08 506 1.710616e+04
MPIWaitReceive 3.127678e+01 6.847227e+00 7.831435e+00 4.697236e+01
ParticleUpdate 1.228612e+00 1.840314e-02 1.187622e+00 1.349782e+00
PrepareDensityField 2.880890e+01 3.104322e+00 1.425692e+01 3.290556e+01
RebuildHierarchy 3.892085e+01 2.109696e-01 3.826844e+01 3.951667e+01
SPCommUpdateCount 1.504033e+02 9.646918e+00 1.162735e+02 1.837344e+02
SPFinalize 1.504152e+02 9.647214e+00 1.162844e+02 1.837450e+02
SPFindTotalParticles 8.433475e-01 1.391141e-01 5.429328e-01 1.133638e+00
SPInitialize 1.383824e+00 6.728389e-02 1.251147e+00 1.510435e+00
SPRecordStarCount 5.278684e-01 1.806565e-01 1.697474e-01 9.090741e-01
SetAccelBoundary 5.438473e+00 6.546509e-01 2.537644e+00 6.843019e+00
SetBoundaryConditions 2.865961e+01 1.939576e+00 1.765385e+01 3.137489e+01
SetLevelTimeStep 6.830140e+00 1.185528e+00 4.223053e+00 1.219092e+01
SolveForPotential 1.732769e+01 1.968233e+00 7.506859e+00 2.117900e+01
SolveHydroEquations 2.487855e+01 1.643844e+00 1.972016e+01 3.085925e+01
StarParticleHandler 3.896510e+00 1.066361e+00 2.567396e+00 1.320870e+01
Total 3.455003e+02 4.152718e-03 3.454836e+02 3.455025e+02 7.984325e+08 4844 1.805427e+04
UpdateFromFinerGrids 2.479997e+00 5.195218e-01 1.467381e+00 3.721598e+00

Cycle_Number 2113
ChemistryCooling 3.485516e+01 6.411813e+00 2.534217e+01 6.081439e+01
CommBufferedSend 1.353302e+00 4.504011e-01 2.114817e-01 2.765542e+00
CommReceiveHandler 4.259862e+01 8.996404e+00 1.356966e+01 6.006395e+01
CommunicationTranspose 1.152168e-01 5.160937e-02 4.992800e-02 1.835524e-01
ComputePotentialFieldLevelZero 1.359116e-01 4.369599e-02 8.112194e-02 1.937311e-01
CopyToOldBaryon 2.666152e+00 2.801517e-01 2.065151e+00 3.555531e+00
CreateSiblingList 1.104014e+00 3.395577e-01 5.252781e-01 2.258922e+00
GravityAccel 3.003024e+00 2.036082e-01 2.524981e+00 4.252290e+00
Group_WriteAllData 7.763352e+00 1.995337e-04 7.763324e+00 7.765598e+00
Level_00 2.496205e+00 3.596433e-02 2.409370e+00 2.566399e+00 1.677722e+07 64 5.250851e+04
Level_01 1.890281e-01 4.402959e-02 1.386727e-01 2.418353e-01 1.197520e+05 79 4.949331e+03
Level_02 1.507673e-01 3.931227e-03 1.450544e-01 1.630042e-01 2.261840e+05 156 1.172046e+04
Level_03 4.134033e-01 3.861571e-03 4.030934e-01 4.342901e-01 7.799760e+05 204 1.474000e+04
Level_04 1.289205e+00 2.064165e-02 1.257745e+00 1.342028e+00 7.529504e+06 222 4.562830e+04
Level_05 5.133433e+00 5.845873e-02 4.969195e+00 5.323716e+00 2.890337e+07 721 4.398763e+04
Level_06 1.701953e+01 1.360497e-01 1.659961e+01 1.730532e+01 1.181290e+08 979 5.422490e+04
Level_07 3.092630e+01 1.795037e-01 3.036978e+01 3.136308e+01 1.291943e+08 821 3.263663e+04
Level_08 5.461776e+01 1.959402e-01 5.424959e+01 5.534603e+01 1.064257e+08 588 1.522308e+04
Level_09 6.256545e+01 2.557864e-01 6.195784e+01 6.364854e+01 1.351033e+08 466 1.687025e+04
Level_10 1.321176e+02 2.014596e-01 1.315044e+02 1.328244e+02 3.302053e+08 521 1.952600e+04
MPIWaitReceive 3.704771e+01 8.101018e+00 1.288068e+01 5.544611e+01
ParticleUpdate 1.347045e+00 2.582381e-02 1.309668e+00 1.523874e+00
PrepareDensityField 3.382404e+01 3.836264e+00 1.841405e+01 3.841271e+01
RebuildHierarchy 4.010809e+01 1.953416e-01 3.954167e+01 4.051242e+01
SPCommUpdateCount 1.582733e+02 1.035254e+01 1.232055e+02 1.879887e+02
SPFinalize 1.582869e+02 1.035255e+01 1.232185e+02 1.880027e+02
SPFindTotalParticles 9.185947e-01 1.448761e-01 6.115444e-01 1.200827e+00
SPInitialize 1.513080e+00 6.983529e-02 1.401785e+00 1.660831e+00
SPRecordStarCount 5.807640e-01 1.858146e-01 2.119615e-01 1.005197e+00
SetAccelBoundary 5.932576e+00 7.676002e-01 2.652337e+00 8.305924e+00
SetBoundaryConditions 3.241279e+01 2.542677e+00 2.058051e+01 3.629126e+01
SetLevelTimeStep 7.843623e+00 1.708705e+00 3.994098e+00 1.449100e+01
SolveForPotential 2.042959e+01 2.129353e+00 1.095818e+01 2.423766e+01
SolveHydroEquations 2.708166e+01 1.622946e+00 2.362468e+01 3.293655e+01
StarParticleHandler 4.184481e+00 1.365387e+00 2.761269e+00 1.575930e+01
Total 3.735801e+02 2.923535e-03 3.735669e+02 3.735812e+02 8.733935e+08 4821 1.826485e+04
UpdateFromFinerGrids 2.713048e+00 6.734606e-01 1.488290e+00 4.633075e+00

Cycle_Number 2114
ChemistryCooling 3.401584e+01 6.679610e+00 2.375766e+01 6.509198e+01
CommBufferedSend 1.229849e+00 4.089136e-01 2.249248e-01 2.180131e+00
CommReceiveHandler 3.327886e+01 8.288454e+00 1.300817e+01 4.697152e+01
CommunicationTranspose 1.246753e-01 5.855336e-02 5.368571e-02 1.984445e-01
ComputePotentialFieldLevelZero 1.441138e-01 5.104354e-02 8.167698e-02 2.086852e-01
CopyToOldBaryon 2.564918e+00 2.608338e-01 1.991382e+00 3.243964e+00
CreateSiblingList 1.169159e+00 3.729860e-01 5.365399e-01 2.532580e+00
GravityAccel 2.864071e+00 1.846716e-01 2.340887e+00 3.548517e+00
Group_WriteAllData 6.814316e+00 8.639564e-04 6.813224e+00 6.816544e+00
Level_00 2.409545e+00 4.058927e-02 2.345425e+00 2.496839e+00 1.677722e+07 64 5.439699e+04
Level_01 1.812518e-01 4.420146e-02 1.248363e-01 2.350450e-01 1.197520e+05 79 5.161673e+03
Level_02 1.508077e-01 5.129750e-03 1.408188e-01 1.611311e-01 2.261840e+05 156 1.171732e+04
Level_03 2.552045e-01 3.956699e-03 2.430170e-01 2.644648e-01 7.799760e+05 204 2.387717e+04
Level_04 1.509300e+00 1.090204e-02 1.477948e+00 1.558145e+00 7.529504e+06 222 3.897452e+04
Level_05 5.670341e+00 5.717491e-02 5.500768e+00 5.813175e+00 3.210570e+07 713 4.423470e+04
Level_06 1.574672e+01 1.476169e-01 1.544579e+01 1.620335e+01 1.136066e+08 988 5.636422e+04
Level_07 2.016616e+01 1.238471e-01 1.987024e+01 2.054644e+01 1.047445e+08 820 4.057868e+04
Level_08 4.654783e+01 1.853088e-01 4.593869e+01 4.714755e+01 1.162519e+08 596 1.951151e+04
Level_09 8.227799e+01 2.205733e-01 8.144538e+01 8.299243e+01 1.440393e+08 466 1.367689e+04
Level_10 1.357694e+02 2.766667e-01 1.348454e+02 1.366559e+02 3.024254e+08 507 1.740229e+04
MPIWaitReceive 2.781807e+01 7.129367e+00 9.666064e+00 4.197466e+01
ParticleUpdate 1.271971e+00 2.098447e-02 1.236329e+00 1.385300e+00
PrepareDensityField 2.591150e+01 3.185165e+00 1.583118e+01 3.015415e+01
RebuildHierarchy 4.054718e+01 1.971970e-01 3.979820e+01 4.105175e+01
SPCommUpdateCount 1.752143e+02 1.047508e+01 1.384117e+02 2.046815e+02
SPFinalize 1.752270e+02 1.047558e+01 1.384224e+02 2.046920e+02
SPFindTotalParticles 8.835835e-01 1.461386e-01 5.998056e-01 1.181930e+00
SPInitialize 1.457979e+00 7.274955e-02 1.357755e+00 1.609445e+00
SPRecordStarCount 5.611406e-01 1.793155e-01 1.885452e-01 9.533088e-01
SetAccelBoundary 5.379116e+00 7.746202e-01 3.036103e+00 7.270424e+00
SetBoundaryConditions 3.048179e+01 2.582869e+00 1.987903e+01 3.442084e+01
SetLevelTimeStep 7.590138e+00 1.730012e+00 4.001570e+00 1.369739e+01
SolveForPotential 1.649490e+01 2.051536e+00 9.738813e+00 1.950031e+01
SolveHydroEquations 2.569612e+01 1.836304e+00 2.089020e+01 3.037230e+01
StarParticleHandler 4.068940e+00 9.837240e-01 2.736810e+00 1.079528e+01
Total 3.759837e+02 1.194384e-03 3.759786e+02 3.759842e+02 8.386060e+08 4815 1.742525e+04
UpdateFromFinerGrids 2.740927e+00 6.536237e-01 1.414157e+00 4.500542e+00

Cycle_Number 2115
ChemistryCooling 3.372232e+01 6.702955e+00 2.453138e+01 6.891684e+01
CommBufferedSend 1.263663e+00 4.494517e-01 1.908959e-01 2.938075e+00
CommReceiveHandler 3.390247e+01 8.046549e+00 7.713413e+00 4.933699e+01
CommunicationTranspose 1.090033e-01 5.068800e-02 4.978936e-02 1.747027e-01
ComputePotentialFieldLevelZero 1.286696e-01 4.351896e-02 7.488183e-02 1.852058e-01
CopyToOldBaryon 2.674376e+00 2.831859e-01 2.115535e+00 3.394585e+00
CreateSiblingList 1.204899e+00 4.257589e-01 5.642635e-01 2.484284e+00
GravityAccel 2.911426e+00 2.027624e-01 2.537707e+00 3.691445e+00
Group_WriteAllData 7.089124e+00 1.572723e-04 7.089101e+00 7.090896e+00
Level_00 2.490834e+00 2.539352e-02 2.442206e+00 2.551959e+00 1.677722e+07 64 5.262173e+04
Level_01 1.596022e-01 4.040174e-02 1.153835e-01 2.086983e-01 1.199440e+05 79 5.871238e+03
Level_02 1.392141e-01 3.625752e-03 1.321941e-01 1.489158e-01 2.261840e+05 156 1.269313e+04
Level_03 3.625915e-01 4.174179e-03 3.537692e-01 3.764239e-01 7.799120e+05 204 1.680421e+04
Level_04 1.518647e+00 1.885481e-02 1.473346e+00 1.581069e+00 7.522816e+06 222 3.870024e+04
Level_05 5.928941e+00 5.921355e-02 5.693339e+00 6.088781e+00 2.912640e+07 724 3.837954e+04
Level_06 1.869651e+01 2.077855e-01 1.826556e+01 1.922948e+01 1.213713e+08 959 5.071605e+04
Level_07 1.975341e+01 1.434096e-01 1.922971e+01 2.024384e+01 1.050200e+08 824 4.153553e+04
Level_08 3.672667e+01 2.120847e-01 3.611432e+01 3.737660e+01 1.070329e+08 580 2.276804e+04
Level_09 6.154056e+01 2.576082e-01 6.098999e+01 6.305630e+01 1.448783e+08 474 1.839213e+04
Level_10 1.219780e+02 3.029682e-01 1.212740e+02 1.230274e+02 3.077441e+08 504 1.971053e+04
MPIWaitReceive 2.832173e+01 7.416037e+00 6.898442e+00 4.461155e+01
ParticleUpdate 1.287045e+00 2.226613e-02 1.235782e+00 1.398722e+00
PrepareDensityField 2.604741e+01 2.664024e+00 1.500858e+01 2.974474e+01
RebuildHierarchy 4.124959e+01 2.750119e-01 4.064207e+01 4.182622e+01
SPCommUpdateCount 1.324271e+02 1.029367e+01 9.215678e+01 1.546085e+02
SPFinalize 1.324404e+02 1.029411e+01 9.216979e+01 1.546229e+02
SPFindTotalParticles 9.166827e-01 1.619487e-01 5.696362e-01 1.221926e+00
SPInitialize 1.477732e+00 5.310587e-02 1.388570e+00 1.594644e+00
SPRecordStarCount 5.472975e-01 1.855906e-01 1.759382e-01 9.500538e-01
SetAccelBoundary 5.593415e+00 6.816689e-01 2.612118e+00 6.968420e+00
SetBoundaryConditions 3.148883e+01 2.559141e+00 2.182802e+01 3.544359e+01
SetLevelTimeStep 7.487743e+00 1.853590e+00 2.988551e+00 1.362174e+01
SolveForPotential 1.650140e+01 1.750327e+00 9.366538e+00 1.944406e+01
SolveHydroEquations 2.602015e+01 1.689070e+00 2.244375e+01 3.165998e+01
StarParticleHandler 4.156129e+00 9.648687e-01 2.712051e+00 1.041078e+01
Total 3.358774e+02 1.471636e-03 3.358709e+02 3.358779e+02 8.405990e+08 4790 1.955231e+04
UpdateFromFinerGrids 2.745391e+00 6.840298e-01 1.380649e+00 4.879142e+00

