# Starting performance log. MPI processes: 128

Cycle_Number 2111
ChemistryCooling 3.738696e+01 1.509225e+01 1.359739e+01 1.218316e+02
CommBufferedSend 7.060072e-01 1.954368e-01 3.084110e-01 1.496404e+00
CommReceiveHandler 2.183993e+01 8.061784e+00 4.514877e+00 3.780732e+01
CommunicationTranspose 1.730915e-01 5.185440e-02 1.081067e-01 2.326098e-01
ComputePotentialFieldLevelZero 1.940820e-01 4.481534e-02 1.377071e-01 2.432212e-01
CopyToOldBaryon 1.467914e+00 1.757944e-01 1.087269e+00 1.996639e+00
CreateSiblingList 5.591124e-01 7.054698e-02 3.833699e-01 7.243089e-01
GravityAccel 2.055009e+00 4.237190e-01 1.297517e+00 4.238368e+00
Group_WriteAllData 2.021806e+01 6.778784e+00 1.341582e+01 2.706769e+01
Level_00 2.564699e+00 2.562027e-02 2.521814e+00 2.616519e+00 1.677722e+07 64 5.110619e+04
Level_01 3.623590e-01 3.592853e-02 3.067527e-01 3.992421e-01 1.231840e+05 12 2.655860e+03
Level_02 3.328286e-01 5.415141e-03 3.171073e-01 3.363834e-01 2.694880e+05 27 6.325704e+03
Level_03 3.990984e-01 1.265635e-02 3.784067e-01 4.114657e-01 8.803280e+05 81 1.723275e+04
Level_04 1.289800e+00 1.551570e-02 1.268268e+00 1.350428e+00 7.646352e+06 205 4.631503e+04
Level_05 5.776692e+00 6.845813e-02 5.527151e+00 5.946232e+00 3.302912e+07 722 4.466916e+04
Level_06 1.178644e+01 6.599063e-02 1.149392e+01 1.204574e+01 8.134402e+07 954 5.391789e+04
Level_07 2.156234e+01 1.045083e-01 2.134206e+01 2.188898e+01 9.764658e+07 742 3.537946e+04
Level_08 4.664213e+01 1.309147e-01 4.627572e+01 4.707347e+01 1.206727e+08 477 2.021254e+04
Level_09 1.289194e+02 3.202377e-01 1.281658e+02 1.299255e+02 2.046976e+08 244 1.240464e+04
Level_10 1.911212e+02 4.424711e-01 1.897601e+02 1.921526e+02 3.815374e+08 216 1.559618e+04
MPIWaitReceive 1.923291e+01 7.049143e+00 4.137559e+00 3.370266e+01
ParticleUpdate 7.496171e-01 2.634642e-02 7.144850e-01 9.319369e-01
PrepareDensityField 1.724059e+01 3.400747e+00 6.726522e+00 2.482876e+01
RebuildHierarchy 3.332320e+01 1.159108e-01 3.293774e+01 3.356765e+01
SPCommUpdateCount 2.947661e+02 2.250600e+01 1.920301e+02 3.419337e+02
SPFinalize 2.947787e+02 2.250635e+01 1.920400e+02 3.419469e+02
SPFindTotalParticles 6.897167e-01 9.252865e-02 4.918916e-01 8.901201e-01
SPInitialize 1.227923e+00 6.565034e-02 1.116463e+00 1.325508e+00
SPRecordStarCount 5.196059e-01 1.267369e-01 2.473906e-01 8.075391e-01
SetAccelBoundary 3.390429e+00 8.935270e-01 1.209396e+00 5.794608e+00
SetBoundaryConditions 2.086812e+01 3.543601e+00 9.754845e+00 2.737547e+01
SetLevelTimeStep 1.093374e+01 1.976279e+00 6.148531e+00 1.742039e+01
SolveForPotential 1.169579e+01 2.420142e+00 4.202223e+00 1.849793e+01
SolveHydroEquations 2.218453e+01 4.852959e+00 1.191057e+01 3.665270e+01
StarParticleHandler 3.322236e+00 2.234793e+00 1.264937e+00 2.038080e+01
Total 4.637023e+02 4.534814e-04 4.637022e+02 4.637074e+02 9.446240e+08 3744 1.591512e+04
UpdateFromFinerGrids 1.650401e+00 4.141995e-01 8.321005e-01 2.744281e+00

Cycle_Number 2112
ChemistryCooling 3.740325e+01 1.096873e+01 1.681486e+01 7.392243e+01
CommBufferedSend 5.875185e-01 1.838823e-01 2.748065e-01 1.232270e+00
CommReceiveHandler 1.993059e+01 6.521752e+00 5.594288e+00 3.147601e+01
CommunicationTranspose 1.089566e-01 5.274376e-02 4.535534e-02 1.693400e-01
ComputePotentialFieldLevelZero 1.262095e-01 4.720654e-02 6.992263e-02 1.820032e-01
CopyToOldBaryon 1.796190e+00 2.331664e-01 1.295644e+00 2.558421e+00
CreateSiblingList 7.293311e-01 1.306084e-01 4.367692e-01 1.088836e+00
GravityAccel 2.184487e+00 3.733095e-01 1.564668e+00 4.702803e+00
Group_WriteAllData 5.977584e+00 7.782283e-04 5.976365e+00 5.979649e+00
Level_00 2.177924e+00 2.620496e-02 2.138213e+00 2.228207e+00 1.677722e+07 64 6.018209e+04
Level_01 2.688444e-01 3.179138e-02 2.224231e-01 3.041413e-01 1.231840e+05 12 3.579673e+03
Level_02 2.977201e-01 4.307470e-03 2.836469e-01 3.003762e-01 2.694880e+05 27 7.071659e+03
Level_03 3.742527e-01 8.187364e-03 3.596096e-01 3.825056e-01 8.803280e+05 81 1.837679e+04
Level_04 1.586162e+00 1.391560e-02 1.547350e+00 1.614928e+00 7.646352e+06 205 3.766143e+04
Level_05 6.507040e+00 1.216174e-01 6.215453e+00 6.904068e+00 3.631461e+07 713 4.360015e+04
Level_06 1.624984e+01 1.143756e-01 1.584447e+01 1.649949e+01 1.131150e+08 958 5.438276e+04
Level_07 2.686165e+01 1.260856e-01 2.653747e+01 2.717527e+01 1.432312e+08 728 4.165768e+04
Level_08 4.788265e+01 1.977449e-01 4.732712e+01 4.865676e+01 1.284924e+08 472 2.096473e+04
Level_09 9.467433e+01 2.530062e-01 9.405985e+01 9.534979e+01 1.653030e+08 236 1.364076e+04
Level_10 1.899930e+02 3.099262e-01 1.891124e+02 1.910008e+02 3.571666e+08 198 1.468667e+04
MPIWaitReceive 1.688922e+01 5.709903e+00 4.916755e+00 2.776908e+01
ParticleUpdate 7.934596e-01 2.574804e-02 7.478713e-01 1.006982e+00
PrepareDensityField 1.584687e+01 1.979034e+00 1.078502e+01 2.141121e+01
RebuildHierarchy 3.815650e+01 1.433684e-01 3.785409e+01 3.845084e+01
SPCommUpdateCount 2.693816e+02 1.642340e+01 2.171832e+02 3.071077e+02
SPFinalize 2.693950e+02 1.642336e+01 2.172067e+02 3.071214e+02
SPFindTotalParticles 7.355293e-01 1.149988e-01 4.997881e-01 9.614625e-01
SPInitialize 1.207115e+00 5.771995e-02 1.085607e+00 1.302563e+00
SPRecordStarCount 4.576419e-01 1.412391e-01 1.516916e-01 7.602181e-01
SetAccelBoundary 3.389625e+00 5.880339e-01 2.050948e+00 4.806673e+00
SetBoundaryConditions 2.249518e+01 2.590547e+00 1.498488e+01 2.846717e+01
SetLevelTimeStep 1.078709e+01 1.611659e+00 6.530422e+00 1.554123e+01
SolveForPotential 1.053544e+01 1.495456e+00 7.016626e+00 1.543546e+01
SolveHydroEquations 2.292310e+01 3.947268e+00 1.359791e+01 3.600299e+01
StarParticleHandler 3.264493e+00 1.926130e+00 1.545306e+00 1.955914e+01
Total 4.475581e+02 1.743159e-03 4.475517e+02 4.475592e+02 9.693194e+08 3694 1.692028e+04
UpdateFromFinerGrids 2.067792e+00 4.789801e-01 8.905265e-01 3.346021e+00

Cycle_Number 2113
ChemistryCooling 3.628990e+01 1.391251e+01 1.574034e+01 8.509548e+01
CommBufferedSend 5.066386e-01 1.794093e-01 1.267255e-01 1.033553e+00
CommReceiveHandler 2.120711e+01 6.995445e+00 2.964544e+00 3.766410e+01
CommunicationTranspose 1.135815e-01 5.257446e-02 5.073298e-02 1.768698e-01
ComputePotentialFieldLevelZero 1.322174e-01 4.631909e-02 7.719069e-02 1.873961e-01
CopyToOldBaryon 1.754165e+00 2.656674e-01 1.192865e+00 2.431515e+00
CreateSiblingList 7.231548e-01 1.436675e-01 4.218704e-01 1.082464e+00
GravityAccel 2.102662e+00 4.534288e-01 1.499043e+00 5.529372e+00
Group_WriteAllData 5.940812e+00 1.407825e-04 5.940793e+00 5.942398e+00
Level_00 2.537684e+00 2.813378e-02 2.486291e+00 2.596771e+00 1.677722e+07 64 5.165024e+04
Level_01 2.776959e-01 3.804065e-02 2.262176e-01 3.193238e-01 1.241520e+05 12 3.492804e+03
Level_02 3.967332e-01 4.373489e-03 3.847643e-01 3.994710e-01 2.694880e+05 27 5.306779e+03
Level_03 4.164619e-01 1.165209e-02 3.957500e-01 4.482175e-01 8.830000e+05 82 1.656439e+04
Level_04 1.559074e+00 2.436056e-02 1.492800e+00 1.620503e+00 7.608016e+06 211 3.812366e+04
Level_05 5.563674e+00 7.992421e-02 5.295604e+00 5.757496e+00 2.990474e+07 699 4.199218e+04
Level_06 1.581231e+01 1.249222e-01 1.550490e+01 1.625411e+01 1.062748e+08 961 5.250797e+04
Level_07 3.347965e+01 2.011024e-01 3.293926e+01 3.396230e+01 1.447676e+08 723 3.378162e+04
Level_08 4.475074e+01 2.634516e-01 4.404402e+01 4.555928e+01 1.225627e+08 466 2.139676e+04
Level_09 9.155147e+01 2.675666e-01 9.082636e+01 9.217620e+01 1.586431e+08 235 1.353773e+04
Level_10 1.740985e+02 3.570228e-01 1.729707e+02 1.749927e+02 3.420360e+08 206 1.534853e+04
MPIWaitReceive 1.842276e+01 6.213410e+00 2.505241e+00 3.432020e+01
ParticleUpdate 7.481362e-01 3.059532e-02 6.955264e-01 1.019790e+00
PrepareDensityField 1.711965e+01 2.234060e+00 1.144185e+01 2.415768e+01
RebuildHierarchy 3.570626e+01 1.777269e-01 3.522207e+01 3.612588e+01
SPCommUpdateCount 2.550067e+02 2.028716e+01 1.767882e+02 2.893707e+02
SPFinalize 2.550199e+02 2.028691e+01 1.768163e+02 2.893829e+02
SPFindTotalParticles 7.137577e-01 1.061486e-01 4.708875e-01 9.147491e-01
SPInitialize 1.203235e+00 6.186217e-02 1.100389e+00 1.334397e+00
SPRecordStarCount 4.759985e-01 1.354690e-01 1.867285e-01 8.343746e-01
SetAccelBoundary 3.324794e+00 6.465461e-01 1.637334e+00 4.798315e+00
SetBoundaryConditions 2.217994e+01 3.008986e+00 1.372055e+01 2.891771e+01
SetLevelTimeStep 1.048588e+01 1.962734e+00 5.954311e+00 1.606555e+01
SolveForPotential 1.088762e+01 1.612247e+00 7.608968e+00 1.527382e+01
SolveHydroEquations 2.180383e+01 4.250393e+00 1.393747e+01 3.343562e+01
StarParticleHandler 3.058142e+00 2.428205e+00 1.305148e+00 2.578718e+01
Total 4.276042e+02 1.499001e-03 4.275981e+02 4.276050e+02 9.298509e+08 3686 1.698875e+04
UpdateFromFinerGrids 2.031866e+00 5.837548e-01 8.702076e-01 3.469168e+00

Cycle_Number 2114
ChemistryCooling 3.638572e+01 1.754352e+01 1.547341e+01 1.559692e+02
CommBufferedSend 4.514525e-01 1.795693e-01 1.360887e-01 1.162549e+00
CommReceiveHandler 1.848241e+01 6.091396e+00 5.663707e+00 3.541967e+01
CommunicationTranspose 1.227392e-01 5.534388e-02 5.685055e-02 1.919707e-01
ComputePotentialFieldLevelZero 1.436521e-01 4.676161e-02 8.457974e-02 2.019174e-01
CopyToOldBaryon 1.627181e+00 2.394880e-01 1.142668e+00 2.381593e+00
CreateSiblingList 7.115344e-01 1.630011e-01 4.227738e-01 1.134553e+00
GravityAccel 2.067004e+00 4.274227e-01 1.417972e+00 4.993489e+00
Group_WriteAllData 6.060224e+00 5.790302e-04 6.059220e+00 6.061738e+00
Level_00 2.812138e+00 2.797889e-02 2.749029e+00 2.871155e+00 1.677722e+07 64 4.660938e+04
Level_01 2.938950e-01 3.937834e-02 2.344225e-01 3.395452e-01 1.241520e+05 12 3.300286e+03
Level_02 3.464939e-01 4.120841e-03 3.307011e-01 3.494542e-01 2.694880e+05 27 6.076225e+03
Level_03 5.024982e-01 9.687682e-03 4.834504e-01 5.126655e-01 8.830000e+05 82 1.372828e+04
Level_04 1.386482e+00 1.242065e-02 1.357047e+00 1.422368e+00 7.608016e+06 211 4.286940e+04
Level_05 6.972236e+00 9.248732e-02 6.550099e+00 7.183946e+00 3.986631e+07 706 4.467083e+04
Level_06 1.956480e+01 1.140299e-01 1.923741e+01 1.983561e+01 1.310426e+08 967 5.232714e+04
Level_07 3.153582e+01 1.311564e-01 3.127466e+01 3.198916e+01 1.176487e+08 717 2.914559e+04
Level_08 4.886787e+01 1.820789e-01 4.840447e+01 4.943292e+01 1.168467e+08 457 1.868027e+04
Level_09 9.245075e+01 3.114836e-01 9.119165e+01 9.336568e+01 1.623856e+08 223 1.372231e+04
Level_10 1.752525e+02 3.523492e-01 1.743672e+02 1.761083e+02 3.512498e+08 199 1.565820e+04
MPIWaitReceive 1.581022e+01 5.331441e+00 5.107423e+00 3.106750e+01
ParticleUpdate 7.275529e-01 2.880729e-02 6.880692e-01 9.858436e-01
PrepareDensityField 1.543482e+01 2.550125e+00 9.383988e+00 2.375471e+01
RebuildHierarchy 3.793462e+01 1.980731e-01 3.746027e+01 3.843098e+01
SPCommUpdateCount 2.680707e+02 2.405761e+01 1.273774e+02 3.077585e+02
SPFinalize 2.680836e+02 2.405779e+01 1.273887e+02 3.077762e+02
SPFindTotalParticles 6.806102e-01 1.221721e-01 4.696254e-01 9.159816e-01
SPInitialize 1.158470e+00 6.492725e-02 1.058312e+00 1.281852e+00
SPRecordStarCount 4.647699e-01 1.555860e-01 1.591733e-01 7.938660e-01
SetAccelBoundary 2.994269e+00 5.704155e-01 1.280172e+00 4.401963e+00
SetBoundaryConditions 2.050792e+01 3.072421e+00 1.029641e+01 2.814768e+01
SetLevelTimeStep 1.040730e+01 2.024681e+00 5.964569e+00 1.646370e+01
SolveForPotential 9.889194e+00 1.864363e+00 5.676876e+00 1.695234e+01
SolveHydroEquations 2.165426e+01 4.455031e+00 1.289994e+01 3.559847e+01
StarParticleHandler 3.065536e+00 2.215577e+00 1.255523e+00 2.331573e+01
Total 4.398902e+02 8.501393e-04 4.398864e+02 4.398906e+02 9.447015e+08 3665 1.677801e+04
UpdateFromFinerGrids 1.933623e+00 5.659463e-01 9.073555e-01 3.414993e+00

Cycle_Number 2115
ChemistryCooling 3.605125e+01 1.514987e+01 1.455494e+01 8.763735e+01
CommBufferedSend 4.278987e-01 1.927726e-01 6.948726e-02 1.222394e+00
CommReceiveHandler 2.000666e+01 7.447244e+00 5.175444e+00 3.794346e+01
CommunicationTranspose 1.130533e-01 5.424085e-02 4.729249e-02 1.775631e-01
ComputePotentialFieldLevelZero 1.336559e-01 4.611943e-02 7.750645e-02 1.877159e-01
CopyToOldBaryon 1.596381e+00 2.431357e-01 1.100959e+00 2.389432e+00
CreateSiblingList 6.731181e-01 1.400040e-01 3.722769e-01 1.030735e+00
GravityAccel 2.040388e+00 4.363235e-01 1.396946e+00 4.921615e+00
Group_WriteAllData 6.032487e+00 2.375934e-04 6.032456e+00 6.035164e+00
Level_00 2.638643e+00 3.134876e-02 2.568442e+00 2.699272e+00 1.677722e+07 64 4.967401e+04
Level_01 3.423381e-01 3.847949e-02 2.840479e-01 3.843435e-01 1.241520e+05 12 2.833273e+03
Level_02 3.129144e-01 5.125829e-03 2.922721e-01 3.161874e-01 2.696560e+05 27 6.732473e+03
Level_03 5.203861e-01 1.112642e-02 4.957271e-01 5.560483e-01 8.864080e+05 82 1.330755e+04
Level_04 1.672068e+00 2.174319e-02 1.628979e+00 1.732428e+00 7.608736e+06 213 3.555075e+04
Level_05 5.493000e+00 1.001004e-01 5.209131e+00 5.720974e+00 2.967557e+07 715 4.220651e+04
Level_06 1.606063e+01 1.359078e-01 1.561830e+01 1.635565e+01 1.064102e+08 962 5.176194e+04
Level_07 2.477820e+01 1.737782e-01 2.440189e+01 2.530083e+01 1.290693e+08 723 4.069521e+04
Level_08 4.995555e+01 2.396636e-01 4.917864e+01 5.063845e+01 1.264606e+08 456 1.977705e+04
Level_09 1.123580e+02 3.196438e-01 1.116679e+02 1.131260e+02 1.561342e+08 222 1.085635e+04
Level_10 2.214320e+02 4.767961e-01 2.178030e+02 2.227421e+02 3.489426e+08 195 1.231129e+04
MPIWaitReceive 1.752007e+01 6.692336e+00 4.842491e+00 3.453777e+01
ParticleUpdate 7.246092e-01 2.814814e-02 6.818400e-01 9.644753e-01
PrepareDensityField 1.624706e+01 2.782475e+00 8.218072e+00 2.455290e+01
RebuildHierarchy 3.606426e+01 1.672261e-01 3.556791e+01 3.644550e+01
SPCommUpdateCount 3.215725e+02 2.223802e+01 2.388043e+02 3.621429e+02
SPFinalize 3.215852e+02 2.223837e+01 2.388168e+02 3.621640e+02
SPFindTotalParticles 7.065794e-01 1.294880e-01 4.690602e-01 9.465716e-01
SPInitialize 1.211499e+00 6.489939e-02 1.115729e+00 1.326608e+00
SPRecordStarCount 4.915398e-01 1.620879e-01 1.784771e-01 8.280547e-01
SetAccelBoundary 3.192269e+00 6.538503e-01 1.421649e+00 5.892582e+00
SetBoundaryConditions 2.131087e+01 3.301115e+00 1.214731e+01 2.992768e+01
SetLevelTimeStep 1.177344e+01 2.140958e+00 5.689913e+00 1.789378e+01
SolveForPotential 1.074802e+01 1.854197e+00 4.969433e+00 1.521051e+01
SolveHydroEquations 2.124637e+01 4.794378e+00 1.276826e+01 3.517046e+01
StarParticleHandler 3.115301e+00 2.313185e+00 1.490431e+00 2.391227e+01
Total 4.937053e+02 1.451871e-03 4.936963e+02 4.937059e+02 9.223587e+08 3671 1.459560e+04
UpdateFromFinerGrids 1.899385e+00 6.043262e-01 8.354609e-01 3.672303e+00

