# Starting performance log. MPI processes: 128

Cycle_Number 2111
ChemistryCooling 3.346663e+01 6.503971e+00 2.238727e+01 6.684599e+01
CommBufferedSend 9.536291e-01 2.364519e-01 4.487652e-01 2.176688e+00
CommReceiveHandler 3.023935e+01 6.951674e+00 6.300973e+00 4.272753e+01
CommunicationTranspose 1.092680e-01 5.386591e-02 4.576741e-02 1.669787e-01
ComputePotentialFieldLevelZero 1.296850e-01 4.749133e-02 7.504623e-02 1.803669e-01
CopyToOldBaryon 1.161684e+00 1.746143e-01 7.852408e-01 1.673539e+00
CreateSiblingList 9.093325e-01 1.659878e-01 5.554147e-01 1.484203e+00
GravityAccel 1.624216e+00 1.902761e-01 1.182320e+00 2.409913e+00
Group_WriteAllData 2.432590e+01 8.426413e+00 1.587194e+01 3.280934e+01
Level_00 2.467366e+00 2.273948e-02 2.423635e+00 2.502037e+00 1.677722e+07 64 5.312225e+04
Level_01 1.589403e-01 3.822503e-02 1.084951e-01 1.968474e-01 1.198240e+05 44 5.889791e+03
Level_02 1.697760e-01 5.135603e-03 1.601666e-01 1.752751e-01 2.329680e+05 91 1.072037e+04
Level_03 3.374126e-01 3.874023e-03 3.321065e-01 3.725213e-01 8.134320e+05 178 1.883432e+04
Level_04 1.435861e+00 1.653448e-02 1.388972e+00 1.474492e+00 7.567680e+06 215 4.117564e+04
Level_05 5.360541e+00 5.079964e-02 5.212346e+00 5.472804e+00 3.269166e+07 727 4.764511e+04
Level_06 1.133457e+01 6.317376e-02 1.115580e+01 1.150588e+01 8.136688e+07 989 5.608320e+04
Level_07 2.093337e+01 8.730473e-02 2.074256e+01 2.114089e+01 9.812907e+07 801 3.662255e+04
Level_08 3.867195e+01 1.167999e-01 3.832614e+01 3.910659e+01 1.146602e+08 590 2.316363e+04
Level_09 6.988477e+01 1.871141e-01 6.937531e+01 7.046011e+01 1.803259e+08 374 2.015884e+04
Level_10 1.183886e+02 3.118095e-01 1.178983e+02 1.197882e+02 3.382666e+08 350 2.232231e+04
MPIWaitReceive 2.621667e+01 5.967331e+00 5.838327e+00 3.815020e+01
ParticleUpdate 1.278359e-01 2.006834e-02 9.094190e-02 2.193653e-01
PrepareDensityField 2.417833e+01 3.115887e+00 1.340451e+01 2.970916e+01
RebuildHierarchy 3.126554e+01 1.364994e-01 3.088941e+01 3.156184e+01
SPCommUpdateCount 1.507509e+02 1.054793e+01 1.072759e+02 1.802732e+02
SPFinalize 1.507564e+02 1.054825e+01 1.072816e+02 1.802805e+02
SPFindTotalParticles 8.176585e-01 1.240165e-01 5.921730e-01 1.058178e+00
SPInitialize 1.307805e+00 5.135198e-02 1.205092e+00 1.380597e+00
SPRecordStarCount 4.809477e-01 1.488082e-01 1.801267e-01 7.769751e-01
SetAccelBoundary 5.050243e+00 7.872973e-01 2.085916e+00 6.374212e+00
SetBoundaryConditions 2.588512e+01 2.426122e+00 1.646602e+01 2.920313e+01
SetLevelTimeStep 7.738410e+00 1.330269e+00 5.478287e+00 1.304789e+01
SolveForPotential 1.639932e+01 2.251505e+00 8.330163e+00 2.018662e+01
SolveHydroEquations 2.526154e+01 1.792823e+00 2.006261e+01 3.118060e+01
StarParticleHandler 3.089705e+00 1.077655e+00 1.420662e+00 8.534280e+00
Total 3.215706e+02 6.927405e-04 3.215705e+02 3.215784e+02 8.709514e+08 4423 2.115961e+04
UpdateFromFinerGrids 2.232330e+00 4.042880e-01 1.280052e+00 3.616106e+00

Cycle_Number 2112
ChemistryCooling 3.297313e+01 7.157432e+00 2.357213e+01 6.712832e+01
CommBufferedSend 7.117974e-01 2.291580e-01 2.243623e-01 1.573656e+00
CommReceiveHandler 2.930380e+01 6.822276e+00 8.643684e+00 4.297197e+01
CommunicationTranspose 1.180695e-01 5.379261e-02 5.081136e-02 1.838235e-01
ComputePotentialFieldLevelZero 1.366579e-01 4.708743e-02 7.890137e-02 1.936644e-01
CopyToOldBaryon 1.268661e+00 2.352559e-01 7.585497e-01 1.899496e+00
CreateSiblingList 9.677643e-01 2.469980e-01 4.788987e-01 1.919775e+00
GravityAccel 1.591607e+00 2.457012e-01 1.181631e+00 2.916065e+00
Group_WriteAllData 7.331272e+00 6.637923e-04 7.330408e+00 7.333230e+00
Level_00 2.394591e+00 2.381818e-02 2.343852e+00 2.450077e+00 1.677722e+07 64 5.473669e+04
Level_01 1.611383e-01 3.953762e-02 1.145279e-01 2.078397e-01 1.198240e+05 44 5.809449e+03
Level_02 1.603736e-01 8.067655e-03 1.449315e-01 1.693189e-01 2.329680e+05 91 1.134889e+04
Level_03 2.399711e-01 3.378143e-03 2.320883e-01 2.483108e-01 8.134320e+05 178 2.648209e+04
Level_04 1.452298e+00 1.642635e-02 1.416753e+00 1.502810e+00 7.567680e+06 215 4.070961e+04
Level_05 4.647509e+00 4.334442e-02 4.542358e+00 4.720206e+00 2.916022e+07 722 4.901856e+04
Level_06 1.283851e+01 1.299435e-01 1.252333e+01 1.323915e+01 9.301228e+07 971 5.659988e+04
Level_07 2.256561e+01 1.678030e-01 2.210091e+01 2.311148e+01 1.200874e+08 814 4.157576e+04
Level_08 4.187994e+01 1.854695e-01 4.143440e+01 4.249740e+01 1.039929e+08 576 1.939938e+04
Level_09 4.799365e+01 2.338002e-01 4.754689e+01 4.876089e+01 1.531434e+08 374 2.492898e+04
Level_10 1.225081e+02 3.312772e-01 1.218577e+02 1.236401e+02 3.188181e+08 361 2.033144e+04
MPIWaitReceive 2.525112e+01 6.145319e+00 7.355921e+00 3.851484e+01
ParticleUpdate 1.227870e-01 2.643744e-02 8.889250e-02 2.660739e-01
PrepareDensityField 2.311768e+01 2.790814e+00 1.344520e+01 2.888653e+01
RebuildHierarchy 3.451440e+01 1.817016e-01 3.392978e+01 3.484964e+01
SPCommUpdateCount 1.417252e+02 1.052848e+01 1.035695e+02 1.657518e+02
SPFinalize 1.417305e+02 1.052876e+01 1.035747e+02 1.657580e+02
SPFindTotalParticles 7.997462e-01 1.306324e-01 5.380133e-01 1.036264e+00
SPInitialize 1.256337e+00 5.872133e-02 1.160638e+00 1.368014e+00
SPRecordStarCount 4.515951e-01 1.551043e-01 1.409816e-01 7.878621e-01
SetAccelBoundary 4.775140e+00 6.516335e-01 2.382001e+00 5.977856e+00
SetBoundaryConditions 2.574456e+01 2.009801e+00 1.848708e+01 2.946088e+01
SetLevelTimeStep 7.321316e+00 1.371277e+00 4.101610e+00 1.291970e+01
SolveForPotential 1.460302e+01 1.701110e+00 8.858807e+00 1.790606e+01
SolveHydroEquations 2.428905e+01 1.840884e+00 2.044852e+01 3.013500e+01
StarParticleHandler 2.741469e+00 1.344095e+00 1.494739e+00 1.212901e+01
Total 3.139240e+02 3.006044e-03 3.139139e+02 3.139260e+02 8.437254e+08 4410 2.099745e+04
UpdateFromFinerGrids 2.159576e+00 4.753578e-01 1.025781e+00 3.471797e+00

Cycle_Number 2113
ChemistryCooling 3.371353e+01 7.784744e+00 2.272967e+01 7.434668e+01
CommBufferedSend 7.077022e-01 2.119457e-01 2.249514e-01 1.485721e+00
CommReceiveHandler 3.112594e+01 6.361916e+00 1.267352e+01 4.262203e+01
CommunicationTranspose 9.860902e-02 4.578373e-02 4.675714e-02 1.587317e-01
ComputePotentialFieldLevelZero 1.183673e-01 3.825560e-02 6.912064e-02 1.677224e-01
CopyToOldBaryon 1.344275e+00 2.659040e-01 6.800894e-01 2.082416e+00
CreateSiblingList 9.810853e-01 2.607654e-01 4.651189e-01 2.002232e+00
GravityAccel 1.652354e+00 2.010927e-01 1.218424e+00 2.519670e+00
Group_WriteAllData 7.323372e+00 2.849433e-04 7.323338e+00 7.326583e+00
Level_00 2.190019e+00 2.552892e-02 2.127890e+00 2.242637e+00 1.677722e+07 64 5.984971e+04
Level_01 1.715907e-01 4.092825e-02 1.186415e-01 2.184735e-01 1.208480e+05 44 5.502194e+03
Level_02 2.091831e-01 4.276589e-03 1.989597e-01 2.258767e-01 2.338640e+05 91 8.734272e+03
Level_03 3.057678e-01 7.274773e-03 2.899263e-01 3.222514e-01 8.107600e+05 186 2.071527e+04
Level_04 1.290947e+00 1.196393e-02 1.259599e+00 1.326073e+00 7.528560e+06 227 4.556101e+04
Level_05 3.714170e+00 6.497110e-02 3.512886e+00 3.879722e+00 2.267608e+07 716 4.769757e+04
Level_06 1.495768e+01 1.372661e-01 1.442400e+01 1.535975e+01 1.053564e+08 966 5.502838e+04
Level_07 2.437276e+01 1.330784e-01 2.406909e+01 2.466149e+01 1.250532e+08 811 4.008485e+04
Level_08 4.952267e+01 1.765424e-01 4.903637e+01 5.039794e+01 1.147718e+08 575 1.810594e+04
Level_09 7.366337e+01 2.141783e-01 7.327274e+01 7.428638e+01 1.498122e+08 366 1.588860e+04
Level_10 1.083078e+02 2.506806e-01 1.076179e+02 1.091972e+02 3.283182e+08 384 2.368238e+04
MPIWaitReceive 2.686543e+01 5.821990e+00 1.113868e+01 3.947820e+01
ParticleUpdate 1.278009e-01 2.112618e-02 8.725984e-02 2.067787e-01
PrepareDensityField 2.418409e+01 2.328069e+00 1.618844e+01 2.856215e+01
RebuildHierarchy 3.538613e+01 1.568667e-01 3.483042e+01 3.575037e+01
SPCommUpdateCount 1.582354e+02 1.048814e+01 1.110666e+02 1.789064e+02
SPFinalize 1.582408e+02 1.048825e+01 1.110722e+02 1.789102e+02
SPFindTotalParticles 8.335448e-01 1.238155e-01 5.723971e-01 1.089654e+00
SPInitialize 1.314348e+00 5.931096e-02 1.205194e+00 1.431075e+00
SPRecordStarCount 4.756131e-01 1.517643e-01 1.598641e-01 8.550760e-01
SetAccelBoundary 4.969275e+00 5.436987e-01 2.895419e+00 6.232335e+00
SetBoundaryConditions 2.739042e+01 1.856911e+00 1.935852e+01 3.105742e+01
SetLevelTimeStep 8.139057e+00 1.413195e+00 4.487923e+00 1.309554e+01
SolveForPotential 1.520387e+01 1.535639e+00 1.114347e+01 1.831807e+01
SolveHydroEquations 2.529851e+01 1.866548e+00 2.134260e+01 3.092412e+01
StarParticleHandler 2.991929e+00 1.045427e+00 1.411699e+00 8.353148e+00
Total 3.379722e+02 1.440364e-03 3.379660e+02 3.379728e+02 8.714591e+08 4430 2.014448e+04
UpdateFromFinerGrids 2.269399e+00 5.368080e-01 8.919768e-01 3.769992e+00

Cycle_Number 2114
ChemistryCooling 3.265428e+01 7.747903e+00 2.375156e+01 7.646475e+01
CommBufferedSend 6.442441e-01 2.058916e-01 2.473385e-01 1.432733e+00
CommReceiveHandler 3.144960e+01 7.314481e+00 7.805827e+00 4.680019e+01
CommunicationTranspose 1.140429e-01 5.462775e-02 4.915732e-02 1.824444e-01
ComputePotentialFieldLevelZero 1.338439e-01 4.680558e-02 7.526036e-02 1.923098e-01
CopyToOldBaryon 1.365227e+00 2.648827e-01 7.559877e-01 2.173031e+00
CreateSiblingList 9.982296e-01 2.871945e-01 5.064143e-01 1.903067e+00
GravityAccel 1.611134e+00 1.998193e-01 1.267365e+00 2.240526e+00
Group_WriteAllData 8.198613e+00 7.589760e-04 8.197555e+00 8.200832e+00
Level_00 2.585594e+00 3.125235e-02 2.540583e+00 2.659221e+00 1.677722e+07 64 5.069319e+04
Level_01 1.948716e-01 4.343136e-02 1.360883e-01 2.432088e-01 1.208480e+05 44 4.844856e+03
Level_02 1.814659e-01 7.057905e-03 1.655346e-01 1.890220e-01 2.338640e+05 91 1.006835e+04
Level_03 2.330312e-01 6.239028e-03 2.206993e-01 2.688369e-01 8.107600e+05 186 2.718118e+04
Level_04 1.274931e+00 1.409709e-02 1.240354e+00 1.302911e+00 7.528560e+06 227 4.613338e+04
Level_05 3.935559e+00 4.357742e-02 3.819763e+00 4.040390e+00 2.266194e+07 709 4.498635e+04
Level_06 1.461308e+01 1.542702e-01 1.419286e+01 1.492687e+01 1.050733e+08 941 5.617467e+04
Level_07 2.122507e+01 1.309971e-01 2.083429e+01 2.148814e+01 1.042358e+08 815 3.836701e+04
Level_08 4.916944e+01 2.054559e-01 4.836940e+01 4.976190e+01 1.144290e+08 582 1.818155e+04
Level_09 8.129987e+01 2.026995e-01 8.075639e+01 8.186489e+01 1.504392e+08 379 1.445644e+04
Level_10 1.251627e+02 3.239601e-01 1.243338e+02 1.265379e+02 3.100178e+08 391 1.935092e+04
MPIWaitReceive 2.733793e+01 6.678573e+00 6.941558e+00 4.180210e+01
ParticleUpdate 1.238019e-01 2.175950e-02 8.628750e-02 2.156919e-01
PrepareDensityField 2.427333e+01 2.910935e+00 1.568852e+01 2.942171e+01
RebuildHierarchy 3.953707e+01 1.548935e-01 3.916566e+01 3.985944e+01
SPCommUpdateCount 1.821986e+02 1.065168e+01 1.312506e+02 2.000848e+02
SPFinalize 1.822039e+02 1.065188e+01 1.312546e+02 2.000893e+02
SPFindTotalParticles 8.244529e-01 1.451658e-01 5.400184e-01 1.093526e+00
SPInitialize 1.328904e+00 6.628705e-02 1.162817e+00 1.457976e+00
SPRecordStarCount 4.991275e-01 1.785599e-01 1.522195e-01 8.995591e-01
SetAccelBoundary 4.792631e+00 7.225598e-01 2.739119e+00 8.940112e+00
SetBoundaryConditions 2.691726e+01 2.060442e+00 2.102624e+01 3.233855e+01
SetLevelTimeStep 7.734688e+00 1.519648e+00 3.711774e+00 1.138766e+01
SolveForPotential 1.521385e+01 1.791675e+00 8.503868e+00 1.851465e+01
SolveHydroEquations 2.440367e+01 1.869494e+00 2.101075e+01 3.060614e+01
StarParticleHandler 2.799845e+00 9.139750e-01 1.445648e+00 7.158889e+00
Total 3.638967e+02 1.868005e-03 3.638878e+02 3.638973e+02 8.323284e+08 4429 1.786926e+04
UpdateFromFinerGrids 2.321074e+00 5.594317e-01 1.191136e+00 4.070188e+00

Cycle_Number 2115
ChemistryCooling 3.283544e+01 7.059916e+00 2.362436e+01 7.018051e+01
CommBufferedSend 6.518230e-01 1.929074e-01 2.133776e-01 1.189706e+00
CommReceiveHandler 2.992311e+01 6.668590e+00 1.073699e+01 4.242062e+01
CommunicationTranspose 1.318846e-01 6.238136e-02 5.720532e-02 2.102624e-01
ComputePotentialFieldLevelZero 1.536877e-01 5.331374e-02 9.184600e-02 2.196100e-01
CopyToOldBaryon 1.467889e+00 3.148856e-01 9.063806e-01 2.527577e+00
CreateSiblingList 1.092827e+00 4.426535e-01 5.609673e-01 2.645995e+00
GravityAccel 1.625562e+00 1.998429e-01 1.258833e+00 2.518029e+00
Group_WriteAllData 7.946443e+00 1.869881e-04 7.946413e+00 7.948549e+00
Level_00 2.671107e+00 3.595573e-02 2.588608e+00 2.753485e+00 1.677722e+07 64 4.907029e+04
Level_01 1.910867e-01 5.058915e-02 1.248508e-01 2.447035e-01 1.208480e+05 44 4.940820e+03
Level_02 1.697722e-01 5.081940e-03 1.587082e-01 1.763436e-01 2.338640e+05 91 1.076185e+04
Level_03 2.431633e-01 7.115842e-03 2.288053e-01 2.690630e-01 8.099760e+05 188 2.602340e+04
Level_04 1.534208e+00 1.279615e-02 1.498850e+00 1.559850e+00 7.525264e+06 227 3.832017e+04
Level_05 5.118716e+00 5.444345e-02 4.865327e+00 5.236748e+00 2.918526e+07 729 4.454433e+04
Level_06 1.440448e+01 1.704672e-01 1.391510e+01 1.486490e+01 1.094122e+08 939 5.934147e+04
Level_07 2.297776e+01 1.953158e-01 2.209230e+01 2.355516e+01 1.201429e+08 816 4.084892e+04
Level_08 4.771921e+01 1.963516e-01 4.720493e+01 4.867543e+01 1.127264e+08 571 1.845535e+04
Level_09 8.283123e+01 1.643236e-01 8.244896e+01 8.341331e+01 1.429642e+08 348 1.348414e+04
Level_10 9.467271e+01 2.772125e-01 9.403171e+01 9.556402e+01 2.984103e+08 378 2.462516e+04
MPIWaitReceive 2.582997e+01 6.224732e+00 9.252608e+00 3.826704e+01
ParticleUpdate 1.232423e-01 2.046189e-02 8.844953e-02 2.116037e-01
PrepareDensityField 2.327644e+01 2.585861e+00 1.279570e+01 2.681477e+01
RebuildHierarchy 3.693968e+01 1.808416e-01 3.644516e+01 3.749530e+01
SPCommUpdateCount 1.561318e+02 9.273605e+00 1.147477e+02 1.744762e+02
SPFinalize 1.561370e+02 9.273815e+00 1.147523e+02 1.744835e+02
SPFindTotalParticles 7.923872e-01 1.251392e-01 5.177870e-01 1.030029e+00
SPInitialize 1.249047e+00 7.825287e-02 1.098542e+00 1.392299e+00
SPRecordStarCount 4.515024e-01 1.611887e-01 1.348438e-01 8.179472e-01
SetAccelBoundary 4.867956e+00 5.346261e-01 3.099087e+00 5.869868e+00
SetBoundaryConditions 2.689603e+01 1.721395e+00 2.076013e+01 3.000821e+01
SetLevelTimeStep 7.054699e+00 1.456273e+00 3.281126e+00 1.255974e+01
SolveForPotential 1.498977e+01 1.691947e+00 8.437699e+00 1.779123e+01
SolveHydroEquations 2.449629e+01 1.692380e+00 2.138297e+01 2.897841e+01
StarParticleHandler 2.905102e+00 9.901576e-01 1.577213e+00 9.349103e+00
Total 3.333535e+02 1.427824e-03 3.333476e+02 3.333540e+02 8.383085e+08 4395 1.964667e+04
UpdateFromFinerGrids 2.384639e+00 5.812448e-01 1.217669e+00 4.197988e+00

