# Starting performance log. MPI processes: 128

Cycle_Number 2111
ChemistryCooling 3.400642e+01 6.720335e+00 2.279918e+01 6.767444e+01
CommBufferedSend 9.533960e-01 2.335518e-01 4.481420e-01 2.087503e+00
CommReceiveHandler 3.390906e+01 7.692436e+00 7.252600e+00 5.073414e+01
CommunicationTranspose 1.135759e-01 5.427650e-02 4.370532e-02 1.726766e-01
ComputePotentialFieldLevelZero 1.384775e-01 4.395782e-02 8.114487e-02 1.849443e-01
CopyToOldBaryon 1.265602e+00 1.892007e-01 8.580439e-01 1.737320e+00
CreateSiblingList 9.799861e-01 1.767905e-01 5.699927e-01 1.478789e+00
GravityAccel 1.651403e+00 2.032631e-01 1.213593e+00 2.540183e+00
Group_WriteAllData 3.778395e+01 1.295134e+01 2.479799e+01 5.074224e+01
Level_00 2.518253e+00 2.099970e-02 2.474356e+00 2.554441e+00 1.677722e+07 64 5.204877e+04
Level_01 1.678610e-01 4.711713e-02 1.119190e-01 2.186022e-01 1.198240e+05 44 5.576787e+03
Level_02 2.033499e-01 5.575715e-03 1.921861e-01 2.118322e-01 2.329680e+05 91 8.950399e+03
Level_03 8.336583e-01 6.242216e-03 8.172174e-01 8.673484e-01 8.134320e+05 178 7.622953e+03
Level_04 1.341603e+00 2.703899e-02 1.289786e+00 1.409699e+00 7.567680e+06 215 4.406854e+04
Level_05 5.830783e+00 5.498686e-02 5.657676e+00 5.941284e+00 3.269166e+07 727 4.380262e+04
Level_06 1.249530e+01 7.843644e-02 1.232000e+01 1.271282e+01 8.136688e+07 989 5.087343e+04
Level_07 2.274313e+01 1.182004e-01 2.236826e+01 2.294561e+01 9.812907e+07 801 3.370835e+04
Level_08 4.047965e+01 1.405515e-01 4.009345e+01 4.097042e+01 1.146602e+08 590 2.212920e+04
Level_09 7.222086e+01 2.612876e-01 7.158802e+01 7.350400e+01 1.803259e+08 374 1.950677e+04
Level_10 1.251921e+02 3.998968e-01 1.243021e+02 1.270263e+02 3.382666e+08 350 2.110923e+04
MPIWaitReceive 2.968588e+01 6.671695e+00 6.805802e+00 4.620750e+01
ParticleUpdate 1.292239e-01 2.029292e-02 8.575406e-02 2.147269e-01
PrepareDensityField 2.573990e+01 3.418541e+00 1.421585e+01 3.125955e+01
RebuildHierarchy 3.353192e+01 1.262424e-01 3.319807e+01 3.391291e+01
SPCommUpdateCount 1.586026e+02 1.111744e+01 1.172760e+02 1.906751e+02
SPFinalize 1.586087e+02 1.111758e+01 1.172821e+02 1.906806e+02
SPFindTotalParticles 8.502840e-01 1.196944e-01 5.648098e-01 1.111250e+00
SPInitialize 1.403443e+00 6.203057e-02 1.264290e+00 1.495071e+00
SPRecordStarCount 5.406304e-01 1.516321e-01 2.151554e-01 9.061523e-01
SetAccelBoundary 5.296412e+00 8.341731e-01 2.269357e+00 6.735797e+00
SetBoundaryConditions 2.821097e+01 2.835538e+00 1.750788e+01 3.223581e+01
SetLevelTimeStep 8.523371e+00 1.650636e+00 5.694392e+00 1.497742e+01
SolveForPotential 1.653053e+01 2.257515e+00 8.143915e+00 2.010302e+01
SolveHydroEquations 2.535312e+01 1.801398e+00 2.041652e+01 3.023655e+01
StarParticleHandler 5.092086e+00 1.124797e+00 2.921218e+00 1.020327e+01
Total 3.448991e+02 1.671581e-03 3.448989e+02 3.449179e+02 8.709514e+08 4423 1.972840e+04
UpdateFromFinerGrids 2.513490e+00 4.713558e-01 1.553104e+00 4.052349e+00

Cycle_Number 2112
ChemistryCooling 3.304347e+01 7.232448e+00 2.396875e+01 6.643039e+01
CommBufferedSend 6.926428e-01 2.101802e-01 1.676217e-01 1.501823e+00
CommReceiveHandler 2.654889e+01 6.234558e+00 1.070847e+01 3.901786e+01
CommunicationTranspose 1.077448e-01 4.877400e-02 4.500086e-02 1.672989e-01
ComputePotentialFieldLevelZero 1.272298e-01 4.136481e-02 7.498156e-02 1.774560e-01
CopyToOldBaryon 1.340387e+00 2.951453e-01 8.240751e-01 2.336456e+00
CreateSiblingList 9.711855e-01 2.885305e-01 4.816803e-01 1.819290e+00
GravityAccel 1.610035e+00 2.298994e-01 1.221351e+00 2.692375e+00
Group_WriteAllData 8.151166e+00 1.134686e-03 8.149786e+00 8.153633e+00
Level_00 2.259239e+00 2.911825e-02 2.195291e+00 2.324180e+00 1.677722e+07 64 5.801599e+04
Level_01 1.819502e-01 4.645973e-02 1.269913e-01 2.330474e-01 1.198240e+05 44 5.144950e+03
Level_02 2.008264e-01 1.024522e-02 1.806030e-01 2.114320e-01 2.329680e+05 91 9.062866e+03
Level_03 3.522388e-01 5.110130e-03 3.436291e-01 3.849782e-01 8.134320e+05 178 1.804156e+04
Level_04 1.282541e+00 1.272070e-02 1.253264e+00 1.321266e+00 7.567680e+06 215 4.609793e+04
Level_05 5.187048e+00 5.848553e-02 4.973131e+00 5.340249e+00 2.916022e+07 722 4.391982e+04
Level_06 1.345808e+01 1.295971e-01 1.311142e+01 1.380515e+01 9.301228e+07 971 5.399420e+04
Level_07 2.150943e+01 1.269069e-01 2.114654e+01 2.179176e+01 1.200874e+08 814 4.361728e+04
Level_08 3.972439e+01 1.966322e-01 3.938244e+01 4.032141e+01 1.039929e+08 576 2.045204e+04
Level_09 4.823351e+01 2.293685e-01 4.780409e+01 4.944790e+01 1.531434e+08 374 2.480501e+04
Level_10 1.215290e+02 3.283946e-01 1.205260e+02 1.233283e+02 3.188181e+08 361 2.049524e+04
MPIWaitReceive 2.246675e+01 5.672815e+00 8.994842e+00 3.363203e+01
ParticleUpdate 1.227406e-01 2.309379e-02 8.874137e-02 2.574469e-01
PrepareDensityField 1.951848e+01 2.141778e+00 1.129941e+01 2.422510e+01
RebuildHierarchy 3.476314e+01 1.612607e-01 3.425139e+01 3.515334e+01
SPCommUpdateCount 1.393280e+02 1.014875e+01 1.025042e+02 1.598141e+02
SPFinalize 1.393335e+02 1.014889e+01 1.025108e+02 1.598207e+02
SPFindTotalParticles 8.248945e-01 1.252528e-01 5.418999e-01 1.114069e+00
SPInitialize 1.327997e+00 6.822702e-02 1.203495e+00 1.448628e+00
SPRecordStarCount 4.976718e-01 1.598735e-01 1.415864e-01 8.157492e-01
SetAccelBoundary 4.783721e+00 6.181070e-01 2.256540e+00 6.177940e+00
SetBoundaryConditions 2.626719e+01 2.216391e+00 1.606385e+01 2.975808e+01
SetLevelTimeStep 7.765162e+00 1.676518e+00 3.984417e+00 1.515514e+01
SolveForPotential 1.244798e+01 1.403652e+00 7.188040e+00 1.507664e+01
SolveHydroEquations 2.393886e+01 1.713736e+00 2.024143e+01 2.993837e+01
StarParticleHandler 5.017778e+00 1.360621e+00 3.207034e+00 1.421177e+01
Total 3.127923e+02 6.044394e-03 3.127672e+02 3.127949e+02 8.437254e+08 4410 2.107342e+04
UpdateFromFinerGrids 2.346288e+00 5.700827e-01 1.170774e+00 4.155780e+00

Cycle_Number 2113
ChemistryCooling 3.388216e+01 7.901913e+00 2.291152e+01 7.525415e+01
CommBufferedSend 6.846080e-01 1.976713e-01 2.573121e-01 1.197458e+00
CommReceiveHandler 2.997778e+01 5.951509e+00 9.729071e+00 3.935337e+01
CommunicationTranspose 1.208199e-01 5.418122e-02 5.437599e-02 1.947364e-01
ComputePotentialFieldLevelZero 1.464383e-01 4.203494e-02 9.536372e-02 2.041567e-01
CopyToOldBaryon 1.332707e+00 2.392363e-01 7.880361e-01 1.994266e+00
CreateSiblingList 1.063732e+00 2.682163e-01 5.467128e-01 1.908167e+00
GravityAccel 1.649307e+00 1.938594e-01 1.226724e+00 2.556563e+00
Group_WriteAllData 9.293650e+00 3.059762e-04 9.293612e+00 9.297098e+00
Level_00 2.458199e+00 4.656305e-02 2.355104e+00 2.551587e+00 1.677722e+07 64 5.332034e+04
Level_01 2.171335e-01 5.010829e-02 1.520963e-01 2.752222e-01 1.208480e+05 44 4.348132e+03
Level_02 1.642659e-01 5.143738e-03 1.566025e-01 1.706321e-01 2.338640e+05 91 1.112259e+04
Level_03 3.972960e-01 7.955918e-03 3.868890e-01 4.372673e-01 8.107600e+05 186 1.594293e+04
Level_04 1.327426e+00 1.516322e-02 1.292298e+00 1.384866e+00 7.528560e+06 227 4.430897e+04
Level_05 3.863947e+00 4.556971e-02 3.761346e+00 4.040522e+00 2.267608e+07 716 4.584868e+04
Level_06 1.441002e+01 1.536291e-01 1.399346e+01 1.488182e+01 1.053564e+08 966 5.711977e+04
Level_07 2.396243e+01 1.375663e-01 2.357377e+01 2.442124e+01 1.250532e+08 811 4.077126e+04
Level_08 5.040471e+01 1.790071e-01 5.002002e+01 5.122430e+01 1.147718e+08 575 1.778910e+04
Level_09 7.558582e+01 2.349793e-01 7.493521e+01 7.665631e+01 1.498122e+08 366 1.548449e+04
Level_10 1.094743e+02 2.392303e-01 1.088050e+02 1.102677e+02 3.283182e+08 384 2.343003e+04
MPIWaitReceive 2.575981e+01 5.345585e+00 8.263596e+00 3.671392e+01
ParticleUpdate 1.256678e-01 1.841423e-02 9.440775e-02 1.947281e-01
PrepareDensityField 2.397491e+01 2.252543e+00 1.758510e+01 2.856414e+01
RebuildHierarchy 3.418024e+01 1.514718e-01 3.374603e+01 3.457925e+01
SPCommUpdateCount 1.632609e+02 1.029717e+01 1.178712e+02 1.855806e+02
SPFinalize 1.632665e+02 1.029747e+01 1.178761e+02 1.855864e+02
SPFindTotalParticles 8.347654e-01 1.264133e-01 6.028009e-01 1.105093e+00
SPInitialize 1.351194e+00 8.363543e-02 1.199167e+00 1.506371e+00
SPRecordStarCount 5.109245e-01 1.699950e-01 1.597099e-01 8.815522e-01
SetAccelBoundary 4.860977e+00 5.571030e-01 3.108118e+00 6.216838e+00
SetBoundaryConditions 2.632536e+01 1.575062e+00 2.060923e+01 2.934576e+01
SetLevelTimeStep 7.522530e+00 1.215299e+00 3.493291e+00 1.143396e+01
SolveForPotential 1.501315e+01 1.491075e+00 1.050591e+01 1.782338e+01
SolveHydroEquations 2.510051e+01 1.792723e+00 2.127154e+01 3.033953e+01
StarParticleHandler 3.133540e+00 1.016418e+00 1.480047e+00 8.329960e+00
Total 3.415870e+02 1.772102e-03 3.415790e+02 3.415878e+02 8.714591e+08 4430 1.993130e+04
UpdateFromFinerGrids 2.245406e+00 4.916933e-01 1.011993e+00 3.975938e+00

Cycle_Number 2114
ChemistryCooling 3.279087e+01 7.964025e+00 2.370413e+01 7.933123e+01
CommBufferedSend 6.239538e-01 1.964881e-01 1.613841e-01 1.360451e+00
CommReceiveHandler 2.904411e+01 7.090503e+00 9.086974e+00 4.205701e+01
CommunicationTranspose 1.079645e-01 5.109629e-02 4.832167e-02 1.714760e-01
ComputePotentialFieldLevelZero 1.277821e-01 4.310584e-02 7.399453e-02 1.819815e-01
CopyToOldBaryon 1.323954e+00 2.584938e-01 7.219689e-01 1.910173e+00
CreateSiblingList 1.082495e+00 3.392621e-01 4.650131e-01 2.167180e+00
GravityAccel 1.588614e+00 1.907417e-01 1.247865e+00 2.188889e+00
Group_WriteAllData 7.744774e+00 1.250035e-03 7.743184e+00 7.753906e+00
Level_00 2.106503e+00 2.956729e-02 2.009777e+00 2.171489e+00 1.677722e+07 64 6.222254e+04
Level_01 2.223721e-01 4.754325e-02 1.629113e-01 2.750700e-01 1.208480e+05 44 4.245699e+03
Level_02 2.217122e-01 6.078280e-03 2.062658e-01 2.289801e-01 2.338640e+05 91 8.240693e+03
Level_03 2.386774e-01 5.460799e-03 2.280496e-01 2.505730e-01 8.107600e+05 186 2.653817e+04
Level_04 1.273874e+00 1.574183e-02 1.236239e+00 1.322757e+00 7.528560e+06 227 4.617167e+04
Level_05 3.963267e+00 5.236125e-02 3.821725e+00 4.083804e+00 2.266194e+07 709 4.467184e+04
Level_06 1.506755e+01 1.627893e-01 1.476464e+01 1.544354e+01 1.050733e+08 941 5.448034e+04
Level_07 2.083223e+01 1.378235e-01 2.051556e+01 2.112978e+01 1.042358e+08 815 3.909051e+04
Level_08 4.818647e+01 1.874700e-01 4.761152e+01 4.875279e+01 1.144290e+08 582 1.855244e+04
Level_09 8.341809e+01 2.261767e-01 8.302068e+01 8.431428e+01 1.504392e+08 379 1.408935e+04
Level_10 1.256800e+02 3.188646e-01 1.246069e+02 1.267863e+02 3.100191e+08 391 1.927135e+04
MPIWaitReceive 2.496191e+01 6.548760e+00 8.192061e+00 3.751359e+01
ParticleUpdate 1.223801e-01 1.958112e-02 8.646316e-02 2.196423e-01
PrepareDensityField 2.279748e+01 2.612183e+00 1.412126e+01 2.751862e+01
RebuildHierarchy 3.883092e+01 1.767215e-01 3.843933e+01 3.942469e+01
SPCommUpdateCount 1.864514e+02 1.058666e+01 1.316882e+02 2.040184e+02
SPFinalize 1.864569e+02 1.058669e+01 1.316940e+02 2.040274e+02
SPFindTotalParticles 8.050308e-01 1.364702e-01 5.231141e-01 1.082878e+00
SPInitialize 1.275766e+00 6.296518e-02 1.169649e+00 1.408629e+00
SPRecordStarCount 4.652524e-01 1.580188e-01 1.497864e-01 8.626123e-01
SetAccelBoundary 4.636702e+00 6.861560e-01 2.616695e+00 9.087075e+00
SetBoundaryConditions 2.585905e+01 1.953366e+00 1.727833e+01 3.118081e+01
SetLevelTimeStep 7.374332e+00 1.469614e+00 4.109418e+00 1.318044e+01
SolveForPotential 1.395469e+01 1.525286e+00 8.492366e+00 1.699700e+01
SolveHydroEquations 2.400631e+01 1.828925e+00 2.110022e+01 2.987895e+01
StarParticleHandler 2.992154e+00 8.986804e-01 1.622795e+00 7.396406e+00
Total 3.635927e+02 1.717911e-03 3.635832e+02 3.636023e+02 8.323297e+08 4429 1.788423e+04
UpdateFromFinerGrids 2.275907e+00 5.473607e-01 1.064879e+00 3.842052e+00

Cycle_Number 2115
ChemistryCooling 3.301155e+01 7.149727e+00 2.370829e+01 7.069399e+01
CommBufferedSend 6.535961e-01 1.938684e-01 2.803963e-01 1.149736e+00
CommReceiveHandler 2.946812e+01 6.374218e+00 1.261035e+01 4.313892e+01
CommunicationTranspose 1.283863e-01 5.593459e-02 5.655234e-02 1.986859e-01
ComputePotentialFieldLevelZero 1.560391e-01 4.091363e-02 1.056502e-01 2.084433e-01
CopyToOldBaryon 1.483863e+00 2.940114e-01 8.642717e-01 2.204286e+00
CreateSiblingList 1.177491e+00 3.387453e-01 6.171110e-01 2.145505e+00
GravityAccel 1.608740e+00 2.016368e-01 1.230558e+00 2.364122e+00
Group_WriteAllData 7.396936e+00 2.026578e-04 7.396908e+00 7.399219e+00
Level_00 2.967162e+00 3.153418e-02 2.875573e+00 3.032181e+00 1.677722e+07 64 4.417420e+04
Level_01 2.168771e-01 5.502322e-02 1.415514e-01 2.758950e-01 1.208480e+05 44 4.353271e+03
Level_02 1.711288e-01 6.114911e-03 1.609205e-01 1.780927e-01 2.338640e+05 91 1.067653e+04
Level_03 3.414374e-01 7.044476e-03 3.305261e-01 3.985657e-01 8.099760e+05 188 1.853323e+04
Level_04 1.300541e+00 1.863087e-02 1.258698e+00 1.338420e+00 7.525264e+06 227 4.520512e+04
Level_05 5.252114e+00 7.368539e-02 5.079292e+00 5.513540e+00 2.918526e+07 729 4.341296e+04
Level_06 1.458941e+01 1.479962e-01 1.417047e+01 1.499641e+01 1.094122e+08 939 5.858928e+04
Level_07 2.339549e+01 1.594117e-01 2.278381e+01 2.387228e+01 1.201429e+08 816 4.011956e+04
Level_08 4.853616e+01 1.863498e-01 4.805876e+01 4.912684e+01 1.127264e+08 571 1.814471e+04
Level_09 8.449389e+01 1.717732e-01 8.410289e+01 8.510484e+01 1.429642e+08 348 1.321880e+04
Level_10 9.571420e+01 2.533258e-01 9.518039e+01 9.650283e+01 2.984095e+08 378 2.435714e+04
MPIWaitReceive 2.514045e+01 5.907996e+00 1.037929e+01 3.835087e+01
ParticleUpdate 1.219744e-01 1.951513e-02 8.789032e-02 1.841324e-01
PrepareDensityField 2.333546e+01 2.545816e+00 1.408157e+01 2.713527e+01
RebuildHierarchy 3.694973e+01 1.746130e-01 3.654387e+01 3.742877e+01
SPCommUpdateCount 1.604698e+02 9.252174e+00 1.196730e+02 1.777678e+02
SPFinalize 1.604750e+02 9.252342e+00 1.196766e+02 1.777747e+02
SPFindTotalParticles 8.116520e-01 1.400331e-01 5.024717e-01 1.047210e+00
SPInitialize 1.290771e+00 7.249606e-02 1.165458e+00 1.416680e+00
SPRecordStarCount 4.735250e-01 1.729829e-01 1.489173e-01 9.072289e-01
SetAccelBoundary 4.829840e+00 5.502367e-01 2.825895e+00 5.773993e+00
SetBoundaryConditions 2.685148e+01 1.715859e+00 2.127290e+01 2.957118e+01
SetLevelTimeStep 7.371951e+00 1.333825e+00 4.554324e+00 1.196648e+01
SolveForPotential 1.452425e+01 1.499686e+00 8.679578e+00 1.717233e+01
SolveHydroEquations 2.438312e+01 1.656897e+00 2.115325e+01 2.966510e+01
StarParticleHandler 2.734431e+00 9.624832e-01 1.397240e+00 8.908108e+00
Total 3.377951e+02 5.516528e-03 3.377716e+02 3.377967e+02 8.383077e+08 4395 1.938832e+04
UpdateFromFinerGrids 2.388027e+00 5.125316e-01 1.195462e+00 3.750341e+00

