# Starting performance log. MPI processes: 128

Cycle_Number 2111
ChemistryCooling 3.569416e+01 1.082348e+01 1.973632e+01 8.123252e+01
CommBufferedSend 7.275419e-01 1.742304e-01 3.657857e-01 1.352673e+00
CommReceiveHandler 2.532217e+01 7.032318e+00 7.996078e+00 4.136226e+01
CommunicationTranspose 1.228456e-01 5.303729e-02 5.396706e-02 1.822305e-01
ComputePotentialFieldLevelZero 1.500957e-01 4.151630e-02 9.507814e-02 1.941895e-01
CopyToOldBaryon 1.099957e+00 2.012029e-01 6.937320e-01 1.728061e+00
CreateSiblingList 8.468276e-01 1.616366e-01 4.920279e-01 1.336594e+00
GravityAccel 1.555517e+00 4.305186e-01 9.973079e-01 5.293393e+00
Group_WriteAllData 2.585490e+01 8.908839e+00 1.691496e+01 3.480880e+01
Level_00 2.792203e+00 2.630353e-02 2.744816e+00 2.832681e+00 1.677722e+07 64 4.694214e+04
Level_01 1.924420e-01 4.759852e-02 1.271373e-01 2.422528e-01 1.221840e+05 23 4.960261e+03
Level_02 2.321561e-01 4.811887e-03 2.200196e-01 2.354817e-01 2.532720e+05 49 8.523091e+03
Level_03 3.589976e-01 4.859864e-03 3.533633e-01 3.740702e-01 8.483680e+05 154 1.846217e+04
Level_04 1.626370e+00 1.939580e-02 1.576913e+00 1.683223e+00 7.526864e+06 206 3.615636e+04
Level_05 6.573525e+00 1.027091e-01 6.192189e+00 6.777549e+00 3.281776e+07 759 3.900324e+04
Level_06 1.248758e+01 8.076706e-02 1.220985e+01 1.265758e+01 8.064103e+07 1005 5.045076e+04
Level_07 1.980468e+01 1.047859e-01 1.954764e+01 2.003465e+01 1.007594e+08 808 3.974730e+04
Level_08 4.427268e+01 1.685806e-01 4.377320e+01 4.476055e+01 1.224765e+08 521 2.161259e+04
Level_09 9.552815e+01 2.900956e-01 9.473206e+01 9.642271e+01 1.897427e+08 278 1.551757e+04
Level_10 1.604649e+02 4.166878e-01 1.593037e+02 1.616749e+02 3.628985e+08 247 1.766832e+04
MPIWaitReceive 2.216259e+01 6.066422e+00 7.024586e+00 3.654445e+01
ParticleUpdate 1.067042e-01 3.495271e-02 6.961637e-02 4.555204e-01
PrepareDensityField 1.981631e+01 3.062103e+00 1.009706e+01 3.029026e+01
RebuildHierarchy 3.361553e+01 1.618818e-01 3.312287e+01 3.394386e+01
SPCommUpdateCount 2.285772e+02 1.748519e+01 1.521078e+02 2.600867e+02
SPFinalize 2.285834e+02 1.748557e+01 1.521150e+02 2.600934e+02
SPFindTotalParticles 8.233838e-01 1.163942e-01 5.436193e-01 1.050328e+00
SPInitialize 1.390211e+00 7.057718e-02 1.256914e+00 1.490112e+00
SPRecordStarCount 5.552559e-01 1.481684e-01 2.213933e-01 9.286966e-01
SetAccelBoundary 4.141559e+00 7.651348e-01 2.277905e+00 5.815774e+00
SetBoundaryConditions 2.440537e+01 2.887183e+00 1.515806e+01 3.322029e+01
SetLevelTimeStep 1.001975e+01 1.831006e+00 5.707296e+00 1.656029e+01
SolveForPotential 1.295756e+01 2.109606e+00 6.480710e+00 2.137118e+01
SolveHydroEquations 2.378370e+01 3.855004e+00 1.698803e+01 3.543392e+01
StarParticleHandler 2.980819e+00 2.383137e+00 1.090198e+00 2.732288e+01
Total 4.004380e+02 8.128234e-04 4.004379e+02 4.004472e+02 9.148637e+08 4114 1.784889e+04
UpdateFromFinerGrids 2.258281e+00 5.221278e-01 1.225022e+00 3.756153e+00

Cycle_Number 2112
ChemistryCooling 3.434799e+01 1.175426e+01 1.791809e+01 8.546713e+01
CommBufferedSend 5.023143e-01 1.755189e-01 1.240035e-01 1.072631e+00
CommReceiveHandler 1.901663e+01 6.384128e+00 5.771633e+00 3.285422e+01
CommunicationTranspose 1.160715e-01 5.594029e-02 4.679087e-02 1.840358e-01
ComputePotentialFieldLevelZero 1.360100e-01 4.816552e-02 7.913932e-02 1.940092e-01
CopyToOldBaryon 1.100613e+00 2.323265e-01 5.910950e-01 1.692334e+00
CreateSiblingList 8.118795e-01 1.628621e-01 4.011204e-01 1.227043e+00
GravityAccel 1.468892e+00 4.071771e-01 8.736021e-01 4.877808e+00
Group_WriteAllData 7.727526e+00 7.292199e-04 7.726501e+00 7.729451e+00
Level_00 2.105109e+00 2.511486e-02 2.053741e+00 2.165699e+00 1.677722e+07 64 6.226376e+04
Level_01 2.537387e-01 4.750453e-02 1.884851e-01 3.090871e-01 1.221840e+05 23 3.761991e+03
Level_02 2.555013e-01 4.889604e-03 2.414610e-01 2.594117e-01 2.532720e+05 49 7.744333e+03
Level_03 3.219549e-01 4.992426e-03 3.084153e-01 3.368905e-01 8.483680e+05 154 2.058635e+04
Level_04 1.471872e+00 2.356143e-02 1.425229e+00 1.548758e+00 7.526864e+06 206 3.995159e+04
Level_05 5.628363e+00 9.546904e-02 5.347236e+00 5.864435e+00 2.930669e+07 756 4.067941e+04
Level_06 1.307173e+01 1.151799e-01 1.277342e+01 1.338796e+01 9.171730e+07 1012 5.481611e+04
Level_07 2.096242e+01 1.528742e-01 2.054101e+01 2.140204e+01 1.222884e+08 812 4.557577e+04
Level_08 4.235123e+01 1.847728e-01 4.184875e+01 4.296243e+01 1.110111e+08 517 2.047814e+04
Level_09 9.396992e+01 2.647080e-01 9.295797e+01 9.472351e+01 1.583158e+08 276 1.316211e+04
Level_10 1.493140e+02 3.646208e-01 1.486382e+02 1.503991e+02 3.361771e+08 249 1.758967e+04
MPIWaitReceive 1.608889e+01 5.486093e+00 5.031679e+00 2.947975e+01
ParticleUpdate 9.986325e-02 3.371394e-02 6.582016e-02 4.350525e-01
PrepareDensityField 1.496735e+01 2.244566e+00 9.872280e+00 2.126144e+01
RebuildHierarchy 3.489137e+01 1.949350e-01 3.438616e+01 3.535079e+01
SPCommUpdateCount 2.247932e+02 1.718146e+01 1.606336e+02 2.565004e+02
SPFinalize 2.247989e+02 1.718162e+01 1.606454e+02 2.565069e+02
SPFindTotalParticles 7.805807e-01 1.241460e-01 5.171614e-01 1.040981e+00
SPInitialize 1.238446e+00 6.161835e-02 1.120551e+00 1.362917e+00
SPRecordStarCount 4.522442e-01 1.449474e-01 1.043432e-01 7.947380e-01
SetAccelBoundary 3.638065e+00 5.877272e-01 2.258550e+00 4.646803e+00
SetBoundaryConditions 2.210635e+01 2.719283e+00 1.447369e+01 2.795251e+01
SetLevelTimeStep 8.978261e+00 1.826118e+00 4.845593e+00 1.411173e+01
SolveForPotential 9.677512e+00 1.595776e+00 6.225896e+00 1.443940e+01
SolveHydroEquations 2.231115e+01 3.786858e+00 1.538030e+01 3.213229e+01
StarParticleHandler 2.791325e+00 2.122528e+00 1.089833e+00 2.417188e+01
Total 3.872958e+02 3.193512e-03 3.872839e+02 3.872977e+02 8.743444e+08 4118 1.763721e+04
UpdateFromFinerGrids 1.993834e+00 5.538369e-01 8.423507e-01 3.628436e+00

Cycle_Number 2113
ChemistryCooling 3.502926e+01 1.082163e+01 1.846970e+01 1.029484e+02
CommBufferedSend 5.248675e-01 1.700157e-01 1.268876e-01 1.342674e+00
CommReceiveHandler 2.063875e+01 6.627167e+00 5.414706e+00 3.294541e+01
CommunicationTranspose 1.056745e-01 4.663978e-02 4.259280e-02 1.647438e-01
ComputePotentialFieldLevelZero 1.260495e-01 3.872957e-02 7.729572e-02 1.758766e-01
CopyToOldBaryon 1.191362e+00 2.305337e-01 6.473101e-01 1.835751e+00
CreateSiblingList 9.455037e-01 2.132549e-01 5.088059e-01 1.479856e+00
GravityAccel 1.553681e+00 4.118292e-01 9.375908e-01 4.840153e+00
Group_WriteAllData 7.441803e+00 1.785443e-04 7.441776e+00 7.443814e+00
Level_00 2.065787e+00 2.945839e-02 1.983775e+00 2.124446e+00 1.677722e+07 64 6.344893e+04
Level_01 2.697295e-01 4.115176e-02 2.148674e-01 3.149620e-01 1.231520e+05 23 3.567000e+03
Level_02 2.582803e-01 7.427038e-03 2.408314e-01 2.635679e-01 2.532720e+05 49 7.661009e+03
Level_03 3.309875e-01 8.165597e-03 3.185088e-01 3.559346e-01 8.485280e+05 154 2.002833e+04
Level_04 1.418013e+00 1.272508e-02 1.378880e+00 1.447124e+00 7.516112e+06 211 4.140979e+04
Level_05 4.600640e+00 5.882912e-02 4.410230e+00 4.751193e+00 2.285808e+07 761 3.881607e+04
Level_06 1.453161e+01 1.200644e-01 1.408440e+01 1.480554e+01 1.050869e+08 1002 5.649696e+04
Level_07 2.262743e+01 1.501076e-01 2.217198e+01 2.323469e+01 1.257733e+08 815 4.342534e+04
Level_08 4.488263e+01 1.945910e-01 4.415507e+01 4.548826e+01 1.217595e+08 511 2.119409e+04
Level_09 9.624218e+01 2.453067e-01 9.562127e+01 9.695715e+01 1.594244e+08 281 1.294135e+04
Level_10 1.557002e+02 2.822510e-01 1.550202e+02 1.565809e+02 3.425780e+08 272 1.718939e+04
MPIWaitReceive 1.771547e+01 5.850858e+00 4.385417e+00 2.963184e+01
ParticleUpdate 1.054351e-01 3.595545e-02 5.903318e-02 4.510782e-01
PrepareDensityField 1.728588e+01 2.374208e+00 1.093342e+01 2.498871e+01
RebuildHierarchy 3.588199e+01 1.616660e-01 3.550140e+01 3.625226e+01
SPCommUpdateCount 2.331651e+02 1.676412e+01 1.493726e+02 2.673290e+02
SPFinalize 2.331706e+02 1.676428e+01 1.493792e+02 2.673350e+02
SPFindTotalParticles 8.019421e-01 1.173891e-01 5.441999e-01 1.020460e+00
SPInitialize 1.270501e+00 5.803252e-02 1.188723e+00 1.383295e+00
SPRecordStarCount 4.628796e-01 1.420680e-01 1.938422e-01 8.021501e-01
SetAccelBoundary 3.963634e+00 6.512397e-01 2.010688e+00 5.423124e+00
SetBoundaryConditions 2.332664e+01 2.576991e+00 1.289804e+01 2.942178e+01
SetLevelTimeStep 8.620150e+00 1.566479e+00 5.543448e+00 1.549863e+01
SolveForPotential 1.144259e+01 1.710472e+00 6.633229e+00 1.653984e+01
SolveHydroEquations 2.318682e+01 4.111615e+00 1.676687e+01 3.551912e+01
StarParticleHandler 2.839197e+00 2.177426e+00 1.002223e+00 2.458643e+01
Total 4.021709e+02 2.554358e-03 4.021576e+02 4.021718e+02 9.029986e+08 4143 1.754149e+04
UpdateFromFinerGrids 2.116582e+00 4.922063e-01 8.094078e-01 3.364572e+00

Cycle_Number 2114
ChemistryCooling 3.404541e+01 1.224520e+01 1.689403e+01 1.156382e+02
CommBufferedSend 4.556886e-01 1.829206e-01 6.627077e-02 1.204090e+00
CommReceiveHandler 2.270165e+01 7.969942e+00 3.655442e+00 3.810608e+01
CommunicationTranspose 1.078920e-01 4.934341e-02 4.409305e-02 1.708653e-01
ComputePotentialFieldLevelZero 1.282964e-01 4.139153e-02 7.876664e-02 1.805956e-01
CopyToOldBaryon 1.097395e+00 2.330134e-01 5.610118e-01 1.916871e+00
CreateSiblingList 8.540538e-01 2.041863e-01 4.579174e-01 1.342900e+00
GravityAccel 1.483341e+00 3.408227e-01 8.669804e-01 3.288854e+00
Group_WriteAllData 7.371808e+00 7.355658e-04 7.370864e+00 7.374029e+00
Level_00 2.318484e+00 2.791448e-02 2.246621e+00 2.383872e+00 1.677722e+07 64 5.653350e+04
Level_01 2.242485e-01 3.790862e-02 1.740574e-01 2.673899e-01 1.231520e+05 23 4.290441e+03
Level_02 2.591881e-01 4.181794e-03 2.463353e-01 2.625411e-01 2.532720e+05 49 7.634177e+03
Level_03 2.532417e-01 6.673245e-03 2.379552e-01 2.693361e-01 8.485280e+05 154 2.617707e+04
Level_04 1.272799e+00 1.723736e-02 1.232115e+00 1.319621e+00 7.516112e+06 211 4.613424e+04
Level_05 4.079322e+00 6.932935e-02 3.845404e+00 4.224040e+00 2.281406e+07 756 4.369227e+04
Level_06 1.494971e+01 1.283097e-01 1.456481e+01 1.524829e+01 1.055087e+08 990 5.513733e+04
Level_07 2.035517e+01 1.139521e-01 1.998667e+01 2.067400e+01 1.041415e+08 821 3.997044e+04
Level_08 5.147994e+01 1.808698e-01 5.096633e+01 5.199489e+01 1.224973e+08 505 1.858996e+04
Level_09 9.410351e+01 3.098206e-01 9.333207e+01 9.528140e+01 1.563138e+08 284 1.297721e+04
Level_10 1.610803e+02 3.068215e-01 1.603920e+02 1.618248e+02 3.297644e+08 269 1.599379e+04
MPIWaitReceive 1.983119e+01 7.100408e+00 3.375941e+00 3.351573e+01
ParticleUpdate 1.004474e-01 2.515434e-02 6.386663e-02 2.874824e-01
PrepareDensityField 1.786685e+01 3.083050e+00 8.264018e+00 2.512513e+01
RebuildHierarchy 3.847762e+01 1.899893e-01 3.797571e+01 3.894251e+01
SPCommUpdateCount 2.423741e+02 1.812795e+01 1.492827e+02 2.758841e+02
SPFinalize 2.423794e+02 1.812810e+01 1.492872e+02 2.758911e+02
SPFindTotalParticles 7.768392e-01 1.250815e-01 5.182243e-01 1.014990e+00
SPInitialize 1.209265e+00 5.748487e-02 1.084563e+00 1.323692e+00
SPRecordStarCount 4.269164e-01 1.570039e-01 1.319437e-01 7.930827e-01
SetAccelBoundary 3.925637e+00 8.146231e-01 1.642228e+00 5.838331e+00
SetBoundaryConditions 2.299796e+01 3.277218e+00 1.295899e+01 3.037996e+01
SetLevelTimeStep 9.204566e+00 1.967214e+00 5.903098e+00 1.557482e+01
SolveForPotential 1.169333e+01 2.245719e+00 5.002109e+00 1.715843e+01
SolveHydroEquations 2.201920e+01 3.866059e+00 1.442469e+01 3.336972e+01
StarParticleHandler 2.761652e+00 1.630501e+00 1.041541e+00 1.761268e+01
Total 4.120441e+02 1.544413e-03 4.120371e+02 4.120447e+02 8.665579e+08 4126 1.643024e+04
UpdateFromFinerGrids 2.025612e+00 5.352653e-01 7.637164e-01 3.466976e+00

Cycle_Number 2115
ChemistryCooling 3.423804e+01 1.284168e+01 1.384608e+01 1.152552e+02
CommBufferedSend 4.360951e-01 1.731753e-01 6.664883e-02 1.316832e+00
CommReceiveHandler 2.228676e+01 7.622012e+00 5.578716e+00 4.391088e+01
CommunicationTranspose 1.150059e-01 5.190828e-02 5.390492e-02 1.813188e-01
ComputePotentialFieldLevelZero 1.376769e-01 4.246161e-02 8.334371e-02 1.923307e-01
CopyToOldBaryon 1.089769e+00 2.516944e-01 5.583973e-01 1.971954e+00
CreateSiblingList 8.393683e-01 2.181228e-01 4.072311e-01 1.435700e+00
GravityAccel 1.498693e+00 2.958491e-01 8.687998e-01 2.378646e+00
Group_WriteAllData 7.163770e+00 2.131443e-04 7.163741e+00 7.166171e+00
Level_00 2.369700e+00 3.380836e-02 2.281992e+00 2.445201e+00 1.677722e+07 64 5.531164e+04
Level_01 2.400162e-01 4.339593e-02 1.843103e-01 2.876613e-01 1.231520e+05 23 4.008584e+03
Level_02 1.989954e-01 5.343631e-03 1.877390e-01 2.033885e-01 2.532720e+05 49 9.943385e+03
Level_03 2.592030e-01 4.000650e-03 2.530196e-01 2.723513e-01 8.483360e+05 154 2.556925e+04
Level_04 1.466005e+00 1.684616e-02 1.424825e+00 1.516993e+00 7.504800e+06 210 3.999390e+04
Level_05 5.502116e+00 7.393811e-02 5.242394e+00 5.696236e+00 2.914294e+07 769 4.138030e+04
Level_06 1.531184e+01 1.676043e-01 1.457433e+01 1.574737e+01 1.083981e+08 1000 5.530756e+04
Level_07 2.214445e+01 1.589899e-01 2.180911e+01 2.259923e+01 1.195549e+08 807 4.217864e+04
Level_08 5.567638e+01 2.240743e-01 5.499750e+01 5.638092e+01 1.199210e+08 508 1.682730e+04
Level_09 9.006777e+01 3.010297e-01 8.916877e+01 9.098475e+01 1.491285e+08 278 1.293544e+04
Level_10 1.604714e+02 3.412228e-01 1.591411e+02 1.614547e+02 3.219552e+08 259 1.567428e+04
MPIWaitReceive 1.953131e+01 6.960702e+00 4.901862e+00 4.169269e+01
ParticleUpdate 9.966276e-02 1.948766e-02 6.553720e-02 1.626407e-01
PrepareDensityField 1.804560e+01 3.137424e+00 9.062609e+00 2.860031e+01
RebuildHierarchy 3.545699e+01 1.675104e-01 3.496845e+01 3.592046e+01
SPCommUpdateCount 2.450862e+02 1.816952e+01 1.482379e+02 2.826938e+02
SPFinalize 2.450915e+02 1.816982e+01 1.482420e+02 2.826981e+02
SPFindTotalParticles 7.753223e-01 1.348238e-01 4.850472e-01 1.041057e+00
SPInitialize 1.234615e+00 6.689075e-02 1.126456e+00 1.373918e+00
SPRecordStarCount 4.538675e-01 1.636844e-01 1.072228e-01 8.855642e-01
SetAccelBoundary 4.006850e+00 7.783111e-01 1.979498e+00 7.034926e+00
SetBoundaryConditions 2.314058e+01 2.984003e+00 1.297088e+01 3.106629e+01
SetLevelTimeStep 9.149280e+00 2.009919e+00 4.628157e+00 1.627728e+01
SolveForPotential 1.151854e+01 2.118959e+00 5.769292e+00 1.737636e+01
SolveHydroEquations 2.226786e+01 3.874841e+00 1.387723e+01 3.420103e+01
StarParticleHandler 2.673973e+00 1.182759e+00 1.045449e+00 7.638329e+00
Total 4.117957e+02 1.220270e-03 4.117902e+02 4.117963e+02 8.736075e+08 4121 1.657390e+04
UpdateFromFinerGrids 2.096648e+00 5.900693e-01 1.018691e+00 3.656627e+00

