# Starting performance log. MPI processes: 128

Cycle_Number 2111
ChemistryCooling 3.917315e+01 1.597124e+01 1.464263e+01 1.302322e+02
CommReceiveHandler 2.201507e+01 8.007716e+00 4.385389e+00 3.908414e+01
CommunicationTranspose 1.264656e-01 4.343281e-02 7.195006e-02 1.748653e-01
ComputePotentialFieldLevelZero 1.473175e-01 3.702634e-02 9.882309e-02 1.867002e-01
Group_WriteAllData 2.248020e+01 7.412760e+00 1.504431e+01 2.991624e+01
Level_00 2.568961e+00 1.864795e-02 2.534007e+00 2.603566e+00 1.677722e+07 64 5.102141e+04
Level_01 2.584482e-01 2.900141e-02 2.121302e-01 2.878718e-01 1.231840e+05 12 3.723667e+03
Level_02 3.094724e-01 5.637137e-03 2.937542e-01 3.124193e-01 2.694880e+05 27 6.803110e+03
Level_03 4.401781e-01 1.006824e-02 4.159150e-01 4.491174e-01 8.803280e+05 81 1.562450e+04
Level_04 1.580740e+00 1.771025e-02 1.545655e+00 1.646931e+00 7.646352e+06 205 3.779061e+04
Level_05 5.987146e+00 7.623785e-02 5.678710e+00 6.190896e+00 3.302912e+07 722 4.309900e+04
Level_06 1.248357e+01 7.419644e-02 1.228181e+01 1.267029e+01 8.134402e+07 954 5.090691e+04
Level_07 2.229042e+01 1.294414e-01 2.194630e+01 2.270749e+01 9.764658e+07 742 3.422384e+04
Level_08 4.697232e+01 1.652748e-01 4.632911e+01 4.737702e+01 1.206727e+08 477 2.007045e+04
Level_09 1.328408e+02 3.362439e-01 1.319713e+02 1.337767e+02 2.046976e+08 244 1.203847e+04
Level_10 1.941951e+02 4.567485e-01 1.929212e+02 1.951406e+02 3.815374e+08 216 1.534931e+04
MPIWaitReceive 1.956887e+01 7.012401e+00 3.970781e+00 3.542092e+01
ParticleUpdate 9.597526e-02 3.488136e-02 6.167446e-02 3.635200e-01
PrepareDensityField 1.689559e+01 3.109266e+00 7.051579e+00 2.395711e+01
RebuildHierarchy 3.522343e+01 1.418648e-01 3.483001e+01 3.555613e+01
SetBoundaryConditions 2.173231e+01 3.562238e+00 1.048866e+01 2.868458e+01
SetLevelTimeStep 1.088944e+01 2.040365e+00 5.481995e+00 1.759830e+01
SolveForPotential 1.152198e+01 2.271052e+00 4.198664e+00 1.736375e+01
SolveHydroEquations 2.238554e+01 4.795160e+00 1.246541e+01 3.623125e+01
StarParticleHandler 2.713940e+00 2.301193e+00 7.284179e-01 2.110972e+01
Total 4.754691e+02 5.991223e-04 4.754690e+02 4.754758e+02 9.446240e+08 3744 1.552125e+04
UpdateFromFinerGrids 1.833018e+00 4.510031e-01 9.099866e-01 3.544305e+00

Cycle_Number 2112
ChemistryCooling 3.914284e+01 1.137214e+01 1.806564e+01 7.657001e+01
CommReceiveHandler 2.062198e+01 6.348484e+00 6.827093e+00 3.328116e+01
CommunicationTranspose 1.132272e-01 5.439281e-02 4.755851e-02 1.777557e-01
ComputePotentialFieldLevelZero 1.322771e-01 4.727917e-02 7.754383e-02 1.889153e-01
Group_WriteAllData 6.931673e+00 8.553870e-04 6.930599e+00 6.933450e+00
Level_00 2.467936e+00 3.133300e-02 2.416118e+00 2.531070e+00 1.677722e+07 64 5.310996e+04
Level_01 2.764824e-01 3.453618e-02 2.311024e-01 3.131183e-01 1.231840e+05 12 3.480782e+03
Level_02 3.260953e-01 5.723310e-03 3.096801e-01 3.293286e-01 2.694880e+05 27 6.456317e+03
Level_03 3.897001e-01 1.065910e-02 3.719387e-01 4.001008e-01 8.803280e+05 81 1.764835e+04
Level_04 1.453218e+00 2.355260e-02 1.397943e+00 1.531384e+00 7.646352e+06 205 4.110680e+04
Level_05 5.998311e+00 9.657064e-02 5.598339e+00 6.317717e+00 3.631461e+07 713 4.729796e+04
Level_06 1.563689e+01 1.414573e-01 1.531177e+01 1.601982e+01 1.131150e+08 958 5.651450e+04
Level_07 2.554801e+01 2.124925e-01 2.491834e+01 2.620973e+01 1.432312e+08 728 4.379964e+04
Level_08 4.561684e+01 2.579131e-01 4.508832e+01 4.658406e+01 1.284924e+08 472 2.200606e+04
Level_09 9.282851e+01 3.499631e-01 9.176273e+01 9.357890e+01 1.653030e+08 236 1.391200e+04
Level_10 1.854181e+02 3.271606e-01 1.845855e+02 1.864478e+02 3.571666e+08 198 1.504904e+04
MPIWaitReceive 1.777298e+01 5.718997e+00 5.078591e+00 2.929284e+01
ParticleUpdate 1.027631e-01 2.895354e-02 6.306849e-02 3.514078e-01
PrepareDensityField 1.547914e+01 1.959179e+00 9.948967e+00 1.999889e+01
RebuildHierarchy 3.731787e+01 1.836955e-01 3.687284e+01 3.767909e+01
SetBoundaryConditions 2.398638e+01 2.814163e+00 1.492664e+01 3.080646e+01
SetLevelTimeStep 1.034715e+01 2.076824e+00 4.638943e+00 1.697073e+01
SolveForPotential 9.975927e+00 1.416976e+00 6.466385e+00 1.394249e+01
SolveHydroEquations 2.328481e+01 3.898914e+00 1.374320e+01 3.513375e+01
StarParticleHandler 2.520919e+00 1.883548e+00 8.032025e-01 1.861160e+01
Total 4.366339e+02 2.405384e-03 4.366239e+02 4.366353e+02 9.693194e+08 3694 1.734361e+04
UpdateFromFinerGrids 2.292105e+00 6.345243e-01 8.834195e-01 4.380407e+00

Cycle_Number 2113
ChemistryCooling 3.805860e+01 1.447050e+01 1.627774e+01 8.789165e+01
CommReceiveHandler 1.876720e+01 6.579365e+00 3.240407e+00 3.283934e+01
CommunicationTranspose 1.075360e-01 4.995070e-02 4.745642e-02 1.741735e-01
ComputePotentialFieldLevelZero 1.287643e-01 4.203289e-02 7.580040e-02 1.832801e-01
Group_WriteAllData 6.892758e+00 1.525540e-04 6.892733e+00 6.894476e+00
Level_00 2.240033e+00 3.157144e-02 2.193120e+00 2.309082e+00 1.677722e+07 64 5.851342e+04
Level_01 2.623043e-01 3.621856e-02 2.106301e-01 3.018617e-01 1.241520e+05 12 3.697757e+03
Level_02 3.224214e-01 3.972775e-03 3.114089e-01 3.254758e-01 2.694880e+05 27 6.529887e+03
Level_03 4.291221e-01 8.916740e-03 4.169887e-01 4.831535e-01 8.830000e+05 82 1.607570e+04
Level_04 1.419696e+00 1.870685e-02 1.369959e+00 1.461109e+00 7.608016e+06 211 4.186644e+04
Level_05 4.943927e+00 8.072761e-02 4.752365e+00 5.194937e+00 2.990474e+07 699 4.725612e+04
Level_06 1.482249e+01 1.159367e-01 1.453533e+01 1.525404e+01 1.062748e+08 961 5.601436e+04
Level_07 3.106794e+01 1.798149e-01 3.051523e+01 3.160408e+01 1.447676e+08 723 3.640397e+04
Level_08 4.420022e+01 2.487065e-01 4.333172e+01 4.495980e+01 1.225627e+08 466 2.166326e+04
Level_09 9.211710e+01 2.884757e-01 9.068007e+01 9.293311e+01 1.586431e+08 235 1.345460e+04
Level_10 1.739916e+02 2.863029e-01 1.729371e+02 1.746810e+02 3.420360e+08 206 1.535796e+04
MPIWaitReceive 1.635934e+01 5.834965e+00 2.957958e+00 3.012902e+01
ParticleUpdate 9.547106e-02 3.474843e-02 5.783320e-02 3.865645e-01
PrepareDensityField 1.531948e+01 2.281963e+00 9.319311e+00 2.204131e+01
RebuildHierarchy 3.379207e+01 1.625554e-01 3.333808e+01 3.419179e+01
SetBoundaryConditions 2.079228e+01 2.736197e+00 1.323021e+01 2.639791e+01
SetLevelTimeStep 8.896447e+00 1.743881e+00 5.132877e+00 1.377417e+01
SolveForPotential 9.195274e+00 1.509883e+00 5.755284e+00 1.412862e+01
SolveHydroEquations 2.198099e+01 4.194323e+00 1.452672e+01 3.315829e+01
StarParticleHandler 2.440599e+00 2.369904e+00 8.353710e-01 2.439505e+01
Total 4.207564e+02 2.099243e-03 4.207466e+02 4.207573e+02 9.298509e+08 3686 1.726524e+04
UpdateFromFinerGrids 1.858184e+00 4.903357e-01 7.770223e-01 3.121067e+00

Cycle_Number 2114
ChemistryCooling 3.838246e+01 1.845617e+01 1.642980e+01 1.649799e+02
CommReceiveHandler 2.036505e+01 6.377077e+00 4.382728e+00 3.961487e+01
CommunicationTranspose 1.064006e-01 4.685937e-02 4.361064e-02 1.666448e-01
ComputePotentialFieldLevelZero 1.272950e-01 3.814804e-02 7.405154e-02 1.764181e-01
Group_WriteAllData 7.167898e+00 6.456533e-04 7.167151e+00 7.169968e+00
Level_00 2.476749e+00 2.609694e-02 2.428951e+00 2.532003e+00 1.677722e+07 64 5.292098e+04
Level_01 3.396487e-01 3.499501e-02 2.840098e-01 3.781286e-01 1.241520e+05 12 2.855708e+03
Level_02 3.570667e-01 5.713566e-03 3.382051e-01 3.606687e-01 2.694880e+05 27 5.896307e+03
Level_03 4.996158e-01 1.115022e-02 4.814192e-01 5.111527e-01 8.830000e+05 82 1.380748e+04
Level_04 1.389403e+00 1.210237e-02 1.354527e+00 1.421228e+00 7.608016e+06 211 4.277927e+04
Level_05 6.980228e+00 1.229282e-01 6.612523e+00 7.350448e+00 3.986631e+07 706 4.461968e+04
Level_06 1.835501e+01 1.239121e-01 1.813288e+01 1.872157e+01 1.310426e+08 967 5.577607e+04
Level_07 3.348175e+01 1.149397e-01 3.326948e+01 3.383400e+01 1.176487e+08 717 2.745168e+04
Level_08 5.122439e+01 1.570422e-01 5.081974e+01 5.169771e+01 1.168467e+08 457 1.782090e+04
Level_09 9.540173e+01 2.534342e-01 9.480515e+01 9.623681e+01 1.623856e+08 223 1.329785e+04
Level_10 1.798044e+02 3.416922e-01 1.789494e+02 1.806229e+02 3.512498e+08 199 1.526180e+04
MPIWaitReceive 1.799252e+01 5.629197e+00 3.235718e+00 3.588636e+01
ParticleUpdate 9.257653e-02 3.511018e-02 5.579288e-02 3.911291e-01
PrepareDensityField 1.726893e+01 2.924426e+00 9.193578e+00 2.632103e+01
RebuildHierarchy 3.728798e+01 1.929455e-01 3.676130e+01 3.781222e+01
SetBoundaryConditions 2.006867e+01 3.045631e+00 1.084195e+01 2.777060e+01
SetLevelTimeStep 1.032571e+01 1.895663e+00 6.109417e+00 1.625717e+01
SolveForPotential 1.070885e+01 2.044174e+00 5.405110e+00 1.717093e+01
SolveHydroEquations 2.194914e+01 4.385433e+00 1.367316e+01 3.509878e+01
StarParticleHandler 2.471356e+00 2.195897e+00 7.188611e-01 2.246450e+01
Total 4.503717e+02 9.821085e-04 4.503671e+02 4.503721e+02 9.447015e+08 3665 1.638753e+04
UpdateFromFinerGrids 1.809318e+00 4.958930e-01 7.368886e-01 3.405203e+00

Cycle_Number 2115
ChemistryCooling 3.786667e+01 1.563290e+01 1.519320e+01 9.186417e+01
CommReceiveHandler 1.831431e+01 6.661119e+00 3.438480e+00 3.325613e+01
CommunicationTranspose 1.076719e-01 4.770985e-02 4.641954e-02 1.645341e-01
ComputePotentialFieldLevelZero 1.272177e-01 4.068558e-02 7.709903e-02 1.751987e-01
Group_WriteAllData 7.250901e+00 1.685145e-04 7.250875e+00 7.252799e+00
Level_00 2.403546e+00 2.970739e-02 2.344513e+00 2.466764e+00 1.677722e+07 64 5.453275e+04
Level_01 2.618624e-01 3.478468e-02 2.111558e-01 2.990105e-01 1.241520e+05 12 3.703997e+03
Level_02 3.211959e-01 5.451021e-03 3.017574e-01 3.242432e-01 2.696560e+05 27 6.558887e+03
Level_03 5.083910e-01 1.031475e-02 4.868262e-01 5.256860e-01 8.864080e+05 82 1.362153e+04
Level_04 1.614343e+00 1.771652e-02 1.574744e+00 1.659896e+00 7.608736e+06 213 3.682194e+04
Level_05 5.315244e+00 6.804997e-02 5.114048e+00 5.449707e+00 2.967557e+07 715 4.361801e+04
Level_06 1.455113e+01 1.344940e-01 1.423460e+01 1.489727e+01 1.064102e+08 962 5.713159e+04
Level_07 2.223254e+01 1.750037e-01 2.172526e+01 2.256196e+01 1.290693e+08 723 4.535487e+04
Level_08 4.858711e+01 2.149177e-01 4.810513e+01 4.909939e+01 1.264606e+08 456 2.033407e+04
Level_09 1.127676e+02 3.014854e-01 1.119202e+02 1.139423e+02 1.561342e+08 222 1.081693e+04
Level_10 2.242894e+02 4.411156e-01 2.210367e+02 2.255873e+02 3.489426e+08 195 1.215445e+04
MPIWaitReceive 1.609455e+01 5.907779e+00 3.221684e+00 3.004811e+01
ParticleUpdate 9.317437e-02 3.288453e-02 5.790304e-02 3.637125e-01
PrepareDensityField 1.488951e+01 2.333306e+00 8.146473e+00 2.173715e+01
RebuildHierarchy 3.464809e+01 2.116887e-01 3.411235e+01 3.511715e+01
SetBoundaryConditions 2.055105e+01 2.966277e+00 1.308715e+01 2.800754e+01
SetLevelTimeStep 1.081211e+01 1.834840e+00 6.736424e+00 1.616032e+01
SolveForPotential 9.823430e+00 1.632674e+00 4.693229e+00 1.346620e+01
SolveHydroEquations 2.151680e+01 4.677747e+00 1.272024e+01 3.393240e+01
StarParticleHandler 2.330967e+00 2.191166e+00 7.077050e-01 2.145091e+01
Total 4.897534e+02 1.026408e-03 4.897493e+02 4.897540e+02 9.223587e+08 3671 1.471338e+04
UpdateFromFinerGrids 1.794653e+00 4.774441e-01 8.704573e-01 3.232985e+00

