# Starting performance log. MPI processes: 128

Cycle_Number 2111
CommunicationTranspose 1.426032e-01 4.837452e-02 8.269069e-02 1.953094e-01
ComputePotentialFieldLevelZero 1.627648e-01 4.190684e-02 1.131877e-01 2.079594e-01
Group_WriteAllData 2.161612e+01 7.127335e+00 1.445779e+01 2.877438e+01
Level_00 2.553288e+00 2.524270e-02 2.501948e+00 2.598240e+00 1.677722e+07 64 5.133460e+04
Level_01 2.734016e-01 3.170234e-02 2.299769e-01 3.055221e-01 1.231840e+05 12 3.520005e+03
Level_02 4.018091e-01 4.074803e-03 3.898833e-01 4.041061e-01 2.694880e+05 27 5.239739e+03
Level_03 4.151343e-01 1.435403e-02 3.904888e-01 4.285008e-01 8.803280e+05 81 1.656708e+04
Level_04 1.394336e+00 1.215979e-02 1.365665e+00 1.428381e+00 7.646352e+06 205 4.284271e+04
Level_05 5.645247e+00 7.418676e-02 5.382740e+00 5.829802e+00 3.302912e+07 722 4.570925e+04
Level_06 1.240843e+01 6.642022e-02 1.219705e+01 1.257093e+01 8.134336e+07 954 5.121477e+04
Level_07 2.141646e+01 1.205312e-01 2.111057e+01 2.182414e+01 9.767518e+07 742 3.563089e+04
Level_08 4.670155e+01 1.525350e-01 4.619545e+01 4.712354e+01 1.207173e+08 477 2.019428e+04
Level_09 1.268530e+02 3.371358e-01 1.259782e+02 1.277191e+02 2.031692e+08 244 1.251258e+04
Level_10 1.867643e+02 4.710967e-01 1.853533e+02 1.877784e+02 3.807508e+08 216 1.592711e+04
RebuildHierarchy 3.383652e+01 1.367935e-01 3.349301e+01 3.413175e+01
SetBoundaryConditions 2.170554e+01 3.583077e+00 9.878899e+00 2.841029e+01
SolveForPotential 1.149784e+01 2.413076e+00 4.102307e+00 1.793798e+01
SolveHydroEquations 2.226055e+01 4.952635e+00 1.291166e+01 3.605162e+01
Total 4.587862e+02 4.709536e-04 4.587861e+02 4.587915e+02 9.423816e+08 3744 1.604747e+04

Cycle_Number 2112
CommunicationTranspose 1.132271e-01 5.693166e-02 4.802129e-02 1.821573e-01
ComputePotentialFieldLevelZero 1.331110e-01 4.889583e-02 7.494373e-02 1.917710e-01
Group_WriteAllData 6.600646e+00 6.189981e-04 6.599736e+00 6.602121e+00
Level_00 2.465818e+00 3.179645e-02 2.421003e+00 2.527678e+00 1.677722e+07 64 5.315559e+04
Level_01 3.198990e-01 3.801252e-02 2.675087e-01 3.605064e-01 1.231840e+05 12 3.008372e+03
Level_02 3.753952e-01 3.124341e-03 3.601276e-01 3.775924e-01 2.694880e+05 27 5.608423e+03
Level_03 4.959602e-01 1.089901e-02 4.688959e-01 5.064719e-01 8.803280e+05 81 1.386717e+04
Level_04 1.517022e+00 1.620262e-02 1.485359e+00 1.568826e+00 7.646352e+06 205 3.937788e+04
Level_05 5.941861e+00 7.168175e-02 5.629773e+00 6.093236e+00 3.631461e+07 713 4.774731e+04
Level_06 1.549299e+01 1.179007e-01 1.508365e+01 1.575543e+01 1.131049e+08 958 5.703430e+04
Level_07 2.615423e+01 2.138057e-01 2.556353e+01 2.684161e+01 1.433213e+08 728 4.281133e+04
Level_08 4.504052e+01 2.649060e-01 4.421860e+01 4.587396e+01 1.273733e+08 472 2.209353e+04
Level_09 8.902219e+01 2.956117e-01 8.809778e+01 8.974409e+01 1.653351e+08 236 1.450965e+04
Level_10 1.809073e+02 3.265703e-01 1.801038e+02 1.817553e+02 3.580440e+08 198 1.546217e+04
RebuildHierarchy 3.559518e+01 1.430011e-01 3.516342e+01 3.591593e+01
SetBoundaryConditions 2.253220e+01 2.778643e+00 1.519726e+01 2.948063e+01
SolveForPotential 9.996798e+00 1.436610e+00 6.711199e+00 1.419565e+01
SolveHydroEquations 2.318962e+01 3.835625e+00 1.426842e+01 3.552840e+01
Total 4.257566e+02 1.867176e-03 4.257495e+02 4.257580e+02 9.691897e+08 3694 1.778433e+04

Cycle_Number 2113
CommunicationTranspose 1.085329e-01 4.920005e-02 5.321095e-02 1.742025e-01
ComputePotentialFieldLevelZero 1.289711e-01 4.143081e-02 7.791976e-02 1.847212e-01
Group_WriteAllData 6.601303e+00 1.340012e-04 6.601280e+00 6.602812e+00
Level_00 2.478346e+00 3.897320e-02 2.385028e+00 2.557175e+00 1.677722e+07 64 5.288689e+04
Level_01 2.660290e-01 4.016912e-02 2.116973e-01 3.093168e-01 1.241520e+05 12 3.645984e+03
Level_02 3.136599e-01 2.382808e-03 3.042510e-01 3.157294e-01 2.694880e+05 27 6.712285e+03
Level_03 3.963919e-01 1.024476e-02 3.764248e-01 4.062612e-01 8.830000e+05 82 1.740307e+04
Level_04 1.562895e+00 1.484193e-02 1.525227e+00 1.604458e+00 7.608016e+06 211 3.803046e+04
Level_05 5.166948e+00 7.127879e-02 4.956887e+00 5.349672e+00 2.990474e+07 699 4.521640e+04
Level_06 1.479694e+01 1.240005e-01 1.443767e+01 1.506512e+01 1.063000e+08 959 5.612435e+04
Level_07 3.053727e+01 2.231797e-01 2.999827e+01 3.107404e+01 1.448303e+08 723 3.705264e+04
Level_08 4.501580e+01 2.835203e-01 4.420612e+01 4.579480e+01 1.225411e+08 465 2.126703e+04
Level_09 9.103093e+01 3.101706e-01 8.973692e+01 9.197467e+01 1.586078e+08 235 1.361212e+04
Level_10 1.728913e+02 3.564691e-01 1.716893e+02 1.738113e+02 3.411550e+08 206 1.541589e+04
RebuildHierarchy 3.292314e+01 1.748323e-01 3.249385e+01 3.341846e+01
SetBoundaryConditions 2.158420e+01 2.864872e+00 1.094369e+01 2.820627e+01
SolveForPotential 9.829968e+00 1.469053e+00 6.950168e+00 1.444742e+01
SolveHydroEquations 2.203271e+01 4.279778e+00 1.430267e+01 3.319920e+01
Total 4.186711e+02 9.291599e-04 4.186672e+02 4.186717e+02 9.290008e+08 3683 1.733537e+04

Cycle_Number 2114
CommunicationTranspose 1.181125e-01 5.429178e-02 5.155777e-02 1.832204e-01
ComputePotentialFieldLevelZero 1.383306e-01 4.628951e-02 8.070300e-02 1.945052e-01
Group_WriteAllData 6.644400e+00 8.045033e-04 6.643296e+00 6.646807e+00
Level_00 2.690031e+00 3.158572e-02 2.638567e+00 2.758814e+00 1.677722e+07 64 4.872509e+04
Level_01 2.814560e-01 4.030837e-02 2.236499e-01 3.246327e-01 1.241520e+05 12 3.446143e+03
Level_02 3.263450e-01 2.010506e-03 3.153587e-01 3.281378e-01 2.694880e+05 27 6.451378e+03
Level_03 3.958835e-01 1.199456e-02 3.733839e-01 4.078001e-01 8.830000e+05 82 1.742542e+04
Level_04 1.619933e+00 1.999713e-02 1.576230e+00 1.680922e+00 7.608016e+06 211 3.669141e+04
Level_05 6.643820e+00 1.364198e-01 6.234583e+00 7.112269e+00 3.986631e+07 706 4.687899e+04
Level_06 1.966166e+01 1.923046e-01 1.925822e+01 2.023395e+01 1.310929e+08 967 5.208936e+04
Level_07 3.136902e+01 1.789552e-01 3.092590e+01 3.186373e+01 1.175278e+08 715 2.927046e+04
Level_08 4.978246e+01 1.915254e-01 4.930675e+01 5.027496e+01 1.157374e+08 457 1.816299e+04
Level_09 9.379122e+01 3.231428e-01 9.243833e+01 9.471354e+01 1.640262e+08 223 1.366284e+04
Level_10 1.675063e+02 3.303559e-01 1.666732e+02 1.683376e+02 3.529870e+08 199 1.646332e+04
RebuildHierarchy 3.743936e+01 2.213209e-01 3.691032e+01 3.796561e+01
SetBoundaryConditions 2.156219e+01 3.268956e+00 1.112651e+01 2.893915e+01
SolveForPotential 9.858273e+00 1.863764e+00 6.124655e+00 1.711912e+01
SolveHydroEquations 2.224568e+01 4.688370e+00 1.293417e+01 3.589983e+01
Total 4.341617e+02 6.906065e-04 4.341581e+02 4.341621e+02 9.468994e+08 3663 1.703893e+04

Cycle_Number 2115
CommunicationTranspose 1.185594e-01 5.458354e-02 5.059569e-02 1.913857e-01
ComputePotentialFieldLevelZero 1.394741e-01 4.648033e-02 8.439509e-02 2.002959e-01
Group_WriteAllData 6.620620e+00 1.353023e-04 6.620597e+00 6.622144e+00
Level_00 2.870835e+00 3.785081e-02 2.818846e+00 2.957776e+00 1.677722e+07 64 4.565640e+04
Level_01 2.863143e-01 4.353979e-02 2.305539e-01 3.333303e-01 1.241520e+05 12 3.387667e+03
Level_02 4.210921e-01 5.722380e-03 4.047069e-01 4.242665e-01 2.696560e+05 27 5.002914e+03
Level_03 5.262761e-01 1.089148e-02 5.090721e-01 5.406441e-01 8.864080e+05 82 1.315861e+04
Level_04 1.696336e+00 1.848430e-02 1.635185e+00 1.748531e+00 7.608736e+06 213 3.504215e+04
Level_05 5.124474e+00 6.407780e-02 4.964208e+00 5.360405e+00 2.967557e+07 715 4.524179e+04
Level_06 1.549071e+01 1.260857e-01 1.512969e+01 1.593066e+01 1.064083e+08 962 5.366538e+04
Level_07 2.166302e+01 1.920346e-01 2.113902e+01 2.215251e+01 1.290043e+08 723 4.652379e+04
Level_08 4.702128e+01 2.473915e-01 4.610417e+01 4.780306e+01 1.264000e+08 456 2.100113e+04
Level_09 1.103841e+02 2.660074e-01 1.097828e+02 1.112230e+02 1.560654e+08 222 1.104562e+04
Level_10 2.188259e+02 4.266305e-01 2.154360e+02 2.199202e+02 3.489461e+08 195 1.245804e+04
RebuildHierarchy 3.417622e+01 1.991024e-01 3.362578e+01 3.494217e+01
SetBoundaryConditions 2.119517e+01 3.040680e+00 1.295936e+01 2.908964e+01
SolveForPotential 9.469424e+00 1.597486e+00 4.708065e+00 1.333820e+01
SolveHydroEquations 2.168010e+01 4.712591e+00 1.217520e+01 3.359723e+01
Total 4.807327e+02 1.073832e-03 4.807275e+02 4.807331e+02 9.221658e+08 3671 1.498633e+04

