# Starting performance log. MPI processes: 128

Cycle_Number 2111
ChemistryCooling 3.801981e+01 1.533744e+01 1.436924e+01 1.247782e+02
CommBufferedSend 6.236586e-01 1.681525e-01 2.987492e-01 1.157653e+00
CommReceiveHandler 2.013810e+01 7.603895e+00 4.094288e+00 3.367685e+01
CommunicationTranspose 1.552496e-01 3.588857e-02 1.026806e-01 1.956196e-01
ComputePotentialFieldLevelZero 1.757660e-01 2.891236e-02 1.332166e-01 2.076548e-01
CopyToOldBaryon 9.205182e-01 1.980283e-01 4.785476e-01 1.614827e+00
CreateSiblingList 6.242117e-01 8.841535e-02 3.899805e-01 8.775790e-01
GravityAccel 1.413447e+00 4.358121e-01 6.689828e-01 3.933975e+00
Group_WriteAllData 2.368626e+01 8.196872e+00 1.545343e+01 3.191567e+01
Level_00 2.406580e+00 1.481476e-02 2.351438e+00 2.435670e+00 1.677722e+07 64 5.446401e+04
Level_01 2.633316e-01 3.065992e-02 2.191837e-01 2.949405e-01 1.231840e+05 12 3.654612e+03
Level_02 2.985549e-01 5.381970e-03 2.832395e-01 3.014400e-01 2.694880e+05 27 7.051885e+03
Level_03 4.085871e-01 8.645004e-03 3.884162e-01 4.183792e-01 8.803280e+05 81 1.683255e+04
Level_04 1.365677e+00 1.407654e-02 1.323012e+00 1.401392e+00 7.646352e+06 205 4.374176e+04
Level_05 5.694371e+00 7.009031e-02 5.410211e+00 5.870166e+00 3.302912e+07 722 4.531492e+04
Level_06 1.212317e+01 6.120255e-02 1.198299e+01 1.230664e+01 8.134402e+07 954 5.242029e+04
Level_07 1.969125e+01 1.165493e-01 1.936029e+01 1.999600e+01 9.764658e+07 742 3.874126e+04
Level_08 4.480974e+01 1.429811e-01 4.436339e+01 4.526238e+01 1.206727e+08 477 2.103908e+04
Level_09 1.285460e+02 3.322928e-01 1.275370e+02 1.295209e+02 2.046976e+08 244 1.244068e+04
Level_10 1.862206e+02 4.532974e-01 1.849234e+02 1.873723e+02 3.815374e+08 216 1.600661e+04
MPIWaitReceive 1.768031e+01 6.593471e+00 3.710005e+00 2.976790e+01
ParticleUpdate 8.772875e-02 3.236044e-02 5.029200e-02 3.404211e-01
PrepareDensityField 1.541171e+01 2.852556e+00 7.274199e+00 2.180747e+01
RebuildHierarchy 3.367372e+01 1.399369e-01 3.331884e+01 3.402454e+01
SPCommUpdateCount 2.931319e+02 2.258050e+01 1.887622e+02 3.382746e+02
SPFinalize 2.931377e+02 2.258077e+01 1.887678e+02 3.382829e+02
SPFindTotalParticles 7.084778e-01 1.013550e-01 4.548633e-01 9.713061e-01
SPInitialize 1.163801e+00 3.941019e-02 1.063119e+00 1.235748e+00
SPRecordStarCount 4.462217e-01 1.208536e-01 1.234674e-01 7.739180e-01
SetAccelBoundary 3.440543e+00 8.059667e-01 1.354101e+00 5.245812e+00
SetBoundaryConditions 2.134469e+01 3.455076e+00 1.082310e+01 2.798706e+01
SetLevelTimeStep 1.038973e+01 2.026631e+00 5.757764e+00 1.706451e+01
SolveForPotential 1.028813e+01 2.068392e+00 4.192584e+00 1.571156e+01
SolveHydroEquations 2.203337e+01 4.796226e+00 1.241160e+01 3.544675e+01
StarParticleHandler 2.687688e+00 2.241113e+00 6.735777e-01 2.027024e+01
Total 4.557275e+02 6.544519e-04 4.557274e+02 4.557349e+02 9.446240e+08 3744 1.619361e+04
UpdateFromFinerGrids 1.830051e+00 4.429737e-01 6.391801e-01 2.869379e+00

Cycle_Number 2112
ChemistryCooling 3.823117e+01 1.106028e+01 1.757200e+01 7.322607e+01
CommBufferedSend 4.737110e-01 1.400320e-01 2.143295e-01 9.552096e-01
CommReceiveHandler 1.933515e+01 6.361562e+00 5.726431e+00 3.024663e+01
CommunicationTranspose 1.056264e-01 4.913796e-02 4.606976e-02 1.640953e-01
ComputePotentialFieldLevelZero 1.237398e-01 4.307467e-02 7.225677e-02 1.747422e-01
CopyToOldBaryon 1.115927e+00 2.242232e-01 5.067484e-01 1.599267e+00
CreateSiblingList 7.484857e-01 1.422335e-01 4.117780e-01 1.119524e+00
GravityAccel 1.500636e+00 3.655353e-01 8.206676e-01 3.819167e+00
Group_WriteAllData 7.415297e+00 6.710708e-04 7.414489e+00 7.417072e+00
Level_00 2.281799e+00 2.289301e-02 2.241207e+00 2.335152e+00 1.677722e+07 64 5.744241e+04
Level_01 2.763743e-01 3.350472e-02 2.271436e-01 3.125982e-01 1.231840e+05 12 3.482143e+03
Level_02 3.017785e-01 3.520533e-03 2.845877e-01 3.042660e-01 2.694880e+05 27 6.976557e+03
Level_03 3.756029e-01 9.816870e-03 3.571584e-01 3.856712e-01 8.803280e+05 81 1.831073e+04
Level_04 1.345154e+00 1.584029e-02 1.296595e+00 1.421204e+00 7.646352e+06 205 4.440914e+04
Level_05 6.119326e+00 7.352930e-02 5.775194e+00 6.272103e+00 3.631461e+07 713 4.636261e+04
Level_06 1.558327e+01 9.697327e-02 1.534434e+01 1.586945e+01 1.131150e+08 958 5.670895e+04
Level_07 2.501564e+01 1.405082e-01 2.465598e+01 2.536443e+01 1.432312e+08 728 4.473176e+04
Level_08 4.536992e+01 1.809434e-01 4.501175e+01 4.612150e+01 1.284924e+08 472 2.212582e+04
Level_09 8.976343e+01 2.906609e-01 8.879179e+01 9.038638e+01 1.653030e+08 236 1.438704e+04
Level_10 1.806691e+02 3.312265e-01 1.797417e+02 1.816811e+02 3.571666e+08 198 1.544461e+04
MPIWaitReceive 1.660029e+01 5.570431e+00 5.383263e+00 2.721578e+01
ParticleUpdate 9.243551e-02 2.901212e-02 5.710099e-02 3.279605e-01
PrepareDensityField 1.512236e+01 1.981122e+00 1.008476e+01 1.993224e+01
RebuildHierarchy 3.674601e+01 1.571086e-01 3.626666e+01 3.715639e+01
SPCommUpdateCount 2.565424e+02 1.658337e+01 2.051205e+02 2.960661e+02
SPFinalize 2.565484e+02 1.658372e+01 2.051271e+02 2.960752e+02
SPFindTotalParticles 7.258950e-01 1.069579e-01 4.751945e-01 9.410317e-01
SPInitialize 1.173432e+00 5.336732e-02 1.065668e+00 1.275167e+00
SPRecordStarCount 4.413988e-01 1.260566e-01 1.672265e-01 7.963329e-01
SetAccelBoundary 3.496903e+00 6.060053e-01 2.082701e+00 4.953887e+00
SetBoundaryConditions 2.243453e+01 2.755039e+00 1.433820e+01 2.815238e+01
SetLevelTimeStep 1.003938e+01 1.819981e+00 5.446745e+00 1.503184e+01
SolveForPotential 9.906528e+00 1.421136e+00 6.508932e+00 1.414027e+01
SolveHydroEquations 2.293586e+01 3.918158e+00 1.319072e+01 3.576883e+01
StarParticleHandler 2.637599e+00 1.908750e+00 8.929872e-01 1.878387e+01
Total 4.272782e+02 2.685769e-03 4.272678e+02 4.272798e+02 9.693194e+08 3694 1.772337e+04
UpdateFromFinerGrids 2.062317e+00 4.875234e-01 8.786491e-01 3.632649e+00

Cycle_Number 2113
ChemistryCooling 3.711132e+01 1.397838e+01 1.586311e+01 8.454507e+01
CommBufferedSend 4.006691e-01 1.398826e-01 1.010202e-01 8.407406e-01
CommReceiveHandler 1.931000e+01 6.646544e+00 3.968225e+00 3.412404e+01
CommunicationTranspose 1.037319e-01 4.553822e-02 4.839376e-02 1.596706e-01
ComputePotentialFieldLevelZero 1.230001e-01 3.894519e-02 7.639676e-02 1.710262e-01
CopyToOldBaryon 1.060144e+00 2.368052e-01 5.965824e-01 1.754145e+00
CreateSiblingList 7.185196e-01 1.252073e-01 4.536731e-01 1.035924e+00
GravityAccel 1.426083e+00 4.368978e-01 8.835105e-01 4.687787e+00
Group_WriteAllData 7.093984e+00 2.063401e-04 7.093955e+00 7.096309e+00
Level_00 2.238315e+00 2.667196e-02 2.150839e+00 2.293792e+00 1.677722e+07 64 5.855834e+04
Level_01 3.330898e-01 3.522245e-02 2.849492e-01 3.705707e-01 1.241520e+05 12 2.911940e+03
Level_02 3.327007e-01 5.586476e-03 3.166936e-01 3.359286e-01 2.694880e+05 27 6.328136e+03
Level_03 4.082750e-01 1.369884e-02 3.823400e-01 4.211543e-01 8.830000e+05 82 1.689655e+04
Level_04 1.536995e+00 2.196468e-02 1.495033e+00 1.627027e+00 7.608016e+06 211 3.867132e+04
Level_05 5.354845e+00 6.271779e-02 5.102399e+00 5.527264e+00 2.990474e+07 699 4.362980e+04
Level_06 1.466341e+01 1.127806e-01 1.427962e+01 1.508738e+01 1.062748e+08 961 5.662204e+04
Level_07 3.108788e+01 1.532334e-01 3.072171e+01 3.149837e+01 1.447676e+08 723 3.638063e+04
Level_08 4.372687e+01 2.372927e-01 4.297938e+01 4.430452e+01 1.225627e+08 466 2.189777e+04
Level_09 8.998083e+01 2.772413e-01 8.843635e+01 9.075897e+01 1.586431e+08 235 1.377403e+04
Level_10 1.697796e+02 3.179368e-01 1.686491e+02 1.706354e+02 3.420360e+08 206 1.573897e+04
MPIWaitReceive 1.679642e+01 5.867581e+00 3.705361e+00 3.138494e+01
ParticleUpdate 8.844294e-02 3.502980e-02 5.614737e-02 3.997957e-01
PrepareDensityField 1.598634e+01 2.120314e+00 1.056536e+01 2.243098e+01
RebuildHierarchy 3.358786e+01 1.687043e-01 3.313543e+01 3.400583e+01
SPCommUpdateCount 2.525122e+02 2.033320e+01 1.781042e+02 2.842666e+02
SPFinalize 2.525177e+02 2.033338e+01 1.781116e+02 2.842722e+02
SPFindTotalParticles 7.054996e-01 1.169797e-01 4.483974e-01 9.317701e-01
SPInitialize 1.105544e+00 5.374186e-02 9.921393e-01 1.208687e+00
SPRecordStarCount 3.940192e-01 1.375325e-01 1.187312e-01 7.563016e-01
SetAccelBoundary 3.343264e+00 6.270028e-01 1.631907e+00 4.808228e+00
SetBoundaryConditions 2.103363e+01 2.862032e+00 1.342097e+01 2.649523e+01
SetLevelTimeStep 9.238437e+00 1.788155e+00 5.237215e+00 1.340446e+01
SolveForPotential 1.066419e+01 1.570366e+00 7.144291e+00 1.473345e+01
SolveHydroEquations 2.186069e+01 4.187052e+00 1.428066e+01 3.345109e+01
StarParticleHandler 2.489646e+00 2.390686e+00 8.775337e-01 2.469145e+01
Total 4.146612e+02 2.179992e-03 4.146514e+02 4.146622e+02 9.298509e+08 3686 1.751902e+04
UpdateFromFinerGrids 1.939359e+00 5.103142e-01 9.271178e-01 3.113348e+00

Cycle_Number 2114
ChemistryCooling 3.739123e+01 1.771892e+01 1.597844e+01 1.586509e+02
CommBufferedSend 3.504133e-01 1.281382e-01 1.448493e-01 7.916164e-01
CommReceiveHandler 1.832960e+01 6.102149e+00 5.142073e+00 3.486550e+01
CommunicationTranspose 1.088347e-01 5.043505e-02 4.750151e-02 1.710266e-01
ComputePotentialFieldLevelZero 1.282614e-01 4.285269e-02 7.595700e-02 1.809735e-01
CopyToOldBaryon 9.961847e-01 1.996056e-01 5.547268e-01 1.484001e+00
CreateSiblingList 7.099328e-01 1.257075e-01 4.728992e-01 1.001156e+00
GravityAccel 1.425595e+00 4.214898e-01 7.660566e-01 4.342219e+00
Group_WriteAllData 7.355021e+00 7.145262e-04 7.354138e+00 7.357011e+00
Level_00 2.312210e+00 2.839659e-02 2.265598e+00 2.379744e+00 1.677722e+07 64 5.668689e+04
Level_01 2.721845e-01 3.712088e-02 2.207404e-01 3.112635e-01 1.241520e+05 12 3.563529e+03
Level_02 3.190840e-01 2.833801e-03 3.108632e-01 3.211354e-01 2.694880e+05 27 6.598184e+03
Level_03 5.004356e-01 1.081055e-02 4.772813e-01 5.109987e-01 8.830000e+05 82 1.378487e+04
Level_04 2.049298e+00 1.561068e-02 2.016211e+00 2.094399e+00 7.608016e+06 211 2.900389e+04
Level_05 6.741422e+00 6.650562e-02 6.456568e+00 6.881674e+00 3.986631e+07 706 4.620027e+04
Level_06 1.842405e+01 1.277100e-01 1.814256e+01 1.886151e+01 1.310426e+08 967 5.556705e+04
Level_07 3.148586e+01 1.182026e-01 3.112976e+01 3.182942e+01 1.176487e+08 717 2.919184e+04
Level_08 4.903219e+01 1.759713e-01 4.847815e+01 4.947303e+01 1.168467e+08 457 1.861767e+04
Level_09 9.140323e+01 2.578991e-01 9.080061e+01 9.235825e+01 1.623856e+08 223 1.387957e+04
Level_10 1.750030e+02 3.369233e-01 1.740946e+02 1.758357e+02 3.512460e+08 199 1.568035e+04
MPIWaitReceive 1.591648e+01 5.309815e+00 4.433695e+00 3.094791e+01
ParticleUpdate 8.405340e-02 3.194533e-02 5.016211e-02 3.662728e-01
PrepareDensityField 1.556537e+01 2.596209e+00 8.506815e+00 2.418672e+01
RebuildHierarchy 3.774951e+01 1.434104e-01 3.743187e+01 3.807566e+01
SPCommUpdateCount 2.712086e+02 2.408954e+01 1.303438e+02 3.109838e+02
SPFinalize 2.712138e+02 2.408983e+01 1.303474e+02 3.109879e+02
SPFindTotalParticles 6.777883e-01 1.074846e-01 4.738490e-01 9.030291e-01
SPInitialize 1.081382e+00 6.042842e-02 9.602979e-01 1.192598e+00
SPRecordStarCount 3.980048e-01 1.336040e-01 1.133708e-01 7.088122e-01
SetAccelBoundary 3.102892e+00 5.711463e-01 1.472845e+00 4.550915e+00
SetBoundaryConditions 1.987856e+01 2.920301e+00 9.709246e+00 2.799015e+01
SetLevelTimeStep 9.844658e+00 1.744822e+00 5.415330e+00 1.578566e+01
SolveForPotential 1.022340e+01 1.885538e+00 5.305193e+00 1.687302e+01
SolveHydroEquations 2.179994e+01 4.347962e+00 1.259848e+01 3.531645e+01
StarParticleHandler 2.517411e+00 2.194317e+00 7.653967e-01 2.242812e+01
Total 4.380584e+02 1.326454e-03 4.380527e+02 4.380589e+02 9.446978e+08 3665 1.684810e+04
UpdateFromFinerGrids 1.791899e+00 4.176079e-01 9.430026e-01 2.951677e+00

Cycle_Number 2115
ChemistryCooling 3.689928e+01 1.509083e+01 1.481214e+01 8.728289e+01
CommBufferedSend 3.354697e-01 1.477096e-01 4.572194e-02 9.427601e-01
CommReceiveHandler 1.845160e+01 6.989621e+00 3.111382e+00 3.313937e+01
CommunicationTranspose 1.058594e-01 4.821909e-02 4.722473e-02 1.668377e-01
ComputePotentialFieldLevelZero 1.249497e-01 4.166575e-02 7.593077e-02 1.759929e-01
CopyToOldBaryon 9.807249e-01 2.350967e-01 4.208953e-01 1.876826e+00
CreateSiblingList 6.880630e-01 1.314916e-01 3.960665e-01 1.051618e+00
GravityAccel 1.394741e+00 4.356455e-01 7.464000e-01 4.130814e+00
Group_WriteAllData 8.760888e+00 1.837803e-04 8.760862e+00 8.762959e+00
Level_00 2.551698e+00 2.956033e-02 2.477989e+00 2.614426e+00 1.677722e+07 64 5.136658e+04
Level_01 2.655604e-01 3.616366e-02 2.163728e-01 3.046311e-01 1.241520e+05 12 3.652418e+03
Level_02 2.948731e-01 2.859186e-03 2.862446e-01 2.968220e-01 2.696560e+05 27 7.144386e+03
Level_03 7.030141e-01 7.060632e-03 6.861253e-01 7.098892e-01 8.864080e+05 82 9.850531e+03
Level_04 1.524453e+00 2.224581e-02 1.473669e+00 1.577335e+00 7.608736e+06 213 3.899316e+04
Level_05 5.302015e+00 6.138527e-02 5.119508e+00 5.476056e+00 2.967557e+07 715 4.372684e+04
Level_06 1.540367e+01 1.174532e-01 1.506536e+01 1.578112e+01 1.064102e+08 962 5.396956e+04
Level_07 2.235743e+01 1.629798e-01 2.200373e+01 2.292043e+01 1.290693e+08 723 4.510152e+04
Level_08 4.752953e+01 2.318757e-01 4.691400e+01 4.813291e+01 1.264606e+08 456 2.078652e+04
Level_09 1.088417e+02 2.822583e-01 1.081852e+02 1.095076e+02 1.561342e+08 222 1.120709e+04
Level_10 2.157237e+02 4.256980e-01 2.123752e+02 2.168566e+02 3.489430e+08 195 1.263708e+04
MPIWaitReceive 1.619243e+01 6.239241e+00 2.847360e+00 3.007460e+01
ParticleUpdate 8.487056e-02 3.157778e-02 4.838752e-02 3.408900e-01
PrepareDensityField 1.515054e+01 2.510312e+00 7.831195e+00 2.224082e+01
RebuildHierarchy 3.435804e+01 1.708115e-01 3.378238e+01 3.478831e+01
SPCommUpdateCount 3.142810e+02 2.191929e+01 2.372434e+02 3.543081e+02
SPFinalize 3.142863e+02 2.191941e+01 2.372486e+02 3.543180e+02
SPFindTotalParticles 6.989292e-01 1.180356e-01 4.445622e-01 9.143894e-01
SPInitialize 1.107958e+00 5.952840e-02 9.874415e-01 1.224311e+00
SPRecordStarCount 4.032611e-01 1.416978e-01 1.123937e-01 7.565152e-01
SetAccelBoundary 3.243086e+00 6.195294e-01 1.559338e+00 5.855003e+00
SetBoundaryConditions 2.049327e+01 3.018907e+00 1.147570e+01 2.904292e+01
SetLevelTimeStep 1.078159e+01 1.857187e+00 6.219102e+00 1.577061e+01
SolveForPotential 1.018689e+01 1.763025e+00 4.615946e+00 1.390567e+01
SolveHydroEquations 2.130211e+01 4.677541e+00 1.256082e+01 3.348918e+01
StarParticleHandler 2.443104e+00 2.208819e+00 7.715859e-01 2.174550e+01
Total 4.787996e+02 1.877424e-03 4.787927e+02 4.788006e+02 9.223591e+08 3671 1.504999e+04
UpdateFromFinerGrids 1.811981e+00 5.111781e-01 6.513747e-01 3.274384e+00

