# Starting performance log. MPI processes: 128

Cycle_Number 2111
CommunicationTranspose 1.218247e-01 4.567950e-02 6.146173e-02 1.716369e-01
ComputePotentialFieldLevelZero 1.427495e-01 3.842414e-02 9.746436e-02 1.835211e-01
Group_WriteAllData 2.364322e+01 8.079778e+00 1.553338e+01 3.174767e+01
Level_00 2.776957e+00 2.001019e-02 2.744890e+00 2.812672e+00 1.677722e+07 64 4.719986e+04
Level_01 3.974434e-01 3.010504e-02 3.522975e-01 4.278520e-01 1.231840e+05 12 2.421414e+03
Level_02 3.976959e-01 5.669754e-03 3.810805e-01 4.004581e-01 2.694880e+05 27 5.293931e+03
Level_03 5.687216e-01 1.101006e-02 5.496518e-01 5.789403e-01 8.803280e+05 81 1.209302e+04
Level_04 1.974938e+00 1.236358e-02 1.946217e+00 2.024305e+00 7.646352e+06 205 3.024760e+04
Level_05 6.692846e+00 7.842277e-02 6.460422e+00 6.874203e+00 3.302912e+07 722 3.855460e+04
Level_06 1.334169e+01 6.474982e-02 1.313818e+01 1.355853e+01 8.134402e+07 954 4.763265e+04
Level_07 2.444459e+01 1.117673e-01 2.412151e+01 2.483365e+01 9.764658e+07 742 3.120788e+04
Level_08 5.025293e+01 1.426305e-01 4.975191e+01 5.058943e+01 1.206727e+08 477 1.876022e+04
Level_09 1.397466e+02 3.295325e-01 1.387205e+02 1.406910e+02 2.046976e+08 244 1.144357e+04
Level_10 2.075027e+02 4.683297e-01 2.062278e+02 2.085327e+02 3.815374e+08 216 1.436493e+04
RebuildHierarchy 3.481336e+01 1.488460e-01 3.426953e+01 3.519408e+01
SetBoundaryConditions 2.195296e+01 3.652448e+00 1.061081e+01 2.847179e+01
SolveForPotential 1.232858e+01 2.497031e+00 4.326338e+00 1.930701e+01
SolveHydroEquations 2.276141e+01 4.984326e+00 1.253988e+01 3.540235e+01
Total 5.040913e+02 7.208232e-04 5.040912e+02 5.040994e+02 9.446240e+08 3744 1.463996e+04

Cycle_Number 2112
CommunicationTranspose 1.183969e-01 6.224955e-02 4.416480e-02 1.898331e-01
ComputePotentialFieldLevelZero 1.374617e-01 5.496136e-02 7.099780e-02 1.998435e-01
Group_WriteAllData 7.324122e+00 4.081389e-04 7.323495e+00 7.325422e+00
Level_00 3.055308e+00 2.797142e-02 2.994057e+00 3.110061e+00 1.677722e+07 64 4.289977e+04
Level_01 3.338817e-01 3.578227e-02 2.804383e-01 3.717120e-01 1.231840e+05 12 2.882383e+03
Level_02 3.907717e-01 3.844389e-03 3.799050e-01 3.931020e-01 2.694880e+05 27 5.387737e+03
Level_03 5.374290e-01 1.055628e-02 5.148996e-01 5.654015e-01 8.803280e+05 81 1.279716e+04
Level_04 1.635223e+00 1.623090e-02 1.593275e+00 1.670457e+00 7.646352e+06 205 3.653149e+04
Level_05 7.150200e+00 1.068689e-01 6.881516e+00 7.513247e+00 3.631461e+07 713 3.967831e+04
Level_06 1.763429e+01 8.854504e-02 1.742323e+01 1.783932e+01 1.131150e+08 958 5.011322e+04
Level_07 2.707464e+01 1.311963e-01 2.676997e+01 2.737915e+01 1.432312e+08 728 4.132996e+04
Level_08 4.859014e+01 1.748541e-01 4.820632e+01 4.923101e+01 1.284924e+08 472 2.065948e+04
Level_09 9.521603e+01 2.341958e-01 9.462460e+01 9.577235e+01 1.653030e+08 236 1.356316e+04
Level_10 1.965028e+02 3.105320e-01 1.955970e+02 1.973699e+02 3.571666e+08 198 1.420013e+04
RebuildHierarchy 3.703157e+01 1.783819e-01 3.643946e+01 3.752383e+01
SetBoundaryConditions 2.182948e+01 2.654306e+00 1.330138e+01 2.806654e+01
SolveForPotential 1.010019e+01 1.474904e+00 6.635524e+00 1.472965e+01
SolveHydroEquations 2.363788e+01 3.996782e+00 1.390917e+01 3.651484e+01
Total 4.583674e+02 2.704286e-03 4.583568e+02 4.583690e+02 9.693194e+08 3694 1.652126e+04

Cycle_Number 2113
CommunicationTranspose 1.176150e-01 5.731096e-02 5.004287e-02 1.858860e-01
ComputePotentialFieldLevelZero 1.393011e-01 4.819965e-02 7.684259e-02 1.957796e-01
Group_WriteAllData 7.048826e+00 2.519988e-04 7.048797e+00 7.051666e+00
Level_00 3.039468e+00 2.228422e-02 2.999862e+00 3.086915e+00 1.677722e+07 64 4.312333e+04
Level_01 3.132409e-01 4.106898e-02 2.543802e-01 3.559791e-01 1.241520e+05 12 3.096458e+03
Level_02 3.522778e-01 4.403653e-03 3.399080e-01 3.551617e-01 2.694880e+05 27 5.976463e+03
Level_03 4.962810e-01 8.932439e-03 4.733051e-01 5.298483e-01 8.830000e+05 82 1.390027e+04
Level_04 1.779093e+00 1.478574e-02 1.743020e+00 1.816552e+00 7.608016e+06 211 3.340895e+04
Level_05 6.038275e+00 5.842003e-02 5.820508e+00 6.169752e+00 2.990474e+07 699 3.869165e+04
Level_06 1.725225e+01 9.604169e-02 1.706304e+01 1.774062e+01 1.062748e+08 961 4.812546e+04
Level_07 3.482508e+01 1.915965e-01 3.422828e+01 3.549689e+01 1.447676e+08 723 3.247650e+04
Level_08 4.642218e+01 2.190824e-01 4.569074e+01 4.705510e+01 1.225627e+08 466 2.062637e+04
Level_09 9.588284e+01 2.796676e-01 9.442659e+01 9.663461e+01 1.586431e+08 235 1.292618e+04
Level_10 1.799008e+02 3.076821e-01 1.788390e+02 1.806605e+02 3.420360e+08 206 1.485350e+04
RebuildHierarchy 3.437728e+01 1.585668e-01 3.402406e+01 3.475072e+01
SetBoundaryConditions 2.105027e+01 2.912904e+00 1.014002e+01 2.781871e+01
SolveForPotential 1.133180e+01 1.749639e+00 6.630768e+00 1.635699e+01
SolveHydroEquations 2.247303e+01 4.320683e+00 1.408384e+01 3.479213e+01
Total 4.423770e+02 1.464028e-03 4.423713e+02 4.423777e+02 9.298509e+08 3686 1.642142e+04

Cycle_Number 2114
CommunicationTranspose 1.422260e-01 5.334469e-02 7.778112e-02 2.042468e-01
ComputePotentialFieldLevelZero 1.631685e-01 4.509926e-02 1.043255e-01 2.158097e-01
Group_WriteAllData 7.316639e+00 5.763013e-04 7.315640e+00 7.318267e+00
Level_00 2.934863e+00 3.105993e-02 2.855395e+00 3.003054e+00 1.677722e+07 64 4.466035e+04
Level_01 3.264160e-01 3.802677e-02 2.765725e-01 3.669975e-01 1.241520e+05 12 2.971476e+03
Level_02 3.813262e-01 5.891907e-03 3.627976e-01 3.847945e-01 2.694880e+05 27 5.521192e+03
Level_03 5.130493e-01 1.074964e-02 4.959374e-01 5.236793e-01 8.830000e+05 82 1.344595e+04
Level_04 1.898754e+00 2.023989e-02 1.861165e+00 1.978588e+00 7.608016e+06 211 3.130349e+04
Level_05 8.474855e+00 9.038758e-02 8.069190e+00 8.682400e+00 3.986631e+07 706 3.675055e+04
Level_06 2.151765e+01 1.466041e-01 2.113765e+01 2.214456e+01 1.310426e+08 967 4.757815e+04
Level_07 3.440749e+01 1.803359e-01 3.381878e+01 3.496072e+01 1.176487e+08 717 2.671309e+04
Level_08 5.312992e+01 1.919064e-01 5.262004e+01 5.368330e+01 1.168467e+08 457 1.718175e+04
Level_09 9.893958e+01 2.772323e-01 9.809226e+01 1.000195e+02 1.623856e+08 223 1.282235e+04
Level_10 1.926579e+02 3.413832e-01 1.918384e+02 1.935006e+02 3.512511e+08 199 1.424363e+04
RebuildHierarchy 3.888897e+01 1.706508e-01 3.844372e+01 3.925646e+01
SetBoundaryConditions 2.181889e+01 3.200220e+00 1.097021e+01 3.024815e+01
SolveForPotential 1.088175e+01 2.074590e+00 5.791684e+00 1.767887e+01
SolveHydroEquations 2.261026e+01 4.586512e+00 1.366177e+01 3.720278e+01
Total 4.781564e+02 1.331770e-03 4.781503e+02 4.781568e+02 9.447028e+08 3665 1.543531e+04

Cycle_Number 2115
CommunicationTranspose 1.167839e-01 5.435854e-02 5.106669e-02 1.843347e-01
ComputePotentialFieldLevelZero 1.372621e-01 4.689780e-02 7.851594e-02 1.944282e-01
Group_WriteAllData 8.313445e+00 2.287287e-04 8.313414e+00 8.316022e+00
Level_00 2.472775e+00 3.075051e-02 2.395772e+00 2.540650e+00 1.677722e+07 64 5.300604e+04
Level_01 3.925842e-01 3.932432e-02 3.299034e-01 4.339155e-01 1.241520e+05 12 2.470648e+03
Level_02 4.155880e-01 4.252145e-03 4.011932e-01 4.182968e-01 2.696560e+05 27 5.069173e+03
Level_03 5.717352e-01 1.681269e-02 5.384871e-01 5.873892e-01 8.864080e+05 82 1.211236e+04
Level_04 1.958401e+00 1.762483e-02 1.909391e+00 2.013858e+00 7.608736e+06 213 3.035295e+04
Level_05 6.457306e+00 6.988325e-02 6.162137e+00 6.606615e+00 2.967557e+07 715 3.590358e+04
Level_06 1.778013e+01 1.411102e-01 1.742817e+01 1.820939e+01 1.064102e+08 962 4.675610e+04
Level_07 2.598913e+01 1.652424e-01 2.533159e+01 2.638242e+01 1.290693e+08 723 3.879908e+04
Level_08 4.971221e+01 2.130811e-01 4.914022e+01 5.034109e+01 1.264618e+08 456 1.987405e+04
Level_09 1.177805e+02 2.993458e-01 1.171905e+02 1.188547e+02 1.561342e+08 222 1.035654e+04
Level_10 2.317334e+02 4.467213e-01 2.283220e+02 2.328170e+02 3.489426e+08 195 1.176401e+04
RebuildHierarchy 3.500081e+01 1.681405e-01 3.447950e+01 3.533731e+01
SetBoundaryConditions 2.137709e+01 3.173530e+00 1.111415e+01 2.992762e+01
SolveForPotential 1.117873e+01 1.958868e+00 4.783846e+00 1.516025e+01
SolveHydroEquations 2.198575e+01 4.766996e+00 1.313513e+01 3.475233e+01
Total 5.143639e+02 1.231074e-03 5.143596e+02 5.143645e+02 9.223599e+08 3671 1.400941e+04

