# Starting performance log. MPI processes: 128

Cycle_Number 2111
CommunicationTranspose 1.348746e-01 4.458306e-02 7.726797e-02 1.855637e-01
ComputePotentialFieldLevelZero 1.555404e-01 3.692562e-02 1.060497e-01 1.967045e-01
Group_WriteAllData 2.179344e+01 7.559032e+00 1.420768e+01 2.936379e+01
Level_00 2.555955e+00 2.574251e-02 2.505286e+00 2.603953e+00 1.677722e+07 64 5.128102e+04
Level_01 2.509908e-01 3.406160e-02 2.068925e-01 2.860296e-01 1.231840e+05 12 3.834303e+03
Level_02 3.869833e-01 3.906515e-03 3.760842e-01 3.896162e-01 2.694880e+05 27 5.440480e+03
Level_03 4.947394e-01 1.253836e-02 4.684690e-01 5.063873e-01 8.803280e+05 81 1.390138e+04
Level_04 1.517870e+00 1.581507e-02 1.482912e+00 1.568677e+00 7.646352e+06 205 3.935590e+04
Level_05 5.832251e+00 6.293805e-02 5.524637e+00 5.989990e+00 3.302912e+07 722 4.424364e+04
Level_06 1.199087e+01 8.233720e-02 1.172828e+01 1.217188e+01 8.134402e+07 954 5.299868e+04
Level_07 2.099014e+01 1.101313e-01 2.072378e+01 2.129724e+01 9.764658e+07 742 3.634392e+04
Level_08 4.534017e+01 1.590068e-01 4.487326e+01 4.571980e+01 1.206727e+08 477 2.079295e+04
Level_09 1.281106e+02 3.520856e-01 1.271892e+02 1.290958e+02 2.046976e+08 244 1.248296e+04
Level_10 1.898075e+02 4.833508e-01 1.883361e+02 1.908436e+02 3.815374e+08 216 1.570413e+04
RebuildHierarchy 3.541410e+01 1.512991e-01 3.476356e+01 3.576683e+01
SetBoundaryConditions 2.222713e+01 3.589512e+00 1.036898e+01 2.989285e+01
SolveForPotential 1.151409e+01 2.225967e+00 4.217693e+00 1.689869e+01
SolveHydroEquations 2.227737e+01 4.810320e+00 1.173626e+01 3.590782e+01
Total 4.626719e+02 5.946484e-04 4.626717e+02 4.626786e+02 9.446240e+08 3744 1.595056e+04

Cycle_Number 2112
CommunicationTranspose 1.173557e-01 5.884865e-02 4.463649e-02 1.881658e-01
ComputePotentialFieldLevelZero 1.374523e-01 5.098634e-02 7.463766e-02 1.971244e-01
Group_WriteAllData 6.559538e+00 7.051272e-04 6.558710e+00 6.562301e+00
Level_00 2.533115e+00 2.833739e-02 2.493288e+00 2.600968e+00 1.677722e+07 64 5.174340e+04
Level_01 3.486644e-01 3.456609e-02 3.030326e-01 3.855010e-01 1.231840e+05 12 2.760176e+03
Level_02 4.099252e-01 7.033026e-03 3.819687e-01 4.136646e-01 2.694880e+05 27 5.135998e+03
Level_03 5.006856e-01 1.318750e-02 4.748547e-01 5.131033e-01 8.803280e+05 81 1.373629e+04
Level_04 1.356630e+00 1.652028e-02 1.320187e+00 1.392450e+00 7.646352e+06 205 4.403347e+04
Level_05 5.966331e+00 6.983614e-02 5.654458e+00 6.194933e+00 3.631461e+07 713 4.755148e+04
Level_06 1.473972e+01 1.246501e-01 1.438115e+01 1.511478e+01 1.131150e+08 958 5.995438e+04
Level_07 2.457595e+01 1.797430e-01 2.382275e+01 2.500669e+01 1.432312e+08 728 4.553206e+04
Level_08 4.451292e+01 2.371403e-01 4.386276e+01 4.536683e+01 1.284924e+08 472 2.255181e+04
Level_09 9.149484e+01 2.936027e-01 9.061368e+01 9.221965e+01 1.653030e+08 236 1.411478e+04
Level_10 1.823044e+02 3.311679e-01 1.814336e+02 1.830950e+02 3.571666e+08 198 1.530607e+04
RebuildHierarchy 3.644886e+01 1.970341e-01 3.590254e+01 3.691882e+01
SetBoundaryConditions 2.306724e+01 2.607976e+00 1.523138e+01 2.861908e+01
SolveForPotential 9.694689e+00 1.488519e+00 6.080943e+00 1.423878e+01
SolveHydroEquations 2.316565e+01 3.880059e+00 1.312161e+01 3.578118e+01
Total 4.279445e+02 2.162212e-03 4.279361e+02 4.279460e+02 9.693194e+08 3694 1.769577e+04

Cycle_Number 2113
CommunicationTranspose 1.172567e-01 5.497971e-02 5.063207e-02 1.848661e-01
ComputePotentialFieldLevelZero 1.381639e-01 4.656775e-02 8.300106e-02 1.949788e-01
Group_WriteAllData 6.677748e+00 1.789153e-04 6.677722e+00 6.679764e+00
Level_00 2.522464e+00 3.209034e-02 2.450951e+00 2.599438e+00 1.677722e+07 64 5.196190e+04
Level_01 2.669851e-01 4.059773e-02 2.028226e-01 3.094690e-01 1.241520e+05 12 3.632927e+03
Level_02 2.925426e-01 4.068497e-03 2.815390e-01 2.955941e-01 2.694880e+05 27 7.196815e+03
Level_03 4.047994e-01 8.173811e-03 3.908608e-01 4.133028e-01 8.830000e+05 82 1.704162e+04
Level_04 1.549358e+00 1.480711e-02 1.509290e+00 1.594740e+00 7.608016e+06 211 3.836274e+04
Level_05 5.043059e+00 8.465555e-02 4.746025e+00 5.252170e+00 2.990474e+07 699 4.632720e+04
Level_06 1.503801e+01 1.299484e-01 1.476497e+01 1.532865e+01 1.062748e+08 961 5.521156e+04
Level_07 3.102881e+01 1.857510e-01 3.057261e+01 3.159043e+01 1.447676e+08 723 3.644988e+04
Level_08 4.348559e+01 2.425459e-01 4.283543e+01 4.420984e+01 1.225627e+08 466 2.201927e+04
Level_09 9.054165e+01 2.927425e-01 8.927933e+01 9.140972e+01 1.586431e+08 235 1.368872e+04
Level_10 1.712559e+02 3.259286e-01 1.701895e+02 1.720533e+02 3.420360e+08 206 1.560329e+04
RebuildHierarchy 3.448759e+01 1.985571e-01 3.382607e+01 3.490742e+01
SetBoundaryConditions 2.160122e+01 2.835259e+00 1.226977e+01 2.761745e+01
SolveForPotential 1.015547e+01 1.515173e+00 6.065798e+00 1.442961e+01
SolveHydroEquations 2.198703e+01 4.198913e+00 1.460394e+01 3.350267e+01
Total 4.172912e+02 1.458333e-03 4.172851e+02 4.172920e+02 9.298509e+08 3686 1.740861e+04

Cycle_Number 2114
CommunicationTranspose 1.140097e-01 5.008527e-02 5.300136e-02 1.761254e-01
ComputePotentialFieldLevelZero 1.332672e-01 4.259701e-02 8.099861e-02 1.864207e-01
Group_WriteAllData 6.498815e+00 1.066142e-03 6.497220e+00 6.500612e+00
Level_00 2.328564e+00 2.790761e-02 2.264238e+00 2.385784e+00 1.677722e+07 64 5.628877e+04
Level_01 2.867143e-01 4.416385e-02 2.227790e-01 3.342930e-01 1.241520e+05 12 3.382940e+03
Level_02 3.286974e-01 3.726325e-03 3.162620e-01 3.312216e-01 2.694880e+05 27 6.405207e+03
Level_03 3.783310e-01 1.070282e-02 3.585452e-01 3.967268e-01 8.830000e+05 82 1.823387e+04
Level_04 1.667927e+00 1.448364e-02 1.618495e+00 1.695902e+00 7.608016e+06 211 3.563562e+04
Level_05 6.946842e+00 1.112152e-01 6.521191e+00 7.184690e+00 3.986631e+07 706 4.483412e+04
Level_06 1.925145e+01 1.494700e-01 1.885402e+01 1.965261e+01 1.310426e+08 967 5.317885e+04
Level_07 3.036651e+01 1.490959e-01 3.001052e+01 3.087540e+01 1.176487e+08 717 3.026789e+04
Level_08 4.908544e+01 1.931553e-01 4.848127e+01 4.959192e+01 1.168467e+08 457 1.859747e+04
Level_09 9.263666e+01 2.820105e-01 9.192559e+01 9.333807e+01 1.623856e+08 223 1.369477e+04
Level_10 1.783864e+02 3.492879e-01 1.772817e+02 1.791554e+02 3.512499e+08 199 1.538313e+04
RebuildHierarchy 3.797740e+01 1.840827e-01 3.748280e+01 3.842121e+01
SetBoundaryConditions 2.147245e+01 3.015374e+00 1.125327e+01 2.827429e+01
SolveForPotential 9.620076e+00 1.807803e+00 5.563011e+00 1.586806e+01
SolveHydroEquations 2.198435e+01 4.392138e+00 1.320183e+01 3.525484e+01
Total 4.424309e+02 8.756211e-04 4.424262e+02 4.424313e+02 9.447017e+08 3665 1.668166e+04

Cycle_Number 2115
CommunicationTranspose 1.282519e-01 6.114716e-02 4.946802e-02 2.023773e-01
ComputePotentialFieldLevelZero 1.492383e-01 5.233051e-02 8.497060e-02 2.124498e-01
Group_WriteAllData 6.641339e+00 1.712835e-04 6.641308e+00 6.643268e+00
Level_00 2.543530e+00 4.028947e-02 2.470029e+00 2.625867e+00 1.677722e+07 64 5.153152e+04
Level_01 3.345068e-01 4.216213e-02 2.714927e-01 3.792834e-01 1.241520e+05 12 2.899604e+03
Level_02 2.937519e-01 6.073813e-03 2.762134e-01 2.976821e-01 2.696560e+05 27 7.171657e+03
Level_03 4.259756e-01 9.010828e-03 3.977457e-01 4.386009e-01 8.864080e+05 82 1.625695e+04
Level_04 1.634195e+00 2.893615e-02 1.580181e+00 1.732027e+00 7.608736e+06 213 3.637465e+04
Level_05 5.328589e+00 1.000620e-01 5.032375e+00 5.606335e+00 2.967557e+07 715 4.350878e+04
Level_06 1.508436e+01 1.346613e-01 1.477490e+01 1.538209e+01 1.064102e+08 962 5.511201e+04
Level_07 2.215753e+01 1.830711e-01 2.174303e+01 2.259404e+01 1.290693e+08 723 4.550841e+04
Level_08 4.781787e+01 2.500102e-01 4.719074e+01 4.874945e+01 1.264606e+08 456 2.066118e+04
Level_09 1.103494e+02 3.241023e-01 1.095017e+02 1.114696e+02 1.561342e+08 222 1.105397e+04
Level_10 2.182333e+02 4.519882e-01 2.151456e+02 2.194478e+02 3.489426e+08 195 1.249174e+04
RebuildHierarchy 3.476485e+01 2.090385e-01 3.416652e+01 3.520387e+01
SetBoundaryConditions 2.111339e+01 3.137725e+00 1.238433e+01 2.882342e+01
SolveForPotential 1.013822e+01 1.745303e+00 4.827109e+00 1.432677e+01
SolveHydroEquations 2.145658e+01 4.733075e+00 1.306576e+01 3.431237e+01
Total 4.809746e+02 1.338893e-03 4.809691e+02 4.809754e+02 9.223587e+08 3671 1.498193e+04

