# Starting performance log. MPI processes: 128

Cycle_Number 2111
ChemistryCooling 3.958640e+01 1.619352e+01 1.435764e+01 1.298403e+02
CommBufferedSend 6.231269e-01 1.731808e-01 2.960810e-01 1.205229e+00
CommReceiveHandler 2.321548e+01 8.357440e+00 4.421017e+00 3.786776e+01
CommunicationTranspose 1.268498e-01 5.100267e-02 5.846428e-02 1.827343e-01
ComputePotentialFieldLevelZero 1.484941e-01 4.301477e-02 9.642980e-02 1.949743e-01
CopyToOldBaryon 9.256367e-01 2.177125e-01 4.961093e-01 1.716090e+00
CreateSiblingList 6.081141e-01 8.708116e-02 4.344685e-01 8.512401e-01
GravityAccel 1.441568e+00 4.439642e-01 7.220331e-01 3.980292e+00
Group_WriteAllData 2.109838e+01 6.900767e+00 1.416869e+01 2.800139e+01
Level_00 2.630375e+00 2.733954e-02 2.568680e+00 2.678963e+00 1.677722e+07 64 4.983015e+04
Level_01 2.977272e-01 3.314980e-02 2.520427e-01 3.319411e-01 1.231840e+05 12 3.232405e+03
Level_02 3.180296e-01 5.289757e-03 3.002027e-01 3.208956e-01 2.694880e+05 27 6.620060e+03
Level_03 4.355394e-01 1.017242e-02 4.190189e-01 4.453072e-01 8.803280e+05 81 1.579091e+04
Level_04 1.414655e+00 1.471413e-02 1.379088e+00 1.471294e+00 7.646352e+06 205 4.222734e+04
Level_05 5.953863e+00 8.045397e-02 5.593752e+00 6.101107e+00 3.302912e+07 722 4.333993e+04
Level_06 1.223738e+01 7.993487e-02 1.204497e+01 1.242859e+01 8.134402e+07 954 5.193104e+04
Level_07 2.228985e+01 1.221098e-01 2.195990e+01 2.264475e+01 9.764658e+07 742 3.422472e+04
Level_08 4.887553e+01 1.645896e-01 4.828909e+01 4.930056e+01 1.206727e+08 477 1.928891e+04
Level_09 1.369298e+02 3.623362e-01 1.357997e+02 1.378107e+02 2.046976e+08 244 1.167898e+04
Level_10 1.998088e+02 5.103672e-01 1.982386e+02 2.009023e+02 3.815374e+08 216 1.491807e+04
MPIWaitReceive 2.072871e+01 7.374338e+00 4.077848e+00 3.458846e+01
ParticleUpdate 9.708890e-02 3.174211e-02 6.458414e-02 3.399244e-01
PrepareDensityField 1.764743e+01 3.357592e+00 6.844876e+00 2.519315e+01
RebuildHierarchy 3.529719e+01 1.428723e-01 3.486392e+01 3.553522e+01
SetAccelBoundary 3.689271e+00 9.337193e-01 1.368645e+00 6.221900e+00
SetBoundaryConditions 2.225597e+01 3.755454e+00 1.025995e+01 3.020573e+01
SetLevelTimeStep 1.178864e+01 2.187358e+00 5.315715e+00 1.867220e+01
SolveForPotential 1.209240e+01 2.450207e+00 4.256606e+00 1.794535e+01
SolveHydroEquations 2.268420e+01 4.989613e+00 1.267060e+01 3.667815e+01
StarParticleHandler 2.607388e+00 2.273939e+00 6.047120e-01 2.031667e+01
StarParticleInitFinal 3.171757e+02 2.390523e+01 2.063866e+02 3.646871e+02
Total 4.870165e+02 4.954745e-04 4.870164e+02 4.870221e+02 9.446240e+08 3744 1.515323e+04
UpdateFromFinerGrids 1.867041e+00 4.833551e-01 1.017786e+00 3.124701e+00

Cycle_Number 2112
ChemistryCooling 3.950753e+01 1.149207e+01 1.779006e+01 7.780578e+01
CommBufferedSend 4.665621e-01 1.372054e-01 2.182065e-01 9.125551e-01
CommReceiveHandler 1.950136e+01 6.467605e+00 5.338051e+00 3.231609e+01
CommunicationTranspose 1.068455e-01 5.202981e-02 4.617472e-02 1.697640e-01
ComputePotentialFieldLevelZero 1.270649e-01 4.426406e-02 7.308205e-02 1.805592e-01
CopyToOldBaryon 1.117654e+00 2.404912e-01 6.544465e-01 1.906829e+00
CreateSiblingList 7.327849e-01 1.307932e-01 4.646276e-01 1.149442e+00
GravityAccel 1.537850e+00 3.753855e-01 8.656741e-01 3.883104e+00
Group_WriteAllData 6.340616e+00 6.020174e-04 6.339441e+00 6.342309e+00
Level_00 2.451017e+00 2.447393e-02 2.397951e+00 2.512219e+00 1.677722e+07 64 5.347658e+04
Level_01 2.972480e-01 4.027093e-02 2.405500e-01 3.419791e-01 1.231840e+05 12 3.237617e+03
Level_02 3.237829e-01 2.624580e-03 3.117365e-01 3.255924e-01 2.694880e+05 27 6.502427e+03
Level_03 3.999503e-01 1.210979e-02 3.798797e-01 4.472820e-01 8.803280e+05 81 1.719604e+04
Level_04 1.420556e+00 2.310166e-02 1.369130e+00 1.472690e+00 7.646352e+06 205 4.205194e+04
Level_05 6.111511e+00 6.513493e-02 5.786360e+00 6.233933e+00 3.631461e+07 713 4.642189e+04
Level_06 1.520074e+01 1.019655e-01 1.489459e+01 1.548871e+01 1.131150e+08 958 5.813605e+04
Level_07 2.617323e+01 1.395553e-01 2.581652e+01 2.654656e+01 1.432312e+08 728 4.275336e+04
Level_08 4.578549e+01 2.011113e-01 4.508284e+01 4.643457e+01 1.284924e+08 472 2.192500e+04
Level_09 9.390722e+01 2.832212e-01 9.314391e+01 9.467172e+01 1.653030e+08 236 1.375219e+04
Level_10 1.875872e+02 3.043341e-01 1.868261e+02 1.884630e+02 3.571666e+08 198 1.487502e+04
MPIWaitReceive 1.678245e+01 5.695451e+00 4.790080e+00 2.891842e+01
ParticleUpdate 1.021143e-01 2.886689e-02 7.127661e-02 3.359731e-01
PrepareDensityField 1.537965e+01 1.874571e+00 1.046883e+01 2.041755e+01
RebuildHierarchy 3.600393e+01 1.582360e-01 3.560614e+01 3.637560e+01
SetAccelBoundary 3.497610e+00 5.447690e-01 2.216235e+00 4.806176e+00
SetBoundaryConditions 2.230583e+01 2.500094e+00 1.437931e+01 2.785458e+01
SetLevelTimeStep 9.851041e+00 1.551551e+00 6.109168e+00 1.481625e+01
SolveForPotential 1.029258e+01 1.402312e+00 7.005522e+00 1.494048e+01
SolveHydroEquations 2.348750e+01 3.889098e+00 1.405957e+01 3.523113e+01
StarParticleHandler 2.438051e+00 1.903383e+00 6.715962e-01 1.857780e+01
StarParticleInitFinal 2.687161e+02 1.684905e+01 2.169287e+02 3.080079e+02
Total 4.377025e+02 2.199015e-03 4.376946e+02 4.377041e+02 9.693194e+08 3694 1.730127e+04
UpdateFromFinerGrids 2.020983e+00 4.747287e-01 1.111557e+00 3.419294e+00

Cycle_Number 2113
ChemistryCooling 3.838093e+01 1.456135e+01 1.634786e+01 8.782996e+01
CommBufferedSend 4.062579e-01 1.421320e-01 1.168869e-01 8.820617e-01
CommReceiveHandler 2.013759e+01 6.753759e+00 3.873507e+00 3.889310e+01
CommunicationTranspose 1.207655e-01 5.818455e-02 4.633795e-02 1.927744e-01
ComputePotentialFieldLevelZero 1.441732e-01 4.781278e-02 8.516396e-02 2.024136e-01
CopyToOldBaryon 1.073888e+00 2.187893e-01 6.238962e-01 1.780314e+00
CreateSiblingList 7.352914e-01 1.325333e-01 4.826109e-01 1.220876e+00
GravityAccel 1.451883e+00 4.366691e-01 9.209825e-01 4.788935e+00
Group_WriteAllData 6.329713e+00 1.416586e-04 6.329693e+00 6.331308e+00
Level_00 2.589872e+00 3.164021e-02 2.531509e+00 2.662174e+00 1.677722e+07 64 5.060946e+04
Level_01 3.162171e-01 4.436306e-02 2.508585e-01 3.623143e-01 1.241520e+05 12 3.067315e+03
Level_02 3.231397e-01 4.171845e-03 3.093713e-01 3.260609e-01 2.694880e+05 27 6.515370e+03
Level_03 4.083476e-01 9.919479e-03 3.905971e-01 4.175811e-01 8.830000e+05 82 1.689354e+04
Level_04 1.448667e+00 2.044030e-02 1.395156e+00 1.494450e+00 7.608016e+06 211 4.102920e+04
Level_05 4.982813e+00 6.031945e-02 4.749987e+00 5.102492e+00 2.990474e+07 699 4.688733e+04
Level_06 1.471834e+01 8.826701e-02 1.445024e+01 1.497294e+01 1.062748e+08 961 5.641073e+04
Level_07 3.204476e+01 1.595786e-01 3.165175e+01 3.241639e+01 1.447676e+08 723 3.529427e+04
Level_08 4.488183e+01 2.167097e-01 4.435587e+01 4.554199e+01 1.225627e+08 466 2.133427e+04
Level_09 9.411585e+01 2.506695e-01 9.280513e+01 9.481257e+01 1.586431e+08 235 1.316887e+04
Level_10 1.754661e+02 3.133765e-01 1.743733e+02 1.762839e+02 3.420360e+08 206 1.522890e+04
MPIWaitReceive 1.757260e+01 5.958139e+00 3.585703e+00 3.645945e+01
ParticleUpdate 9.719947e-02 3.455990e-02 6.049741e-02 4.170625e-01
PrepareDensityField 1.694063e+01 2.287319e+00 1.036392e+01 2.354824e+01
RebuildHierarchy 3.419314e+01 1.619657e-01 3.386115e+01 3.462455e+01
SetAccelBoundary 3.351824e+00 6.047728e-01 1.758092e+00 4.944622e+00
SetBoundaryConditions 2.122943e+01 2.781910e+00 1.253618e+01 2.801307e+01
SetLevelTimeStep 9.050269e+00 1.621927e+00 5.240069e+00 1.344210e+01
SolveForPotential 1.120855e+01 1.712224e+00 6.971156e+00 1.569244e+01
SolveHydroEquations 2.236921e+01 4.242000e+00 1.559229e+01 3.391598e+01
StarParticleHandler 2.343647e+00 2.430125e+00 6.730340e-01 2.509557e+01
StarParticleInitFinal 2.628763e+02 2.082646e+01 1.839485e+02 2.984348e+02
Total 4.265565e+02 1.205660e-03 4.265521e+02 4.265573e+02 9.298509e+08 3686 1.703047e+04
UpdateFromFinerGrids 1.921532e+00 4.256476e-01 1.027485e+00 3.254986e+00

Cycle_Number 2114
ChemistryCooling 3.866320e+01 1.849612e+01 1.658614e+01 1.652318e+02
CommBufferedSend 3.582666e-01 1.321482e-01 1.371861e-01 9.152954e-01
CommReceiveHandler 2.000742e+01 6.183033e+00 4.968590e+00 3.387768e+01
CommunicationTranspose 1.187222e-01 5.221456e-02 5.066421e-02 1.831365e-01
ComputePotentialFieldLevelZero 1.385896e-01 4.432953e-02 7.951810e-02 1.920199e-01
CopyToOldBaryon 1.045727e+00 2.200806e-01 4.730312e-01 1.686345e+00
CreateSiblingList 6.931537e-01 1.258529e-01 4.190739e-01 1.143645e+00
GravityAccel 1.464459e+00 4.386399e-01 7.332741e-01 4.430404e+00
Group_WriteAllData 6.303330e+00 8.916418e-04 6.301748e+00 6.305530e+00
Level_00 2.399366e+00 2.668226e-02 2.345099e+00 2.460845e+00 1.677722e+07 64 5.462776e+04
Level_01 3.474018e-01 3.731468e-02 2.949964e-01 3.873512e-01 1.241520e+05 12 2.791976e+03
Level_02 3.029740e-01 5.404568e-03 2.883694e-01 3.059095e-01 2.694880e+05 27 6.949028e+03
Level_03 5.352282e-01 9.771081e-03 5.184167e-01 5.448427e-01 8.830000e+05 82 1.288878e+04
Level_04 1.421023e+00 1.428272e-02 1.386849e+00 1.450640e+00 7.608016e+06 211 4.182735e+04
Level_05 7.109678e+00 7.840093e-02 6.802728e+00 7.305428e+00 3.986631e+07 706 4.380727e+04
Level_06 1.888316e+01 1.148132e-01 1.856729e+01 1.918597e+01 1.310426e+08 967 5.421605e+04
Level_07 3.278673e+01 1.377964e-01 3.250560e+01 3.316993e+01 1.176487e+08 717 2.803361e+04
Level_08 5.134185e+01 1.772047e-01 5.086684e+01 5.180651e+01 1.168467e+08 457 1.778013e+04
Level_09 9.543021e+01 2.584675e-01 9.476298e+01 9.621417e+01 1.623856e+08 223 1.329388e+04
Level_10 1.815531e+02 3.087604e-01 1.809307e+02 1.823659e+02 3.512511e+08 199 1.511485e+04
MPIWaitReceive 1.751291e+01 5.385594e+00 4.421835e+00 2.937471e+01
ParticleUpdate 9.393651e-02 3.542012e-02 5.477347e-02 4.111988e-01
PrepareDensityField 1.688910e+01 2.793411e+00 9.735337e+00 2.620272e+01
RebuildHierarchy 3.773044e+01 1.745724e-01 3.715464e+01 3.821985e+01
SetAccelBoundary 3.232468e+00 5.916711e-01 1.420234e+00 4.580297e+00
SetBoundaryConditions 2.065784e+01 3.033536e+00 9.609699e+00 2.887381e+01
SetLevelTimeStep 1.074805e+01 1.796898e+00 6.141480e+00 1.789598e+01
SolveForPotential 1.090062e+01 2.057066e+00 5.647001e+00 1.831993e+01
SolveHydroEquations 2.234630e+01 4.386572e+00 1.261900e+01 3.591607e+01
StarParticleHandler 2.378015e+00 2.202325e+00 5.833510e-01 2.237370e+01
StarParticleInitFinal 2.822434e+02 2.500017e+01 1.354039e+02 3.240257e+02
Total 4.523658e+02 8.146925e-04 4.523621e+02 4.523662e+02 9.447028e+08 3665 1.631531e+04
UpdateFromFinerGrids 1.901383e+00 4.559259e-01 8.604510e-01 2.970073e+00

Cycle_Number 2115
ChemistryCooling 3.817986e+01 1.578234e+01 1.523933e+01 9.278446e+01
CommBufferedSend 3.607067e-01 1.649245e-01 4.215603e-02 9.686863e-01
CommReceiveHandler 1.985231e+01 7.214792e+00 4.074399e+00 3.683641e+01
CommunicationTranspose 1.119407e-01 5.033132e-02 5.116602e-02 1.774734e-01
ComputePotentialFieldLevelZero 1.329808e-01 4.205155e-02 8.002316e-02 1.873569e-01
CopyToOldBaryon 1.163249e+00 2.745929e-01 5.835323e-01 2.085268e+00
CreateSiblingList 7.556599e-01 1.645901e-01 4.427236e-01 1.239432e+00
GravityAccel 1.476289e+00 4.453020e-01 7.847712e-01 4.205694e+00
Group_WriteAllData 6.505691e+00 1.497882e-04 6.505663e+00 6.507378e+00
Level_00 2.638033e+00 4.160845e-02 2.563742e+00 2.727928e+00 1.677722e+07 64 4.968550e+04
Level_01 2.751577e-01 3.953698e-02 2.167675e-01 3.171912e-01 1.241520e+05 12 3.525025e+03
Level_02 3.950924e-01 3.259625e-03 3.846814e-01 3.987355e-01 2.696560e+05 27 5.332139e+03
Level_03 7.575995e-01 9.849061e-03 7.376461e-01 7.949798e-01 8.864080e+05 82 9.140796e+03
Level_04 1.822269e+00 1.590656e-02 1.789483e+00 1.864499e+00 7.608736e+06 213 3.262045e+04
Level_05 5.641266e+00 9.596967e-02 5.290342e+00 5.946065e+00 2.967557e+07 715 4.109722e+04
Level_06 1.562388e+01 1.413417e-01 1.519668e+01 1.597831e+01 1.064102e+08 962 5.320889e+04
Level_07 2.338761e+01 2.001275e-01 2.277188e+01 2.384980e+01 1.290693e+08 723 4.311488e+04
Level_08 4.924658e+01 2.534206e-01 4.841912e+01 4.994937e+01 1.264606e+08 456 2.006177e+04
Level_09 1.134910e+02 3.356478e-01 1.126252e+02 1.146051e+02 1.561342e+08 222 1.074797e+04
Level_10 2.248937e+02 4.487960e-01 2.216231e+02 2.259059e+02 3.489426e+08 195 1.212179e+04
MPIWaitReceive 1.742852e+01 6.450563e+00 3.797146e+00 3.298449e+01
ParticleUpdate 9.618515e-02 2.988319e-02 6.045675e-02 3.205678e-01
PrepareDensityField 1.590151e+01 2.486491e+00 8.600421e+00 2.290252e+01
RebuildHierarchy 3.528166e+01 2.342484e-01 3.469519e+01 3.586100e+01
SetAccelBoundary 3.488289e+00 6.211035e-01 1.674149e+00 6.103051e+00
SetBoundaryConditions 2.215052e+01 3.236044e+00 1.156061e+01 3.064145e+01
SetLevelTimeStep 1.117515e+01 2.098239e+00 6.343195e+00 1.822485e+01
SolveForPotential 1.067067e+01 1.778253e+00 4.948875e+00 1.452202e+01
SolveHydroEquations 2.189998e+01 4.820754e+00 1.290372e+01 3.471700e+01
StarParticleHandler 2.357461e+00 2.209636e+00 6.558101e-01 2.163193e+01
StarParticleInitFinal 3.283963e+02 2.268293e+01 2.477869e+02 3.695975e+02
Total 4.962349e+02 1.259251e-03 4.962303e+02 4.962356e+02 9.223587e+08 3671 1.452120e+04
UpdateFromFinerGrids 2.020901e+00 5.688252e-01 9.894594e-01 3.400681e+00

