# Starting performance log. MPI processes: 128

Cycle_Number 2111
CommunicationTranspose 1.738519e-01 5.542281e-02 1.041322e-01 2.365405e-01
ComputePotentialFieldLevelZero 1.962998e-01 4.699007e-02 1.402825e-01 2.476760e-01
Group_WriteAllData 2.245325e+01 6.483225e+00 1.594090e+01 2.896020e+01
Level_00 2.983538e+00 2.859236e-02 2.937142e+00 3.034553e+00 1.677722e+07 64 4.393173e+04
Level_01 3.260487e-01 3.186804e-02 2.797139e-01 3.675804e-01 1.231840e+05 12 2.951629e+03
Level_02 3.749537e-01 4.249474e-03 3.579230e-01 3.778080e-01 2.694880e+05 27 5.615026e+03
Level_03 5.661733e-01 1.271508e-02 5.417914e-01 5.780274e-01 8.803280e+05 81 1.214745e+04
Level_04 1.594264e+00 1.952284e-02 1.545979e+00 1.662234e+00 7.646352e+06 205 3.747003e+04
Level_05 6.748474e+00 6.276403e-02 6.499063e+00 6.906667e+00 3.302912e+07 722 3.823679e+04
Level_06 1.397692e+01 6.504083e-02 1.379384e+01 1.419619e+01 8.134402e+07 954 4.546782e+04
Level_07 2.476664e+01 1.264857e-01 2.443161e+01 2.507114e+01 9.764658e+07 742 3.080208e+04
Level_08 4.959845e+01 1.605165e-01 4.908366e+01 5.003351e+01 1.206727e+08 477 1.900777e+04
Level_09 1.372006e+02 3.425925e-01 1.361778e+02 1.380655e+02 2.046976e+08 244 1.165593e+04
Level_10 2.070868e+02 4.869206e-01 2.057112e+02 2.080979e+02 3.815374e+08 216 1.439378e+04
RebuildHierarchy 3.479634e+01 1.547519e-01 3.425649e+01 3.520784e+01
SetBoundaryConditions 2.222453e+01 3.704124e+00 1.086122e+01 2.964149e+01
SolveForPotential 1.223395e+01 2.386311e+00 4.253188e+00 1.855817e+01
SolveHydroEquations 2.297098e+01 5.020090e+00 1.296124e+01 3.680244e+01
Total 5.016618e+02 7.992890e-04 5.016617e+02 5.016708e+02 9.446240e+08 3744 1.471086e+04

Cycle_Number 2112
CommunicationTranspose 1.242667e-01 6.591975e-02 4.790039e-02 1.993908e-01
ComputePotentialFieldLevelZero 1.430394e-01 5.908499e-02 7.579445e-02 2.105122e-01
Group_WriteAllData 7.263844e+00 3.868398e-03 7.254326e+00 7.267202e+00
Level_00 2.850595e+00 3.872169e-02 2.781432e+00 2.917740e+00 1.677722e+07 64 4.598057e+04
Level_01 4.066663e-01 3.607372e-02 3.571022e-01 4.439383e-01 1.231840e+05 12 2.366498e+03
Level_02 3.914714e-01 6.397737e-03 3.697470e-01 3.953671e-01 2.694880e+05 27 5.378107e+03
Level_03 6.014988e-01 1.183844e-02 5.832151e-01 6.132052e-01 8.803280e+05 81 1.143404e+04
Level_04 1.908954e+00 1.841326e-02 1.866057e+00 1.983046e+00 7.646352e+06 205 3.129312e+04
Level_05 7.336909e+00 8.625550e-02 6.970180e+00 7.590926e+00 3.631461e+07 713 3.866858e+04
Level_06 1.839132e+01 1.237178e-01 1.801498e+01 1.881785e+01 1.131150e+08 958 4.805045e+04
Level_07 2.993243e+01 1.436971e-01 2.949368e+01 3.033644e+01 1.432312e+08 728 3.738400e+04
Level_08 4.874444e+01 2.133572e-01 4.812012e+01 4.978957e+01 1.284924e+08 472 2.059408e+04
Level_09 9.539598e+01 2.825583e-01 9.453441e+01 9.608058e+01 1.653030e+08 236 1.353757e+04
Level_10 1.959097e+02 3.334745e-01 1.950341e+02 1.970374e+02 3.571666e+08 198 1.424312e+04
RebuildHierarchy 3.731173e+01 2.076876e-01 3.680310e+01 3.791125e+01
SetBoundaryConditions 2.342940e+01 2.675610e+00 1.489773e+01 2.923748e+01
SolveForPotential 1.064085e+01 1.485925e+00 7.208367e+00 1.510248e+01
SolveHydroEquations 2.370535e+01 3.976510e+00 1.404025e+01 3.601477e+01
Total 4.629830e+02 2.497275e-03 4.629711e+02 4.629844e+02 9.693194e+08 3694 1.635656e+04

Cycle_Number 2113
CommunicationTranspose 1.128515e-01 5.180568e-02 5.122735e-02 1.761847e-01
ComputePotentialFieldLevelZero 1.321522e-01 4.532137e-02 7.737144e-02 1.863815e-01
Group_WriteAllData 7.351401e+00 2.358273e-04 7.351366e+00 7.354058e+00
Level_00 2.818667e+00 2.633590e-02 2.744760e+00 2.881132e+00 1.677722e+07 64 4.650142e+04
Level_01 3.055728e-01 3.470928e-02 2.561582e-01 3.425318e-01 1.241520e+05 12 3.174161e+03
Level_02 3.444097e-01 2.960315e-03 3.331237e-01 3.472413e-01 2.694880e+05 27 6.112996e+03
Level_03 5.403450e-01 1.175063e-02 5.228313e-01 5.774313e-01 8.830000e+05 82 1.276673e+04
Level_04 1.803950e+00 1.860278e-02 1.729448e+00 1.850968e+00 7.608016e+06 211 3.294859e+04
Level_05 6.328156e+00 8.098871e-02 6.079202e+00 6.585367e+00 2.990474e+07 699 3.691926e+04
Level_06 1.842967e+01 1.523821e-01 1.805608e+01 1.885595e+01 1.062748e+08 961 4.505085e+04
Level_07 3.756517e+01 2.211365e-01 3.703016e+01 3.806309e+01 1.447676e+08 723 3.010759e+04
Level_08 4.814485e+01 2.689367e-01 4.752712e+01 4.887419e+01 1.225627e+08 466 1.988834e+04
Level_09 9.828149e+01 3.166621e-01 9.723963e+01 9.909147e+01 1.586431e+08 235 1.261071e+04
Level_10 1.881287e+02 3.366135e-01 1.869401e+02 1.890172e+02 3.420360e+08 206 1.420388e+04
RebuildHierarchy 3.522212e+01 1.933135e-01 3.461189e+01 3.565893e+01
SetBoundaryConditions 2.269364e+01 3.084175e+00 1.090715e+01 2.947507e+01
SolveForPotential 1.190471e+01 1.759686e+00 7.449388e+00 1.699211e+01
SolveHydroEquations 2.259002e+01 4.356750e+00 1.430208e+01 3.517070e+01
Total 4.606675e+02 1.847302e-03 4.606596e+02 4.606683e+02 9.298509e+08 3686 1.576942e+04

Cycle_Number 2114
CommunicationTranspose 1.236828e-01 5.440107e-02 4.847051e-02 1.866690e-01
ComputePotentialFieldLevelZero 1.419795e-01 4.813703e-02 7.719681e-02 1.975496e-01
Group_WriteAllData 7.372085e+00 7.460164e-04 7.370996e+00 7.373876e+00
Level_00 2.812966e+00 2.808731e-02 2.765334e+00 2.873915e+00 1.677722e+07 64 4.659565e+04
Level_01 3.211764e-01 3.829661e-02 2.688464e-01 3.635892e-01 1.241520e+05 12 3.019952e+03
Level_02 4.451372e-01 3.189462e-03 4.345743e-01 4.476363e-01 2.694880e+05 27 4.729722e+03
Level_03 5.004224e-01 1.203250e-02 4.783185e-01 5.222325e-01 8.830000e+05 82 1.378523e+04
Level_04 1.682609e+00 1.749073e-02 1.639301e+00 1.740154e+00 7.608016e+06 211 3.532467e+04
Level_05 7.960688e+00 9.896201e-02 7.586774e+00 8.211011e+00 3.986631e+07 706 3.912420e+04
Level_06 2.194844e+01 1.383563e-01 2.149984e+01 2.240918e+01 1.310426e+08 967 4.664433e+04
Level_07 3.504730e+01 1.483680e-01 3.460881e+01 3.556419e+01 1.176487e+08 717 2.622542e+04
Level_08 5.468581e+01 1.830885e-01 5.409446e+01 5.518320e+01 1.168467e+08 457 1.669290e+04
Level_09 9.927821e+01 2.941223e-01 9.858430e+01 1.000025e+02 1.623856e+08 223 1.277861e+04
Level_10 1.922807e+02 3.683866e-01 1.913674e+02 1.931757e+02 3.512486e+08 199 1.427148e+04
RebuildHierarchy 3.869171e+01 1.950224e-01 3.822022e+01 3.923470e+01
SetBoundaryConditions 2.165776e+01 3.185207e+00 1.066979e+01 2.913697e+01
SolveForPotential 1.157470e+01 2.208336e+00 5.753128e+00 1.883795e+01
SolveHydroEquations 2.258938e+01 4.551147e+00 1.363827e+01 3.484267e+01
Total 4.794406e+02 1.913640e-03 4.794323e+02 4.794412e+02 9.447004e+08 3665 1.539392e+04

Cycle_Number 2115
CommunicationTranspose 1.180656e-01 5.721660e-02 4.790197e-02 1.871912e-01
ComputePotentialFieldLevelZero 1.382110e-01 4.952317e-02 7.922846e-02 1.977457e-01
Group_WriteAllData 7.679282e+00 1.759719e-04 7.679254e+00 7.681262e+00
Level_00 2.925172e+00 2.730306e-02 2.854244e+00 2.985949e+00 1.677722e+07 64 4.480831e+04
Level_01 4.187987e-01 4.147852e-02 3.623985e-01 4.637835e-01 1.241520e+05 12 2.315999e+03
Level_02 3.961422e-01 5.593532e-03 3.804677e-01 3.997610e-01 2.696560e+05 27 5.318008e+03
Level_03 4.490152e-01 1.242996e-02 4.249022e-01 4.618514e-01 8.864080e+05 82 1.542278e+04
Level_04 1.917379e+00 1.625641e-02 1.883232e+00 1.964395e+00 7.608736e+06 213 3.100235e+04
Level_05 5.565959e+00 5.937518e-02 5.301977e+00 5.775371e+00 2.967557e+07 715 4.165326e+04
Level_06 1.781413e+01 1.259520e-01 1.740744e+01 1.810597e+01 1.064102e+08 962 4.666686e+04
Level_07 2.560987e+01 1.862369e-01 2.509120e+01 2.608469e+01 1.290693e+08 723 3.937366e+04
Level_08 5.206919e+01 2.622174e-01 5.135409e+01 5.288898e+01 1.264606e+08 456 1.897424e+04
Level_09 1.156714e+02 3.059620e-01 1.149911e+02 1.167817e+02 1.561342e+08 222 1.054538e+04
Level_10 2.336471e+02 4.310833e-01 2.302480e+02 2.347314e+02 3.489426e+08 195 1.166766e+04
RebuildHierarchy 3.548158e+01 1.690830e-01 3.492593e+01 3.599579e+01
SetBoundaryConditions 2.102638e+01 3.188783e+00 1.272489e+01 2.881316e+01
SolveForPotential 9.903058e+00 1.724532e+00 4.702679e+00 1.374205e+01
SolveHydroEquations 2.204370e+01 4.853063e+00 1.277593e+01 3.488677e+01
Total 5.153476e+02 1.288612e-03 5.153433e+02 5.153483e+02 9.223587e+08 3671 1.398265e+04

