# Starting performance log. MPI processes: 128

Cycle_Number 2111
ChemistryCooling 3.649034e+01 6.966782e+00 2.383531e+01 7.221794e+01
CommBufferedSend 9.860769e-01 2.298654e-01 4.920544e-01 2.071061e+00
CommReceiveHandler 3.039045e+01 7.011295e+00 6.019169e+00 4.180397e+01
CommunicationTranspose 8.862284e-02 3.339375e-02 4.549179e-02 1.273009e-01
ComputePotentialFieldLevelZero 1.083498e-01 2.775275e-02 7.625308e-02 1.393209e-01
CopyToOldBaryon 1.281164e+00 2.230852e-01 8.283527e-01 1.960270e+00
CreateSiblingList 9.737391e-01 2.477004e-01 4.876641e-01 1.686953e+00
GravityAccel 1.663761e+00 1.916755e-01 1.146276e+00 2.417479e+00
Group_WriteAllData 2.310950e+01 7.948657e+00 1.512994e+01 3.108073e+01
Level_00 2.477019e+00 1.652637e-02 2.443053e+00 2.508477e+00 1.677722e+07 64 5.291523e+04
Level_01 1.375843e-01 3.035623e-02 9.821740e-02 1.685594e-01 1.198240e+05 44 6.804008e+03
Level_02 1.523685e-01 5.538244e-03 1.404271e-01 1.581573e-01 2.329680e+05 91 1.194513e+04
Level_03 3.137899e-01 4.545540e-03 3.061166e-01 3.411621e-01 8.134320e+05 178 2.025220e+04
Level_04 1.278605e+00 1.500341e-02 1.245688e+00 1.315622e+00 7.567680e+06 215 4.623984e+04
Level_05 5.201630e+00 7.450292e-02 5.018683e+00 5.426502e+00 3.269166e+07 727 4.910068e+04
Level_06 1.199002e+01 8.384947e-02 1.178195e+01 1.222887e+01 8.136688e+07 989 5.301733e+04
Level_07 2.153343e+01 1.218172e-01 2.116618e+01 2.181241e+01 9.812907e+07 801 3.560201e+04
Level_08 3.887716e+01 1.466708e-01 3.847281e+01 3.925397e+01 1.146602e+08 590 2.304136e+04
Level_09 7.244746e+01 2.240304e-01 7.185632e+01 7.329753e+01 1.803259e+08 374 1.944576e+04
Level_10 1.233797e+02 3.335156e-01 1.227592e+02 1.248086e+02 3.382656e+08 350 2.141924e+04
MPIWaitReceive 2.645841e+01 6.171297e+00 5.603113e+00 3.647779e+01
ParticleUpdate 1.388353e-01 1.736716e-02 1.034812e-01 2.131575e-01
PrepareDensityField 2.394438e+01 2.964393e+00 1.386282e+01 2.906133e+01
RebuildHierarchy 3.090692e+01 1.229965e-01 3.066442e+01 3.132757e+01
SPCommUpdateCount 1.568649e+02 1.077819e+01 1.144701e+02 1.885380e+02
SPFinalize 1.568708e+02 1.077848e+01 1.144744e+02 1.885456e+02
SPFindTotalParticles 8.231249e-01 1.187811e-01 5.468964e-01 1.072490e+00
SPInitialize 1.285888e+00 4.018693e-02 1.182083e+00 1.353247e+00
SPRecordStarCount 4.533310e-01 1.363848e-01 1.547045e-01 7.951225e-01
SetAccelBoundary 5.015397e+00 8.220581e-01 2.059500e+00 6.373902e+00
SetBoundaryConditions 2.598473e+01 2.489006e+00 1.612330e+01 2.945193e+01
SetLevelTimeStep 7.614161e+00 1.482374e+00 5.412062e+00 1.366370e+01
SolveForPotential 1.627073e+01 2.133697e+00 8.572956e+00 1.920373e+01
SolveHydroEquations 2.462385e+01 1.814431e+00 1.801935e+01 3.143988e+01
StarParticleHandler 3.042381e+00 1.080451e+00 1.423538e+00 8.151517e+00
Total 3.296954e+02 5.490051e-04 3.296953e+02 3.297016e+02 8.709504e+08 4423 2.063814e+04
UpdateFromFinerGrids 2.346546e+00 4.585002e-01 1.332397e+00 3.549264e+00

Cycle_Number 2112
ChemistryCooling 3.590582e+01 7.704771e+00 2.591858e+01 6.982476e+01
CommBufferedSend 7.310328e-01 2.198540e-01 1.948005e-01 1.787570e+00
CommReceiveHandler 2.564801e+01 5.838252e+00 8.179238e+00 3.624496e+01
CommunicationTranspose 1.073554e-01 4.806665e-02 4.766856e-02 1.664001e-01
ComputePotentialFieldLevelZero 1.260068e-01 4.155383e-02 7.569990e-02 1.766840e-01
CopyToOldBaryon 1.347199e+00 2.545451e-01 8.746514e-01 1.971615e+00
CreateSiblingList 1.099148e+00 3.365050e-01 5.678411e-01 2.292275e+00
GravityAccel 1.611889e+00 2.204566e-01 1.267071e+00 2.948087e+00
Group_WriteAllData 6.477416e+00 6.075608e-04 6.476554e+00 6.479224e+00
Level_00 2.568027e+00 4.195494e-02 2.501446e+00 2.643573e+00 1.677722e+07 64 5.103996e+04
Level_01 1.917891e-01 3.613949e-02 1.489748e-01 2.298627e-01 1.198240e+05 44 4.881012e+03
Level_02 1.778769e-01 9.617959e-03 1.598928e-01 1.880038e-01 2.329680e+05 91 1.023215e+04
Level_03 3.263133e-01 2.797008e-03 3.202141e-01 3.383884e-01 8.134320e+05 178 1.947496e+04
Level_04 1.533329e+00 1.052701e-02 1.506787e+00 1.563912e+00 7.567680e+06 215 3.855826e+04
Level_05 4.950699e+00 5.568451e-02 4.795001e+00 5.067817e+00 2.916022e+07 722 4.601657e+04
Level_06 1.292463e+01 1.231855e-01 1.261886e+01 1.325653e+01 9.301228e+07 971 5.622278e+04
Level_07 2.127294e+01 1.285948e-01 2.085921e+01 2.161840e+01 1.200874e+08 814 4.410215e+04
Level_08 4.228611e+01 1.621224e-01 4.192695e+01 4.281914e+01 1.039929e+08 576 1.921304e+04
Level_09 4.919528e+01 2.359450e-01 4.867264e+01 5.007021e+01 1.531434e+08 374 2.432007e+04
Level_10 1.275398e+02 2.992150e-01 1.265628e+02 1.290233e+02 3.188181e+08 361 1.952933e+04
MPIWaitReceive 2.168001e+01 5.235715e+00 7.271143e+00 3.219557e+01
ParticleUpdate 1.326586e-01 2.361322e-02 9.925769e-02 2.948168e-01
PrepareDensityField 2.001628e+01 2.160827e+00 1.179385e+01 2.494471e+01
RebuildHierarchy 3.439002e+01 1.748663e-01 3.397461e+01 3.486914e+01
SPCommUpdateCount 1.491763e+02 1.054475e+01 1.116755e+02 1.708638e+02
SPFinalize 1.491820e+02 1.054498e+01 1.116805e+02 1.708690e+02
SPFindTotalParticles 8.080517e-01 1.337343e-01 5.370369e-01 1.075129e+00
SPInitialize 1.308138e+00 7.122008e-02 1.166223e+00 1.422597e+00
SPRecordStarCount 4.944066e-01 1.596625e-01 1.773302e-01 8.613267e-01
SetAccelBoundary 4.573750e+00 5.985051e-01 2.291072e+00 5.659279e+00
SetBoundaryConditions 2.499351e+01 1.915699e+00 1.680298e+01 2.788014e+01
SetLevelTimeStep 7.026085e+00 1.373445e+00 4.422687e+00 1.237888e+01
SolveForPotential 1.300530e+01 1.471268e+00 7.478212e+00 1.600554e+01
SolveHydroEquations 2.357058e+01 1.703945e+00 1.983112e+01 3.075435e+01
StarParticleHandler 2.744889e+00 1.342572e+00 1.446859e+00 1.205969e+01
Total 3.187658e+02 2.294271e-03 3.187573e+02 3.187675e+02 8.437254e+08 4410 2.067852e+04
UpdateFromFinerGrids 2.288645e+00 4.557980e-01 1.391957e+00 3.387225e+00

Cycle_Number 2113
ChemistryCooling 3.674722e+01 8.501272e+00 2.502454e+01 8.084100e+01
CommBufferedSend 7.631323e-01 2.244534e-01 2.085930e-01 1.591847e+00
CommReceiveHandler 3.300474e+01 6.534554e+00 1.344410e+01 4.486911e+01
CommunicationTranspose 1.211933e-01 5.455637e-02 4.743915e-02 1.911284e-01
ComputePotentialFieldLevelZero 1.431402e-01 4.617215e-02 9.051202e-02 2.015045e-01
CopyToOldBaryon 1.615581e+00 3.339418e-01 8.633166e-01 2.532579e+00
CreateSiblingList 1.115868e+00 3.154605e-01 5.089205e-01 2.392484e+00
GravityAccel 1.752299e+00 2.347483e-01 1.259499e+00 2.882292e+00
Group_WriteAllData 6.544978e+00 2.041044e-04 6.544953e+00 6.547277e+00
Level_00 2.539311e+00 3.109324e-02 2.485705e+00 2.614705e+00 1.677722e+07 64 5.161714e+04
Level_01 2.165572e-01 4.218908e-02 1.598419e-01 2.609608e-01 1.208480e+05 44 4.359702e+03
Level_02 1.819285e-01 4.609914e-03 1.748185e-01 1.876535e-01 2.338640e+05 91 1.004275e+04
Level_03 3.634383e-01 3.324347e-03 3.572451e-01 3.751572e-01 8.107600e+05 186 1.742816e+04
Level_04 1.509856e+00 1.396741e-02 1.465884e+00 1.540722e+00 7.528560e+06 227 3.895529e+04
Level_05 3.806914e+00 5.599921e-02 3.624078e+00 3.932238e+00 2.267608e+07 716 4.653556e+04
Level_06 1.585634e+01 1.843911e-01 1.540332e+01 1.633304e+01 1.053564e+08 966 5.190965e+04
Level_07 2.502571e+01 1.807134e-01 2.450872e+01 2.546774e+01 1.250532e+08 811 3.903898e+04
Level_08 5.320313e+01 2.159596e-01 5.261473e+01 5.405443e+01 1.147718e+08 575 1.685342e+04
Level_09 7.972837e+01 2.693990e-01 7.895380e+01 8.065771e+01 1.498122e+08 366 1.467994e+04
Level_10 1.129713e+02 2.523980e-01 1.123666e+02 1.139747e+02 3.283182e+08 384 2.270476e+04
MPIWaitReceive 2.863233e+01 6.000228e+00 1.027496e+01 3.976921e+01
ParticleUpdate 1.409820e-01 2.107901e-02 9.727476e-02 2.329970e-01
PrepareDensityField 2.523051e+01 2.452785e+00 1.614593e+01 3.015398e+01
RebuildHierarchy 3.690616e+01 1.655747e-01 3.643419e+01 3.729898e+01
SPCommUpdateCount 1.697407e+02 1.127374e+01 1.173075e+02 1.938208e+02
SPFinalize 1.697468e+02 1.127378e+01 1.173154e+02 1.938249e+02
SPFindTotalParticles 8.822630e-01 1.452319e-01 5.660041e-01 1.121977e+00
SPInitialize 1.382687e+00 6.597765e-02 1.246464e+00 1.520679e+00
SPRecordStarCount 4.942671e-01 1.722230e-01 1.889815e-01 9.095312e-01
SetAccelBoundary 5.244022e+00 5.799638e-01 3.075475e+00 6.547018e+00
SetBoundaryConditions 2.870058e+01 2.033883e+00 1.869843e+01 3.265711e+01
SetLevelTimeStep 8.037082e+00 1.649038e+00 3.927113e+00 1.484650e+01
SolveForPotential 1.584708e+01 1.662099e+00 1.107986e+01 1.959842e+01
SolveHydroEquations 2.475737e+01 1.849549e+00 2.036575e+01 3.012852e+01
StarParticleHandler 2.822587e+00 1.055802e+00 1.295255e+00 8.276074e+00
Total 3.557027e+02 1.376549e-03 3.556973e+02 3.557033e+02 8.714591e+08 4430 1.914035e+04
UpdateFromFinerGrids 2.486845e+00 5.991349e-01 1.178772e+00 4.377058e+00

Cycle_Number 2114
ChemistryCooling 3.558827e+01 8.496847e+00 2.591250e+01 8.421593e+01
CommBufferedSend 6.057892e-01 1.917455e-01 2.100329e-01 1.382188e+00
CommReceiveHandler 2.736559e+01 6.763045e+00 8.060544e+00 3.975699e+01
CommunicationTranspose 1.064371e-01 4.971615e-02 4.641757e-02 1.670779e-01
ComputePotentialFieldLevelZero 1.252719e-01 4.262003e-02 7.084424e-02 1.776133e-01
CopyToOldBaryon 1.229357e+00 2.651321e-01 7.644585e-01 1.945546e+00
CreateSiblingList 9.939462e-01 3.350675e-01 4.394940e-01 1.960644e+00
GravityAccel 1.584878e+00 1.865846e-01 1.239889e+00 2.299319e+00
Group_WriteAllData 6.678448e+00 6.381889e-04 6.677442e+00 6.680125e+00
Level_00 2.437158e+00 3.463464e-02 2.374983e+00 2.506013e+00 1.677722e+07 64 5.378067e+04
Level_01 1.841652e-01 3.503439e-02 1.372818e-01 2.211030e-01 1.208480e+05 44 5.126511e+03
Level_02 1.930283e-01 5.918663e-03 1.821697e-01 1.995600e-01 2.338640e+05 91 9.465255e+03
Level_03 3.038127e-01 4.348913e-03 2.947639e-01 3.142154e-01 8.107600e+05 186 2.084858e+04
Level_04 1.515527e+00 8.611904e-03 1.486828e+00 1.530414e+00 7.528560e+06 227 3.880953e+04
Level_05 3.826509e+00 4.278149e-02 3.672793e+00 3.929646e+00 2.266194e+07 709 4.626840e+04
Level_06 1.461940e+01 1.355220e-01 1.426014e+01 1.495784e+01 1.050733e+08 941 5.615039e+04
Level_07 2.052131e+01 1.331725e-01 2.017229e+01 2.094132e+01 1.042358e+08 815 3.968277e+04
Level_08 4.931427e+01 1.732068e-01 4.874652e+01 4.977722e+01 1.144290e+08 582 1.812816e+04
Level_09 8.661757e+01 2.052185e-01 8.614977e+01 8.724707e+01 1.504392e+08 379 1.356891e+04
Level_10 1.290268e+02 2.850937e-01 1.280653e+02 1.301780e+02 3.100183e+08 391 1.877143e+04
MPIWaitReceive 2.368601e+01 6.322851e+00 7.332245e+00 3.587625e+01
ParticleUpdate 1.294912e-01 2.142326e-02 9.575901e-02 2.283076e-01
PrepareDensityField 2.182460e+01 2.356156e+00 1.436383e+01 2.621120e+01
RebuildHierarchy 3.568129e+01 1.661601e-01 3.524317e+01 3.623429e+01
SPCommUpdateCount 1.946877e+02 1.099747e+01 1.414452e+02 2.150511e+02
SPFinalize 1.946930e+02 1.099755e+01 1.414489e+02 2.150561e+02
SPFindTotalParticles 7.821521e-01 1.340551e-01 5.258815e-01 1.017509e+00
SPInitialize 1.252230e+00 6.307741e-02 1.108925e+00 1.377584e+00
SPRecordStarCount 4.648276e-01 1.582690e-01 1.414065e-01 7.989309e-01
SetAccelBoundary 4.295601e+00 6.833860e-01 2.060534e+00 9.207838e+00
SetBoundaryConditions 2.389096e+01 1.825733e+00 1.736829e+01 3.064327e+01
SetLevelTimeStep 6.913271e+00 1.380874e+00 3.719788e+00 1.162193e+01
SolveForPotential 1.344918e+01 1.428313e+00 8.217952e+00 1.636429e+01
SolveHydroEquations 2.348676e+01 1.846285e+00 2.053586e+01 2.928930e+01
StarParticleHandler 2.731308e+00 9.325909e-01 1.360768e+00 7.353603e+00
Total 3.657182e+02 1.118436e-03 3.657131e+02 3.657186e+02 8.323289e+08 4429 1.778027e+04
UpdateFromFinerGrids 2.160842e+00 5.548428e-01 1.065345e+00 3.574399e+00

Cycle_Number 2115
ChemistryCooling 3.582908e+01 7.767492e+00 2.580559e+01 7.896614e+01
CommBufferedSend 6.377444e-01 1.925227e-01 2.104253e-01 1.201488e+00
CommReceiveHandler 2.538154e+01 5.725643e+00 9.838801e+00 3.642218e+01
CommunicationTranspose 1.034909e-01 4.740970e-02 4.825703e-02 1.646266e-01
ComputePotentialFieldLevelZero 1.219028e-01 4.183837e-02 7.347126e-02 1.755609e-01
CopyToOldBaryon 1.404518e+00 2.874370e-01 8.715220e-01 2.205450e+00
CreateSiblingList 1.039826e+00 3.425380e-01 4.886926e-01 2.068423e+00
GravityAccel 1.616577e+00 2.165087e-01 1.253187e+00 2.494642e+00
Group_WriteAllData 6.556362e+00 1.685413e-04 6.556340e+00 6.558261e+00
Level_00 2.234201e+00 2.328879e-02 2.168743e+00 2.285384e+00 1.677722e+07 64 5.866617e+04
Level_01 1.828371e-01 3.670939e-02 1.342938e-01 2.240827e-01 1.208480e+05 44 5.163750e+03
Level_02 2.004037e-01 3.758289e-03 1.911905e-01 2.068318e-01 2.338640e+05 91 9.116910e+03
Level_03 2.515026e-01 3.965274e-03 2.427401e-01 2.647003e-01 8.099760e+05 188 2.516052e+04
Level_04 1.327834e+00 1.018861e-02 1.296635e+00 1.347219e+00 7.525264e+06 227 4.427598e+04
Level_05 4.669973e+00 5.436531e-02 4.543209e+00 4.792743e+00 2.918526e+07 729 4.882465e+04
Level_06 1.465035e+01 1.408693e-01 1.434923e+01 1.513778e+01 1.094122e+08 939 5.834557e+04
Level_07 2.191360e+01 1.589243e-01 2.132417e+01 2.227039e+01 1.201429e+08 816 4.283261e+04
Level_08 4.795908e+01 1.946554e-01 4.757689e+01 4.865928e+01 1.127264e+08 571 1.836305e+04
Level_09 8.995733e+01 1.710408e-01 8.958062e+01 9.042252e+01 1.429642e+08 348 1.241598e+04
Level_10 1.003740e+02 2.794033e-01 9.969971e+01 1.014226e+02 2.984095e+08 378 2.322638e+04
MPIWaitReceive 2.149737e+01 5.470959e+00 6.048014e+00 3.291897e+01
ParticleUpdate 1.314609e-01 2.189325e-02 9.163191e-02 2.171826e-01
PrepareDensityField 1.958988e+01 1.756387e+00 1.431346e+01 2.256171e+01
RebuildHierarchy 3.546577e+01 1.646715e-01 3.510723e+01 3.581990e+01
SPCommUpdateCount 1.706982e+02 9.738593e+00 1.226342e+02 1.900061e+02
SPFinalize 1.707037e+02 9.738653e+00 1.226403e+02 1.900109e+02
SPFindTotalParticles 7.726696e-01 1.186694e-01 5.212075e-01 1.005183e+00
SPInitialize 1.196383e+00 5.066813e-02 1.077121e+00 1.295116e+00
SPRecordStarCount 4.185412e-01 1.362485e-01 1.192133e-01 7.421902e-01
SetAccelBoundary 4.534734e+00 5.426874e-01 2.769976e+00 5.489776e+00
SetBoundaryConditions 2.504188e+01 1.774566e+00 1.910623e+01 2.778472e+01
SetLevelTimeStep 6.747836e+00 1.463536e+00 3.833337e+00 1.125248e+01
SolveForPotential 1.208096e+01 1.062036e+00 8.616124e+00 1.412479e+01
SolveHydroEquations 2.373226e+01 1.626811e+00 2.031264e+01 2.793884e+01
StarParticleHandler 2.623002e+00 1.003747e+00 1.289891e+00 9.081039e+00
Total 3.403988e+02 1.082528e-03 3.403940e+02 3.403993e+02 8.383077e+08 4395 1.924002e+04
UpdateFromFinerGrids 2.316146e+00 5.265310e-01 1.300006e+00 3.752409e+00

