# Starting performance log. MPI processes: 128

Cycle_Number 2111
ChemistryCooling 3.354378e+01 7.110105e+00 2.233000e+01 6.827232e+01
CommBufferedSend 9.508452e-01 2.330384e-01 4.307134e-01 1.960416e+00
CommReceiveHandler 3.184117e+01 7.141465e+00 5.825485e+00 4.475553e+01
CommunicationTranspose 1.078756e-01 4.715339e-02 4.860055e-02 1.600597e-01
ComputePotentialFieldLevelZero 1.320611e-01 3.660802e-02 8.665443e-02 1.716991e-01
CopyToOldBaryon 1.228399e+00 1.927561e-01 7.779195e-01 1.798931e+00
CreateSiblingList 9.124042e-01 1.845072e-01 5.065591e-01 1.524629e+00
GravityAccel 1.664224e+00 2.110543e-01 1.163936e+00 2.351588e+00
Group_WriteAllData 2.367979e+01 8.075368e+00 1.557265e+01 3.184149e+01
Level_00 2.743433e+00 2.637641e-02 2.691167e+00 2.783752e+00 1.677722e+07 64 4.777664e+04
Level_01 1.554269e-01 3.679161e-02 1.085613e-01 1.927862e-01 1.198240e+05 44 6.022927e+03
Level_02 1.595799e-01 5.769917e-03 1.497862e-01 1.659941e-01 2.329680e+05 91 1.140534e+04
Level_03 4.258288e-01 4.958864e-03 4.147870e-01 4.437065e-01 8.134320e+05 178 1.492369e+04
Level_04 1.332974e+00 1.108615e-02 1.303404e+00 1.367018e+00 7.567680e+06 215 4.435383e+04
Level_05 5.036981e+00 6.350596e-02 4.841581e+00 5.156069e+00 3.269166e+07 727 5.070568e+04
Level_06 1.204925e+01 7.254651e-02 1.188969e+01 1.225237e+01 8.136688e+07 989 5.275671e+04
Level_07 2.212140e+01 1.000170e-01 2.184481e+01 2.236180e+01 9.812907e+07 801 3.465574e+04
Level_08 4.131423e+01 1.359566e-01 4.094368e+01 4.171487e+01 1.146602e+08 590 2.168218e+04
Level_09 7.383721e+01 2.111004e-01 7.336704e+01 7.454134e+01 1.803259e+08 374 1.907976e+04
Level_10 1.243987e+02 3.650395e-01 1.235787e+02 1.259226e+02 3.382666e+08 350 2.124385e+04
MPIWaitReceive 2.766608e+01 6.061120e+00 5.282983e+00 3.967041e+01
ParticleUpdate 1.415413e-01 1.985416e-02 1.030066e-01 2.144655e-01
PrepareDensityField 2.521832e+01 3.301995e+00 1.456408e+01 3.075072e+01
RebuildHierarchy 3.324496e+01 1.467560e-01 3.288691e+01 3.360779e+01
SPCommUpdateCount 1.621622e+02 1.154972e+01 1.156586e+02 1.932651e+02
SPFinalize 1.621684e+02 1.155000e+01 1.156638e+02 1.932720e+02
SPFindTotalParticles 8.535070e-01 1.240476e-01 5.681283e-01 1.103720e+00
SPInitialize 1.402999e+00 5.682834e-02 1.279642e+00 1.485635e+00
SPRecordStarCount 5.374675e-01 1.545405e-01 2.313828e-01 9.068067e-01
SetAccelBoundary 5.245518e+00 8.199782e-01 2.193450e+00 6.324035e+00
SetBoundaryConditions 2.710479e+01 2.635046e+00 1.672846e+01 3.085977e+01
SetLevelTimeStep 8.154536e+00 1.598431e+00 5.837219e+00 1.427021e+01
SolveForPotential 1.675376e+01 2.290421e+00 8.379332e+00 2.034821e+01
SolveHydroEquations 2.547781e+01 2.120481e+00 1.979693e+01 3.267931e+01
StarParticleHandler 3.107279e+00 1.073352e+00 1.593690e+00 8.109572e+00
Total 3.387836e+02 6.653615e-04 3.387835e+02 3.387911e+02 8.709514e+08 4423 2.008452e+04
UpdateFromFinerGrids 2.408851e+00 4.536642e-01 1.343708e+00 3.679149e+00

Cycle_Number 2112
ChemistryCooling 3.267911e+01 7.410449e+00 2.339152e+01 6.484411e+01
CommBufferedSend 6.935196e-01 2.090749e-01 2.424353e-01 1.372909e+00
CommReceiveHandler 2.765615e+01 6.292530e+00 8.484327e+00 3.983515e+01
CommunicationTranspose 1.193968e-01 4.914825e-02 6.069410e-02 1.793954e-01
ComputePotentialFieldLevelZero 1.371087e-01 4.305224e-02 8.714074e-02 1.892392e-01
CopyToOldBaryon 1.268750e+00 2.321532e-01 7.815102e-01 1.923012e+00
CreateSiblingList 8.939135e-01 2.808807e-01 5.019578e-01 1.926336e+00
GravityAccel 1.602108e+00 2.197353e-01 1.180248e+00 2.632450e+00
Group_WriteAllData 6.588527e+00 1.010427e-03 6.587168e+00 6.591514e+00
Level_00 2.405744e+00 2.058526e-02 2.367401e+00 2.454255e+00 1.677722e+07 64 5.448293e+04
Level_01 1.879697e-01 3.756108e-02 1.406063e-01 2.292745e-01 1.198240e+05 44 4.980190e+03
Level_02 1.713307e-01 7.431148e-03 1.570446e-01 1.790933e-01 2.329680e+05 91 1.062310e+04
Level_03 2.862716e-01 6.178468e-03 2.761699e-01 3.299611e-01 8.134320e+05 178 2.219898e+04
Level_04 1.264467e+00 1.889414e-02 1.215781e+00 1.315840e+00 7.567680e+06 215 4.675685e+04
Level_05 4.944563e+00 4.866261e-02 4.747540e+00 5.063792e+00 2.916022e+07 722 4.607368e+04
Level_06 1.289117e+01 1.178489e-01 1.253301e+01 1.322238e+01 9.301228e+07 971 5.636871e+04
Level_07 2.160895e+01 1.676035e-01 2.117002e+01 2.196030e+01 1.200874e+08 814 4.341638e+04
Level_08 4.144620e+01 1.847181e-01 4.107864e+01 4.207408e+01 1.039929e+08 576 1.960240e+04
Level_09 4.843833e+01 2.325165e-01 4.791517e+01 4.923538e+01 1.531434e+08 374 2.470012e+04
Level_10 1.238351e+02 3.320435e-01 1.230929e+02 1.255115e+02 3.188181e+08 361 2.011358e+04
MPIWaitReceive 2.368902e+01 5.575285e+00 7.653984e+00 3.533757e+01
ParticleUpdate 1.342428e-01 2.420240e-02 9.815301e-02 2.677945e-01
PrepareDensityField 2.103210e+01 2.359173e+00 1.240498e+01 2.629202e+01
RebuildHierarchy 3.509060e+01 1.563337e-01 3.459856e+01 3.554353e+01
SPCommUpdateCount 1.442253e+02 1.039100e+01 1.079734e+02 1.661711e+02
SPFinalize 1.442315e+02 1.039130e+01 1.079796e+02 1.661783e+02
SPFindTotalParticles 8.210152e-01 1.290531e-01 5.124895e-01 1.071093e+00
SPInitialize 1.280108e+00 5.424807e-02 1.181731e+00 1.374889e+00
SPRecordStarCount 4.535913e-01 1.528801e-01 1.554618e-01 8.044145e-01
SetAccelBoundary 4.742544e+00 6.367456e-01 2.261039e+00 6.212572e+00
SetBoundaryConditions 2.616379e+01 2.121405e+00 1.746599e+01 2.990798e+01
SetLevelTimeStep 7.627881e+00 1.547426e+00 3.970635e+00 1.353340e+01
SolveForPotential 1.319235e+01 1.444142e+00 7.776797e+00 1.607574e+01
SolveHydroEquations 2.407150e+01 1.722133e+00 2.035241e+01 3.045305e+01
StarParticleHandler 2.711007e+00 1.324026e+00 1.433679e+00 1.185225e+01
Total 3.145866e+02 2.928776e-03 3.145765e+02 3.145886e+02 8.437254e+08 4410 2.095323e+04
UpdateFromFinerGrids 2.295766e+00 5.226858e-01 1.245930e+00 3.649871e+00

Cycle_Number 2113
ChemistryCooling 3.355973e+01 8.065881e+00 2.235894e+01 7.595475e+01
CommBufferedSend 7.062844e-01 2.004321e-01 2.733540e-01 1.280189e+00
CommReceiveHandler 2.987891e+01 5.932680e+00 1.122874e+01 4.217266e+01
CommunicationTranspose 1.081014e-01 4.309482e-02 5.593960e-02 1.681394e-01
ComputePotentialFieldLevelZero 1.276764e-01 3.643725e-02 8.386313e-02 1.772240e-01
CopyToOldBaryon 1.407171e+00 2.508404e-01 9.715979e-01 2.525350e+00
CreateSiblingList 1.005094e+00 2.817339e-01 5.717599e-01 2.214127e+00
GravityAccel 1.689366e+00 1.953196e-01 1.311139e+00 2.652966e+00
Group_WriteAllData 6.760633e+00 1.644708e-04 6.760605e+00 6.762486e+00
Level_00 2.048908e+00 3.699034e-02 1.974826e+00 2.139986e+00 1.677722e+07 64 6.397163e+04
Level_01 1.815501e-01 3.509645e-02 1.324190e-01 2.215171e-01 1.208480e+05 44 5.200354e+03
Level_02 1.610957e-01 5.054191e-03 1.514872e-01 1.674088e-01 2.338640e+05 91 1.134148e+04
Level_03 3.134915e-01 4.949806e-03 3.018471e-01 3.242224e-01 8.107600e+05 186 2.020489e+04
Level_04 1.333638e+00 1.152895e-02 1.298629e+00 1.354125e+00 7.528560e+06 227 4.410259e+04
Level_05 3.896818e+00 4.000583e-02 3.791375e+00 4.005154e+00 2.267608e+07 716 4.546194e+04
Level_06 1.482925e+01 1.606579e-01 1.447921e+01 1.544415e+01 1.053564e+08 966 5.550497e+04
Level_07 2.458666e+01 1.807402e-01 2.401728e+01 2.502877e+01 1.250532e+08 811 3.973612e+04
Level_08 5.021800e+01 1.782418e-01 4.973191e+01 5.081380e+01 1.147718e+08 575 1.785524e+04
Level_09 7.632559e+01 2.040508e-01 7.585165e+01 7.702275e+01 1.498122e+08 366 1.533441e+04
Level_10 1.105264e+02 2.269623e-01 1.100994e+02 1.113761e+02 3.283182e+08 384 2.320701e+04
MPIWaitReceive 2.556212e+01 5.231220e+00 9.819647e+00 3.669987e+01
ParticleUpdate 1.414070e-01 1.990343e-02 1.084101e-01 2.330944e-01
PrepareDensityField 2.327324e+01 2.005892e+00 1.662633e+01 2.722465e+01
RebuildHierarchy 3.603901e+01 1.412740e-01 3.567410e+01 3.648222e+01
SPCommUpdateCount 1.648519e+02 1.047974e+01 1.167805e+02 1.863847e+02
SPFinalize 1.648581e+02 1.047980e+01 1.167864e+02 1.863918e+02
SPFindTotalParticles 8.555214e-01 1.162940e-01 5.887964e-01 1.086272e+00
SPInitialize 1.342825e+00 6.520936e-02 1.207184e+00 1.489898e+00
SPRecordStarCount 4.815579e-01 1.463795e-01 1.836053e-01 8.957804e-01
SetAccelBoundary 5.063861e+00 5.805558e-01 3.015320e+00 6.448579e+00
SetBoundaryConditions 2.770094e+01 1.841176e+00 2.119643e+01 3.086706e+01
SetLevelTimeStep 7.866774e+00 1.380923e+00 3.965265e+00 1.289749e+01
SolveForPotential 1.451054e+01 1.279549e+00 1.104697e+01 1.739279e+01
SolveHydroEquations 2.533748e+01 1.801030e+00 2.188465e+01 3.182318e+01
StarParticleHandler 2.822165e+00 1.024526e+00 1.305041e+00 8.166061e+00
Total 3.435074e+02 1.517581e-03 3.435012e+02 3.435080e+02 8.714591e+08 4430 1.981988e+04
UpdateFromFinerGrids 2.378064e+00 4.919698e-01 1.469429e+00 3.972062e+00

Cycle_Number 2114
ChemistryCooling 3.241141e+01 8.035926e+00 2.327316e+01 7.718413e+01
CommBufferedSend 6.536203e-01 1.989153e-01 2.228281e-01 1.375978e+00
CommReceiveHandler 2.980156e+01 7.323544e+00 5.575945e+00 4.384421e+01
CommunicationTranspose 1.137471e-01 5.114969e-02 5.354438e-02 1.757232e-01
ComputePotentialFieldLevelZero 1.326810e-01 4.433681e-02 8.095539e-02 1.879756e-01
CopyToOldBaryon 1.440936e+00 2.903083e-01 8.786925e-01 2.292491e+00
CreateSiblingList 1.067764e+00 2.904767e-01 5.328415e-01 2.241144e+00
GravityAccel 1.628525e+00 1.989981e-01 1.279457e+00 2.344668e+00
Group_WriteAllData 6.642907e+00 8.048017e-04 6.641831e+00 6.645524e+00
Level_00 2.621520e+00 2.642353e-02 2.577792e+00 2.677828e+00 1.677722e+07 64 4.999847e+04
Level_01 1.847572e-01 4.105080e-02 1.345255e-01 2.303234e-01 1.208480e+05 44 5.110085e+03
Level_02 1.555547e-01 6.750225e-03 1.422477e-01 1.629832e-01 2.338640e+05 91 1.174547e+04
Level_03 2.197799e-01 3.486051e-03 2.114674e-01 2.295666e-01 8.107600e+05 186 2.882002e+04
Level_04 1.460967e+00 8.072981e-03 1.434283e+00 1.480288e+00 7.528560e+06 227 4.025887e+04
Level_05 3.884826e+00 6.966895e-02 3.671470e+00 4.073900e+00 2.266194e+07 709 4.557384e+04
Level_06 1.458284e+01 1.488833e-01 1.416832e+01 1.500882e+01 1.050733e+08 941 5.629119e+04
Level_07 2.083943e+01 1.381015e-01 2.028919e+01 2.125134e+01 1.042358e+08 815 3.907700e+04
Level_08 4.938929e+01 1.821426e-01 4.879943e+01 5.001230e+01 1.144290e+08 582 1.810062e+04
Level_09 8.467022e+01 2.100333e-01 8.411514e+01 8.556792e+01 1.504392e+08 379 1.388099e+04
Level_10 1.282168e+02 2.754595e-01 1.273690e+02 1.295809e+02 3.100197e+08 391 1.889011e+04
MPIWaitReceive 2.553660e+01 6.579286e+00 4.503988e+00 3.886890e+01
ParticleUpdate 1.369809e-01 2.316843e-02 9.484569e-02 2.425031e-01
PrepareDensityField 2.276835e+01 2.453204e+00 1.516283e+01 2.746020e+01
RebuildHierarchy 4.121044e+01 1.683971e-01 4.067122e+01 4.166362e+01
SPCommUpdateCount 1.896691e+02 1.077273e+01 1.353562e+02 2.072675e+02
SPFinalize 1.896751e+02 1.077283e+01 1.353614e+02 2.072726e+02
SPFindTotalParticles 8.212322e-01 1.358855e-01 5.371467e-01 1.068318e+00
SPInitialize 1.283015e+00 6.376434e-02 1.169051e+00 1.394000e+00
SPRecordStarCount 4.560629e-01 1.641928e-01 1.714039e-01 8.178289e-01
SetAccelBoundary 4.935732e+00 7.806209e-01 2.767680e+00 1.070260e+01
SetBoundaryConditions 2.768419e+01 2.023266e+00 2.012609e+01 3.431484e+01
SetLevelTimeStep 8.080800e+00 1.309686e+00 4.201238e+00 1.253477e+01
SolveForPotential 1.425892e+01 1.541685e+00 8.677863e+00 1.684868e+01
SolveHydroEquations 2.412995e+01 1.906956e+00 2.093615e+01 2.988531e+01
StarParticleHandler 2.664221e+00 9.173781e-01 1.368605e+00 7.196974e+00
Total 3.711387e+02 9.730943e-04 3.711339e+02 3.711391e+02 8.323303e+08 4429 1.752062e+04
UpdateFromFinerGrids 2.446333e+00 5.190860e-01 1.280458e+00 4.008142e+00

Cycle_Number 2115
ChemistryCooling 3.258222e+01 7.211118e+00 2.293249e+01 7.032390e+01
CommBufferedSend 6.386909e-01 1.911750e-01 2.283223e-01 1.094517e+00
CommReceiveHandler 2.822488e+01 6.232194e+00 1.234986e+01 3.925340e+01
CommunicationTranspose 1.293427e-01 6.839471e-02 4.936539e-02 2.159757e-01
ComputePotentialFieldLevelZero 1.498736e-01 6.076577e-02 7.912671e-02 2.263529e-01
CopyToOldBaryon 1.469810e+00 3.057292e-01 8.552097e-01 2.247456e+00
CreateSiblingList 1.041415e+00 3.457833e-01 4.536100e-01 2.311449e+00
GravityAccel 1.630224e+00 2.063025e-01 1.284754e+00 2.529517e+00
Group_WriteAllData 6.712024e+00 1.626877e-04 6.712002e+00 6.713857e+00
Level_00 2.204481e+00 3.583369e-02 2.146382e+00 2.284358e+00 1.677722e+07 64 5.945707e+04
Level_01 1.966456e-01 3.949686e-02 1.478542e-01 2.412705e-01 1.208480e+05 44 4.801150e+03
Level_02 1.624694e-01 5.359345e-03 1.548416e-01 1.694965e-01 2.338640e+05 91 1.124558e+04
Level_03 2.424853e-01 6.830529e-03 2.316459e-01 2.682426e-01 8.099760e+05 188 2.609616e+04
Level_04 1.296380e+00 1.602456e-02 1.257243e+00 1.333072e+00 7.525264e+06 227 4.535021e+04
Level_05 4.800791e+00 5.724332e-02 4.650462e+00 4.932534e+00 2.918526e+07 729 4.749422e+04
Level_06 1.494129e+01 1.410152e-01 1.444201e+01 1.533776e+01 1.094122e+08 939 5.720946e+04
Level_07 2.218750e+01 1.291071e-01 2.176743e+01 2.257886e+01 1.201429e+08 816 4.230384e+04
Level_08 4.703425e+01 2.074201e-01 4.663168e+01 4.787872e+01 1.127264e+08 571 1.872412e+04
Level_09 8.521706e+01 1.998565e-01 8.476904e+01 8.614004e+01 1.429642e+08 348 1.310662e+04
Level_10 9.653630e+01 2.914414e-01 9.582201e+01 9.755443e+01 2.984095e+08 378 2.414972e+04
MPIWaitReceive 2.408900e+01 5.770234e+00 9.698731e+00 3.541647e+01
ParticleUpdate 1.336967e-01 2.056841e-02 9.678480e-02 2.198790e-01
PrepareDensityField 2.198902e+01 2.229899e+00 1.335013e+01 2.512404e+01
RebuildHierarchy 3.684960e+01 1.927799e-01 3.623959e+01 3.733341e+01
SPCommUpdateCount 1.601246e+02 9.156142e+00 1.202778e+02 1.773895e+02
SPFinalize 1.601307e+02 9.156294e+00 1.202846e+02 1.773943e+02
SPFindTotalParticles 7.958036e-01 1.262641e-01 5.351897e-01 1.049196e+00
SPInitialize 1.275558e+00 6.956172e-02 1.124715e+00 1.415780e+00
SPRecordStarCount 4.743293e-01 1.557099e-01 1.368157e-01 8.665356e-01
SetAccelBoundary 4.795891e+00 5.593268e-01 2.756444e+00 5.744893e+00
SetBoundaryConditions 2.682674e+01 1.733054e+00 2.022595e+01 2.969486e+01
SetLevelTimeStep 7.208412e+00 1.436797e+00 4.058273e+00 1.263861e+01
SolveForPotential 1.346787e+01 1.311133e+00 8.567160e+00 1.566420e+01
SolveHydroEquations 2.447407e+01 1.651090e+00 2.073977e+01 2.930221e+01
StarParticleHandler 2.602402e+00 9.850253e-01 1.347675e+00 9.004607e+00
Total 3.342879e+02 1.648312e-03 3.342803e+02 3.342885e+02 8.383077e+08 4395 1.959173e+04
UpdateFromFinerGrids 2.440550e+00 5.611035e-01 1.332498e+00 3.950521e+00

