# Starting performance log. MPI processes: 128

Cycle_Number 2111
ChemistryCooling 3.442742e+01 6.885027e+00 2.384088e+01 6.863171e+01
CommBufferedSend 9.105304e-01 2.295080e-01 4.380346e-01 2.049599e+00
CommReceiveHandler 2.969998e+01 6.680006e+00 4.617973e+00 3.972242e+01
CommunicationTranspose 1.000950e-01 4.572213e-02 4.318203e-02 1.500378e-01
ComputePotentialFieldLevelZero 1.211025e-01 3.803126e-02 7.432774e-02 1.620175e-01
CopyToOldBaryon 1.115654e+00 1.644904e-01 7.277327e-01 1.438344e+00
CreateSiblingList 8.806366e-01 1.716351e-01 4.634169e-01 1.376905e+00
GravityAccel 1.625909e+00 1.962490e-01 1.199323e+00 2.342298e+00
Group_WriteAllData 2.234891e+01 7.973431e+00 1.434327e+01 3.036982e+01
Level_00 2.260875e+00 2.894360e-02 2.209933e+00 2.310129e+00 1.677722e+07 64 5.797401e+04
Level_01 1.607308e-01 3.550676e-02 1.112559e-01 1.985892e-01 1.198240e+05 44 5.824179e+03
Level_02 1.596167e-01 5.430118e-03 1.510935e-01 1.655100e-01 2.329680e+05 91 1.140271e+04
Level_03 3.106403e-01 4.615170e-03 3.010010e-01 3.213411e-01 8.134320e+05 178 2.045754e+04
Level_04 1.361111e+00 2.135189e-02 1.334332e+00 1.411274e+00 7.567680e+06 215 4.343693e+04
Level_05 5.463930e+00 6.537760e-02 5.234456e+00 5.607060e+00 3.269166e+07 727 4.674357e+04
Level_06 1.225740e+01 6.495429e-02 1.210181e+01 1.249300e+01 8.136688e+07 989 5.186081e+04
Level_07 2.125963e+01 1.101260e-01 2.094142e+01 2.157969e+01 9.812907e+07 801 3.606051e+04
Level_08 3.905708e+01 1.132231e-01 3.876014e+01 3.946732e+01 1.146602e+08 590 2.293522e+04
Level_09 7.106525e+01 2.011070e-01 7.043985e+01 7.170677e+01 1.803259e+08 374 1.982398e+04
Level_10 1.205256e+02 3.207925e-01 1.199877e+02 1.219189e+02 3.382666e+08 350 2.192652e+04
MPIWaitReceive 2.576465e+01 5.705559e+00 4.051478e+00 3.550254e+01
ParticleUpdate 1.289104e-01 1.914972e-02 9.227147e-02 1.887480e-01
PrepareDensityField 2.332735e+01 2.889507e+00 1.381182e+01 2.857367e+01
RebuildHierarchy 3.185153e+01 1.388808e-01 3.149827e+01 3.220381e+01
SPCommUpdateCount 1.552060e+02 1.081471e+01 1.090515e+02 1.838201e+02
SPFinalize 1.552119e+02 1.081478e+01 1.090582e+02 1.838265e+02
SPFindTotalParticles 8.331875e-01 1.187117e-01 5.786992e-01 1.070459e+00
SPInitialize 1.393523e+00 5.770006e-02 1.277626e+00 1.484425e+00
SPRecordStarCount 5.488970e-01 1.418787e-01 2.291239e-01 8.796062e-01
SetAccelBoundary 4.996566e+00 7.702115e-01 2.322592e+00 6.085401e+00
SetBoundaryConditions 2.575796e+01 2.417375e+00 1.633499e+01 2.898754e+01
SetLevelTimeStep 7.913796e+00 1.426348e+00 4.947712e+00 1.378380e+01
SolveForPotential 1.572012e+01 2.069774e+00 8.297753e+00 1.870076e+01
SolveHydroEquations 2.549670e+01 1.863343e+00 2.100296e+01 3.208863e+01
StarParticleHandler 2.977213e+00 1.065327e+00 1.467950e+00 7.842735e+00
Total 3.261886e+02 6.829769e-04 3.261885e+02 3.261963e+02 8.709514e+08 4423 2.086004e+04
UpdateFromFinerGrids 2.234906e+00 4.112150e-01 1.348703e+00 3.361507e+00

Cycle_Number 2112
ChemistryCooling 3.357229e+01 7.311166e+00 2.374610e+01 6.534349e+01
CommBufferedSend 7.222365e-01 2.130086e-01 2.413535e-01 1.373100e+00
CommReceiveHandler 2.631043e+01 6.205297e+00 8.966988e+00 3.916731e+01
CommunicationTranspose 1.029113e-01 4.775216e-02 4.431408e-02 1.658901e-01
ComputePotentialFieldLevelZero 1.217547e-01 4.097293e-02 7.368601e-02 1.749018e-01
CopyToOldBaryon 1.410442e+00 2.658343e-01 7.790977e-01 2.252104e+00
CreateSiblingList 1.005323e+00 2.467283e-01 4.989294e-01 2.025630e+00
GravityAccel 1.605475e+00 2.060432e-01 1.247605e+00 2.579230e+00
Group_WriteAllData 6.603882e+00 7.780108e-04 6.602748e+00 6.605703e+00
Level_00 2.512789e+00 2.991306e-02 2.466794e+00 2.579526e+00 1.677722e+07 64 5.216196e+04
Level_01 1.723289e-01 3.961782e-02 1.215196e-01 2.150960e-01 1.198240e+05 44 5.432201e+03
Level_02 1.953135e-01 8.875691e-03 1.805315e-01 2.110507e-01 2.329680e+05 91 9.318672e+03
Level_03 3.340542e-01 6.918489e-03 3.208948e-01 3.472919e-01 8.134320e+05 178 1.902367e+04
Level_04 1.624734e+00 1.556806e-02 1.592418e+00 1.666952e+00 7.567680e+06 215 3.638903e+04
Level_05 4.786424e+00 6.743732e-02 4.601775e+00 5.025175e+00 2.916022e+07 722 4.759591e+04
Level_06 1.368441e+01 1.323923e-01 1.335494e+01 1.406239e+01 9.301228e+07 971 5.310118e+04
Level_07 2.187678e+01 1.751486e-01 2.126936e+01 2.228587e+01 1.200874e+08 814 4.288485e+04
Level_08 3.980916e+01 1.841191e-01 3.939733e+01 4.050330e+01 1.039929e+08 576 2.040849e+04
Level_09 4.878351e+01 2.671614e-01 4.812302e+01 5.030956e+01 1.531434e+08 374 2.452535e+04
Level_10 1.226744e+02 3.300511e-01 1.213558e+02 1.242422e+02 3.188181e+08 361 2.030388e+04
MPIWaitReceive 2.210477e+01 5.449472e+00 7.975938e+00 3.404776e+01
ParticleUpdate 1.256106e-01 2.091401e-02 9.120100e-02 2.366748e-01
PrepareDensityField 1.983257e+01 2.050676e+00 1.210289e+01 2.472927e+01
RebuildHierarchy 3.376859e+01 2.094906e-01 3.311651e+01 3.424527e+01
SPCommUpdateCount 1.429682e+02 1.015052e+01 1.060201e+02 1.658818e+02
SPFinalize 1.429739e+02 1.015078e+01 1.060258e+02 1.658905e+02
SPFindTotalParticles 8.350984e-01 1.222079e-01 5.831460e-01 1.064140e+00
SPInitialize 1.295416e+00 6.258642e-02 1.135694e+00 1.410178e+00
SPRecordStarCount 4.547557e-01 1.424641e-01 1.688410e-01 8.218231e-01
SetAccelBoundary 4.921611e+00 6.185653e-01 2.382704e+00 6.076155e+00
SetBoundaryConditions 2.672562e+01 2.039467e+00 1.843723e+01 3.049638e+01
SetLevelTimeStep 7.257734e+00 1.430131e+00 3.343291e+00 1.290939e+01
SolveForPotential 1.281075e+01 1.381833e+00 7.758921e+00 1.552808e+01
SolveHydroEquations 2.424976e+01 1.714550e+00 2.055444e+01 3.065706e+01
StarParticleHandler 2.654320e+00 1.300196e+00 1.423599e+00 1.165661e+01
Total 3.123880e+02 2.626933e-03 3.123771e+02 3.123898e+02 8.437254e+08 4410 2.110070e+04
UpdateFromFinerGrids 2.379142e+00 5.049433e-01 1.315441e+00 4.140767e+00

Cycle_Number 2113
ChemistryCooling 3.436933e+01 8.087825e+00 2.335739e+01 7.732870e+01
CommBufferedSend 7.339051e-01 2.022344e-01 3.276969e-01 1.223730e+00
CommReceiveHandler 2.804706e+01 5.840562e+00 6.650672e+00 4.237829e+01
CommunicationTranspose 1.144015e-01 5.464705e-02 4.604679e-02 1.884395e-01
ComputePotentialFieldLevelZero 1.365618e-01 4.533468e-02 8.245049e-02 1.981346e-01
CopyToOldBaryon 1.503756e+00 2.816960e-01 8.931940e-01 2.192664e+00
CreateSiblingList 1.148676e+00 3.282876e-01 5.938162e-01 2.258184e+00
GravityAccel 1.689923e+00 1.757296e-01 1.366953e+00 2.470666e+00
Group_WriteAllData 6.525060e+00 1.798655e-04 6.525036e+00 6.527087e+00
Level_00 2.597195e+00 3.562025e-02 2.518407e+00 2.675400e+00 1.677722e+07 64 5.046676e+04
Level_01 2.041270e-01 3.957211e-02 1.493810e-01 2.484671e-01 1.208480e+05 44 4.625185e+03
Level_02 1.662209e-01 7.917766e-03 1.527201e-01 1.755639e-01 2.338640e+05 91 1.099177e+04
Level_03 2.461239e-01 3.668007e-03 2.371597e-01 2.554782e-01 8.107600e+05 186 2.573526e+04
Level_04 1.317709e+00 1.389008e-02 1.279383e+00 1.365183e+00 7.528560e+06 227 4.463572e+04
Level_05 4.045427e+00 5.214007e-02 3.909088e+00 4.299192e+00 2.267608e+07 716 4.379188e+04
Level_06 1.456007e+01 1.614752e-01 1.398712e+01 1.505270e+01 1.053564e+08 966 5.653109e+04
Level_07 2.325175e+01 1.451824e-01 2.278064e+01 2.373046e+01 1.250532e+08 811 4.201742e+04
Level_08 4.902819e+01 1.889746e-01 4.861472e+01 4.975449e+01 1.147718e+08 575 1.828855e+04
Level_09 7.640357e+01 2.321538e-01 7.577795e+01 7.727251e+01 1.498122e+08 366 1.531876e+04
Level_10 1.096630e+02 2.359982e-01 1.091249e+02 1.104302e+02 3.283182e+08 384 2.338971e+04
MPIWaitReceive 2.355716e+01 5.317448e+00 4.951149e+00 3.745931e+01
ParticleUpdate 1.295460e-01 1.882970e-02 9.294458e-02 1.859367e-01
PrepareDensityField 2.208150e+01 1.899291e+00 1.622659e+01 2.604287e+01
RebuildHierarchy 3.517189e+01 1.663395e-01 3.475420e+01 3.569945e+01
SPCommUpdateCount 1.627905e+02 1.030052e+01 1.139504e+02 1.819169e+02
SPFinalize 1.627963e+02 1.030084e+01 1.139544e+02 1.819223e+02
SPFindTotalParticles 8.510538e-01 1.292577e-01 5.730290e-01 1.103472e+00
SPInitialize 1.357706e+00 6.771007e-02 1.207821e+00 1.493339e+00
SPRecordStarCount 5.009810e-01 1.500345e-01 2.227847e-01 8.513911e-01
SetAccelBoundary 5.071956e+00 5.512848e-01 3.260254e+00 6.262864e+00
SetBoundaryConditions 2.749700e+01 1.637586e+00 2.248750e+01 3.151595e+01
SetLevelTimeStep 7.312399e+00 1.252066e+00 4.478978e+00 1.072134e+01
SolveForPotential 1.399193e+01 1.272301e+00 9.605374e+00 1.636982e+01
SolveHydroEquations 2.542662e+01 1.665707e+00 2.202230e+01 3.069304e+01
StarParticleHandler 2.777344e+00 1.026491e+00 1.300180e+00 8.199431e+00
Total 3.396189e+02 1.300261e-03 3.396130e+02 3.396194e+02 8.714591e+08 4430 2.004681e+04
UpdateFromFinerGrids 2.398867e+00 4.910986e-01 1.299197e+00 3.637956e+00

Cycle_Number 2114
ChemistryCooling 3.346673e+01 8.117824e+00 2.415691e+01 8.071127e+01
CommBufferedSend 6.526664e-01 1.973280e-01 2.567363e-01 1.283824e+00
CommReceiveHandler 2.819423e+01 6.894391e+00 7.301127e+00 4.362382e+01
CommunicationTranspose 9.941234e-02 4.197899e-02 4.811330e-02 1.551118e-01
ComputePotentialFieldLevelZero 1.187943e-01 3.467582e-02 7.722310e-02 1.647908e-01
CopyToOldBaryon 1.372340e+00 2.691435e-01 7.989925e-01 1.960549e+00
CreateSiblingList 1.197277e+00 3.554888e-01 5.267091e-01 2.228470e+00
GravityAccel 1.609140e+00 1.688105e-01 1.212109e+00 2.205147e+00
Group_WriteAllData 6.637056e+00 7.283585e-04 6.636217e+00 6.639046e+00
Level_00 2.344515e+00 3.156014e-02 2.277020e+00 2.408340e+00 1.677722e+07 64 5.590581e+04
Level_01 1.947046e-01 3.955132e-02 1.432853e-01 2.394281e-01 1.208480e+05 44 4.849012e+03
Level_02 2.063079e-01 5.498021e-03 1.943627e-01 2.121512e-01 2.338640e+05 91 8.855998e+03
Level_03 2.939096e-01 4.929494e-03 2.852851e-01 3.063492e-01 8.107600e+05 186 2.155106e+04
Level_04 1.493361e+00 1.148183e-02 1.465723e+00 1.542493e+00 7.528560e+06 227 3.938557e+04
Level_05 4.095860e+00 4.372479e-02 3.969793e+00 4.260839e+00 2.266194e+07 709 4.322571e+04
Level_06 1.487073e+01 1.659524e-01 1.453991e+01 1.533863e+01 1.050733e+08 941 5.520140e+04
Level_07 2.008501e+01 1.228525e-01 1.972785e+01 2.035877e+01 1.042358e+08 815 4.054480e+04
Level_08 4.897099e+01 1.914923e-01 4.844896e+01 4.959519e+01 1.144290e+08 582 1.825523e+04
Level_09 8.585526e+01 2.076944e-01 8.516246e+01 8.689108e+01 1.524380e+08 379 1.387127e+04
Level_10 1.280914e+02 2.857573e-01 1.275653e+02 1.297215e+02 3.122568e+08 391 1.904504e+04
MPIWaitReceive 2.396017e+01 6.285737e+00 6.670069e+00 3.868890e+01
ParticleUpdate 1.241561e-01 1.721263e-02 8.742874e-02 1.708178e-01
PrepareDensityField 2.251746e+01 2.508274e+00 1.489847e+01 2.709135e+01
RebuildHierarchy 3.796270e+01 1.733379e-01 3.751821e+01 3.841415e+01
SPCommUpdateCount 1.916084e+02 1.052348e+01 1.368635e+02 2.082193e+02
SPFinalize 1.916140e+02 1.052364e+01 1.368688e+02 2.082267e+02
SPFindTotalParticles 8.090169e-01 1.323948e-01 5.397148e-01 1.077326e+00
SPInitialize 1.267286e+00 5.937677e-02 1.142185e+00 1.385518e+00
SPRecordStarCount 4.527876e-01 1.538799e-01 1.513550e-01 7.915829e-01
SetAccelBoundary 4.705513e+00 7.487860e-01 2.445391e+00 1.012718e+01
SetBoundaryConditions 2.599133e+01 1.764241e+00 1.834716e+01 3.221269e+01
SetLevelTimeStep 6.943590e+00 1.185393e+00 3.808851e+00 1.274479e+01
SolveForPotential 1.399123e+01 1.540457e+00 8.486292e+00 1.726080e+01
SolveHydroEquations 2.431439e+01 1.775955e+00 2.103930e+01 2.976752e+01
StarParticleHandler 2.675910e+00 9.019286e-01 1.375766e+00 7.031791e+00
Total 3.669578e+02 1.414407e-03 3.669516e+02 3.669584e+02 8.365661e+08 4429 1.781042e+04
UpdateFromFinerGrids 2.296943e+00 4.704646e-01 1.237749e+00 3.316054e+00

Cycle_Number 2115
ChemistryCooling 3.351059e+01 7.242886e+00 2.427183e+01 7.237835e+01
CommBufferedSend 6.594514e-01 1.890178e-01 2.864514e-01 1.135259e+00
CommReceiveHandler 2.917268e+01 6.507162e+00 1.119277e+01 4.217720e+01
CommunicationTranspose 1.071320e-01 4.965277e-02 4.514676e-02 1.696841e-01
ComputePotentialFieldLevelZero 1.265967e-01 4.270932e-02 7.556720e-02 1.799577e-01
CopyToOldBaryon 1.525550e+00 3.002019e-01 9.350847e-01 2.502784e+00
CreateSiblingList 1.122655e+00 3.128447e-01 5.370721e-01 2.175304e+00
GravityAccel 1.640368e+00 1.961197e-01 1.336230e+00 2.600791e+00
Group_WriteAllData 6.605965e+00 2.027080e-04 6.605935e+00 6.608249e+00
Level_00 2.415620e+00 3.205804e-02 2.324646e+00 2.484403e+00 1.677722e+07 64 5.426018e+04
Level_01 1.832029e-01 3.703525e-02 1.381476e-01 2.236101e-01 1.208480e+05 44 5.153440e+03
Level_02 1.808522e-01 5.406534e-03 1.704913e-01 1.872236e-01 2.338640e+05 91 1.010252e+04
Level_03 3.243379e-01 4.140218e-03 3.155465e-01 3.380953e-01 8.099760e+05 188 1.951032e+04
Level_04 1.385500e+00 1.142303e-02 1.349672e+00 1.412955e+00 7.525264e+06 227 4.243316e+04
Level_05 5.615345e+00 7.902021e-02 5.432669e+00 5.845530e+00 2.918526e+07 729 4.060477e+04
Level_06 1.483212e+01 1.814024e-01 1.446721e+01 1.550152e+01 1.094122e+08 939 5.763054e+04
Level_07 2.263533e+01 1.720962e-01 2.222486e+01 2.329428e+01 1.201429e+08 816 4.146688e+04
Level_08 4.737832e+01 2.017467e-01 4.683740e+01 4.814558e+01 1.127264e+08 571 1.858814e+04
Level_09 8.513825e+01 2.195040e-01 8.457090e+01 8.605572e+01 1.429642e+08 348 1.311876e+04
Level_10 9.582628e+01 2.696910e-01 9.523007e+01 9.716143e+01 2.984103e+08 378 2.432872e+04
MPIWaitReceive 2.491426e+01 6.100104e+00 6.825652e+00 3.979013e+01
ParticleUpdate 1.219263e-01 2.027712e-02 8.537510e-02 2.413461e-01
PrepareDensityField 2.224602e+01 2.273109e+00 1.464566e+01 2.544821e+01
RebuildHierarchy 3.737488e+01 2.050761e-01 3.692683e+01 3.806962e+01
SPCommUpdateCount 1.586433e+02 9.216259e+00 1.154833e+02 1.749318e+02
SPFinalize 1.586487e+02 9.216503e+00 1.154878e+02 1.749360e+02
SPFindTotalParticles 7.928504e-01 1.215083e-01 5.191426e-01 1.052396e+00
SPInitialize 1.278792e+00 5.818428e-02 1.176721e+00 1.397700e+00
SPRecordStarCount 4.806563e-01 1.454526e-01 1.531216e-01 8.738013e-01
SetAccelBoundary 4.915693e+00 5.509189e-01 2.959873e+00 5.858999e+00
SetBoundaryConditions 2.770070e+01 1.743805e+00 2.221381e+01 3.221599e+01
SetLevelTimeStep 7.684717e+00 1.242925e+00 4.757211e+00 1.206925e+01
SolveForPotential 1.362933e+01 1.373819e+00 8.569986e+00 1.583394e+01
SolveHydroEquations 2.461424e+01 1.735603e+00 2.137392e+01 2.977420e+01
StarParticleHandler 2.626204e+00 9.821574e-01 1.408818e+00 9.025190e+00
Total 3.366142e+02 9.540192e-04 3.366098e+02 3.366155e+02 8.383085e+08 4395 1.945635e+04
UpdateFromFinerGrids 2.465468e+00 4.545029e-01 1.484326e+00 3.697488e+00

