# Starting performance log. MPI processes: 128

Cycle_Number 2111
ChemistryCooling 3.900643e+01 1.565214e+01 1.468441e+01 1.255869e+02
CommBufferedSend 6.124318e-01 1.588418e-01 3.013928e-01 1.200505e+00
CommReceiveHandler 2.206363e+01 7.976642e+00 4.517209e+00 3.669847e+01
CommunicationTranspose 1.265678e-01 4.606312e-02 7.083521e-02 1.767185e-01
ComputePotentialFieldLevelZero 1.486817e-01 4.000908e-02 9.991345e-02 1.916108e-01
CopyToOldBaryon 9.054832e-01 2.096057e-01 4.636236e-01 1.654787e+00
CreateSiblingList 6.113704e-01 9.102105e-02 3.726522e-01 8.885984e-01
GravityAccel 1.438495e+00 4.516982e-01 6.865317e-01 4.089069e+00
Group_WriteAllData 2.374358e+01 8.095972e+00 1.562677e+01 3.190887e+01
Level_00 2.514920e+00 1.606022e-02 2.475083e+00 2.545682e+00 1.677722e+07 64 5.211777e+04
Level_01 2.973902e-01 2.996799e-02 2.548578e-01 3.283087e-01 1.231840e+05 12 3.236068e+03
Level_02 3.080254e-01 3.867835e-03 2.970435e-01 3.100313e-01 2.694880e+05 27 6.835070e+03
Level_03 4.965513e-01 1.167474e-02 4.768809e-01 5.074836e-01 8.803280e+05 81 1.385066e+04
Level_04 1.607497e+00 2.182267e-02 1.568960e+00 1.670440e+00 7.646352e+06 205 3.716158e+04
Level_05 5.991603e+00 5.590431e-02 5.711629e+00 6.108906e+00 3.302912e+07 722 4.306694e+04
Level_06 1.214191e+01 6.170552e-02 1.196078e+01 1.239143e+01 8.134402e+07 954 5.233939e+04
Level_07 2.146713e+01 1.179503e-01 2.109580e+01 2.181433e+01 9.764658e+07 742 3.553637e+04
Level_08 4.683633e+01 1.354428e-01 4.642427e+01 4.724702e+01 1.206727e+08 477 2.012873e+04
Level_09 1.298132e+02 3.223748e-01 1.288372e+02 1.307439e+02 2.046976e+08 244 1.231924e+04
Level_10 1.936761e+02 4.502363e-01 1.923679e+02 1.947245e+02 3.815374e+08 216 1.539045e+04
MPIWaitReceive 1.959751e+01 6.990032e+00 4.173751e+00 3.268357e+01
ParticleUpdate 8.983807e-02 3.332222e-02 5.057294e-02 3.457174e-01
PrepareDensityField 1.712502e+01 3.270050e+00 6.926974e+00 2.433372e+01
RebuildHierarchy 3.451891e+01 1.313539e-01 3.409616e+01 3.478078e+01
SPCommUpdateCount 3.030153e+02 2.330118e+01 1.983396e+02 3.498836e+02
SPFinalize 3.030215e+02 2.330158e+01 1.983440e+02 3.498930e+02
SPFindTotalParticles 6.968772e-01 9.923292e-02 4.307166e-01 8.963056e-01
SPInitialize 1.177960e+00 4.317496e-02 1.075305e+00 1.249414e+00
SPRecordStarCount 4.706768e-01 1.209791e-01 2.194916e-01 8.098182e-01
SetAccelBoundary 3.559160e+00 8.908600e-01 1.379645e+00 5.844536e+00
SetBoundaryConditions 2.154530e+01 3.563069e+00 1.061694e+01 2.791726e+01
SetLevelTimeStep 1.047339e+01 2.021578e+00 5.839550e+00 1.686003e+01
SolveForPotential 1.165598e+01 2.317828e+00 4.251474e+00 1.765032e+01
SolveHydroEquations 2.249127e+01 4.918208e+00 1.249674e+01 3.613998e+01
StarParticleHandler 2.709003e+00 2.294365e+00 7.030436e-01 2.082799e+01
Total 4.700080e+02 5.794613e-04 4.700079e+02 4.700145e+02 9.446240e+08 3744 1.570159e+04
UpdateFromFinerGrids 1.785570e+00 4.432655e-01 8.575522e-01 3.020600e+00

Cycle_Number 2112
ChemistryCooling 3.890148e+01 1.117592e+01 1.789802e+01 7.484435e+01
CommBufferedSend 4.622411e-01 1.424992e-01 2.049376e-01 9.608404e-01
CommReceiveHandler 1.980514e+01 6.478039e+00 4.666610e+00 3.156294e+01
CommunicationTranspose 1.106248e-01 5.187202e-02 4.519165e-02 1.731852e-01
ComputePotentialFieldLevelZero 1.299824e-01 4.450274e-02 7.323573e-02 1.838588e-01
CopyToOldBaryon 1.089486e+00 2.377401e-01 5.697821e-01 1.951945e+00
CreateSiblingList 7.199841e-01 1.584620e-01 4.179182e-01 1.228554e+00
GravityAccel 1.510610e+00 3.680765e-01 8.794466e-01 3.792965e+00
Group_WriteAllData 7.152032e+00 6.760965e-04 7.150816e+00 7.153761e+00
Level_00 2.589105e+00 2.620379e-02 2.540276e+00 2.649075e+00 1.677722e+07 64 5.062445e+04
Level_01 2.858986e-01 3.383423e-02 2.371872e-01 3.228515e-01 1.231840e+05 12 3.366141e+03
Level_02 3.336958e-01 4.384894e-03 3.177417e-01 3.365769e-01 2.694880e+05 27 6.309264e+03
Level_03 3.966658e-01 1.138237e-02 3.761472e-01 4.080333e-01 8.803280e+05 81 1.733843e+04
Level_04 1.384258e+00 1.899579e-02 1.337112e+00 1.446918e+00 7.646352e+06 205 4.315461e+04
Level_05 6.436243e+00 7.322053e-02 6.122226e+00 6.587262e+00 3.631461e+07 713 4.407973e+04
Level_06 1.485290e+01 1.061963e-01 1.456054e+01 1.518654e+01 1.131150e+08 958 5.949756e+04
Level_07 2.552450e+01 1.386421e-01 2.516121e+01 2.583175e+01 1.432312e+08 728 4.383999e+04
Level_08 4.523046e+01 2.160680e-01 4.476320e+01 4.607992e+01 1.284924e+08 472 2.219404e+04
Level_09 9.119688e+01 2.782657e-01 9.048045e+01 9.194428e+01 1.653030e+08 236 1.416090e+04
Level_10 1.842566e+02 3.257936e-01 1.833377e+02 1.853176e+02 3.571666e+08 198 1.514390e+04
MPIWaitReceive 1.708530e+01 5.752075e+00 3.958494e+00 2.888142e+01
ParticleUpdate 9.469698e-02 2.930292e-02 6.072050e-02 3.242178e-01
PrepareDensityField 1.531822e+01 1.950126e+00 1.051215e+01 1.993367e+01
RebuildHierarchy 3.618953e+01 1.306879e-01 3.584842e+01 3.658663e+01
SPCommUpdateCount 2.610996e+02 1.659731e+01 2.095119e+02 2.984820e+02
SPFinalize 2.611054e+02 1.659757e+01 2.095180e+02 2.984930e+02
SPFindTotalParticles 7.173146e-01 1.127834e-01 4.521975e-01 9.151617e-01
SPInitialize 1.145808e+00 5.669600e-02 1.045674e+00 1.250667e+00
SPRecordStarCount 4.228191e-01 1.420443e-01 1.277893e-01 7.939462e-01
SetAccelBoundary 3.511096e+00 5.653267e-01 2.340835e+00 4.808920e+00
SetBoundaryConditions 2.231647e+01 2.590962e+00 1.498290e+01 2.791805e+01
SetLevelTimeStep 1.019823e+01 1.723416e+00 6.520527e+00 1.474402e+01
SolveForPotential 1.018931e+01 1.449841e+00 6.843825e+00 1.434942e+01
SolveHydroEquations 2.313068e+01 3.847597e+00 1.446343e+01 3.486147e+01
StarParticleHandler 2.548743e+00 1.889027e+00 8.557579e-01 1.856943e+01
Total 4.317277e+02 2.359868e-03 4.317183e+02 4.317291e+02 9.693194e+08 3694 1.754071e+04
UpdateFromFinerGrids 1.961973e+00 5.206799e-01 8.843411e-01 3.140372e+00

Cycle_Number 2113
ChemistryCooling 3.784397e+01 1.432258e+01 1.645797e+01 8.861794e+01
CommBufferedSend 3.862119e-01 1.427567e-01 8.656289e-02 8.750229e-01
CommReceiveHandler 2.029437e+01 6.803788e+00 4.312325e+00 3.700404e+01
CommunicationTranspose 1.222040e-01 5.345929e-02 5.286653e-02 1.889118e-01
ComputePotentialFieldLevelZero 1.436260e-01 4.480142e-02 8.922512e-02 1.983133e-01
CopyToOldBaryon 1.056458e+00 2.342781e-01 6.060484e-01 1.529957e+00
CreateSiblingList 6.696744e-01 1.447992e-01 4.310486e-01 1.110158e+00
GravityAccel 1.439171e+00 4.324812e-01 8.707368e-01 4.568393e+00
Group_WriteAllData 7.045535e+00 1.693823e-04 7.045507e+00 7.047443e+00
Level_00 2.429771e+00 3.460988e-02 2.377780e+00 2.501846e+00 1.677722e+07 64 5.394418e+04
Level_01 3.339355e-01 3.818123e-02 2.787865e-01 3.741773e-01 1.241520e+05 12 2.904566e+03
Level_02 3.575904e-01 6.227900e-03 3.366599e-01 3.612061e-01 2.694880e+05 27 5.887673e+03
Level_03 4.080729e-01 1.250919e-02 3.858500e-01 4.241074e-01 8.830000e+05 82 1.690491e+04
Level_04 1.482286e+00 2.376892e-02 1.435503e+00 1.536254e+00 7.608016e+06 211 4.009863e+04
Level_05 5.852479e+00 1.185551e-01 5.530754e+00 6.109689e+00 2.990474e+07 699 3.991997e+04
Level_06 1.517063e+01 1.093668e-01 1.488614e+01 1.539279e+01 1.062748e+08 961 5.472894e+04
Level_07 3.090829e+01 1.652200e-01 3.048037e+01 3.124852e+01 1.447676e+08 723 3.659201e+04
Level_08 4.417408e+01 2.376638e-01 4.361993e+01 4.486215e+01 1.225627e+08 466 2.167608e+04
Level_09 9.270338e+01 2.720537e-01 9.187502e+01 9.348095e+01 1.586431e+08 235 1.336951e+04
Level_10 1.734251e+02 3.247583e-01 1.723042e+02 1.742043e+02 3.420360e+08 206 1.540813e+04
MPIWaitReceive 1.783573e+01 6.054808e+00 4.012463e+00 3.448563e+01
ParticleUpdate 8.908416e-02 3.397773e-02 5.639455e-02 3.935040e-01
PrepareDensityField 1.617673e+01 2.261394e+00 9.658970e+00 2.271692e+01
RebuildHierarchy 3.412362e+01 1.468909e-01 3.362071e+01 3.456843e+01
SPCommUpdateCount 2.585534e+02 2.065468e+01 1.827695e+02 2.934866e+02
SPFinalize 2.585589e+02 2.065490e+01 1.827765e+02 2.934915e+02
SPFindTotalParticles 6.795207e-01 1.077079e-01 4.687450e-01 8.694535e-01
SPInitialize 1.094092e+00 6.699310e-02 9.623071e-01 1.214440e+00
SPRecordStarCount 4.091869e-01 1.399795e-01 1.079637e-01 7.201921e-01
SetAccelBoundary 3.414070e+00 6.121573e-01 1.511952e+00 4.737477e+00
SetBoundaryConditions 2.153032e+01 2.930196e+00 1.044608e+01 2.770219e+01
SetLevelTimeStep 9.613672e+00 1.868725e+00 5.198309e+00 1.671927e+01
SolveForPotential 1.052751e+01 1.543699e+00 6.517926e+00 1.444395e+01
SolveHydroEquations 2.208061e+01 4.260415e+00 1.472340e+01 3.367313e+01
StarParticleHandler 2.363607e+00 2.404623e+00 6.775001e-01 2.474467e+01
Total 4.230216e+02 1.614233e-03 4.230159e+02 4.230225e+02 9.298509e+08 3686 1.717279e+04
UpdateFromFinerGrids 1.874806e+00 5.202578e-01 9.059201e-01 3.200564e+00

Cycle_Number 2114
ChemistryCooling 3.814172e+01 1.806251e+01 1.639968e+01 1.619363e+02
CommBufferedSend 3.693220e-01 1.327792e-01 1.508758e-01 9.135624e-01
CommReceiveHandler 2.081074e+01 6.783170e+00 4.496158e+00 4.073345e+01
CommunicationTranspose 1.221487e-01 5.691625e-02 4.768073e-02 1.948419e-01
ComputePotentialFieldLevelZero 1.427236e-01 4.886723e-02 7.894362e-02 2.040553e-01
CopyToOldBaryon 1.206749e+00 3.024579e-01 5.872664e-01 2.198038e+00
CreateSiblingList 7.764349e-01 1.940180e-01 3.845147e-01 1.237375e+00
GravityAccel 1.488769e+00 4.315806e-01 8.369470e-01 4.482907e+00
Group_WriteAllData 7.066868e+00 8.485563e-04 7.065559e+00 7.068681e+00
Level_00 2.374438e+00 3.750350e-02 2.302045e+00 2.456000e+00 1.677722e+07 64 5.520127e+04
Level_01 3.006142e-01 4.016502e-02 2.410638e-01 3.435903e-01 1.241520e+05 12 3.226519e+03
Level_02 2.996045e-01 3.941788e-03 2.886551e-01 3.024000e-01 2.694880e+05 27 7.027181e+03
Level_03 3.953243e-01 8.601017e-03 3.762942e-01 4.043485e-01 8.830000e+05 82 1.745007e+04
Level_04 1.543180e+00 2.996012e-02 1.494924e+00 1.640755e+00 7.608016e+06 211 3.851634e+04
Level_05 7.116625e+00 1.370008e-01 6.647399e+00 7.421102e+00 3.986631e+07 706 4.376450e+04
Level_06 1.998211e+01 1.578181e-01 1.964442e+01 2.045151e+01 1.310426e+08 967 5.123433e+04
Level_07 3.237406e+01 1.354325e-01 3.205840e+01 3.304624e+01 1.176487e+08 717 2.839094e+04
Level_08 5.037471e+01 1.901345e-01 4.988802e+01 5.083420e+01 1.168467e+08 457 1.812149e+04
Level_09 9.341009e+01 3.013846e-01 9.231700e+01 9.422559e+01 1.623856e+08 223 1.358138e+04
Level_10 1.768303e+02 3.604602e-01 1.758769e+02 1.778556e+02 3.512498e+08 199 1.551848e+04
MPIWaitReceive 1.820645e+01 6.118282e+00 3.511121e+00 3.728610e+01
ParticleUpdate 8.891096e-02 3.168685e-02 5.443941e-02 3.632365e-01
PrepareDensityField 1.692292e+01 2.676532e+00 9.262924e+00 2.607714e+01
RebuildHierarchy 3.780481e+01 1.570199e-01 3.739876e+01 3.816871e+01
SPCommUpdateCount 2.733133e+02 2.440539e+01 1.298994e+02 3.127859e+02
SPFinalize 2.733191e+02 2.440594e+01 1.299033e+02 3.127925e+02
SPFindTotalParticles 7.115147e-01 1.200879e-01 4.502567e-01 9.144428e-01
SPInitialize 1.141058e+00 7.122367e-02 1.000013e+00 1.274119e+00
SPRecordStarCount 4.235883e-01 1.547585e-01 1.519624e-01 7.843470e-01
SetAccelBoundary 3.436375e+00 5.967267e-01 1.592927e+00 4.855834e+00
SetBoundaryConditions 2.201319e+01 2.986652e+00 1.176356e+01 3.002550e+01
SetLevelTimeStep 1.068756e+01 1.888325e+00 5.881710e+00 1.716679e+01
SolveForPotential 1.082016e+01 1.919394e+00 5.668778e+00 1.768889e+01
SolveHydroEquations 2.219569e+01 4.415773e+00 1.300351e+01 3.593810e+01
StarParticleHandler 2.405562e+00 2.198118e+00 6.360803e-01 2.242180e+01
Total 4.462551e+02 9.802768e-04 4.462505e+02 4.462555e+02 9.447015e+08 3665 1.653870e+04
UpdateFromFinerGrids 2.053657e+00 5.312389e-01 1.019361e+00 3.673324e+00

Cycle_Number 2115
ChemistryCooling 3.770156e+01 1.541710e+01 1.505824e+01 8.818076e+01
CommBufferedSend 3.477384e-01 1.571846e-01 7.264088e-02 1.049519e+00
CommReceiveHandler 1.835090e+01 7.162389e+00 3.514360e+00 3.368463e+01
CommunicationTranspose 1.102285e-01 5.143473e-02 4.907545e-02 1.762627e-01
ComputePotentialFieldLevelZero 1.306532e-01 4.388770e-02 7.521572e-02 1.856958e-01
CopyToOldBaryon 1.100045e+00 2.578647e-01 4.813611e-01 1.850101e+00
CreateSiblingList 7.212403e-01 1.534341e-01 4.052452e-01 1.112455e+00
GravityAccel 1.442123e+00 4.377398e-01 7.302669e-01 4.310555e+00
Group_WriteAllData 7.126605e+00 1.746964e-04 7.126578e+00 7.128573e+00
Level_00 2.353007e+00 2.797288e-02 2.298441e+00 2.416422e+00 1.677722e+07 64 5.570404e+04
Level_01 2.723425e-01 3.842250e-02 2.229966e-01 3.149516e-01 1.241520e+05 12 3.561462e+03
Level_02 3.895627e-01 2.597840e-03 3.787826e-01 3.918967e-01 2.696560e+05 27 5.407826e+03
Level_03 5.214228e-01 9.629703e-03 5.020074e-01 5.437120e-01 8.864080e+05 82 1.328109e+04
Level_04 1.852105e+00 1.500356e-02 1.816941e+00 1.903317e+00 7.608736e+06 213 3.209496e+04
Level_05 5.295457e+00 7.826676e-02 5.045095e+00 5.535438e+00 2.967557e+07 715 4.378099e+04
Level_06 1.499257e+01 1.248221e-01 1.459522e+01 1.537580e+01 1.064102e+08 962 5.544944e+04
Level_07 2.238044e+01 1.770478e-01 2.193063e+01 2.286002e+01 1.290693e+08 723 4.505516e+04
Level_08 4.802014e+01 2.438269e-01 4.747102e+01 4.885717e+01 1.264606e+08 456 2.057415e+04
Level_09 1.116969e+02 2.942691e-01 1.109660e+02 1.125909e+02 1.561342e+08 222 1.092061e+04
Level_10 2.232125e+02 4.230104e-01 2.199507e+02 2.244872e+02 3.489426e+08 195 1.221309e+04
MPIWaitReceive 1.599509e+01 6.401040e+00 3.270965e+00 3.029805e+01
ParticleUpdate 8.894370e-02 3.191363e-02 5.283084e-02 3.559301e-01
PrepareDensityField 1.484857e+01 2.317320e+00 8.143614e+00 2.193815e+01
RebuildHierarchy 3.516036e+01 1.990228e-01 3.457999e+01 3.565226e+01
SPCommUpdateCount 3.229102e+02 2.224722e+01 2.469097e+02 3.649098e+02
SPFinalize 3.229159e+02 2.224744e+01 2.469147e+02 3.649177e+02
SPFindTotalParticles 7.103778e-01 1.155549e-01 4.688093e-01 8.953771e-01
SPInitialize 1.144785e+00 5.818220e-02 1.020298e+00 1.260618e+00
SPRecordStarCount 4.285516e-01 1.438786e-01 1.486193e-01 7.841364e-01
SetAccelBoundary 3.344544e+00 6.064199e-01 1.642492e+00 6.074829e+00
SetBoundaryConditions 2.128834e+01 3.042733e+00 1.262265e+01 2.924809e+01
SetLevelTimeStep 1.098279e+01 1.900800e+00 6.938682e+00 1.677163e+01
SolveForPotential 9.603409e+00 1.606247e+00 4.772075e+00 1.385556e+01
SolveHydroEquations 2.168202e+01 4.796415e+00 1.234631e+01 3.469265e+01
StarParticleHandler 2.309471e+00 2.238774e+00 6.210462e-01 2.216825e+01
Total 4.889730e+02 1.258054e-03 4.889680e+02 4.889737e+02 9.223587e+08 3671 1.473686e+04
UpdateFromFinerGrids 1.901026e+00 5.207420e-01 6.510373e-01 3.221574e+00

