# Starting performance log. MPI processes: 128

Cycle_Number 2111
ChemistryCooling 5.161427e+01 3.526589e+01 1.283500e+01 2.694129e+02
CommBufferedSend 3.920350e-01 1.425488e-01 1.354608e-01 1.075864e+00
CommReceiveHandler 1.968338e+01 1.074802e+01 5.395213e+00 5.720050e+01
CommunicationTranspose 1.716147e-01 5.334768e-02 1.008327e-01 2.291626e-01
ComputePotentialFieldLevelZero 1.912312e-01 4.766207e-02 1.285759e-01 2.420108e-01
CopyToOldBaryon 1.164718e+00 3.375633e-01 4.475428e-01 2.107810e+00
CreateSiblingList 5.304687e-01 1.159981e-01 3.133940e-01 9.040222e-01
GravityAccel 1.551816e+00 6.996570e-01 4.893241e-01 3.648475e+00
Group_WriteAllData 2.506692e+01 6.400223e+00 1.864140e+01 3.151325e+01
Level_00 2.512080e+00 2.167861e-02 2.461810e+00 2.544798e+00 1.677722e+07 64 5.217668e+04
Level_01 2.978158e-01 2.947907e-02 2.564619e-01 3.279793e-01 1.249520e+05 8 3.277823e+03
Level_02 6.408389e-01 1.546544e-03 6.336116e-01 6.419274e-01 2.829120e+05 8 3.448995e+03
Level_03 2.028249e+00 9.419699e-03 1.987299e+00 2.031466e+00 1.038208e+06 8 3.999016e+03
Level_04 2.014767e+01 8.786024e-02 2.012304e+01 2.050763e+01 1.098814e+07 8 4.260785e+03
Level_05 1.402308e+01 2.268461e-01 1.352828e+01 1.453400e+01 5.509650e+07 287 3.069522e+04
Level_06 1.869751e+01 1.465591e-01 1.816503e+01 1.912346e+01 1.336393e+08 519 5.583935e+04
Level_07 2.554860e+01 1.921721e-01 2.514577e+01 2.621098e+01 1.656938e+08 483 5.066745e+04
Level_08 5.855299e+01 2.477060e-01 5.789576e+01 5.914731e+01 2.098765e+08 369 2.800301e+04
Level_09 3.077697e+02 5.776027e-01 3.056044e+02 3.101081e+02 2.647550e+08 188 6.720605e+03
Level_10 3.974521e+02 8.754618e-01 3.922799e+02 3.989334e+02 5.090411e+08 133 1.000594e+04
MPIWaitReceive 1.748732e+01 9.087483e+00 4.143710e+00 5.073376e+01
ParticleUpdate 6.868938e-02 4.226633e-02 3.124071e-02 3.431331e-01
PrepareDensityField 1.245999e+01 3.791948e+00 4.908112e+00 2.100767e+01
RebuildHierarchy 4.978328e+01 2.104695e-01 4.918882e+01 5.030182e+01
SPCommUpdateCount 7.111428e+02 4.887864e+01 4.619721e+02 7.787207e+02
SPFinalize 7.111488e+02 4.887881e+01 4.619783e+02 7.787274e+02
SPFindTotalParticles 4.067643e-01 5.255076e-02 2.285294e-01 5.224763e-01
SPInitialize 7.765455e-01 4.661959e-02 6.488362e-01 8.450376e-01
SPRecordStarCount 3.590749e-01 7.708441e-02 1.894367e-01 5.608483e-01
SetAccelBoundary 3.181171e+00 9.829821e-01 1.541045e+00 5.893485e+00
SetBoundaryConditions 2.199276e+01 7.730354e+00 8.974419e+00 4.192302e+01
SetLevelTimeStep 2.502535e+01 4.136447e+00 1.400453e+01 3.255599e+01
SolveForPotential 8.171171e+00 2.747308e+00 2.820502e+00 1.470841e+01
SolveHydroEquations 2.496601e+01 8.969564e+00 9.445980e+00 5.313244e+01
StarParticleHandler 2.608459e+00 2.811142e+00 3.146335e-01 1.980682e+01
Total 9.265505e+02 8.566708e-04 9.265504e+02 9.265602e+02 1.367314e+09 2075 1.152893e+04
UpdateFromFinerGrids 1.831750e+00 5.866875e-01 7.203230e-01 3.756999e+00

Cycle_Number 2112
ChemistryCooling 5.446794e+01 3.007486e+01 1.626039e+01 2.225976e+02
CommBufferedSend 3.425160e-01 1.229195e-01 1.292399e-01 8.617994e-01
CommReceiveHandler 2.277805e+01 8.102607e+00 9.284310e+00 4.751396e+01
CommunicationTranspose 1.224077e-01 6.079888e-02 4.973430e-02 1.915223e-01
ComputePotentialFieldLevelZero 1.430375e-01 5.225833e-02 7.949665e-02 2.015061e-01
CopyToOldBaryon 1.902673e+00 4.722436e-01 6.523651e-01 3.238356e+00
CreateSiblingList 6.896659e-01 1.456259e-01 4.457941e-01 1.202028e+00
GravityAccel 1.820176e+00 6.657583e-01 5.818609e-01 4.226927e+00
Group_WriteAllData 7.772668e+00 5.598853e-04 7.771779e+00 7.774197e+00
Level_00 2.572271e+00 2.969886e-02 2.524440e+00 2.636002e+00 1.677722e+07 64 5.095574e+04
Level_01 3.768432e-01 3.936952e-02 3.235126e-01 4.190833e-01 1.249520e+05 8 2.590434e+03
Level_02 8.097228e-01 3.934763e-03 7.945387e-01 8.122170e-01 2.829120e+05 8 2.729638e+03
Level_03 1.982556e+00 1.347409e-02 1.930155e+00 1.987554e+00 1.038208e+06 8 4.091184e+03
Level_04 1.974307e+01 8.885035e-02 1.971772e+01 2.010770e+01 1.098814e+07 8 4.348101e+03
Level_05 1.605387e+01 2.739888e-01 1.540029e+01 1.662713e+01 6.584290e+07 280 3.204198e+04
Level_06 2.726647e+01 1.912997e-01 2.677867e+01 2.779851e+01 2.256363e+08 530 6.465024e+04
Level_07 4.054154e+01 2.873314e-01 3.992992e+01 4.191055e+01 2.484266e+08 487 4.787270e+04
Level_08 6.339847e+01 3.374884e-01 6.257429e+01 6.447646e+01 2.113098e+08 373 2.603939e+04
Level_09 1.931907e+02 4.860324e-01 1.912542e+02 1.942932e+02 2.240975e+08 182 9.062352e+03
Level_10 2.870437e+02 6.506299e-01 2.842822e+02 2.883670e+02 4.788477e+08 133 1.303285e+04
MPIWaitReceive 1.991191e+01 6.713484e+00 8.450998e+00 3.935025e+01
ParticleUpdate 7.526871e-02 3.914261e-02 3.428317e-02 3.096779e-01
PrepareDensityField 1.575380e+01 3.385407e+00 8.227496e+00 2.583216e+01
RebuildHierarchy 4.723466e+01 2.733985e-01 4.652584e+01 4.795708e+01
SPCommUpdateCount 5.064909e+02 4.359748e+01 2.903158e+02 5.754282e+02
SPFinalize 5.064975e+02 4.359817e+01 2.903201e+02 5.754375e+02
SPFindTotalParticles 4.462090e-01 7.400043e-02 2.927620e-01 5.824313e-01
SPInitialize 8.039007e-01 6.552684e-02 6.665306e-01 9.177632e-01
SPRecordStarCount 3.509458e-01 1.096082e-01 1.356212e-01 6.087635e-01
SetAccelBoundary 3.954110e+00 8.964988e-01 2.101852e+00 6.709841e+00
SetBoundaryConditions 2.586715e+01 6.241900e+00 1.095160e+01 4.322612e+01
SetLevelTimeStep 2.110341e+01 3.399009e+00 1.105840e+01 3.140174e+01
SolveForPotential 1.010170e+01 2.414477e+00 5.392466e+00 1.672338e+01
SolveHydroEquations 2.803128e+01 8.370067e+00 1.149205e+01 5.436964e+01
StarParticleHandler 2.679037e+00 2.531105e+00 3.785739e-01 1.782939e+01
Total 7.322291e+02 3.150429e-03 7.322169e+02 7.322306e+02 1.483372e+09 2081 1.582680e+04
UpdateFromFinerGrids 2.678206e+00 6.836445e-01 8.090145e-01 4.618730e+00

Cycle_Number 2113
ChemistryCooling 5.153316e+01 3.582557e+01 1.854641e+01 3.626418e+02
CommBufferedSend 2.582945e-01 1.089998e-01 4.778150e-02 9.057254e-01
CommReceiveHandler 2.243892e+01 7.262713e+00 8.809089e+00 4.273337e+01
CommunicationTranspose 1.251441e-01 5.769408e-02 5.956343e-02 1.956343e-01
ComputePotentialFieldLevelZero 1.456051e-01 5.059064e-02 8.720687e-02 2.058097e-01
CopyToOldBaryon 1.558327e+00 4.855563e-01 5.811778e-01 2.908866e+00
CreateSiblingList 6.143293e-01 1.347467e-01 3.906349e-01 1.045546e+00
GravityAccel 1.643060e+00 6.493820e-01 7.775814e-01 4.594195e+00
Group_WriteAllData 7.852698e+00 2.081776e-04 7.852669e+00 7.855043e+00
Level_00 2.389130e+00 3.039056e-02 2.340630e+00 2.455318e+00 1.677722e+07 64 5.486182e+04
Level_01 3.081053e-01 3.911344e-02 2.527091e-01 3.490563e-01 1.259200e+05 8 3.192902e+03
Level_02 7.787304e-01 1.675784e-03 7.711603e-01 7.802314e-01 2.829120e+05 8 2.838274e+03
Level_03 2.009485e+00 7.617069e-03 1.979270e+00 2.012828e+00 1.038208e+06 8 4.036357e+03
Level_04 1.959216e+01 8.216330e-02 1.956887e+01 1.992237e+01 1.098814e+07 8 4.381593e+03
Level_05 1.761468e+01 2.858365e-01 1.701373e+01 1.824304e+01 6.618419e+07 285 2.935415e+04
Level_06 3.057558e+01 2.722693e-01 2.987239e+01 3.139090e+01 2.440558e+08 524 6.235977e+04
Level_07 3.819098e+01 2.674711e-01 3.755909e+01 3.927010e+01 2.346591e+08 478 4.800281e+04
Level_08 6.260448e+01 2.949390e-01 6.184618e+01 6.348111e+01 2.000499e+08 356 2.496451e+04
Level_09 1.560542e+02 4.322544e-01 1.548872e+02 1.572745e+02 1.880708e+08 173 9.415338e+03
Level_10 3.378028e+02 5.511121e-01 3.365734e+02 3.393445e+02 4.360799e+08 132 1.008539e+04
MPIWaitReceive 1.988291e+01 6.252179e+00 7.372434e+00 3.613562e+01
ParticleUpdate 6.775082e-02 3.530476e-02 3.369160e-02 2.702853e-01
PrepareDensityField 1.536731e+01 2.945283e+00 8.165372e+00 2.845236e+01
RebuildHierarchy 4.212518e+01 2.788301e-01 4.133658e+01 4.293177e+01
SPCommUpdateCount 5.305348e+02 4.718183e+01 1.650641e+02 5.831480e+02
SPFinalize 5.305406e+02 4.718211e+01 1.650678e+02 5.831602e+02
SPFindTotalParticles 4.002704e-01 6.682350e-02 2.521917e-01 5.216103e-01
SPInitialize 7.335751e-01 5.987126e-02 5.981180e-01 8.501785e-01
SPRecordStarCount 3.273930e-01 9.863262e-02 1.450948e-01 5.568319e-01
SetAccelBoundary 4.178566e+00 1.068730e+00 1.859275e+00 8.639519e+00
SetBoundaryConditions 2.470598e+01 5.213924e+00 1.140735e+01 4.382521e+01
SetLevelTimeStep 1.963387e+01 2.963005e+00 9.615484e+00 2.919970e+01
SolveForPotential 9.920595e+00 2.065392e+00 5.152618e+00 1.926570e+01
SolveHydroEquations 2.576137e+01 7.697170e+00 1.264057e+01 4.979847e+01
StarParticleHandler 2.281253e+00 2.479334e+00 4.169343e-01 1.604781e+01
Total 7.410408e+02 1.328083e-03 7.410347e+02 7.410414e+02 1.398312e+09 2044 1.474185e+04
UpdateFromFinerGrids 2.379092e+00 7.441511e-01 9.094341e-01 4.358152e+00

Cycle_Number 2114
ChemistryCooling 5.032016e+01 2.431133e+01 1.327271e+01 1.279092e+02
CommBufferedSend 2.328107e-01 1.007361e-01 9.144553e-02 5.674381e-01
CommReceiveHandler 2.270036e+01 7.384465e+00 9.809109e+00 5.169307e+01
CommunicationTranspose 1.204164e-01 5.967716e-02 4.581033e-02 1.918841e-01
ComputePotentialFieldLevelZero 1.402183e-01 5.242758e-02 7.725032e-02 2.019876e-01
CopyToOldBaryon 1.723064e+00 6.835560e-01 5.754942e-01 3.847063e+00
CreateSiblingList 6.345761e-01 1.691374e-01 3.319047e-01 1.295206e+00
GravityAccel 1.645988e+00 6.597180e-01 5.934323e-01 4.429731e+00
Group_WriteAllData 9.017411e+00 9.531155e-04 9.015836e+00 9.019459e+00
Level_00 2.338169e+00 2.763785e-02 2.266559e+00 2.404491e+00 1.677722e+07 64 5.605754e+04
Level_01 4.132916e-01 4.003348e-02 3.594505e-01 4.558005e-01 1.259200e+05 8 2.380280e+03
Level_02 8.284326e-01 6.541667e-03 8.027973e-01 8.316423e-01 2.829120e+05 8 2.667990e+03
Level_03 1.984192e+00 6.216570e-03 1.959979e+00 1.987052e+00 1.038208e+06 8 4.087810e+03
Level_04 1.943636e+01 8.087752e-02 1.941302e+01 1.975526e+01 1.098814e+07 8 4.416715e+03
Level_05 1.769172e+01 2.733534e-01 1.685270e+01 1.834668e+01 6.494304e+07 284 2.867825e+04
Level_06 2.954310e+01 3.084011e-01 2.865875e+01 3.048006e+01 2.238657e+08 526 5.919997e+04
Level_07 3.159132e+01 2.859686e-01 3.097179e+01 3.248280e+01 2.164992e+08 489 5.354003e+04
Level_08 5.286297e+01 3.079261e-01 5.216363e+01 5.360456e+01 1.817621e+08 364 2.686221e+04
Level_09 1.545065e+02 4.037625e-01 1.534792e+02 1.553101e+02 1.878532e+08 182 9.498652e+03
Level_10 3.284684e+02 4.923683e-01 3.267355e+02 3.296918e+02 4.434112e+08 138 1.054637e+04
MPIWaitReceive 1.995890e+01 6.348275e+00 7.876006e+00 4.336383e+01
ParticleUpdate 6.870370e-02 3.742171e-02 3.146625e-02 2.570711e-01
PrepareDensityField 1.425392e+01 2.870371e+00 7.577514e+00 2.288629e+01
RebuildHierarchy 4.616055e+01 3.130622e-01 4.534926e+01 4.685819e+01
SPCommUpdateCount 5.049080e+02 3.559625e+01 3.921180e+02 5.678173e+02
SPFinalize 5.049142e+02 3.559640e+01 3.921245e+02 5.678251e+02
SPFindTotalParticles 4.036500e-01 8.172361e-02 2.469380e-01 5.499450e-01
SPInitialize 7.585070e-01 6.161469e-02 6.623054e-01 8.850405e-01
SPRecordStarCount 3.487997e-01 1.217569e-01 1.352620e-01 6.351891e-01
SetAccelBoundary 4.096808e+00 1.075994e+00 2.155844e+00 1.020145e+01
SetBoundaryConditions 2.489644e+01 5.575584e+00 1.307582e+01 4.136266e+01
SetLevelTimeStep 1.948133e+01 3.194601e+00 1.054490e+01 2.670855e+01
SolveForPotential 8.888550e+00 1.908088e+00 4.610161e+00 1.429658e+01
SolveHydroEquations 2.510985e+01 7.050283e+00 1.029188e+01 4.612061e+01
StarParticleHandler 2.281485e+00 2.352253e+00 2.910203e-01 1.496715e+01
Total 7.174314e+02 1.867537e-03 7.174235e+02 7.174321e+02 1.347547e+09 2079 1.467417e+04
UpdateFromFinerGrids 2.469420e+00 9.089180e-01 8.129924e-01 5.958670e+00

Cycle_Number 2115
ChemistryCooling 5.115300e+01 3.107269e+01 1.474461e+01 2.067278e+02
CommBufferedSend 2.013982e-01 1.039461e-01 3.579896e-02 7.069043e-01
CommReceiveHandler 1.950740e+01 6.812384e+00 6.662089e+00 4.180138e+01
CommunicationTranspose 1.323452e-01 7.113314e-02 4.783399e-02 2.172264e-01
ComputePotentialFieldLevelZero 1.559588e-01 6.089328e-02 8.592282e-02 2.278215e-01
CopyToOldBaryon 1.351621e+00 4.160408e-01 4.861730e-01 2.830860e+00
CreateSiblingList 5.674615e-01 1.178316e-01 3.232114e-01 9.541420e-01
GravityAccel 1.610139e+00 6.627963e-01 4.880883e-01 4.466957e+00
Group_WriteAllData 1.070553e+01 4.139367e-04 1.070548e+01 1.071019e+01
Level_00 2.555398e+00 3.604499e-02 2.467157e+00 2.632479e+00 1.677722e+07 64 5.129221e+04
Level_01 3.316341e-01 4.349624e-02 2.728840e-01 3.787163e-01 1.259200e+05 8 2.966372e+03
Level_02 7.978836e-01 1.048474e-03 7.962379e-01 7.996361e-01 2.829120e+05 8 2.770141e+03
Level_03 2.703260e+00 8.953413e-03 2.668191e+00 2.707487e+00 1.038208e+06 8 3.000452e+03
Level_04 1.994782e+01 2.821663e-02 1.993759e+01 2.005954e+01 1.094462e+07 8 4.286427e+03
Level_05 1.745398e+01 2.712045e-01 1.691405e+01 1.794499e+01 6.445742e+07 289 2.885150e+04
Level_06 2.997373e+01 2.461908e-01 2.931462e+01 3.063390e+01 2.448337e+08 530 6.381465e+04
Level_07 3.708484e+01 2.580892e-01 3.644389e+01 3.805891e+01 2.323567e+08 480 4.894957e+04
Level_08 7.796630e+01 2.778600e-01 7.706549e+01 7.853721e+01 1.834725e+08 363 1.838459e+04
Level_09 1.633170e+02 2.842466e-01 1.625159e+02 1.639396e+02 1.853642e+08 179 8.867156e+03
Level_10 3.114920e+02 5.081276e-01 3.099103e+02 3.126513e+02 4.351392e+08 136 1.091368e+04
MPIWaitReceive 1.699317e+01 5.646031e+00 6.209377e+00 3.420227e+01
ParticleUpdate 6.578108e-02 3.981885e-02 2.826923e-02 2.938738e-01
PrepareDensityField 1.342435e+01 2.706428e+00 6.230815e+00 2.167052e+01
RebuildHierarchy 4.101228e+01 2.625824e-01 4.028372e+01 4.155396e+01
SPCommUpdateCount 5.329057e+02 4.213315e+01 3.465813e+02 5.977268e+02
SPFinalize 5.329110e+02 4.213345e+01 3.465856e+02 5.977320e+02
SPFindTotalParticles 3.694198e-01 6.598504e-02 2.481457e-01 5.027465e-01
SPInitialize 7.151651e-01 7.391351e-02 5.853681e-01 8.476781e-01
SPRecordStarCount 3.404885e-01 1.071067e-01 1.075405e-01 5.954150e-01
SetAccelBoundary 3.644272e+00 8.554039e-01 1.838417e+00 6.108471e+00
SetBoundaryConditions 2.297998e+01 5.058511e+00 1.109007e+01 3.623720e+01
SetLevelTimeStep 1.780005e+01 2.952971e+00 9.109781e+00 2.580224e+01
SolveForPotential 8.683611e+00 1.888410e+00 3.892358e+00 1.490352e+01
SolveHydroEquations 2.503766e+01 7.385365e+00 9.636660e+00 4.697279e+01
StarParticleHandler 2.270128e+00 2.564108e+00 3.026149e-01 1.474010e+01
Total 7.360409e+02 1.322723e-03 7.360358e+02 7.360490e+02 1.374793e+09 2073 1.459235e+04
UpdateFromFinerGrids 2.107594e+00 7.245148e-01 7.154636e-01 4.754294e+00

