# Starting performance log. MPI processes: 128

Cycle_Number 2111
ChemistryCooling 3.591955e+01 1.075793e+01 1.607278e+01 7.253135e+01
CommBufferedSend 8.460247e-01 2.196354e-01 4.155503e-01 1.766324e+00
CommReceiveHandler 2.451903e+01 8.073071e+00 7.532695e+00 4.066633e+01
CommunicationTranspose 1.072944e-01 5.237117e-02 4.674108e-02 1.642433e-01
ComputePotentialFieldLevelZero 1.276459e-01 4.639495e-02 7.484115e-02 1.767711e-01
CopyToOldBaryon 9.592399e-01 1.928341e-01 5.690407e-01 1.712979e+00
CreateSiblingList 7.519628e-01 1.383971e-01 4.922509e-01 1.157742e+00
GravityAccel 1.520382e+00 3.834531e-01 9.291465e-01 3.920306e+00
Group_WriteAllData 2.072806e+01 6.340436e+00 1.436368e+01 2.708445e+01
Level_00 2.280217e+00 1.331979e-02 2.247354e+00 2.310909e+00 1.677722e+07 64 5.748225e+04
Level_01 1.925892e-01 3.833780e-02 1.402671e-01 2.321883e-01 1.221840e+05 23 4.956469e+03
Level_02 2.040404e-01 5.729312e-03 1.920691e-01 2.079826e-01 2.532720e+05 49 9.697527e+03
Level_03 2.900329e-01 5.726689e-03 2.846737e-01 3.414512e-01 8.483680e+05 154 2.285215e+04
Level_04 1.590272e+00 1.903676e-02 1.528895e+00 1.636473e+00 7.115936e+06 646 3.495833e+04
Level_05 5.669399e+00 5.734750e-02 5.444381e+00 5.820505e+00 2.935401e+07 963 4.045018e+04
Level_06 1.029749e+01 6.655531e-02 1.007741e+01 1.049008e+01 6.647227e+07 1154 5.043116e+04
Level_07 1.819644e+01 8.045160e-02 1.798559e+01 1.846176e+01 7.970294e+07 850 3.421984e+04
Level_08 3.421303e+01 1.777380e-01 3.356962e+01 3.476810e+01 1.134629e+08 550 2.590911e+04
Level_09 8.617863e+01 3.605851e-01 8.519419e+01 8.740414e+01 1.940810e+08 311 1.759436e+04
Level_10 1.672577e+02 5.522039e-01 1.659004e+02 1.690972e+02 3.643642e+08 261 1.701922e+04
MPIWaitReceive 2.154631e+01 7.094918e+00 6.876174e+00 3.628697e+01
ParticleUpdate 1.078848e-01 2.979874e-02 7.568547e-02 3.571355e-01
PrepareDensityField 1.873866e+01 3.234469e+00 1.029264e+01 2.722908e+01
RebuildHierarchy 3.403744e+01 1.985132e-01 3.340859e+01 3.450411e+01
SPCommUpdateCount 2.129749e+02 1.739170e+01 1.610981e+02 2.476341e+02
SPFinalize 2.129813e+02 1.739212e+01 1.611066e+02 2.476415e+02
SPFindTotalParticles 9.992327e-01 1.447060e-01 7.372000e-01 1.320220e+00
SPInitialize 1.588654e+00 4.565432e-02 1.487324e+00 1.663947e+00
SPRecordStarCount 5.787481e-01 1.674324e-01 1.953265e-01 8.967185e-01
SetAccelBoundary 4.099289e+00 8.266016e-01 1.908365e+00 6.308792e+00
SetBoundaryConditions 2.404078e+01 3.318231e+00 1.402045e+01 3.144330e+01
SetLevelTimeStep 9.650577e+00 2.064747e+00 4.565511e+00 1.601993e+01
SolveForPotential 1.260083e+01 2.350374e+00 6.529091e+00 1.866473e+01
SolveHydroEquations 2.309404e+01 3.997290e+00 1.576034e+01 3.334321e+01
StarParticleHandler 2.859216e+00 2.061160e+00 9.567703e-01 2.054455e+01
Total 3.805921e+02 4.535374e-04 3.805920e+02 3.805972e+02 8.725543e+08 5025 1.791112e+04
UpdateFromFinerGrids 2.232664e+00 5.880308e-01 1.102114e+00 4.248387e+00

Cycle_Number 2112
ChemistryCooling 3.520279e+01 1.164928e+01 1.695491e+01 1.017632e+02
CommBufferedSend 5.961405e-01 2.021676e-01 2.492579e-01 1.616340e+00
CommReceiveHandler 2.277459e+01 7.298425e+00 7.510033e+00 3.705659e+01
CommunicationTranspose 1.084702e-01 5.145299e-02 4.924762e-02 1.714169e-01
ComputePotentialFieldLevelZero 1.279381e-01 4.354064e-02 7.550197e-02 1.821718e-01
CopyToOldBaryon 1.090604e+00 2.274385e-01 5.624208e-01 1.743625e+00
CreateSiblingList 8.480258e-01 1.943660e-01 4.451880e-01 1.512630e+00
GravityAccel 1.527309e+00 4.140437e-01 7.999877e-01 4.169609e+00
Group_WriteAllData 6.468305e+00 8.805029e-04 6.467115e+00 6.470308e+00
Level_00 2.405348e+00 3.141310e-02 2.350857e+00 2.466898e+00 1.677722e+07 64 5.449192e+04
Level_01 1.970568e-01 4.378043e-02 1.381717e-01 2.435918e-01 1.221840e+05 23 4.844097e+03
Level_02 2.189910e-01 3.418144e-03 2.106715e-01 2.218924e-01 2.532720e+05 49 9.035473e+03
Level_03 3.010737e-01 6.560574e-03 2.912631e-01 3.194345e-01 8.483680e+05 154 2.201413e+04
Level_04 1.546578e+00 1.459580e-02 1.514101e+00 1.605218e+00 7.115936e+06 646 3.594598e+04
Level_05 6.682045e+00 9.230727e-02 6.259465e+00 6.947576e+00 3.512381e+07 952 4.106598e+04
Level_06 1.293023e+01 8.145331e-02 1.275658e+01 1.329926e+01 8.048466e+07 1144 4.862919e+04
Level_07 2.300601e+01 1.390825e-01 2.261258e+01 2.341873e+01 1.094710e+08 843 3.717473e+04
Level_08 3.397090e+01 1.869825e-01 3.334365e+01 3.450979e+01 1.160462e+08 549 2.668786e+04
Level_09 7.768989e+01 2.777972e-01 7.691179e+01 7.856092e+01 1.550045e+08 305 1.558726e+04
Level_10 1.436744e+02 3.636932e-01 1.426327e+02 1.446176e+02 3.370673e+08 272 1.832851e+04
MPIWaitReceive 1.964844e+01 6.383559e+00 6.781894e+00 3.238217e+01
ParticleUpdate 1.088765e-01 3.507995e-02 7.242383e-02 4.267752e-01
PrepareDensityField 1.754039e+01 2.618453e+00 9.460099e+00 2.408267e+01
RebuildHierarchy 3.724646e+01 2.696094e-01 3.634318e+01 3.776423e+01
SPCommUpdateCount 1.927586e+02 1.804059e+01 1.077213e+02 2.312827e+02
SPFinalize 1.927643e+02 1.804090e+01 1.077264e+02 2.312886e+02
SPFindTotalParticles 9.794400e-01 1.627358e-01 6.582196e-01 1.286740e+00
SPInitialize 1.491110e+00 6.860493e-02 1.355735e+00 1.608534e+00
SPRecordStarCount 5.057636e-01 1.894746e-01 1.283961e-01 9.345147e-01
SetAccelBoundary 4.137495e+00 8.080660e-01 1.997999e+00 6.097486e+00
SetBoundaryConditions 2.383447e+01 2.950889e+00 1.282626e+01 2.942000e+01
SetLevelTimeStep 8.826461e+00 1.837471e+00 4.917810e+00 1.523466e+01
SolveForPotential 1.147052e+01 1.900277e+00 5.929467e+00 1.581555e+01
SolveHydroEquations 2.259834e+01 3.974912e+00 1.484372e+01 3.462441e+01
StarParticleHandler 2.524618e+00 2.192184e+00 6.908225e-01 2.233955e+01
Total 3.622704e+02 2.154162e-03 3.622636e+02 3.622719e+02 8.583144e+08 5001 1.850988e+04
UpdateFromFinerGrids 2.253786e+00 6.210296e-01 9.600456e-01 3.961633e+00

Cycle_Number 2113
ChemistryCooling 3.645078e+01 1.248964e+01 2.005356e+01 1.131748e+02
CommBufferedSend 6.321628e-01 2.378876e-01 2.205002e-01 1.482293e+00
CommReceiveHandler 2.442502e+01 7.486497e+00 7.809704e+00 4.330576e+01
CommunicationTranspose 1.169691e-01 5.390780e-02 5.421536e-02 1.878303e-01
ComputePotentialFieldLevelZero 1.371514e-01 4.619855e-02 8.131592e-02 1.977662e-01
CopyToOldBaryon 1.226894e+00 2.382074e-01 7.356889e-01 1.933757e+00
CreateSiblingList 9.706625e-01 2.554506e-01 5.306750e-01 1.727201e+00
GravityAccel 1.644245e+00 3.996633e-01 9.930555e-01 4.358438e+00
Group_WriteAllData 1.075541e+01 2.863954e-04 1.075538e+01 1.075864e+01
Level_00 2.414207e+00 3.080865e-02 2.361668e+00 2.486105e+00 1.677722e+07 64 5.429194e+04
Level_01 2.355759e-01 4.033214e-02 1.793266e-01 2.792863e-01 1.231520e+05 23 4.084141e+03
Level_02 2.616940e-01 4.675895e-03 2.502421e-01 2.779516e-01 2.532720e+05 49 7.561074e+03
Level_03 3.394013e-01 9.043535e-03 3.216266e-01 3.623072e-01 8.485280e+05 154 1.953182e+04
Level_04 1.666547e+00 1.735397e-02 1.627455e+00 1.703279e+00 7.120000e+06 653 3.337740e+04
Level_05 7.408552e+00 9.710520e-02 7.166388e+00 7.604406e+00 3.520569e+07 964 3.712526e+04
Level_06 1.597659e+01 1.470866e-01 1.567985e+01 1.636025e+01 1.013637e+08 1188 4.956654e+04
Level_07 2.363265e+01 1.528988e-01 2.330306e+01 2.401527e+01 1.371960e+08 842 4.535435e+04
Level_08 3.567997e+01 2.274263e-01 3.514026e+01 3.622652e+01 1.178842e+08 521 2.581196e+04
Level_09 8.249381e+01 3.244256e-01 8.149078e+01 8.321481e+01 1.596169e+08 290 1.511637e+04
Level_10 1.655750e+02 3.970408e-01 1.643280e+02 1.667887e+02 3.279686e+08 276 1.547489e+04
MPIWaitReceive 2.100246e+01 6.704129e+00 6.389264e+00 3.919861e+01
ParticleUpdate 1.160546e-01 3.383051e-02 7.314470e-02 4.223069e-01
PrepareDensityField 1.859065e+01 2.626364e+00 1.087805e+01 2.796827e+01
RebuildHierarchy 3.533833e+01 2.452290e-01 3.458249e+01 3.582959e+01
SPCommUpdateCount 2.177754e+02 1.811530e+01 1.217723e+02 2.519609e+02
SPFinalize 2.177818e+02 1.811570e+01 1.217759e+02 2.519658e+02
SPFindTotalParticles 1.079580e+00 1.864874e-01 7.039788e-01 1.472956e+00
SPInitialize 1.680810e+00 6.304252e-02 1.547250e+00 1.810978e+00
SPRecordStarCount 5.942331e-01 2.059874e-01 1.429590e-01 1.036274e+00
SetAccelBoundary 4.750552e+00 7.580601e-01 2.557039e+00 6.707725e+00
SetBoundaryConditions 2.717106e+01 3.086080e+00 1.562504e+01 3.575220e+01
SetLevelTimeStep 9.960303e+00 2.123642e+00 4.518884e+00 1.807078e+01
SolveForPotential 1.208588e+01 1.993694e+00 6.768575e+00 1.936260e+01
SolveHydroEquations 2.404628e+01 3.679128e+00 1.721324e+01 3.436265e+01
StarParticleHandler 2.568356e+00 2.185881e+00 8.151781e-01 2.290568e+01
Total 3.999905e+02 1.799578e-03 3.999844e+02 3.999916e+02 9.043572e+08 5024 1.766365e+04
UpdateFromFinerGrids 2.686544e+00 6.846716e-01 1.349605e+00 4.456239e+00

Cycle_Number 2114
ChemistryCooling 3.586080e+01 1.225107e+01 2.042284e+01 1.104623e+02
CommBufferedSend 5.611885e-01 2.002802e-01 1.817599e-01 1.313073e+00
CommReceiveHandler 2.470265e+01 7.603501e+00 6.524427e+00 4.012087e+01
CommunicationTranspose 1.052097e-01 4.982821e-02 4.648747e-02 1.685038e-01
ComputePotentialFieldLevelZero 1.242725e-01 4.286798e-02 6.898574e-02 1.776773e-01
CopyToOldBaryon 1.096045e+00 2.100656e-01 6.623277e-01 1.575578e+00
CreateSiblingList 8.736056e-01 2.017068e-01 5.512819e-01 1.723862e+00
GravityAccel 1.580598e+00 3.356680e-01 1.079495e+00 2.996326e+00
Group_WriteAllData 6.542421e+00 9.996840e-04 6.541259e+00 6.544868e+00
Level_00 2.563055e+00 3.448891e-02 2.475332e+00 2.635639e+00 1.677722e+07 64 5.113898e+04
Level_01 2.597916e-01 3.617141e-02 2.113224e-01 3.000857e-01 1.231520e+05 23 3.703449e+03
Level_02 2.339110e-01 5.727266e-03 2.205746e-01 2.383102e-01 2.532720e+05 49 8.459145e+03
Level_03 3.326702e-01 6.153953e-03 3.215391e-01 3.505717e-01 8.485280e+05 154 1.992702e+04
Level_04 2.179670e+00 2.186343e-02 2.122102e+00 2.242301e+00 1.068000e+07 653 3.827987e+04
Level_05 6.194660e+00 7.773675e-02 6.027689e+00 6.553725e+00 3.516279e+07 968 4.434615e+04
Level_06 1.907437e+01 1.721340e-01 1.861730e+01 1.951985e+01 1.186810e+08 1181 4.860947e+04
Level_07 1.904023e+01 1.520066e-01 1.873790e+01 1.971176e+01 1.111132e+08 846 4.559149e+04
Level_08 4.143047e+01 2.379480e-01 4.086752e+01 4.214800e+01 1.222019e+08 518 2.304348e+04
Level_09 8.879984e+01 2.610039e-01 8.819160e+01 8.957209e+01 1.525954e+08 291 1.342516e+04
Level_10 1.606072e+02 3.825182e-01 1.598059e+02 1.618065e+02 3.187592e+08 275 1.550557e+04
MPIWaitReceive 2.143828e+01 6.760092e+00 5.730348e+00 3.513578e+01
ParticleUpdate 1.100878e-01 2.541939e-02 7.769529e-02 2.788141e-01
PrepareDensityField 1.860650e+01 2.828758e+00 1.204463e+01 2.508707e+01
RebuildHierarchy 3.714258e+01 2.542301e-01 3.648576e+01 3.777968e+01
SPCommUpdateCount 2.267318e+02 1.747893e+01 1.395738e+02 2.571902e+02
SPFinalize 2.267377e+02 1.747943e+01 1.395788e+02 2.572018e+02
SPFindTotalParticles 1.011022e+00 1.679585e-01 6.762676e-01 1.307423e+00
SPInitialize 1.574210e+00 6.452653e-02 1.467123e+00 1.701477e+00
SPRecordStarCount 5.570453e-01 1.995384e-01 1.837452e-01 1.007847e+00
SetAccelBoundary 4.403420e+00 7.206596e-01 2.679600e+00 5.861033e+00
SetBoundaryConditions 2.554832e+01 2.904675e+00 1.780835e+01 3.288632e+01
SetLevelTimeStep 9.132462e+00 1.957239e+00 4.102424e+00 1.505649e+01
SolveForPotential 1.224610e+01 2.074653e+00 6.669581e+00 1.757549e+01
SolveHydroEquations 2.342430e+01 3.526769e+00 1.786933e+01 3.515000e+01
StarParticleHandler 2.477047e+00 1.510640e+00 9.671091e-01 1.183762e+01
Total 4.012248e+02 1.429778e-03 4.012185e+02 4.012253e+02 8.871957e+08 5022 1.727515e+04
UpdateFromFinerGrids 2.517958e+00 7.145206e-01 1.316803e+00 5.098789e+00

Cycle_Number 2115
ChemistryCooling 3.547590e+01 1.209329e+01 1.538204e+01 9.316992e+01
CommBufferedSend 5.248335e-01 1.791140e-01 8.142355e-02 1.229687e+00
CommReceiveHandler 2.332126e+01 7.038736e+00 9.600707e+00 3.691764e+01
CommunicationTranspose 1.305628e-01 6.014805e-02 6.090512e-02 2.072553e-01
ComputePotentialFieldLevelZero 1.522359e-01 5.162389e-02 9.016152e-02 2.177961e-01
CopyToOldBaryon 1.163577e+00 2.672324e-01 6.798035e-01 1.932243e+00
CreateSiblingList 9.508796e-01 2.694091e-01 5.754748e-01 2.101926e+00
GravityAccel 1.537071e+00 4.038246e-01 8.161682e-01 4.183523e+00
Group_WriteAllData 6.521373e+00 1.465903e-04 6.521348e+00 6.523024e+00
Level_00 2.731443e+00 4.266338e-02 2.640934e+00 2.826250e+00 1.677722e+07 64 4.798635e+04
Level_01 2.711738e-01 4.623654e-02 2.069291e-01 3.216291e-01 1.231520e+05 23 3.548002e+03
Level_02 2.279155e-01 6.703179e-03 2.133948e-01 2.330469e-01 2.532720e+05 49 8.681672e+03
Level_03 2.699907e-01 4.650872e-03 2.633747e-01 2.874075e-01 8.483360e+05 154 2.454760e+04
Level_04 2.433686e+00 2.037314e-02 2.384265e+00 2.495205e+00 1.067062e+07 653 3.425429e+04
Level_05 7.469900e+00 1.545781e-01 7.134192e+00 7.995877e+00 3.815806e+07 961 3.990815e+04
Level_06 1.493728e+01 1.148182e-01 1.463353e+01 1.525105e+01 9.146648e+07 1205 4.783883e+04
Level_07 2.386193e+01 1.032100e-01 2.362535e+01 2.434272e+01 9.745442e+07 833 3.190700e+04
Level_08 3.665053e+01 2.090035e-01 3.606641e+01 3.730305e+01 1.275355e+08 511 2.718573e+04
Level_09 1.010281e+02 2.965148e-01 1.003337e+02 1.018039e+02 1.565717e+08 271 1.210769e+04
Level_10 1.621285e+02 3.774019e-01 1.607893e+02 1.632352e+02 3.236048e+08 261 1.559357e+04
MPIWaitReceive 2.011986e+01 6.380081e+00 8.491697e+00 3.325804e+01
ParticleUpdate 1.084275e-01 3.255160e-02 7.331600e-02 3.971357e-01
PrepareDensityField 1.792243e+01 2.319906e+00 1.045923e+01 2.396030e+01
RebuildHierarchy 3.638766e+01 2.705936e-01 3.564876e+01 3.709799e+01
SPCommUpdateCount 2.400379e+02 1.808837e+01 1.707640e+02 2.795168e+02
SPFinalize 2.400438e+02 1.808887e+01 1.707675e+02 2.795221e+02
SPFindTotalParticles 1.007706e+00 1.736062e-01 6.366156e-01 1.334783e+00
SPInitialize 1.582452e+00 8.143737e-02 1.454077e+00 1.739230e+00
SPRecordStarCount 5.683773e-01 2.064265e-01 1.473658e-01 1.050637e+00
SetAccelBoundary 4.274853e+00 7.047001e-01 2.182253e+00 6.074892e+00
SetBoundaryConditions 2.510154e+01 3.121689e+00 1.383973e+01 3.321696e+01
SetLevelTimeStep 8.954189e+00 2.039732e+00 3.389172e+00 1.685410e+01
SolveForPotential 1.157640e+01 1.644332e+00 6.872087e+00 1.714915e+01
SolveHydroEquations 2.294050e+01 4.279383e+00 1.414033e+01 3.408750e+01
StarParticleHandler 2.524447e+00 1.984175e+00 8.293952e-01 2.132663e+01
Total 4.117130e+02 1.000160e-03 4.117101e+02 4.117136e+02 8.634636e+08 4985 1.638474e+04
UpdateFromFinerGrids 2.453069e+00 6.841604e-01 8.858551e-01 4.350802e+00

