# Starting performance log. MPI processes: 128

Cycle_Number 2111
ChemistryCooling 3.337885e+01 6.518903e+00 2.197509e+01 5.587976e+01
CommBufferedSend 1.822874e+00 4.098030e-01 9.086396e-01 3.542919e+00
CommReceiveHandler 3.089091e+01 6.833748e+00 1.123011e+01 4.385619e+01
CommunicationTranspose 1.176331e-01 4.703935e-02 6.096890e-02 1.717017e-01
ComputePotentialFieldLevelZero 1.369653e-01 4.129076e-02 8.884995e-02 1.831610e-01
CopyToOldBaryon 1.119323e+00 1.803761e-01 7.404716e-01 1.729222e+00
CreateSiblingList 9.554567e-01 2.262383e-01 6.415926e-01 1.802991e+00
GravityAccel 1.665839e+00 2.098303e-01 1.252408e+00 2.668586e+00
Group_WriteAllData 2.257708e+01 6.074857e+00 1.646547e+01 2.868868e+01
Level_00 2.432561e+00 2.105713e-02 2.365071e+00 2.472760e+00 1.677722e+07 64 5.388231e+04
Level_01 1.606962e-01 3.972034e-02 1.126387e-01 2.023085e-01 1.195840e+05 53 5.813764e+03
Level_02 1.563539e-01 3.933179e-03 1.484022e-01 1.622901e-01 2.299920e+05 111 1.149196e+04
Level_03 3.530832e-01 3.359056e-03 3.450418e-01 3.618331e-01 7.868080e+05 377 1.740932e+04
Level_04 2.670252e+00 3.016650e-02 2.563776e+00 2.757964e+00 6.868272e+06 1608 2.009487e+04
Level_05 5.877234e+00 5.704461e-02 5.747965e+00 6.036719e+00 2.570395e+07 1554 3.416780e+04
Level_06 1.095160e+01 6.392967e-02 1.081232e+01 1.118782e+01 5.489727e+07 1759 3.916183e+04
Level_07 1.606179e+01 7.770410e-02 1.584955e+01 1.630165e+01 6.526316e+07 1143 3.174419e+04
Level_08 3.023336e+01 1.239294e-01 2.991538e+01 3.052981e+01 9.838274e+07 691 2.542275e+04
Level_09 6.671981e+01 2.355665e-01 6.627682e+01 6.762046e+01 1.738161e+08 427 2.035285e+04
Level_10 1.179682e+02 3.379867e-01 1.171982e+02 1.193015e+02 3.281943e+08 437 2.173482e+04
MPIWaitReceive 2.679517e+01 5.953030e+00 1.045897e+01 3.903112e+01
ParticleUpdate 1.427196e-01 1.897981e-02 1.073423e-01 2.299100e-01
PrepareDensityField 2.323273e+01 2.156017e+00 1.495075e+01 2.717963e+01
RebuildHierarchy 3.541783e+01 1.801112e-01 3.488098e+01 3.574917e+01
SPCommUpdateCount 1.327629e+02 1.001695e+01 9.909553e+01 1.595924e+02
SPFinalize 1.327693e+02 1.001761e+01 9.910093e+01 1.596013e+02
SPFindTotalParticles 1.376857e+00 2.344379e-01 8.312308e-01 1.943028e+00
SPInitialize 2.235804e+00 4.704377e-02 2.113738e+00 2.315951e+00
SPRecordStarCount 8.388986e-01 2.673062e-01 1.676800e-01 1.448449e+00
SetAccelBoundary 5.470883e+00 7.126828e-01 3.170169e+00 7.927042e+00
SetBoundaryConditions 2.810134e+01 2.276117e+00 2.081697e+01 3.464182e+01
SetLevelTimeStep 7.351627e+00 1.335865e+00 3.896366e+00 1.140575e+01
SolveForPotential 1.522265e+01 1.486676e+00 9.383498e+00 1.798900e+01
SolveHydroEquations 2.523233e+01 1.954178e+00 2.046011e+01 3.250390e+01
StarParticleHandler 3.905238e+00 1.135698e+00 2.396543e+00 1.155390e+01
Total 3.101738e+02 5.349506e-04 3.101737e+02 3.101798e+02 7.710394e+08 8224 1.942055e+04
UpdateFromFinerGrids 2.496533e+00 5.518569e-01 1.518249e+00 4.126225e+00

Cycle_Number 2112
ChemistryCooling 3.422450e+01 7.485769e+00 2.226783e+01 6.484775e+01
CommBufferedSend 9.827187e-01 3.153394e-01 3.173318e-01 2.168052e+00
CommReceiveHandler 3.117807e+01 7.587902e+00 1.188180e+01 4.523598e+01
CommunicationTranspose 1.322069e-01 6.413508e-02 5.876647e-02 2.100072e-01
ComputePotentialFieldLevelZero 1.494699e-01 5.819396e-02 8.341189e-02 2.198892e-01
CopyToOldBaryon 1.282919e+00 2.796339e-01 8.304761e-01 2.020001e+00
CreateSiblingList 1.126368e+00 4.331958e-01 6.365430e-01 2.530169e+00
GravityAccel 1.718070e+00 2.298189e-01 1.289739e+00 2.456301e+00
Group_WriteAllData 6.546642e+00 9.085751e-04 6.545308e+00 6.548974e+00
Level_00 2.292352e+00 3.462614e-02 2.223956e+00 2.365374e+00 1.677722e+07 64 5.717795e+04
Level_01 1.813790e-01 3.975451e-02 1.243154e-01 2.235762e-01 1.195840e+05 53 5.150817e+03
Level_02 1.293769e-01 6.451807e-03 1.203213e-01 1.385501e-01 2.299920e+05 111 1.388820e+04
Level_03 3.026632e-01 2.093421e-03 2.960566e-01 3.090568e-01 7.868080e+05 377 2.030950e+04
Level_04 1.925758e+00 1.381792e-02 1.887123e+00 1.962620e+00 6.868272e+06 1608 2.786351e+04
Level_05 6.413282e+00 5.616875e-02 6.205347e+00 6.643827e+00 2.826411e+07 1559 3.443063e+04
Level_06 1.222438e+01 7.662941e-02 1.205087e+01 1.245222e+01 6.335478e+07 1766 4.048950e+04
Level_07 2.161142e+01 1.045409e-01 2.119298e+01 2.189225e+01 9.020470e+07 1159 3.260888e+04
Level_08 2.965749e+01 1.097194e-01 2.939235e+01 2.995961e+01 9.773345e+07 691 2.574535e+04
Level_09 6.887942e+01 2.373650e-01 6.827539e+01 6.952732e+01 1.568560e+08 419 1.779105e+04
Level_10 1.179303e+02 3.399823e-01 1.171334e+02 1.192124e+02 3.213402e+08 445 2.128774e+04
MPIWaitReceive 2.671664e+01 7.174055e+00 1.030394e+01 4.126219e+01
ParticleUpdate 1.504204e-01 2.306971e-02 1.043533e-01 2.081404e-01
PrepareDensityField 2.322152e+01 2.106145e+00 1.434415e+01 2.670047e+01
RebuildHierarchy 4.019252e+01 2.403426e-01 3.938329e+01 4.058441e+01
SPCommUpdateCount 1.386664e+02 1.098376e+01 1.034473e+02 1.638161e+02
SPFinalize 1.386727e+02 1.098423e+01 1.034508e+02 1.638202e+02
SPFindTotalParticles 1.589629e+00 2.697665e-01 1.075114e+00 2.199454e+00
SPInitialize 2.437128e+00 6.835053e-02 2.320257e+00 2.559692e+00
SPRecordStarCount 8.415604e-01 3.021870e-01 1.520311e-01 1.389632e+00
SetAccelBoundary 5.829829e+00 7.531458e-01 3.016109e+00 7.481120e+00
SetBoundaryConditions 2.920591e+01 2.428078e+00 1.888513e+01 3.365476e+01
SetLevelTimeStep 7.246226e+00 1.696593e+00 3.731092e+00 1.361959e+01
SolveForPotential 1.528173e+01 1.424146e+00 9.716889e+00 1.794522e+01
SolveHydroEquations 2.541462e+01 1.685856e+00 2.157093e+01 3.099562e+01
StarParticleHandler 3.664620e+00 1.005670e+00 2.043546e+00 9.604705e+00
Total 3.259929e+02 2.630321e-03 3.259854e+02 3.259947e+02 7.825350e+08 8252 1.875365e+04
UpdateFromFinerGrids 2.688451e+00 7.095366e-01 1.529178e+00 4.390090e+00

Cycle_Number 2113
ChemistryCooling 3.500107e+01 9.184215e+00 2.358604e+01 1.069343e+02
CommBufferedSend 1.067486e+00 3.516298e-01 3.638920e-01 2.451604e+00
CommReceiveHandler 3.571398e+01 8.033293e+00 1.287472e+01 4.965078e+01
CommunicationTranspose 1.119993e-01 5.696061e-02 4.176329e-02 1.893709e-01
ComputePotentialFieldLevelZero 1.313530e-01 5.012491e-02 7.198203e-02 1.998221e-01
CopyToOldBaryon 1.383707e+00 2.710059e-01 9.009313e-01 2.215739e+00
CreateSiblingList 1.275719e+00 4.351589e-01 6.898289e-01 2.827090e+00
GravityAccel 1.779169e+00 2.187361e-01 1.435950e+00 2.580224e+00
Group_WriteAllData 7.701515e+00 3.386255e-04 7.701472e+00 7.705330e+00
Level_00 2.262573e+00 2.873197e-02 2.205812e+00 2.326910e+00 1.677722e+07 64 5.793051e+04
Level_01 2.077780e-01 4.163228e-02 1.577595e-01 2.544669e-01 1.206080e+05 54 4.534889e+03
Level_02 1.400092e-01 3.150243e-03 1.354813e-01 1.454116e-01 2.305520e+05 111 1.286478e+04
Level_03 2.910901e-01 2.230123e-03 2.843914e-01 2.953266e-01 7.867280e+05 377 2.111481e+04
Level_04 1.995880e+00 1.579656e-02 1.965857e+00 2.044495e+00 6.870000e+06 1610 2.689134e+04
Level_05 7.090282e+00 7.278091e-02 6.851620e+00 7.320772e+00 3.086195e+07 1559 3.400556e+04
Level_06 1.645254e+01 1.078375e-01 1.625050e+01 1.693399e+01 8.074052e+07 1779 3.833970e+04
Level_07 2.673422e+01 1.628497e-01 2.618610e+01 2.728614e+01 1.138777e+08 1154 3.327831e+04
Level_08 3.280483e+01 1.827007e-01 3.244169e+01 3.397447e+01 1.038974e+08 683 2.474326e+04
Level_09 6.905236e+01 2.225646e-01 6.854800e+01 6.973643e+01 1.425098e+08 416 1.612338e+04
Level_10 1.271536e+02 2.757725e-01 1.263665e+02 1.281398e+02 3.066523e+08 447 1.884116e+04
MPIWaitReceive 3.077947e+01 7.360201e+00 1.131485e+01 4.519240e+01
ParticleUpdate 1.567040e-01 2.233373e-02 1.157752e-01 2.240705e-01
PrepareDensityField 2.647629e+01 2.206931e+00 1.818511e+01 3.080024e+01
RebuildHierarchy 4.003307e+01 1.920677e-01 3.941563e+01 4.058949e+01
SPCommUpdateCount 1.531253e+02 1.216834e+01 6.971361e+01 1.801116e+02
SPFinalize 1.531315e+02 1.216859e+01 6.971779e+01 1.801241e+02
SPFindTotalParticles 1.707866e+00 2.901459e-01 1.115252e+00 2.320198e+00
SPInitialize 2.617012e+00 6.189028e-02 2.477421e+00 2.744807e+00
SPRecordStarCount 9.027766e-01 3.144809e-01 1.997116e-01 1.597584e+00
SetAccelBoundary 6.610704e+00 8.787418e-01 3.966418e+00 1.136746e+01
SetBoundaryConditions 3.252813e+01 2.334229e+00 2.472939e+01 4.071011e+01
SetLevelTimeStep 7.877274e+00 1.588098e+00 3.835814e+00 1.163699e+01
SolveForPotential 1.767378e+01 1.563603e+00 1.139135e+01 2.098082e+01
SolveHydroEquations 2.612748e+01 1.833209e+00 2.273389e+01 3.297069e+01
StarParticleHandler 3.651428e+00 8.302344e-01 2.300307e+00 6.421777e+00
Total 3.517321e+02 1.267596e-03 3.517280e+02 3.517350e+02 8.033247e+08 8254 1.784305e+04
UpdateFromFinerGrids 2.969764e+00 7.350981e-01 1.706794e+00 4.875808e+00

Cycle_Number 2114
ChemistryCooling 3.465833e+01 7.966482e+00 2.470109e+01 6.476016e+01
CommBufferedSend 1.021729e+00 3.351414e-01 3.354052e-01 2.454764e+00
CommReceiveHandler 3.607054e+01 8.607601e+00 1.083659e+01 5.182789e+01
CommunicationTranspose 1.386429e-01 7.018871e-02 5.628251e-02 2.297344e-01
ComputePotentialFieldLevelZero 1.580671e-01 6.196367e-02 8.661088e-02 2.391102e-01
CopyToOldBaryon 1.531045e+00 3.581384e-01 9.184083e-01 2.426973e+00
CreateSiblingList 1.420768e+00 6.428557e-01 6.602360e-01 3.254326e+00
GravityAccel 1.792956e+00 2.211929e-01 1.409630e+00 2.522572e+00
Group_WriteAllData 6.519242e+00 9.296714e-04 6.517645e+00 6.521842e+00
Level_00 2.550249e+00 3.770766e-02 2.490125e+00 2.638417e+00 1.677722e+07 64 5.139577e+04
Level_01 2.031064e-01 4.743666e-02 1.485949e-01 2.545165e-01 1.206080e+05 54 4.639194e+03
Level_02 1.626801e-01 8.256937e-03 1.482140e-01 1.725968e-01 2.305520e+05 111 1.107196e+04
Level_03 3.413843e-01 3.129335e-03 3.348976e-01 3.491544e-01 7.867280e+05 377 1.800408e+04
Level_04 2.242227e+00 2.469348e-02 2.190973e+00 2.318516e+00 6.870000e+06 1610 2.393686e+04
Level_05 7.379955e+00 7.032356e-02 7.210001e+00 7.689686e+00 3.081930e+07 1557 3.262565e+04
Level_06 1.655527e+01 1.271602e-01 1.607137e+01 1.694984e+01 8.355357e+07 1767 3.942928e+04
Level_07 2.624894e+01 1.398830e-01 2.595785e+01 2.661628e+01 1.092792e+08 1147 3.252489e+04
Level_08 3.252188e+01 1.485750e-01 3.221746e+01 3.315072e+01 1.043258e+08 677 2.506145e+04
Level_09 7.166121e+01 1.961935e-01 7.128147e+01 7.264261e+01 1.386612e+08 415 1.511683e+04
Level_10 1.432918e+02 2.517792e-01 1.425173e+02 1.443965e+02 3.004379e+08 435 1.638036e+04
MPIWaitReceive 3.081986e+01 8.616153e+00 9.643669e+00 4.671064e+01
ParticleUpdate 1.569131e-01 2.324896e-02 1.110458e-01 2.240815e-01
PrepareDensityField 2.629595e+01 1.981808e+00 1.757500e+01 3.020997e+01
RebuildHierarchy 4.091302e+01 2.243400e-01 4.025276e+01 4.153946e+01
SPCommUpdateCount 1.718620e+02 1.052277e+01 1.296900e+02 1.956358e+02
SPFinalize 1.718680e+02 1.052324e+01 1.296934e+02 1.956473e+02
SPFindTotalParticles 1.702014e+00 3.129425e-01 1.102427e+00 2.276556e+00
SPInitialize 2.555302e+00 8.072712e-02 2.381570e+00 2.703766e+00
SPRecordStarCount 8.470161e-01 3.506929e-01 1.832700e-01 1.587672e+00
SetAccelBoundary 6.670959e+00 7.546609e-01 3.529573e+00 8.800476e+00
SetBoundaryConditions 3.314784e+01 2.022454e+00 2.586903e+01 3.732430e+01
SetLevelTimeStep 7.207392e+00 1.622576e+00 3.404570e+00 1.141349e+01
SolveForPotential 1.724236e+01 1.374238e+00 1.084376e+01 1.946007e+01
SolveHydroEquations 2.580604e+01 1.512144e+00 2.233911e+01 3.150615e+01
StarParticleHandler 4.758412e+00 9.659992e-01 3.268667e+00 1.112365e+01
Total 3.704620e+02 2.417447e-03 3.704510e+02 3.704628e+02 7.918621e+08 8214 1.669921e+04
UpdateFromFinerGrids 3.055389e+00 8.305608e-01 1.592421e+00 5.046457e+00

Cycle_Number 2115
ChemistryCooling 3.401098e+01 7.578821e+00 2.369713e+01 5.856079e+01
CommBufferedSend 1.000486e+00 3.052908e-01 3.905996e-01 2.234885e+00
CommReceiveHandler 3.305229e+01 7.459143e+00 1.428065e+01 5.098645e+01
CommunicationTranspose 1.163728e-01 5.806597e-02 4.582730e-02 1.957047e-01
ComputePotentialFieldLevelZero 1.365744e-01 5.039853e-02 7.832334e-02 2.055779e-01
CopyToOldBaryon 1.420901e+00 2.526425e-01 9.055744e-01 2.119148e+00
CreateSiblingList 1.368376e+00 4.677889e-01 6.400641e-01 2.734294e+00
GravityAccel 1.728923e+00 2.719311e-01 1.305448e+00 3.901493e+00
Group_WriteAllData 6.607595e+00 2.142564e-04 6.607566e+00 6.610009e+00
Level_00 2.842588e+00 3.369562e-02 2.795261e+00 2.922097e+00 1.677722e+07 64 4.611010e+04
Level_01 1.617119e-01 3.777412e-02 1.159789e-01 2.044052e-01 1.206080e+05 54 5.826719e+03
Level_02 1.297583e-01 3.057510e-03 1.259054e-01 1.350137e-01 2.305520e+05 111 1.388110e+04
Level_03 3.319649e-01 2.083387e-03 3.243214e-01 3.367553e-01 7.865360e+05 377 1.851043e+04
Level_04 2.163610e+00 1.748884e-02 2.126800e+00 2.211434e+00 6.868304e+06 1609 2.480051e+04
Level_05 7.884793e+00 8.285525e-02 7.652133e+00 8.107672e+00 3.347474e+07 1554 3.316782e+04
Level_06 1.797603e+01 9.567836e-02 1.770181e+01 1.838400e+01 9.228933e+07 1740 4.010954e+04
Level_07 2.117614e+01 8.460549e-02 2.099936e+01 2.159635e+01 8.818710e+07 1151 3.253481e+04
Level_08 3.153369e+01 1.345461e-01 3.108358e+01 3.224002e+01 9.676039e+07 681 2.397247e+04
Level_09 6.335866e+01 2.349011e-01 6.281058e+01 6.433719e+01 1.339855e+08 428 1.652121e+04
Level_10 1.451764e+02 2.858440e-01 1.445218e+02 1.463043e+02 3.001137e+08 436 1.615026e+04
MPIWaitReceive 2.818226e+01 6.900729e+00 1.187997e+01 4.644674e+01
ParticleUpdate 1.494827e-01 3.368997e-02 1.063673e-01 4.486325e-01
PrepareDensityField 2.517367e+01 2.272342e+00 1.618267e+01 2.890226e+01
RebuildHierarchy 3.950033e+01 2.348867e-01 3.872025e+01 4.002444e+01
SPCommUpdateCount 1.674933e+02 1.083659e+01 1.246400e+02 1.913346e+02
SPFinalize 1.674989e+02 1.083711e+01 1.246436e+02 1.913408e+02
SPFindTotalParticles 1.634380e+00 2.633598e-01 1.059497e+00 2.194330e+00
SPInitialize 2.448340e+00 6.687121e-02 2.311466e+00 2.585138e+00
SPRecordStarCount 8.077567e-01 2.860506e-01 2.203699e-01 1.494396e+00
SetAccelBoundary 6.134375e+00 8.045614e-01 3.457307e+00 8.339200e+00
SetBoundaryConditions 3.087382e+01 2.318624e+00 2.176159e+01 3.512864e+01
SetLevelTimeStep 6.797641e+00 1.560301e+00 3.502222e+00 1.271458e+01
SolveForPotential 1.652443e+01 1.548459e+00 1.040822e+01 1.864757e+01
SolveHydroEquations 2.503270e+01 1.627369e+00 2.169424e+01 3.002565e+01
StarParticleHandler 3.659598e+00 1.729701e+00 2.207215e+00 2.033080e+01
Total 3.575216e+02 9.655157e-04 3.575173e+02 3.575221e+02 7.695940e+08 8205 1.681703e+04
UpdateFromFinerGrids 2.954328e+00 6.642126e-01 1.437037e+00 5.135884e+00

