# Starting performance log. MPI processes: 128

Cycle_Number 2111
ChemistryCooling 3.872910e+01 6.020466e+01 3.149155e+00 4.731892e+02
CommBufferedSend 3.337609e-01 3.367962e-01 6.217087e-02 2.330605e+00
CommReceiveHandler 3.550455e+01 1.600342e+01 7.318463e+00 8.738654e+01
CommunicationTranspose 1.530826e-01 4.661196e-02 9.622153e-02 2.035218e-01
ComputePotentialFieldLevelZero 1.738659e-01 4.081405e-02 1.241325e-01 2.165633e-01
CopyToOldBaryon 6.029959e-01 5.889024e-01 1.228777e-01 3.735080e+00
CreateSiblingList 5.198897e-01 1.159873e-01 3.448083e-01 9.029076e-01
GravityAccel 1.317035e+00 1.588010e+00 1.739713e-01 9.847533e+00
Group_WriteAllData 2.210262e+01 5.300448e+00 1.676975e+01 2.742413e+01
Level_00 2.711163e+00 2.290157e-02 2.666340e+00 2.751370e+00 1.677722e+07 64 4.834531e+04
Level_01 3.019022e-01 3.393419e-02 2.562265e-01 3.360657e-01 1.231840e+05 12 3.187705e+03
Level_02 8.333157e-01 1.709722e-03 8.317505e-01 8.404038e-01 2.694880e+05 27 2.526503e+03
Level_03 2.089017e+00 2.265999e-02 2.004904e+00 2.096827e+00 8.803280e+05 81 3.292247e+03
Level_04 1.003181e+01 6.834578e-02 9.942960e+00 1.015889e+01 7.646352e+06 205 5.954769e+03
Level_05 3.120656e+01 5.709596e-01 3.037215e+01 3.222732e+01 3.302912e+07 722 8.268774e+03
Level_06 6.907619e+01 7.404824e-01 6.794185e+01 7.116675e+01 8.134402e+07 954 9.199988e+03
Level_07 1.049385e+02 1.243020e+00 1.007167e+02 1.061429e+02 9.764658e+07 742 7.269630e+03
Level_08 8.155754e+01 2.527419e+00 7.632751e+01 8.474412e+01 1.206727e+08 477 1.155939e+04
Level_09 1.655245e+02 9.065383e-01 1.607500e+02 1.674961e+02 2.046976e+08 244 9.661411e+03
Level_10 4.368396e+02 1.192179e+00 4.301291e+02 4.396422e+02 3.815374e+08 216 6.823468e+03
MPIWaitReceive 3.474275e+01 1.558244e+01 7.212348e+00 8.473354e+01
ParticleUpdate 7.479328e-02 5.750179e-02 3.253188e-02 3.194078e-01
PrepareDensityField 2.366190e+01 1.095414e+01 4.436365e+00 6.425576e+01
RebuildHierarchy 4.719983e+01 3.824687e-01 4.525058e+01 4.769327e+01
SPCommUpdateCount 7.442490e+02 9.716620e+01 1.993894e+02 8.251284e+02
SPFinalize 7.442545e+02 9.716646e+01 1.993936e+02 8.251346e+02
SPFindTotalParticles 6.768405e-01 9.542831e-02 4.352476e-01 8.870311e-01
SPInitialize 1.219702e+00 5.107589e-02 1.108357e+00 1.301400e+00
SPRecordStarCount 5.339262e-01 1.260082e-01 2.500163e-01 8.591178e-01
SetAccelBoundary 6.054964e+00 2.329548e+00 1.862619e+00 1.314819e+01
SetBoundaryConditions 2.798097e+01 1.477919e+01 4.464959e+00 9.286614e+01
SetLevelTimeStep 5.330405e+01 9.892696e+00 9.738465e+00 6.879724e+01
SolveForPotential 1.787746e+01 8.399833e+00 2.853628e+00 4.825979e+01
SolveHydroEquations 2.023759e+01 2.435256e+01 2.238361e+00 1.507381e+02
StarParticleHandler 2.408575e+00 3.858267e+00 1.519304e-01 2.040862e+01
Total 9.878883e+02 5.099705e-04 9.878882e+02 9.878940e+02 9.446240e+08 3744 7.470354e+03
UpdateFromFinerGrids 1.212621e+00 9.967377e-01 1.501083e-01 5.968436e+00

Cycle_Number 2112
ChemistryCooling 3.906587e+01 6.092629e+01 2.263402e+00 4.027857e+02
CommBufferedSend 2.359896e-01 2.387892e-01 3.413236e-02 1.623332e+00
CommReceiveHandler 3.559357e+01 2.151842e+01 6.984522e+00 1.380679e+02
CommunicationTranspose 1.038705e-01 5.243369e-02 4.159491e-02 1.628719e-01
ComputePotentialFieldLevelZero 1.217615e-01 4.591951e-02 6.825426e-02 1.722715e-01
CopyToOldBaryon 6.365515e-01 6.623388e-01 1.035243e-01 4.381222e+00
CreateSiblingList 5.940605e-01 1.402432e-01 3.635188e-01 1.065996e+00
GravityAccel 1.351184e+00 1.826536e+00 1.367106e-01 1.386030e+01
Group_WriteAllData 6.721808e+00 7.382830e-04 6.720682e+00 6.723829e+00
Level_00 2.759443e+00 2.679073e-02 2.710579e+00 2.807932e+00 1.677722e+07 64 4.749944e+04
Level_01 3.452824e-01 3.312319e-02 2.984331e-01 3.797228e-01 1.231840e+05 12 2.787211e+03
Level_02 7.346712e-01 3.818341e-03 7.190435e-01 7.364771e-01 2.694880e+05 27 2.865738e+03
Level_03 2.030196e+00 1.589101e-02 1.965448e+00 2.035969e+00 8.803280e+05 81 3.387635e+03
Level_04 9.420102e+00 1.018475e-01 9.320688e+00 9.636429e+00 7.646352e+06 205 6.341452e+03
Level_05 3.453952e+01 6.529903e-01 3.347987e+01 3.570702e+01 3.631461e+07 713 8.214008e+03
Level_06 9.490921e+01 1.096761e+00 9.318812e+01 9.747634e+01 1.131150e+08 958 9.311120e+03
Level_07 1.396062e+02 1.862572e+00 1.343695e+02 1.422506e+02 1.432312e+08 728 8.015360e+03
Level_08 1.407256e+02 1.998828e+00 1.336551e+02 1.427829e+02 1.284924e+08 472 7.133363e+03
Level_09 1.468258e+02 1.678289e+00 1.410252e+02 1.486208e+02 1.653030e+08 236 8.795661e+03
Level_10 4.366323e+02 1.205683e+00 4.302117e+02 4.387420e+02 3.571666e+08 198 6.390651e+03
MPIWaitReceive 3.482002e+01 2.106624e+01 6.748199e+00 1.374505e+02
ParticleUpdate 7.686460e-02 5.691973e-02 3.247132e-02 3.193552e-01
PrepareDensityField 2.377226e+01 1.329466e+01 4.393555e+00 7.861659e+01
RebuildHierarchy 5.366197e+01 4.791199e-01 5.079934e+01 5.440877e+01
SPCommUpdateCount 8.260420e+02 1.066529e+02 1.704182e+02 9.093646e+02
SPFinalize 8.260474e+02 1.066533e+02 1.704210e+02 9.093695e+02
SPFindTotalParticles 7.039668e-01 1.236548e-01 4.365405e-01 1.027870e+00
SPInitialize 1.258546e+00 5.706765e-02 1.120083e+00 1.351460e+00
SPRecordStarCount 5.492643e-01 1.577583e-01 1.709200e-01 8.918275e-01
SetAccelBoundary 6.549740e+00 3.557590e+00 2.086345e+00 2.867954e+01
SetBoundaryConditions 2.901873e+01 2.093030e+01 4.952424e+00 1.242061e+02
SetLevelTimeStep 7.227080e+01 1.435847e+01 5.653700e+00 8.843230e+01
SolveForPotential 1.830423e+01 1.052785e+01 2.910184e+00 6.168042e+01
SolveHydroEquations 2.066212e+01 2.844745e+01 1.963137e+00 2.183418e+02
StarParticleHandler 2.258152e+00 3.792778e+00 9.098577e-02 2.112315e+01
Total 1.102457e+03 1.873240e-03 1.102450e+03 1.102458e+03 9.693194e+08 3694 6.869028e+03
UpdateFromFinerGrids 1.321502e+00 1.132531e+00 1.544541e-01 7.297972e+00

Cycle_Number 2113
ChemistryCooling 3.809261e+01 6.596488e+01 4.301244e-02 4.237106e+02
CommBufferedSend 2.020379e-01 2.918426e-01 1.353167e-02 1.858542e+00
CommReceiveHandler 2.196352e+01 1.927622e+01 2.294120e+00 1.076917e+02
CommunicationTranspose 1.107801e-01 5.375026e-02 4.535956e-02 1.723262e-01
ComputePotentialFieldLevelZero 1.302918e-01 4.561662e-02 7.718149e-02 1.812016e-01
CopyToOldBaryon 5.821976e-01 7.953691e-01 2.864625e-02 4.808946e+00
CreateSiblingList 6.532374e-01 2.235417e-01 3.357334e-01 1.379096e+00
GravityAccel 1.307154e+00 1.982844e+00 2.934542e-02 1.239016e+01
Group_WriteAllData 6.559224e+00 1.850177e-04 6.559199e+00 6.561309e+00
Level_00 2.184597e+00 2.997730e-02 2.136490e+00 2.243564e+00 1.677722e+07 64 5.999824e+04
Level_01 2.830692e-01 4.074392e-02 2.277303e-01 3.274854e-01 1.241520e+05 12 3.426503e+03
Level_02 4.046651e-01 4.084791e-03 3.915472e-01 4.069433e-01 2.694880e+05 27 5.202759e+03
Level_03 1.697076e+00 9.986662e-03 1.674891e+00 1.703458e+00 8.830000e+05 82 4.064896e+03
Level_04 5.177287e+00 5.853047e-02 5.068210e+00 5.552371e+00 7.608016e+06 211 1.148046e+04
Level_05 2.839311e+01 4.984952e-01 2.774646e+01 2.959574e+01 2.990474e+07 699 8.228433e+03
Level_06 7.564213e+01 8.328801e-01 7.390079e+01 7.749995e+01 1.062748e+08 961 1.097632e+04
Level_07 1.208462e+02 1.363046e+00 1.154149e+02 1.229608e+02 1.447676e+08 723 9.358975e+03
Level_08 1.077397e+02 1.870615e+00 1.008968e+02 1.097297e+02 1.225627e+08 466 8.887353e+03
Level_09 1.497330e+02 1.261740e+00 1.414497e+02 1.509027e+02 1.586431e+08 235 8.277394e+03
Level_10 4.032723e+02 7.896661e-01 3.993970e+02 4.051466e+02 3.420286e+08 206 6.626040e+03
MPIWaitReceive 2.142040e+01 1.901433e+01 2.253088e+00 1.072959e+02
ParticleUpdate 6.725577e-02 6.280278e-02 2.046439e-02 3.016275e-01
PrepareDensityField 1.701780e+01 1.254738e+01 1.739732e+00 7.046506e+01
RebuildHierarchy 4.682825e+01 5.187065e-01 4.408500e+01 4.759065e+01
SPCommUpdateCount 7.324258e+02 1.122565e+02 9.832975e+01 8.131835e+02
SPFinalize 7.324312e+02 1.122569e+02 9.833311e+01 8.131886e+02
SPFindTotalParticles 6.663346e-01 1.213345e-01 4.190214e-01 9.167282e-01
SPInitialize 1.252671e+00 6.693738e-02 1.114181e+00 1.364660e+00
SPRecordStarCount 5.814624e-01 1.696493e-01 2.405994e-01 9.432813e-01
SetAccelBoundary 4.301923e+00 2.916256e+00 7.870041e-01 1.419965e+01
SetBoundaryConditions 2.156684e+01 1.914219e+01 1.110303e+00 1.089826e+02
SetLevelTimeStep 6.646839e+01 1.332524e+01 4.654920e+00 8.065119e+01
SolveForPotential 1.249633e+01 9.789040e+00 1.043073e+00 5.519000e+01
SolveHydroEquations 1.980742e+01 3.072387e+01 2.379173e-02 1.976705e+02
StarParticleHandler 2.174086e+00 3.889614e+00 2.882075e-02 1.784981e+01
Total 9.815918e+02 2.182429e-03 9.815823e+02 9.815928e+02 9.298434e+08 3686 7.400633e+03
UpdateFromFinerGrids 1.044422e+00 1.184525e+00 4.169588e-02 6.822346e+00

Cycle_Number 2114
ChemistryCooling 3.832121e+01 6.473796e+01 2.150069e-02 4.406086e+02
CommBufferedSend 1.578447e-01 1.810878e-01 4.078026e-03 1.307083e+00
CommReceiveHandler 2.245620e+01 1.815919e+01 1.804790e-03 1.098640e+02
CommunicationTranspose 1.044361e-01 4.611895e-02 4.699871e-02 1.565764e-01
ComputePotentialFieldLevelZero 1.222614e-01 4.001028e-02 7.423525e-02 1.670428e-01
CopyToOldBaryon 5.968408e-01 7.781255e-01 2.420174e-02 4.839135e+00
CreateSiblingList 6.809482e-01 2.206263e-01 3.496640e-01 1.324074e+00
GravityAccel 1.301970e+00 1.920883e+00 2.578307e-02 1.223488e+01
Group_WriteAllData 6.721769e+00 5.107570e-04 6.721018e+00 6.723276e+00
Level_00 2.055926e+00 2.948718e-02 2.003759e+00 2.115143e+00 1.677722e+07 64 6.375327e+04
Level_01 3.321676e-01 3.672807e-02 2.804271e-01 3.720752e-01 1.241520e+05 12 2.920024e+03
Level_02 5.250214e-01 6.231629e-03 5.056789e-01 5.279057e-01 2.694880e+05 27 4.010075e+03
Level_03 1.356484e+00 2.019362e-02 1.305827e+00 1.387744e+00 8.830000e+05 82 5.085528e+03
Level_04 8.321533e+00 4.047965e-02 8.152097e+00 8.654333e+00 7.608016e+06 211 7.142629e+03
Level_05 3.636865e+01 7.591149e-01 3.549870e+01 3.828365e+01 3.986631e+07 706 8.563848e+03
Level_06 9.279858e+01 1.042949e+00 9.045103e+01 9.507372e+01 1.310426e+08 967 1.103217e+04
Level_07 1.047765e+02 1.930482e+00 9.818588e+01 1.065219e+02 1.176487e+08 717 8.772290e+03
Level_08 9.778677e+01 1.591197e+00 9.371030e+01 1.000545e+02 1.168467e+08 457 9.335260e+03
Level_09 1.531673e+02 1.086252e+00 1.454028e+02 1.543922e+02 1.623856e+08 223 8.282694e+03
Level_10 3.947724e+02 7.712803e-01 3.907472e+02 3.974726e+02 3.512498e+08 199 6.951192e+03
MPIWaitReceive 2.185374e+01 1.793206e+01 0.000000e+00 1.094883e+02
ParticleUpdate 6.697352e-02 6.047463e-02 1.932719e-02 3.372569e-01
PrepareDensityField 1.663470e+01 1.217980e+01 3.623667e-01 6.955138e+01
RebuildHierarchy 5.224791e+01 5.322618e-01 4.946879e+01 5.291695e+01
SPCommUpdateCount 7.293622e+02 1.088755e+02 1.053665e+02 8.119724e+02
SPFinalize 7.293677e+02 1.088761e+02 1.053698e+02 8.119798e+02
SPFindTotalParticles 6.640132e-01 1.333987e-01 4.252481e-01 9.828786e-01
SPInitialize 1.236657e+00 6.415996e-02 1.087720e+00 1.342966e+00
SPRecordStarCount 5.675880e-01 1.748166e-01 1.736514e-01 9.059786e-01
SetAccelBoundary 4.279758e+00 2.411465e+00 4.312113e-01 1.395012e+01
SetBoundaryConditions 2.231238e+01 1.818871e+01 5.022918e-02 1.089826e+02
SetLevelTimeStep 6.659268e+01 1.285402e+01 4.678841e+00 8.273238e+01
SolveForPotential 1.213059e+01 9.533914e+00 2.048238e-02 5.424181e+01
SolveHydroEquations 1.962649e+01 2.946256e+01 0.000000e+00 1.939688e+02
StarParticleHandler 2.189189e+00 3.786956e+00 2.696393e-02 1.864312e+01
Total 9.842460e+02 1.108715e-03 9.842414e+02 9.842466e+02 9.447015e+08 3665 7.498614e+03
UpdateFromFinerGrids 1.095344e+00 1.180618e+00 3.168375e-02 7.121850e+00

Cycle_Number 2115
ChemistryCooling 3.784220e+01 6.992907e+01 2.127139e-02 5.423239e+02
CommBufferedSend 1.725060e-01 2.248410e-01 4.453048e-03 1.250459e+00
CommReceiveHandler 1.816726e+01 1.873887e+01 1.766722e-03 9.098086e+01
CommunicationTranspose 1.311164e-01 6.157729e-02 4.892747e-02 2.002856e-01
ComputePotentialFieldLevelZero 1.535421e-01 5.131954e-02 9.020149e-02 2.103737e-01
CopyToOldBaryon 5.674326e-01 7.695006e-01 2.326331e-02 5.039393e+00
CreateSiblingList 7.097439e-01 2.798838e-01 3.881031e-01 1.488950e+00
GravityAccel 1.290727e+00 1.937241e+00 2.465662e-02 1.143838e+01
Group_WriteAllData 6.645062e+00 1.488125e-04 6.645036e+00 6.646738e+00
Level_00 2.964706e+00 4.211641e-02 2.893727e+00 3.042944e+00 1.677722e+07 64 4.421080e+04
Level_01 3.398212e-01 3.946842e-02 2.789303e-01 3.815226e-01 1.241520e+05 12 2.854258e+03
Level_02 7.438791e-01 5.222917e-03 7.252454e-01 7.462954e-01 2.696560e+05 27 2.832029e+03
Level_03 1.660311e+00 3.346643e-02 1.586220e+00 1.720241e+00 8.864080e+05 82 4.170944e+03
Level_04 3.950797e+00 8.467682e-02 3.797821e+00 4.147422e+00 7.608736e+06 213 1.504589e+04
Level_05 1.620793e+01 2.685173e-01 1.589513e+01 1.677171e+01 2.967557e+07 715 1.430413e+04
Level_06 5.682132e+01 7.182503e-01 5.530499e+01 5.864418e+01 1.064102e+08 962 1.463059e+04
Level_07 9.654125e+01 1.033085e+00 9.262698e+01 9.773472e+01 1.290693e+08 723 1.044480e+04
Level_08 1.031410e+02 1.401228e+00 9.523466e+01 1.047548e+02 1.264606e+08 456 9.578864e+03
Level_09 1.309852e+02 1.273987e+00 1.242781e+02 1.322053e+02 1.561342e+08 222 9.312493e+03
Level_10 5.176435e+02 8.759894e-01 5.144701e+02 5.204454e+02 3.489455e+08 195 5.266437e+03
MPIWaitReceive 1.756069e+01 1.820932e+01 0.000000e+00 9.034588e+01
ParticleUpdate 6.562734e-02 6.420094e-02 1.917132e-02 3.563287e-01
PrepareDensityField 1.484804e+01 1.316364e+01 4.066965e-01 6.312496e+01
RebuildHierarchy 4.897646e+01 5.724361e-01 4.648313e+01 4.981259e+01
SPCommUpdateCount 7.790031e+02 1.146240e+02 1.963758e+02 8.585917e+02
SPFinalize 7.790085e+02 1.146247e+02 1.963796e+02 8.585981e+02
SPFindTotalParticles 7.027426e-01 1.323851e-01 4.090257e-01 1.091292e+00
SPInitialize 1.340730e+00 7.932686e-02 1.217234e+00 1.470796e+00
SPRecordStarCount 6.327784e-01 1.840824e-01 1.545183e-01 1.046957e+00
SetAccelBoundary 3.891251e+00 2.804302e+00 3.866395e-01 1.391241e+01
SetBoundaryConditions 1.979279e+01 1.973264e+01 4.821020e-02 1.013224e+02
SetLevelTimeStep 5.950725e+01 1.304417e+01 4.172088e+00 7.330763e+01
SolveForPotential 1.085230e+01 1.017576e+01 1.894173e-02 4.790332e+01
SolveHydroEquations 1.933813e+01 2.981816e+01 0.000000e+00 1.739818e+02
StarParticleHandler 2.164400e+00 4.024119e+00 2.643622e-02 2.051867e+01
Total 1.017496e+03 2.879787e-03 1.017481e+03 1.017497e+03 9.223616e+08 3671 7.082042e+03
UpdateFromFinerGrids 1.013055e+00 1.186779e+00 3.055051e-02 7.156362e+00

