# Starting performance log. MPI processes: 128

Cycle_Number 2111
ChemistryCooling 3.882610e+01 8.127735e+01 1.524654e+00 6.218141e+02
CommBufferedSend 3.277294e-01 5.453148e-01 3.356262e-02 5.370582e+00
CommReceiveHandler 6.888288e+01 4.399772e+01 7.024085e+00 2.533673e+02
CommunicationTranspose 1.453579e-01 6.754677e-02 6.668051e-02 2.170897e-01
ComputePotentialFieldLevelZero 1.659761e-01 6.067830e-02 9.475337e-02 2.293901e-01
CopyToOldBaryon 5.864684e-01 9.758979e-01 1.059077e-01 9.022213e+00
CreateSiblingList 5.862863e-01 1.601936e-01 3.771611e-01 1.083189e+00
GravityAccel 1.315486e+00 2.526525e+00 1.056624e-01 2.338996e+01
Group_WriteAllData 2.656488e+01 7.005112e+00 1.953380e+01 3.358606e+01
Level_00 2.485099e+00 1.933847e-02 2.430898e+00 2.526431e+00 1.677722e+07 64 5.274317e+04
Level_01 3.327986e-01 3.899627e-02 2.807611e-01 3.734969e-01 1.231840e+05 12 2.891764e+03
Level_02 8.645464e-01 9.907015e-04 8.597972e-01 8.659229e-01 2.694880e+05 27 2.435237e+03
Level_03 2.159235e+00 1.514190e-02 2.108777e+00 2.164627e+00 8.803280e+05 81 3.185185e+03
Level_04 1.526936e+01 1.401174e-01 1.514890e+01 1.569079e+01 7.646352e+06 205 3.912221e+03
Level_05 6.485061e+01 1.801315e+00 6.245122e+01 6.719648e+01 3.302912e+07 722 3.978991e+03
Level_06 1.400173e+02 2.172221e+00 1.376404e+02 1.438671e+02 8.134402e+07 954 4.538727e+03
Level_07 1.666864e+02 3.730244e+00 1.565128e+02 1.699638e+02 9.764658e+07 742 4.576641e+03
Level_08 2.004329e+02 4.280177e+00 1.895808e+02 2.051437e+02 1.206727e+08 477 4.703597e+03
Level_09 2.992850e+02 2.664226e+00 2.877795e+02 3.020680e+02 2.046976e+08 244 5.343401e+03
Level_10 4.915523e+02 2.433118e+00 4.809743e+02 4.947861e+02 3.815374e+08 216 6.063976e+03
MPIWaitReceive 6.814932e+01 4.365920e+01 3.435462e+00 2.520660e+02
ParticleUpdate 6.935173e-02 6.487298e-02 2.861030e-02 3.975918e-01
PrepareDensityField 3.517136e+01 1.911053e+01 6.722628e+00 1.299195e+02
RebuildHierarchy 7.745633e+01 6.329889e-01 7.228380e+01 7.797925e+01
SPCommUpdateCount 1.132876e+03 1.419225e+02 2.619796e+01 1.228221e+03
SPFinalize 1.132883e+03 1.419228e+02 2.620278e+01 1.228231e+03
SPFindTotalParticles 7.217435e-01 1.177035e-01 4.390481e-01 1.071913e+00
SPInitialize 1.334738e+00 5.182994e-02 1.211549e+00 1.420475e+00
SPRecordStarCount 5.975884e-01 1.492660e-01 1.901023e-01 9.682859e-01
SetAccelBoundary 1.167438e+01 6.083408e+00 3.007505e+00 2.840236e+01
SetBoundaryConditions 4.777094e+01 3.159582e+01 5.355524e+00 1.958376e+02
SetLevelTimeStep 1.191691e+02 2.170437e+01 7.250915e+00 1.483879e+02
SolveForPotential 2.733144e+01 1.525521e+01 4.766335e+00 1.012028e+02
SolveHydroEquations 1.997542e+01 4.052186e+01 1.442319e+00 3.792931e+02
StarParticleHandler 2.407081e+00 4.288579e+00 8.485587e-02 2.392718e+01
Total 1.523369e+03 8.870871e-04 1.523369e+03 1.523379e+03 9.446240e+08 3744 4.844443e+03
UpdateFromFinerGrids 1.250326e+00 1.500402e+00 1.100070e-01 1.305330e+01

Cycle_Number 2112
ChemistryCooling 3.912379e+01 8.551987e+01 6.595312e-01 6.959699e+02
CommBufferedSend 2.159084e-01 3.290829e-01 3.517527e-02 2.879950e+00
CommReceiveHandler 7.243252e+01 5.547758e+01 1.158582e+01 3.423372e+02
CommunicationTranspose 1.118841e-01 5.806276e-02 4.065731e-02 1.782607e-01
ComputePotentialFieldLevelZero 1.310723e-01 5.073694e-02 6.757648e-02 1.880162e-01
CopyToOldBaryon 6.049360e-01 1.064691e+00 5.473616e-02 9.591354e+00
CreateSiblingList 6.310242e-01 1.703094e-01 3.577957e-01 1.168219e+00
GravityAccel 1.347128e+00 2.843948e+00 6.222454e-02 2.563424e+01
Group_WriteAllData 6.621722e+00 6.992683e-04 6.620454e+00 6.623422e+00
Level_00 2.230594e+00 2.452019e-02 2.181285e+00 2.283115e+00 1.677722e+07 64 5.876103e+04
Level_01 3.735046e-01 4.230150e-02 2.803048e-01 4.169558e-01 1.231840e+05 12 2.576608e+03
Level_02 8.184323e-01 7.153675e-04 8.127142e-01 8.198115e-01 2.694880e+05 27 2.572448e+03
Level_03 2.281850e+00 3.180690e-02 2.169859e+00 2.292244e+00 8.803280e+05 81 3.014029e+03
Level_04 1.557890e+01 1.445663e-01 1.551535e+01 1.600329e+01 7.646352e+06 205 3.834489e+03
Level_05 6.810452e+01 1.878126e+00 6.553515e+01 7.053587e+01 3.631461e+07 713 4.165772e+03
Level_06 1.959616e+02 3.080312e+00 1.924979e+02 2.024957e+02 1.131150e+08 958 4.509612e+03
Level_07 2.333034e+02 5.588064e+00 2.202210e+02 2.385890e+02 1.432312e+08 728 4.796303e+03
Level_08 2.303517e+02 4.406445e+00 2.118063e+02 2.333506e+02 1.284924e+08 472 4.357888e+03
Level_09 2.676292e+02 3.725399e+00 2.498259e+02 2.701442e+02 1.653030e+08 236 4.825445e+03
Level_10 5.023750e+02 2.160865e+00 4.909218e+02 5.053350e+02 3.571666e+08 198 5.554346e+03
MPIWaitReceive 7.176540e+01 5.504271e+01 1.141775e+01 3.407680e+02
ParticleUpdate 6.967025e-02 6.679487e-02 2.390388e-02 4.463478e-01
PrepareDensityField 3.920870e+01 2.265042e+01 7.923997e+00 1.401335e+02
RebuildHierarchy 8.136036e+01 7.242660e-01 7.560718e+01 8.204439e+01
SPCommUpdateCount 1.246886e+03 1.573252e+02 1.435779e+01 1.343581e+03
SPFinalize 1.246892e+03 1.573257e+02 1.436167e+01 1.343592e+03
SPFindTotalParticles 7.439669e-01 1.312195e-01 4.395477e-01 1.113366e+00
SPInitialize 1.378621e+00 6.165351e-02 1.261971e+00 1.483695e+00
SPRecordStarCount 6.293982e-01 1.664641e-01 1.535991e-01 1.028727e+00
SetAccelBoundary 1.098888e+01 7.245453e+00 2.991176e+00 3.900136e+01
SetBoundaryConditions 4.778878e+01 4.137840e+01 6.268317e+00 2.231291e+02
SetLevelTimeStep 1.347613e+02 2.890915e+01 8.248911e+00 1.637398e+02
SolveForPotential 3.131082e+01 1.775432e+01 5.395529e+00 1.095649e+02
SolveHydroEquations 2.035732e+01 4.503028e+01 5.619060e-01 4.068464e+02
StarParticleHandler 2.240312e+00 4.344574e+00 4.733860e-02 2.759718e+01
Total 1.666103e+03 3.004566e-03 1.666091e+03 1.666104e+03 9.693194e+08 3694 4.545222e+03
UpdateFromFinerGrids 1.258380e+00 1.643744e+00 1.277991e-01 1.388881e+01

Cycle_Number 2113
ChemistryCooling 3.835052e+01 6.787700e+01 3.751415e-01 4.923887e+02
CommBufferedSend 2.158675e-01 2.987263e-01 1.517557e-02 1.789501e+00
CommReceiveHandler 2.008974e+01 1.610647e+01 1.865824e+00 1.078661e+02
CommunicationTranspose 1.121973e-01 5.681325e-02 4.258408e-02 1.786892e-01
ComputePotentialFieldLevelZero 1.324577e-01 4.880457e-02 7.418192e-02 1.886891e-01
CopyToOldBaryon 5.896057e-01 7.317775e-01 4.436502e-02 4.882840e+00
CreateSiblingList 6.558294e-01 2.298316e-01 3.609309e-01 1.343210e+00
GravityAccel 1.308973e+00 1.902204e+00 4.713556e-02 1.237024e+01
Group_WriteAllData 7.300104e+00 3.067727e-04 7.300062e+00 7.303561e+00
Level_00 2.113750e+00 2.748881e-02 2.064086e+00 2.181207e+00 1.677722e+07 64 6.200923e+04
Level_01 3.230879e-01 3.903560e-02 2.676205e-01 3.644750e-01 1.241520e+05 12 3.002085e+03
Level_02 5.380575e-01 8.941661e-03 5.082231e-01 5.421289e-01 2.694880e+05 27 3.912919e+03
Level_03 1.890031e+00 1.174267e-02 1.865151e+00 1.897614e+00 8.830000e+05 82 3.649907e+03
Level_04 4.699046e+00 4.319915e-02 4.617843e+00 4.942752e+00 7.608016e+06 211 1.264887e+04
Level_05 2.302873e+01 4.010250e-01 2.253149e+01 2.403324e+01 2.990474e+07 699 1.014519e+04
Level_06 7.410840e+01 9.244719e-01 7.224820e+01 7.760115e+01 1.062748e+08 961 1.120348e+04
Level_07 1.222711e+02 1.210474e+00 1.165571e+02 1.241938e+02 1.447676e+08 723 9.249909e+03
Level_08 1.082733e+02 1.779490e+00 1.001731e+02 1.101600e+02 1.225627e+08 466 8.843559e+03
Level_09 1.557528e+02 1.249219e+00 1.483758e+02 1.571970e+02 1.586431e+08 235 7.957477e+03
Level_10 4.722133e+02 8.456388e-01 4.692603e+02 4.754040e+02 3.420286e+08 206 5.658668e+03
MPIWaitReceive 1.953772e+01 1.578296e+01 1.778134e+00 1.066048e+02
ParticleUpdate 6.836952e-02 6.058016e-02 2.204971e-02 3.242814e-01
PrepareDensityField 1.677024e+01 1.190370e+01 2.840447e+00 6.985121e+01
RebuildHierarchy 4.940362e+01 5.193620e-01 4.691024e+01 5.021869e+01
SPCommUpdateCount 8.035945e+02 1.122839e+02 1.693412e+02 8.816485e+02
SPFinalize 8.036005e+02 1.122844e+02 1.693448e+02 8.816532e+02
SPFindTotalParticles 7.367663e-01 1.282431e-01 4.490946e-01 9.741553e-01
SPInitialize 1.264412e+00 6.349172e-02 1.115648e+00 1.380031e+00
SPRecordStarCount 5.222938e-01 1.652471e-01 1.363686e-01 8.978549e-01
SetAccelBoundary 3.933520e+00 2.086808e+00 1.400639e+00 1.306938e+01
SetBoundaryConditions 2.040663e+01 1.732873e+01 2.952950e+00 1.059067e+02
SetLevelTimeStep 6.573119e+01 1.180640e+01 5.047234e+00 7.757861e+01
SolveForPotential 1.226780e+01 9.182978e+00 1.689829e+00 5.466456e+01
SolveHydroEquations 1.990536e+01 2.949678e+01 3.476218e-01 1.979214e+02
StarParticleHandler 2.168938e+00 3.925743e+00 3.867457e-02 2.081801e+01
Total 1.054465e+03 1.667030e-03 1.054459e+03 1.054466e+03 9.298434e+08 3686 6.889182e+03
UpdateFromFinerGrids 1.121186e+00 1.153911e+00 6.963746e-02 6.912167e+00

Cycle_Number 2114
ChemistryCooling 3.852060e+01 6.694807e+01 8.641074e-01 4.524266e+02
CommBufferedSend 1.679059e-01 1.817222e-01 1.712025e-02 1.158991e+00
CommReceiveHandler 2.056183e+01 1.360461e+01 2.329841e+00 9.616031e+01
CommunicationTranspose 1.096472e-01 5.218098e-02 5.134071e-02 1.699657e-01
ComputePotentialFieldLevelZero 1.293855e-01 4.432234e-02 7.441846e-02 1.799530e-01
CopyToOldBaryon 6.035636e-01 7.438519e-01 5.416369e-02 4.801295e+00
CreateSiblingList 6.432105e-01 1.801570e-01 3.618407e-01 1.179814e+00
GravityAccel 1.315732e+00 1.867915e+00 7.116930e-02 1.207883e+01
Group_WriteAllData 1.012271e+01 6.113469e-04 1.012187e+01 1.012444e+01
Level_00 2.302681e+00 2.615176e-02 2.252324e+00 2.361066e+00 1.677722e+07 64 5.692148e+04
Level_01 2.973286e-01 4.104673e-02 2.429567e-01 3.405934e-01 1.241520e+05 12 3.262174e+03
Level_02 4.268516e-01 2.061927e-03 4.149975e-01 4.285011e-01 2.694880e+05 27 4.932335e+03
Level_03 1.399154e+00 1.615063e-02 1.358084e+00 1.408380e+00 8.830000e+05 82 4.930434e+03
Level_04 4.973722e+00 4.380012e-02 4.879937e+00 5.090266e+00 7.608016e+06 211 1.195033e+04
Level_05 2.877471e+01 6.963223e-01 2.790488e+01 3.015290e+01 3.986631e+07 706 1.082393e+04
Level_06 9.186009e+01 1.073610e+00 8.951020e+01 9.551773e+01 1.310426e+08 967 1.114488e+04
Level_07 1.041585e+02 1.586429e+00 9.745075e+01 1.055508e+02 1.176487e+08 717 8.824344e+03
Level_08 9.794251e+01 1.832607e+00 9.271000e+01 1.004196e+02 1.168467e+08 457 9.320416e+03
Level_09 1.575585e+02 9.642939e-01 1.499656e+02 1.588297e+02 1.623856e+08 223 8.051851e+03
Level_10 4.142999e+02 7.376571e-01 4.119520e+02 4.171563e+02 3.512486e+08 199 6.623535e+03
MPIWaitReceive 1.989384e+01 1.326453e+01 2.256944e+00 9.435085e+01
ParticleUpdate 6.959152e-02 6.091672e-02 2.390798e-02 3.206005e-01
PrepareDensityField 1.640616e+01 1.139530e+01 3.991894e+00 6.882302e+01
RebuildHierarchy 5.723916e+01 5.579042e-01 5.441342e+01 5.811345e+01
SPCommUpdateCount 7.435010e+02 1.099847e+02 1.191577e+02 8.178857e+02
SPFinalize 7.435070e+02 1.099853e+02 1.191617e+02 8.178927e+02
SPFindTotalParticles 7.249406e-01 1.368128e-01 4.771555e-01 9.779912e-01
SPInitialize 1.263752e+00 6.389405e-02 1.111729e+00 1.366844e+00
SPRecordStarCount 5.333304e-01 1.721497e-01 1.283725e-01 8.804724e-01
SetAccelBoundary 4.049431e+00 1.774301e+00 1.388181e+00 1.130573e+01
SetBoundaryConditions 2.108807e+01 1.588749e+01 3.128645e+00 1.053311e+02
SetLevelTimeStep 6.478928e+01 1.087152e+01 5.035554e+00 7.714221e+01
SolveForPotential 1.187111e+01 8.721788e+00 2.260174e+00 5.360045e+01
SolveHydroEquations 1.981427e+01 2.853315e+01 8.022013e-01 1.941823e+02
StarParticleHandler 2.188335e+00 3.898251e+00 6.017423e-02 1.929574e+01
Total 1.004268e+03 1.573644e-03 1.004261e+03 1.004268e+03 9.447004e+08 3665 7.349107e+03
UpdateFromFinerGrids 1.177046e+00 1.199238e+00 9.431276e-02 7.194500e+00

Cycle_Number 2115
ChemistryCooling 3.790251e+01 8.059181e+01 1.434545e+00 6.061694e+02
CommBufferedSend 2.063510e-01 2.694347e-01 3.188348e-02 1.629980e+00
CommReceiveHandler 5.711951e+01 3.561857e+01 1.257903e+01 2.074158e+02
CommunicationTranspose 1.354694e-01 7.050713e-02 4.705579e-02 2.155143e-01
ComputePotentialFieldLevelZero 1.571907e-01 6.093110e-02 8.553499e-02 2.267377e-01
CopyToOldBaryon 6.096986e-01 9.042535e-01 6.930905e-02 7.617138e+00
CreateSiblingList 6.283186e-01 1.584827e-01 3.764129e-01 1.115796e+00
GravityAccel 1.285456e+00 2.322483e+00 1.025746e-01 2.043750e+01
Group_WriteAllData 9.521826e+00 1.926966e-04 9.521801e+00 9.523998e+00
Level_00 2.569779e+00 4.019438e-02 2.507194e+00 2.650551e+00 1.677722e+07 64 5.100517e+04
Level_01 3.427094e-01 4.265305e-02 2.848812e-01 3.881407e-01 1.241520e+05 12 2.830204e+03
Level_02 9.278623e-01 4.664037e-03 9.119549e-01 9.309772e-01 2.696560e+05 27 2.270474e+03
Level_03 2.218690e+00 3.352351e-02 2.111873e+00 2.231481e+00 8.864080e+05 82 3.121239e+03
Level_04 1.510966e+01 1.188510e-01 1.499210e+01 1.551558e+01 7.608736e+06 213 3.934123e+03
Level_05 4.955199e+01 1.150318e+00 4.765512e+01 5.152279e+01 2.967557e+07 715 4.678730e+03
Level_06 1.882102e+02 2.306889e+00 1.852185e+02 1.943503e+02 1.064102e+08 962 4.417027e+03
Level_07 1.990123e+02 3.896904e+00 1.880554e+02 2.031233e+02 1.290693e+08 723 5.066792e+03
Level_08 1.999604e+02 3.067780e+00 1.841180e+02 2.023674e+02 1.264618e+08 456 4.940894e+03
Level_09 2.249052e+02 3.804661e+00 2.129493e+02 2.281592e+02 1.561342e+08 222 5.423613e+03
Level_10 5.503950e+02 1.541178e+00 5.425591e+02 5.538711e+02 3.489455e+08 195 4.953055e+03
MPIWaitReceive 5.636959e+01 3.531177e+01 1.251155e+01 2.061015e+02
ParticleUpdate 6.777754e-02 5.942394e-02 2.246433e-02 3.734223e-01
PrepareDensityField 3.229462e+01 1.570658e+01 1.275744e+01 1.126802e+02
RebuildHierarchy 6.761893e+01 6.075520e-01 6.305246e+01 6.826078e+01
SPCommUpdateCount 1.199099e+03 1.360552e+02 1.455733e+02 1.276766e+03
SPFinalize 1.199105e+03 1.360556e+02 1.455769e+02 1.276772e+03
SPFindTotalParticles 7.456665e-01 1.258991e-01 4.022123e-01 1.075478e+00
SPInitialize 1.341724e+00 7.961141e-02 1.181699e+00 1.480538e+00
SPRecordStarCount 5.905687e-01 1.682726e-01 1.620228e-01 1.004954e+00
SetAccelBoundary 8.869917e+00 5.494285e+00 2.723125e+00 4.877126e+01
SetBoundaryConditions 4.009368e+01 3.032460e+01 1.005127e+01 2.082075e+02
SetLevelTimeStep 1.112271e+02 2.156054e+01 6.479571e+00 1.338267e+02
SolveForPotential 2.521580e+01 1.208364e+01 9.718852e+00 8.708900e+01
SolveHydroEquations 1.933877e+01 3.612510e+01 1.333553e+00 3.282565e+02
StarParticleHandler 2.169470e+00 3.997338e+00 6.721165e-02 2.387590e+01
Total 1.558544e+03 1.302558e-03 1.558538e+03 1.558545e+03 9.223628e+08 3671 4.623520e+03
UpdateFromFinerGrids 1.258555e+00 1.345924e+00 1.872584e-01 1.133787e+01

