# Starting performance log. MPI processes: 128

Cycle_Number 2111
ChemistryCooling 3.897985e+01 1.586700e+01 1.448405e+01 1.284071e+02
CommBufferedSend 6.205047e-01 1.622781e-01 2.876607e-01 1.142625e+00
CommReceiveHandler 2.244950e+01 7.961461e+00 4.916992e+00 3.706094e+01
CommunicationTranspose 1.411930e-01 5.042890e-02 7.196278e-02 1.972006e-01
ComputePotentialFieldLevelZero 1.633940e-01 4.204538e-02 1.104166e-01 2.089993e-01
CopyToOldBaryon 9.424849e-01 1.986306e-01 5.271786e-01 1.604637e+00
CreateSiblingList 6.347186e-01 9.668373e-02 4.386064e-01 8.983485e-01
GravityAccel 1.442641e+00 4.443693e-01 7.042547e-01 3.937665e+00
Group_WriteAllData 2.238499e+01 7.088534e+00 1.526905e+01 2.949165e+01
Level_00 2.555157e+00 2.499361e-02 2.515718e+00 2.603125e+00 1.677722e+07 64 5.129704e+04
Level_01 2.780964e-01 3.748810e-02 2.283757e-01 3.186418e-01 1.231840e+05 12 3.460580e+03
Level_02 2.911775e-01 3.537146e-03 2.813444e-01 2.934966e-01 2.694880e+05 27 7.230555e+03
Level_03 5.133857e-01 7.812240e-03 5.005401e-01 5.211424e-01 8.803280e+05 81 1.339648e+04
Level_04 1.416318e+00 1.574122e-02 1.388044e+00 1.464231e+00 7.646352e+06 205 4.217775e+04
Level_05 6.431077e+00 7.387685e-02 6.095088e+00 6.596402e+00 3.302912e+07 722 4.012392e+04
Level_06 1.245831e+01 7.173858e-02 1.227947e+01 1.264087e+01 8.134402e+07 954 5.101014e+04
Level_07 2.271568e+01 1.373794e-01 2.221154e+01 2.306148e+01 9.764658e+07 742 3.358313e+04
Level_08 4.824799e+01 1.581512e-01 4.767776e+01 4.868902e+01 1.206727e+08 477 1.953979e+04
Level_09 1.324947e+02 3.477722e-01 1.313874e+02 1.333217e+02 2.046976e+08 244 1.206992e+04
Level_10 1.953190e+02 4.902334e-01 1.938136e+02 1.964624e+02 3.815374e+08 216 1.526099e+04
MPIWaitReceive 1.995930e+01 6.942386e+00 4.605091e+00 3.307828e+01
ParticleUpdate 8.964373e-02 3.428440e-02 5.150075e-02 3.422738e-01
PrepareDensityField 1.726289e+01 3.253412e+00 7.064821e+00 2.429605e+01
RebuildHierarchy 3.461949e+01 1.537715e-01 3.419954e+01 3.501027e+01
SPCommUpdateCount 3.095314e+02 2.340924e+01 2.002115e+02 3.563349e+02
SPFinalize 3.095376e+02 2.340968e+01 2.002161e+02 3.563452e+02
SPFindTotalParticles 7.325948e-01 1.095056e-01 4.519989e-01 9.860643e-01
SPInitialize 1.246207e+00 5.937966e-02 1.135630e+00 1.340231e+00
SPRecordStarCount 4.948914e-01 1.415447e-01 1.904566e-01 8.677375e-01
SetAccelBoundary 3.580528e+00 8.542676e-01 1.386703e+00 5.454538e+00
SetBoundaryConditions 2.197142e+01 3.627755e+00 1.094800e+01 2.924608e+01
SetLevelTimeStep 1.105081e+01 2.128748e+00 5.303441e+00 1.727890e+01
SolveForPotential 1.128170e+01 2.220988e+00 4.227746e+00 1.633829e+01
SolveHydroEquations 2.241381e+01 4.862919e+00 1.245885e+01 3.665510e+01
StarParticleHandler 2.682183e+00 2.259143e+00 6.329391e-01 2.025058e+01
Total 4.776998e+02 5.838117e-04 4.776997e+02 4.777064e+02 9.446240e+08 3744 1.544877e+04
UpdateFromFinerGrids 1.888086e+00 4.552163e-01 1.031328e+00 3.023236e+00

Cycle_Number 2112
ChemistryCooling 3.903307e+01 1.127981e+01 1.800256e+01 7.576644e+01
CommBufferedSend 4.818465e-01 1.533592e-01 2.104264e-01 9.745225e-01
CommReceiveHandler 2.075852e+01 6.602041e+00 4.919495e+00 3.268698e+01
CommunicationTranspose 1.122648e-01 5.737604e-02 4.433230e-02 1.839445e-01
ComputePotentialFieldLevelZero 1.323884e-01 4.935160e-02 7.304508e-02 1.934745e-01
CopyToOldBaryon 1.268856e+00 3.255903e-01 6.169003e-01 2.276277e+00
CreateSiblingList 7.733036e-01 1.978690e-01 4.206266e-01 1.468630e+00
GravityAccel 1.577876e+00 3.835841e-01 8.799442e-01 4.137149e+00
Group_WriteAllData 6.610782e+00 9.464379e-04 6.609400e+00 6.613296e+00
Level_00 2.728535e+00 3.165899e-02 2.646874e+00 2.800929e+00 1.677722e+07 64 4.803750e+04
Level_01 2.890764e-01 4.094062e-02 2.329770e-01 3.354793e-01 1.231840e+05 12 3.329137e+03
Level_02 3.500539e-01 3.683604e-03 3.397138e-01 3.526575e-01 2.694880e+05 27 6.014431e+03
Level_03 3.978722e-01 7.960177e-03 3.767141e-01 4.131470e-01 8.803280e+05 81 1.728586e+04
Level_04 1.906767e+00 2.214649e-02 1.848220e+00 1.975087e+00 7.646352e+06 205 3.132901e+04
Level_05 6.358707e+00 9.437026e-02 5.971114e+00 6.656932e+00 3.631461e+07 713 4.461723e+04
Level_06 1.624598e+01 1.325567e-01 1.591354e+01 1.655364e+01 1.131150e+08 958 5.439568e+04
Level_07 2.575824e+01 2.081341e-01 2.523693e+01 2.654371e+01 1.432312e+08 728 4.344216e+04
Level_08 4.607437e+01 2.683741e-01 4.514561e+01 4.701345e+01 1.284924e+08 472 2.178753e+04
Level_09 9.308811e+01 3.014604e-01 9.241211e+01 9.380888e+01 1.653030e+08 236 1.387320e+04
Level_10 1.868984e+02 3.636306e-01 1.858810e+02 1.878364e+02 3.571666e+08 198 1.492985e+04
MPIWaitReceive 1.792536e+01 5.880103e+00 4.270233e+00 2.993739e+01
ParticleUpdate 9.503781e-02 2.802404e-02 6.095370e-02 3.257457e-01
PrepareDensityField 1.544874e+01 1.984853e+00 1.013886e+01 2.107448e+01
RebuildHierarchy 3.820838e+01 1.899903e-01 3.763704e+01 3.870459e+01
SPCommUpdateCount 2.662607e+02 1.655920e+01 2.138948e+02 3.045904e+02
SPFinalize 2.662673e+02 1.655946e+01 2.139029e+02 3.045962e+02
SPFindTotalParticles 7.619873e-01 1.331666e-01 4.929827e-01 1.093032e+00
SPInitialize 1.269958e+00 6.436833e-02 1.150690e+00 1.394132e+00
SPRecordStarCount 5.018974e-01 1.624361e-01 1.079127e-01 8.599531e-01
SetAccelBoundary 3.746781e+00 5.950883e-01 2.319540e+00 5.314889e+00
SetBoundaryConditions 2.378228e+01 2.770803e+00 1.491530e+01 2.935240e+01
SetLevelTimeStep 1.042083e+01 2.008032e+00 5.743870e+00 1.638561e+01
SolveForPotential 9.947822e+00 1.446012e+00 6.339947e+00 1.459166e+01
SolveHydroEquations 2.334210e+01 3.872982e+00 1.454468e+01 3.572438e+01
StarParticleHandler 2.511426e+00 1.870877e+00 7.564575e-01 1.840824e+01
Total 4.413012e+02 2.455741e-03 4.412929e+02 4.413029e+02 9.693194e+08 3694 1.716018e+04
UpdateFromFinerGrids 2.221127e+00 6.021884e-01 9.340420e-01 3.777506e+00

Cycle_Number 2113
ChemistryCooling 3.796024e+01 1.441854e+01 1.668541e+01 8.766066e+01
CommBufferedSend 3.969373e-01 1.457451e-01 1.109375e-01 8.759977e-01
CommReceiveHandler 2.141492e+01 6.908605e+00 3.972700e+00 3.855488e+01
CommunicationTranspose 1.248618e-01 5.714861e-02 5.694177e-02 2.031905e-01
ComputePotentialFieldLevelZero 1.471734e-01 4.812555e-02 8.899473e-02 2.126524e-01
CopyToOldBaryon 1.084219e+00 2.739744e-01 5.646485e-01 1.978537e+00
CreateSiblingList 7.350572e-01 1.556506e-01 4.214100e-01 1.248031e+00
GravityAccel 1.464143e+00 4.499053e-01 8.951949e-01 4.756044e+00
Group_WriteAllData 7.217016e+00 1.910420e-04 7.216986e+00 7.219168e+00
Level_00 2.583637e+00 3.765339e-02 2.477108e+00 2.670094e+00 1.677722e+07 64 5.073159e+04
Level_01 2.823488e-01 4.415036e-02 2.225912e-01 3.318298e-01 1.241520e+05 12 3.435246e+03
Level_02 3.212840e-01 5.415492e-03 3.018173e-01 3.246146e-01 2.694880e+05 27 6.553004e+03
Level_03 4.981513e-01 1.205357e-02 4.763153e-01 5.102273e-01 8.830000e+05 82 1.384808e+04
Level_04 1.467524e+00 1.619296e-02 1.433441e+00 1.527174e+00 7.608016e+06 211 4.050197e+04
Level_05 5.425946e+00 9.383528e-02 5.053193e+00 5.619645e+00 2.990474e+07 699 4.305808e+04
Level_06 1.493239e+01 1.325777e-01 1.453459e+01 1.525945e+01 1.062748e+08 961 5.560208e+04
Level_07 3.320536e+01 1.645831e-01 3.280037e+01 3.364742e+01 1.447676e+08 723 3.406066e+04
Level_08 4.504329e+01 2.286418e-01 4.443723e+01 4.577972e+01 1.225627e+08 466 2.125780e+04
Level_09 9.293968e+01 2.856189e-01 9.158936e+01 9.372348e+01 1.586431e+08 235 1.333552e+04
Level_10 1.738926e+02 3.209364e-01 1.726148e+02 1.746826e+02 3.420360e+08 206 1.536671e+04
MPIWaitReceive 1.894134e+01 6.155813e+00 3.718213e+00 3.593132e+01
ParticleUpdate 8.928267e-02 3.588473e-02 5.708323e-02 4.161595e-01
PrepareDensityField 1.745794e+01 2.506100e+00 1.018745e+01 2.436012e+01
RebuildHierarchy 3.438678e+01 1.629622e-01 3.394939e+01 3.478605e+01
SPCommUpdateCount 2.603155e+02 2.071964e+01 1.833443e+02 2.954473e+02
SPFinalize 2.603220e+02 2.072004e+01 1.833503e+02 2.954534e+02
SPFindTotalParticles 7.070971e-01 1.192979e-01 4.713126e-01 1.005488e+00
SPInitialize 1.168361e+00 7.261571e-02 1.071489e+00 1.313103e+00
SPRecordStarCount 4.556103e-01 1.596520e-01 1.146820e-01 8.012998e-01
SetAccelBoundary 3.410623e+00 5.891105e-01 1.725644e+00 4.652135e+00
SetBoundaryConditions 2.169992e+01 2.825354e+00 1.264339e+01 2.736467e+01
SetLevelTimeStep 9.330206e+00 1.815413e+00 5.099550e+00 1.486633e+01
SolveForPotential 1.048310e+01 1.571700e+00 6.598089e+00 1.581039e+01
SolveHydroEquations 2.213418e+01 4.231030e+00 1.433946e+01 3.307121e+01
StarParticleHandler 2.462538e+00 2.387114e+00 7.937292e-01 2.462632e+01
Total 4.270100e+02 2.021128e-03 4.270025e+02 4.270111e+02 9.298509e+08 3686 1.701239e+04
UpdateFromFinerGrids 1.978422e+00 5.435141e-01 8.481577e-01 3.464154e+00

Cycle_Number 2114
ChemistryCooling 3.827406e+01 1.846075e+01 1.632287e+01 1.654578e+02
CommBufferedSend 3.475676e-01 1.384587e-01 1.339860e-01 9.783507e-01
CommReceiveHandler 2.298819e+01 6.851547e+00 5.826920e+00 4.000824e+01
CommunicationTranspose 1.175137e-01 5.063098e-02 5.647785e-02 1.829562e-01
ComputePotentialFieldLevelZero 1.384877e-01 4.200310e-02 8.671436e-02 1.942853e-01
CopyToOldBaryon 1.077215e+00 2.932631e-01 4.812603e-01 1.862020e+00
CreateSiblingList 7.175425e-01 2.003282e-01 3.795922e-01 1.319734e+00
GravityAccel 1.483323e+00 4.431772e-01 7.600946e-01 4.323539e+00
Group_WriteAllData 6.467811e+00 7.844414e-04 6.466818e+00 6.469890e+00
Level_00 2.713365e+00 3.249832e-02 2.634250e+00 2.786020e+00 1.677722e+07 64 4.830606e+04
Level_01 2.858539e-01 4.394281e-02 2.296166e-01 3.330118e-01 1.241520e+05 12 3.393123e+03
Level_02 3.140628e-01 3.484857e-03 3.032762e-01 3.168951e-01 2.694880e+05 27 6.703676e+03
Level_03 4.056542e-01 8.004853e-03 3.849374e-01 4.428492e-01 8.830000e+05 82 1.700571e+04
Level_04 1.567536e+00 2.723935e-02 1.510666e+00 1.677217e+00 7.608016e+06 211 3.791786e+04
Level_05 6.705305e+00 1.319889e-01 6.331187e+00 7.062306e+00 3.986631e+07 706 4.644913e+04
Level_06 1.956713e+01 2.418713e-01 1.913862e+01 2.018906e+01 1.310426e+08 967 5.232090e+04
Level_07 3.445173e+01 2.569323e-01 3.375821e+01 3.515819e+01 1.176487e+08 717 2.667879e+04
Level_08 5.212171e+01 2.402079e-01 5.139883e+01 5.268990e+01 1.168467e+08 457 1.751410e+04
Level_09 9.564749e+01 3.597581e-01 9.467233e+01 9.678504e+01 1.623856e+08 223 1.326368e+04
Level_10 1.820313e+02 3.424241e-01 1.811073e+02 1.828297e+02 3.512486e+08 199 1.507505e+04
MPIWaitReceive 2.055403e+01 6.177527e+00 5.304820e+00 3.567611e+01
ParticleUpdate 8.708682e-02 3.376695e-02 5.017982e-02 3.889180e-01
PrepareDensityField 1.819185e+01 2.991437e+00 9.208141e+00 2.744414e+01
RebuildHierarchy 3.968111e+01 1.976847e-01 3.911582e+01 4.029164e+01
SPCommUpdateCount 2.823842e+02 2.495368e+01 1.341032e+02 3.233147e+02
SPFinalize 2.823906e+02 2.495441e+01 1.341087e+02 3.233211e+02
SPFindTotalParticles 6.951033e-01 1.279490e-01 4.606448e-01 9.877599e-01
SPInitialize 1.176747e+00 7.096560e-02 1.040232e+00 1.310509e+00
SPRecordStarCount 4.759940e-01 1.729740e-01 7.225754e-02 8.455125e-01
SetAccelBoundary 3.420811e+00 6.177400e-01 1.638480e+00 5.013543e+00
SetBoundaryConditions 2.211409e+01 3.323393e+00 1.192794e+01 3.086595e+01
SetLevelTimeStep 1.119168e+01 2.212158e+00 5.723741e+00 1.706576e+01
SolveForPotential 1.077456e+01 2.053027e+00 5.448495e+00 1.708297e+01
SolveHydroEquations 2.208684e+01 4.441323e+00 1.306264e+01 3.589458e+01
StarParticleHandler 2.373668e+00 2.206584e+00 6.000986e-01 2.229103e+01
Total 4.585433e+02 1.062917e-03 4.585384e+02 4.585438e+02 9.447004e+08 3665 1.609547e+04
UpdateFromFinerGrids 2.010097e+00 6.165092e-01 8.290553e-01 3.840821e+00

Cycle_Number 2115
ChemistryCooling 3.776831e+01 1.562872e+01 1.509053e+01 8.947953e+01
CommBufferedSend 3.322217e-01 1.490123e-01 5.334001e-02 9.559271e-01
CommReceiveHandler 1.886685e+01 7.548011e+00 3.565477e+00 3.541276e+01
CommunicationTranspose 1.159566e-01 5.754080e-02 5.022267e-02 1.972665e-01
ComputePotentialFieldLevelZero 1.379220e-01 4.884761e-02 7.844130e-02 2.069819e-01
CopyToOldBaryon 1.077883e+00 3.160157e-01 5.580862e-01 2.070566e+00
CreateSiblingList 7.158233e-01 2.144285e-01 3.958167e-01 1.384903e+00
GravityAccel 1.487909e+00 4.730059e-01 7.735636e-01 4.488151e+00
Group_WriteAllData 6.523127e+00 1.956307e-04 6.523099e+00 6.525330e+00
Level_00 2.668819e+00 3.332900e-02 2.577547e+00 2.743470e+00 1.677722e+07 64 4.911235e+04
Level_01 2.776297e-01 4.395238e-02 2.174516e-01 3.262411e-01 1.241520e+05 12 3.493637e+03
Level_02 3.196610e-01 5.039654e-03 3.032944e-01 3.229748e-01 2.696560e+05 27 6.590381e+03
Level_03 4.076609e-01 9.752310e-03 3.856059e-01 4.217308e-01 8.864080e+05 82 1.698731e+04
Level_04 1.931274e+00 1.440610e-02 1.898826e+00 1.979936e+00 7.608736e+06 213 3.077929e+04
Level_05 5.315211e+00 6.735362e-02 5.053376e+00 5.513285e+00 2.967557e+07 715 4.361828e+04
Level_06 1.517573e+01 1.520126e-01 1.475435e+01 1.552993e+01 1.064102e+08 962 5.478020e+04
Level_07 2.243779e+01 1.998559e-01 2.182887e+01 2.282380e+01 1.290693e+08 723 4.493999e+04
Level_08 4.865788e+01 2.556482e-01 4.800095e+01 4.929473e+01 1.264606e+08 456 2.030449e+04
Level_09 1.139786e+02 3.443307e-01 1.131797e+02 1.149699e+02 1.561342e+08 222 1.070200e+04
Level_10 2.257828e+02 4.513022e-01 2.223452e+02 2.270669e+02 3.489426e+08 195 1.207405e+04
MPIWaitReceive 1.655445e+01 6.937126e+00 3.045669e+00 3.167135e+01
ParticleUpdate 8.733206e-02 3.327034e-02 5.265321e-02 3.674928e-01
PrepareDensityField 1.476815e+01 2.340089e+00 8.590045e+00 2.160922e+01
RebuildHierarchy 3.639064e+01 1.942289e-01 3.574472e+01 3.683252e+01
SPCommUpdateCount 3.280263e+02 2.243148e+01 2.486177e+02 3.695224e+02
SPFinalize 3.280325e+02 2.243201e+01 2.486257e+02 3.695327e+02
SPFindTotalParticles 7.118390e-01 1.331941e-01 4.439900e-01 9.649253e-01
SPInitialize 1.169528e+00 6.834780e-02 1.052288e+00 1.301939e+00
SPRecordStarCount 4.519890e-01 1.737904e-01 1.357249e-01 8.100009e-01
SetAccelBoundary 3.394979e+00 6.375918e-01 1.950194e+00 6.166700e+00
SetBoundaryConditions 2.155595e+01 3.105603e+00 1.358723e+01 2.970659e+01
SetLevelTimeStep 1.155129e+01 2.130517e+00 5.810308e+00 1.654160e+01
SolveForPotential 9.648790e+00 1.656050e+00 4.824436e+00 1.363759e+01
SolveHydroEquations 2.160611e+01 4.763857e+00 1.234747e+01 3.480017e+01
StarParticleHandler 2.381816e+00 2.209895e+00 7.237097e-01 2.170464e+01
Total 4.957993e+02 1.159337e-03 4.957949e+02 4.958000e+02 9.223587e+08 3671 1.453396e+04
UpdateFromFinerGrids 1.957814e+00 6.596256e-01 7.401558e-01 3.733437e+00

