# Starting performance log. MPI processes: 128

Cycle_Number 2111
ChemistryCooling 3.824668e+01 5.666776e+01 9.500222e-01 3.535857e+02
CommBufferedSend 3.458989e-01 3.601493e-01 3.692014e-02 2.716409e+00
CommReceiveHandler 2.422877e+01 2.130673e+01 2.301266e+00 1.132226e+02
CommunicationTranspose 1.125717e-01 4.983066e-02 5.141509e-02 1.657715e-01
ComputePotentialFieldLevelZero 1.322150e-01 4.361678e-02 8.045223e-02 1.790992e-01
CopyToOldBaryon 6.101421e-01 6.926301e-01 6.317544e-02 3.923140e+00
CreateSiblingList 5.669966e-01 1.751357e-01 3.663568e-01 1.289095e+00
GravityAccel 1.306021e+00 1.690684e+00 8.741542e-02 8.720253e+00
Group_WriteAllData 2.088214e+01 5.988623e+00 1.486561e+01 2.687919e+01
Level_00 2.568631e+00 2.656977e-02 2.509289e+00 2.610247e+00 1.677722e+07 64 5.102796e+04
Level_01 2.909247e-01 3.133213e-02 2.458904e-01 3.231097e-01 1.231840e+05 12 3.307986e+03
Level_02 6.141332e-01 4.166646e-03 5.987914e-01 6.160950e-01 2.694880e+05 27 3.428206e+03
Level_03 1.109200e+00 1.384833e-02 1.079117e+00 1.123212e+00 8.803280e+05 81 6.200471e+03
Level_04 1.647103e+00 2.589917e-02 1.585547e+00 1.698013e+00 7.646352e+06 205 3.626800e+04
Level_05 1.755887e+01 3.919224e-01 1.693903e+01 1.835506e+01 3.302912e+07 722 1.469570e+04
Level_06 3.698969e+01 5.248550e-01 3.583047e+01 3.800121e+01 8.134402e+07 954 1.718047e+04
Level_07 6.254852e+01 7.366075e-01 6.073707e+01 6.375618e+01 9.764658e+07 742 1.219635e+04
Level_08 8.143581e+01 1.325874e+00 7.700626e+01 8.325085e+01 1.206727e+08 477 1.157667e+04
Level_09 1.485043e+02 1.065079e+00 1.436712e+02 1.508119e+02 2.046976e+08 244 1.076871e+04
Level_10 3.041676e+02 1.261118e+00 3.001760e+02 3.058000e+02 3.815374e+08 216 9.799734e+03
MPIWaitReceive 2.339152e+01 2.067700e+01 2.231519e+00 1.118745e+02
ParticleUpdate 7.240745e-02 5.563160e-02 2.422949e-02 3.508268e-01
PrepareDensityField 1.670814e+01 1.125126e+01 2.965264e+00 5.168729e+01
RebuildHierarchy 4.149588e+01 4.201645e-01 3.961741e+01 4.210445e+01
SPCommUpdateCount 5.126452e+02 9.654929e+01 1.433704e+02 5.891824e+02
SPFinalize 5.126516e+02 9.654984e+01 1.433743e+02 5.891899e+02
SPFindTotalParticles 6.977140e-01 1.203709e-01 4.316473e-01 9.619406e-01
SPInitialize 1.264839e+00 5.724851e-02 1.151991e+00 1.350675e+00
SPRecordStarCount 5.574533e-01 1.508104e-01 2.466745e-01 9.037349e-01
SetAccelBoundary 4.817268e+00 3.063834e+00 8.817263e-01 1.322408e+01
SetBoundaryConditions 2.377112e+01 1.749070e+01 2.798791e+00 7.899595e+01
SetLevelTimeStep 4.632741e+01 1.097802e+01 6.492607e+00 5.987769e+01
SolveForPotential 1.223270e+01 8.791320e+00 1.777241e+00 4.020245e+01
SolveHydroEquations 2.009462e+01 2.711024e+01 9.105700e-01 1.488053e+02
StarParticleHandler 2.378154e+00 3.563879e+00 8.598251e-02 1.799862e+01
Total 7.299419e+02 5.218200e-04 7.299417e+02 7.299477e+02 9.446240e+08 3744 1.011022e+04
UpdateFromFinerGrids 1.217088e+00 1.140974e+00 1.251722e-01 5.853505e+00

Cycle_Number 2112
ChemistryCooling 3.835573e+01 5.334328e+01 9.151967e-01 3.462285e+02
CommBufferedSend 2.596446e-01 2.247857e-01 3.826003e-02 1.385619e+00
CommReceiveHandler 2.453709e+01 2.023803e+01 1.954614e+00 1.039228e+02
CommunicationTranspose 1.149469e-01 4.790918e-02 5.533509e-02 1.725462e-01
ComputePotentialFieldLevelZero 1.339198e-01 4.073421e-02 8.299039e-02 1.824053e-01
CopyToOldBaryon 6.915967e-01 7.491069e-01 5.588452e-02 4.066437e+00
CreateSiblingList 6.724869e-01 2.160783e-01 3.990942e-01 1.417348e+00
GravityAccel 1.338228e+00 1.685797e+00 7.192715e-02 9.066439e+00
Group_WriteAllData 6.582598e+00 5.856076e-04 6.581735e+00 6.584137e+00
Level_00 2.593700e+00 3.502872e-02 2.532787e+00 2.660804e+00 1.677722e+07 64 5.053476e+04
Level_01 3.623825e-01 3.568406e-02 3.106465e-01 3.998580e-01 1.231840e+05 12 2.655688e+03
Level_02 6.656631e-01 3.840120e-03 6.517552e-01 6.675241e-01 2.694880e+05 27 3.162823e+03
Level_03 1.520879e+00 2.020105e-02 1.481283e+00 1.533529e+00 8.803280e+05 81 4.522097e+03
Level_04 1.651646e+00 3.012120e-02 1.593136e+00 1.732676e+00 7.646352e+06 205 3.616824e+04
Level_05 1.782274e+01 4.117580e-01 1.715181e+01 1.864664e+01 3.631461e+07 713 1.591831e+04
Level_06 5.269792e+01 6.796874e-01 5.114168e+01 5.431672e+01 1.131150e+08 958 1.676937e+04
Level_07 8.940315e+01 8.684722e-01 8.649454e+01 9.095347e+01 1.432312e+08 728 1.251627e+04
Level_08 8.853936e+01 1.748134e+00 8.222557e+01 9.025823e+01 1.284924e+08 472 1.133786e+04
Level_09 1.178090e+02 1.151097e+00 1.125237e+02 1.189933e+02 1.653030e+08 236 1.096206e+04
Level_10 3.036476e+02 9.565143e-01 2.997896e+02 3.054974e+02 3.571666e+08 198 9.189483e+03
MPIWaitReceive 2.366652e+01 1.964459e+01 1.427338e+00 1.031007e+02
ParticleUpdate 7.615442e-02 5.621163e-02 2.452429e-02 3.403821e-01
PrepareDensityField 1.756653e+01 1.114221e+01 3.021989e+00 5.422022e+01
RebuildHierarchy 4.609290e+01 5.316015e-01 4.387804e+01 4.716707e+01
SPCommUpdateCount 5.277372e+02 9.356189e+01 1.547318e+02 6.041664e+02
SPFinalize 5.277443e+02 9.356281e+01 1.547361e+02 6.041782e+02
SPFindTotalParticles 7.516168e-01 1.422003e-01 4.178047e-01 1.010431e+00
SPInitialize 1.304542e+00 7.023078e-02 1.156323e+00 1.430274e+00
SPRecordStarCount 5.468887e-01 1.865843e-01 2.082166e-01 1.006077e+00
SetAccelBoundary 4.931167e+00 3.112041e+00 1.126864e+00 1.720810e+01
SetBoundaryConditions 2.465164e+01 1.788636e+01 3.366637e+00 8.204251e+01
SetLevelTimeStep 4.836042e+01 1.143169e+01 6.168848e+00 6.281312e+01
SolveForPotential 1.258954e+01 8.557442e+00 1.615375e+00 4.153489e+01
SolveHydroEquations 2.035078e+01 2.655819e+01 7.446356e-01 1.518345e+02
StarParticleHandler 2.215272e+00 3.380610e+00 5.617030e-02 1.718583e+01
Total 7.574554e+02 2.869125e-03 7.574453e+02 7.574570e+02 9.693194e+08 3694 9.997695e+03
UpdateFromFinerGrids 1.408679e+00 1.240489e+00 1.346059e-01 6.530067e+00

Cycle_Number 2113
ChemistryCooling 3.753351e+01 5.214367e+01 7.935556e-01 3.426513e+02
CommBufferedSend 2.343049e-01 2.762539e-01 1.079578e-02 1.637981e+00
CommReceiveHandler 2.218005e+01 1.695781e+01 1.819476e+00 9.363028e+01
CommunicationTranspose 1.155099e-01 5.492376e-02 4.271653e-02 1.792233e-01
ComputePotentialFieldLevelZero 1.346105e-01 4.732815e-02 8.034238e-02 1.877810e-01
CopyToOldBaryon 6.105283e-01 6.320945e-01 5.765248e-02 3.174156e+00
CreateSiblingList 6.130225e-01 1.747473e-01 3.645665e-01 1.087200e+00
GravityAccel 1.279957e+00 1.581692e+00 7.676004e-02 7.627846e+00
Group_WriteAllData 6.533060e+00 2.301114e-04 6.533029e+00 6.535652e+00
Level_00 2.425157e+00 3.528329e-02 2.360896e+00 2.491656e+00 1.677722e+07 64 5.404681e+04
Level_01 3.184605e-01 3.528871e-02 2.695451e-01 3.547921e-01 1.241520e+05 12 3.045707e+03
Level_02 5.536170e-01 4.574035e-03 5.397861e-01 5.559999e-01 2.694880e+05 27 3.802945e+03
Level_03 8.081150e-01 1.832080e-02 7.666402e-01 8.207565e-01 8.830000e+05 82 8.536455e+03
Level_04 2.331797e+00 2.683590e-02 2.238313e+00 2.380835e+00 7.608016e+06 211 2.549005e+04
Level_05 1.673925e+01 2.769010e-01 1.629056e+01 1.734792e+01 2.990474e+07 699 1.395706e+04
Level_06 4.919958e+01 6.695457e-01 4.763772e+01 5.096381e+01 1.062748e+08 961 1.687560e+04
Level_07 8.545222e+01 9.884440e-01 8.227280e+01 8.709686e+01 1.447676e+08 723 1.323543e+04
Level_08 7.500152e+01 1.501654e+00 6.934937e+01 7.682837e+01 1.225627e+08 466 1.276669e+04
Level_09 1.207510e+02 9.088681e-01 1.157435e+02 1.217836e+02 1.586431e+08 235 1.026409e+04
Level_10 3.019941e+02 1.097686e+00 2.980105e+02 3.039277e+02 3.420334e+08 206 8.848303e+03
MPIWaitReceive 2.138835e+01 1.642728e+01 1.690604e+00 9.283578e+01
ParticleUpdate 7.032715e-02 5.112678e-02 2.416529e-02 2.772258e-01
PrepareDensityField 1.617497e+01 9.667079e+00 2.594081e+00 4.422008e+01
RebuildHierarchy 3.993200e+01 4.643676e-01 3.825603e+01 4.078052e+01
SPCommUpdateCount 5.181499e+02 8.895606e+01 1.541438e+02 5.947900e+02
SPFinalize 5.181559e+02 8.895668e+01 1.541478e+02 5.947996e+02
SPFindTotalParticles 6.979002e-01 1.272129e-01 4.121156e-01 9.500048e-01
SPInitialize 1.228945e+00 7.005594e-02 1.078447e+00 1.347796e+00
SPRecordStarCount 5.256942e-01 1.676799e-01 1.802325e-01 9.219479e-01
SetAccelBoundary 4.682467e+00 3.021302e+00 1.116829e+00 1.456792e+01
SetBoundaryConditions 2.274206e+01 1.572578e+01 2.423827e+00 6.697952e+01
SetLevelTimeStep 4.148397e+01 1.009905e+01 8.668976e+00 5.447989e+01
SolveForPotential 1.176607e+01 7.500789e+00 1.408509e+00 3.376884e+01
SolveHydroEquations 1.966085e+01 2.500832e+01 8.482366e-01 1.234815e+02
StarParticleHandler 2.132916e+00 3.271511e+00 5.276814e-02 1.665163e+01
Total 7.271675e+02 1.789281e-03 7.271617e+02 7.271684e+02 9.298482e+08 3686 9.990049e+03
UpdateFromFinerGrids 1.202635e+00 1.045291e+00 1.145194e-01 5.142836e+00

Cycle_Number 2114
ChemistryCooling 3.762855e+01 5.688302e+01 4.552313e-01 3.812388e+02
CommBufferedSend 1.751311e-01 1.691587e-01 2.243209e-02 1.108293e+00
CommReceiveHandler 2.194377e+01 1.750841e+01 2.322419e+00 1.001864e+02
CommunicationTranspose 1.084073e-01 5.021632e-02 4.437828e-02 1.669027e-01
ComputePotentialFieldLevelZero 1.269323e-01 4.340008e-02 7.200496e-02 1.771354e-01
CopyToOldBaryon 6.034608e-01 6.758295e-01 4.219118e-02 3.758163e+00
CreateSiblingList 6.311931e-01 1.978237e-01 3.627843e-01 1.099810e+00
GravityAccel 1.273595e+00 1.684867e+00 4.921874e-02 9.454686e+00
Group_WriteAllData 6.521239e+00 7.203738e-04 6.519935e+00 6.522773e+00
Level_00 2.421479e+00 3.049880e-02 2.364900e+00 2.485168e+00 1.677722e+07 64 5.412891e+04
Level_01 3.094371e-01 3.518288e-02 2.623915e-01 3.472537e-01 1.241520e+05 12 3.134522e+03
Level_02 5.646760e-01 4.006660e-03 5.511465e-01 5.671030e-01 2.694880e+05 27 3.728465e+03
Level_03 8.924267e-01 2.078091e-02 8.431975e-01 9.315966e-01 8.830000e+05 82 7.729976e+03
Level_04 2.768729e+00 5.115415e-02 2.661381e+00 2.842363e+00 7.608016e+06 211 2.146748e+04
Level_05 2.628085e+01 5.168034e-01 2.558016e+01 2.755960e+01 3.986631e+07 706 1.185105e+04
Level_06 6.487477e+01 8.987578e-01 6.271072e+01 6.731437e+01 1.310426e+08 967 1.578071e+04
Level_07 7.734753e+01 1.284424e+00 7.340999e+01 7.908295e+01 1.176487e+08 717 1.188312e+04
Level_08 7.664208e+01 1.270263e+00 7.164202e+01 7.816736e+01 1.168467e+08 457 1.191075e+04
Level_09 1.338078e+02 8.566238e-01 1.278636e+02 1.352741e+02 1.623856e+08 223 9.481047e+03
Level_10 3.247356e+02 1.118966e+00 3.172331e+02 3.270720e+02 3.512498e+08 199 8.450379e+03
MPIWaitReceive 2.124427e+01 1.703619e+01 1.870402e+00 9.928797e+01
ParticleUpdate 6.919968e-02 5.302158e-02 2.283112e-02 2.604515e-01
PrepareDensityField 1.644014e+01 1.054418e+01 2.607321e+00 5.352751e+01
RebuildHierarchy 4.505698e+01 4.964653e-01 4.298118e+01 4.576308e+01
SPCommUpdateCount 5.675627e+02 9.561128e+01 1.320008e+02 6.442680e+02
SPFinalize 5.675685e+02 9.561200e+01 1.320045e+02 6.442734e+02
SPFindTotalParticles 6.863712e-01 1.305579e-01 3.930123e-01 9.450390e-01
SPInitialize 1.183520e+00 6.639942e-02 1.066902e+00 1.299505e+00
SPRecordStarCount 4.919153e-01 1.713320e-01 1.587524e-01 9.015276e-01
SetAccelBoundary 4.385883e+00 2.963441e+00 1.183754e+00 1.776150e+01
SetBoundaryConditions 2.196152e+01 1.660737e+01 2.780201e+00 8.181009e+01
SetLevelTimeStep 4.782827e+01 1.084480e+01 4.610185e+00 6.016532e+01
SolveForPotential 1.183373e+01 7.824373e+00 1.692278e+00 4.157880e+01
SolveHydroEquations 1.932016e+01 2.613086e+01 3.964058e-01 1.494311e+02
StarParticleHandler 2.138598e+00 3.461901e+00 4.135023e-02 1.749505e+01
Total 7.885467e+02 1.362751e-03 7.885406e+02 7.885472e+02 9.447015e+08 3665 9.359598e+03
UpdateFromFinerGrids 1.164942e+00 1.095525e+00 1.044943e-01 5.830971e+00

Cycle_Number 2115
ChemistryCooling 3.708487e+01 5.598736e+01 1.008336e+00 4.371352e+02
CommBufferedSend 2.121347e-01 2.436855e-01 1.780758e-02 1.921282e+00
CommReceiveHandler 2.360839e+01 1.715053e+01 1.650399e+00 8.853759e+01
CommunicationTranspose 1.207340e-01 5.790938e-02 5.153894e-02 1.889883e-01
ComputePotentialFieldLevelZero 1.412211e-01 4.956066e-02 8.270572e-02 1.989535e-01
CopyToOldBaryon 6.256886e-01 5.834661e-01 7.412387e-02 2.709391e+00
CreateSiblingList 6.989467e-01 2.624803e-01 3.617370e-01 1.658818e+00
GravityAccel 1.258001e+00 1.505658e+00 7.295533e-02 7.727055e+00
Group_WriteAllData 6.319762e+00 1.633639e-04 6.319732e+00 6.321602e+00
Level_00 2.519266e+00 3.939068e-02 2.458175e+00 2.601853e+00 1.677722e+07 64 5.202786e+04
Level_01 4.085569e-01 4.111518e-02 3.515736e-01 4.538854e-01 1.241520e+05 12 2.374057e+03
Level_02 6.078006e-01 1.151097e-02 5.742621e-01 6.132078e-01 2.696560e+05 27 3.466083e+03
Level_03 1.240233e+00 2.025785e-02 1.197914e+00 1.255811e+00 8.864080e+05 82 5.583678e+03
Level_04 2.112452e+00 2.529638e-02 2.067780e+00 2.180383e+00 7.608736e+06 213 2.813946e+04
Level_05 1.463810e+01 2.644783e-01 1.418113e+01 1.526110e+01 2.967557e+07 715 1.583815e+04
Level_06 4.983829e+01 7.755720e-01 4.847365e+01 5.178058e+01 1.064102e+08 962 1.668054e+04
Level_07 7.288657e+01 9.843528e-01 6.922887e+01 7.428079e+01 1.290693e+08 723 1.383457e+04
Level_08 7.486692e+01 1.238982e+00 7.100171e+01 7.661832e+01 1.264606e+08 456 1.319640e+04
Level_09 1.157145e+02 1.066769e+00 1.102788e+02 1.168681e+02 1.561342e+08 222 1.054145e+04
Level_10 3.832499e+02 9.201473e-01 3.792071e+02 3.851655e+02 3.489426e+08 195 7.113151e+03
MPIWaitReceive 2.276181e+01 1.656131e+01 1.236392e+00 8.565101e+01
ParticleUpdate 7.098174e-02 5.040890e-02 2.496832e-02 3.011381e-01
PrepareDensityField 1.737051e+01 9.245575e+00 3.069065e+00 4.427314e+01
RebuildHierarchy 4.074462e+01 4.907623e-01 3.917714e+01 4.172739e+01
SPCommUpdateCount 5.825024e+02 8.896689e+01 1.279557e+02 6.538724e+02
SPFinalize 5.825082e+02 8.896771e+01 1.279593e+02 6.538800e+02
SPFindTotalParticles 7.321874e-01 1.334116e-01 4.153309e-01 1.008463e+00
SPInitialize 1.228773e+00 7.703144e-02 1.111981e+00 1.372691e+00
SPRecordStarCount 4.910201e-01 1.757564e-01 1.508600e-01 9.533662e-01
SetAccelBoundary 4.653157e+00 2.817581e+00 1.023514e+00 1.484526e+01
SetBoundaryConditions 2.280236e+01 1.506128e+01 2.221789e+00 6.545962e+01
SetLevelTimeStep 3.947383e+01 9.709718e+00 6.780622e+00 5.221775e+01
SolveForPotential 1.251665e+01 7.065860e+00 1.680024e+00 3.359220e+01
SolveHydroEquations 1.905767e+01 2.348428e+01 7.337771e-01 1.221552e+02
StarParticleHandler 2.126166e+00 3.311612e+00 6.080555e-02 1.760693e+01
Total 7.895493e+02 2.011235e-03 7.895425e+02 7.895503e+02 9.223587e+08 3671 9.126633e+03
UpdateFromFinerGrids 1.198769e+00 9.758856e-01 1.043764e-01 4.756890e+00

