# Starting performance log. MPI processes: 128

Cycle_Number 2111
CommunicationTranspose 1.396780e-01 4.238686e-02 8.590321e-02 1.858270e-01
ComputePotentialFieldLevelZero 1.608950e-01 3.585962e-02 1.127825e-01 1.993208e-01
Group_WriteAllData 2.224575e+01 7.361106e+00 1.485313e+01 2.961028e+01
Level_00 2.955698e+00 1.956385e-02 2.918322e+00 2.994723e+00 1.677722e+07 64 4.434553e+04
Level_01 2.997467e-01 3.039673e-02 2.558179e-01 3.307091e-01 1.231840e+05 12 3.210627e+03
Level_02 3.547469e-01 2.916795e-03 3.425216e-01 3.564398e-01 2.694880e+05 27 5.934865e+03
Level_03 4.842581e-01 1.039657e-02 4.680245e-01 4.941755e-01 8.803280e+05 81 1.420226e+04
Level_04 2.276318e+00 2.095515e-02 2.249903e+00 2.349646e+00 7.646352e+06 205 2.624288e+04
Level_05 6.368457e+00 7.885571e-02 6.068546e+00 6.554387e+00 3.302912e+07 722 4.051845e+04
Level_06 1.341907e+01 6.163545e-02 1.322230e+01 1.355543e+01 8.134402e+07 954 4.735798e+04
Level_07 2.302336e+01 1.253749e-01 2.263056e+01 2.334959e+01 9.764658e+07 742 3.313433e+04
Level_08 5.087007e+01 1.588467e-01 5.030265e+01 5.125788e+01 1.206727e+08 477 1.853262e+04
Level_09 1.401154e+02 3.469986e-01 1.391740e+02 1.409642e+02 2.046976e+08 244 1.141345e+04
Level_10 2.089205e+02 4.618410e-01 2.076869e+02 2.099028e+02 3.815374e+08 216 1.426744e+04
RebuildHierarchy 3.403147e+01 1.489819e-01 3.352353e+01 3.435225e+01
SetBoundaryConditions 2.169618e+01 3.559133e+00 1.053201e+01 2.808566e+01
SolveForPotential 1.068160e+01 2.177723e+00 4.259288e+00 1.616748e+01
SolveHydroEquations 2.216062e+01 4.777760e+00 1.226072e+01 3.560848e+01
Total 5.034604e+02 6.486037e-04 5.034603e+02 5.034677e+02 9.446240e+08 3744 1.465830e+04

Cycle_Number 2112
CommunicationTranspose 1.100913e-01 5.087843e-02 4.654773e-02 1.701493e-01
ComputePotentialFieldLevelZero 1.289673e-01 4.366263e-02 7.699969e-02 1.790731e-01
Group_WriteAllData 6.710196e+00 5.898440e-04 6.709557e+00 6.712218e+00
Level_00 2.776896e+00 3.552227e-02 2.723655e+00 2.852958e+00 1.677722e+07 64 4.720090e+04
Level_01 3.224044e-01 3.576705e-02 2.674015e-01 3.595126e-01 1.231840e+05 12 2.984994e+03
Level_02 4.405360e-01 3.124130e-03 4.289036e-01 4.429422e-01 2.694880e+05 27 4.779121e+03
Level_03 4.872491e-01 1.164911e-02 4.700879e-01 5.245540e-01 8.803280e+05 81 1.411509e+04
Level_04 1.925886e+00 1.789090e-02 1.883435e+00 1.966799e+00 7.646352e+06 205 3.101800e+04
Level_05 7.456676e+00 1.010175e-01 7.123148e+00 7.750329e+00 3.631461e+07 713 3.804750e+04
Level_06 1.779523e+01 1.184319e-01 1.746650e+01 1.816055e+01 1.131150e+08 958 4.965999e+04
Level_07 2.895089e+01 1.448662e-01 2.854638e+01 2.933293e+01 1.432312e+08 728 3.865145e+04
Level_08 4.842065e+01 1.783256e-01 4.790570e+01 4.900148e+01 1.284924e+08 472 2.073179e+04
Level_09 9.698057e+01 2.417620e-01 9.632143e+01 9.762390e+01 1.653030e+08 236 1.331638e+04
Level_10 1.989661e+02 3.004331e-01 1.982125e+02 1.998366e+02 3.571666e+08 198 1.402432e+04
RebuildHierarchy 3.612864e+01 1.537994e-01 3.565039e+01 3.651390e+01
SetBoundaryConditions 2.164856e+01 2.486441e+00 1.375930e+01 2.705025e+01
SolveForPotential 1.004905e+01 1.403094e+00 6.483290e+00 1.435811e+01
SolveHydroEquations 2.302914e+01 3.854596e+00 1.349442e+01 3.446184e+01
Total 4.626577e+02 2.122107e-03 4.626489e+02 4.626590e+02 9.693194e+08 3694 1.636806e+04

Cycle_Number 2113
CommunicationTranspose 1.068796e-01 5.169548e-02 4.331963e-02 1.671791e-01
ComputePotentialFieldLevelZero 1.249484e-01 4.555269e-02 7.085591e-02 1.777295e-01
Group_WriteAllData 6.794600e+00 1.733520e-04 6.794572e+00 6.796553e+00
Level_00 2.517121e+00 2.689045e-02 2.458808e+00 2.571629e+00 1.677722e+07 64 5.207219e+04
Level_01 3.011201e-01 3.568203e-02 2.541822e-01 3.389321e-01 1.241520e+05 12 3.221099e+03
Level_02 3.489520e-01 2.833506e-03 3.396150e-01 3.510797e-01 2.694880e+05 27 6.033424e+03
Level_03 4.632125e-01 1.236825e-02 4.409423e-01 4.939841e-01 8.830000e+05 82 1.489260e+04
Level_04 1.801786e+00 1.416849e-02 1.767545e+00 1.834594e+00 7.608016e+06 211 3.298816e+04
Level_05 5.735119e+00 7.342702e-02 5.433161e+00 5.944870e+00 2.990474e+07 699 4.073687e+04
Level_06 1.821321e+01 1.053834e-01 1.781705e+01 1.844785e+01 1.062748e+08 961 4.558626e+04
Level_07 3.677350e+01 1.713899e-01 3.633041e+01 3.726464e+01 1.447676e+08 723 3.075575e+04
Level_08 4.848072e+01 2.329601e-01 4.802129e+01 4.937017e+01 1.225627e+08 466 1.975055e+04
Level_09 9.847057e+01 2.813970e-01 9.742758e+01 9.905500e+01 1.586431e+08 235 1.258649e+04
Level_10 1.876324e+02 3.165944e-01 1.865927e+02 1.885775e+02 3.420360e+08 206 1.424145e+04
RebuildHierarchy 3.445160e+01 1.738599e-01 3.399381e+01 3.486863e+01
SetBoundaryConditions 2.186189e+01 2.922126e+00 1.098572e+01 2.853109e+01
SolveForPotential 1.116685e+01 1.622724e+00 7.147049e+00 1.614067e+01
SolveHydroEquations 2.195638e+01 4.215849e+00 1.374284e+01 3.331724e+01
Total 4.570857e+02 1.771590e-03 4.570798e+02 4.570866e+02 9.298509e+08 3686 1.589299e+04

Cycle_Number 2114
CommunicationTranspose 1.178452e-01 5.665444e-02 4.268766e-02 1.831513e-01
ComputePotentialFieldLevelZero 1.377165e-01 4.832381e-02 7.943622e-02 1.923949e-01
Group_WriteAllData 6.858826e+00 6.121890e-04 6.857893e+00 6.860471e+00
Level_00 3.115560e+00 3.637613e-02 3.033342e+00 3.189955e+00 1.677722e+07 64 4.207013e+04
Level_01 3.894665e-01 4.020606e-02 3.352499e-01 4.326038e-01 1.241520e+05 12 2.490426e+03
Level_02 3.422155e-01 5.896703e-03 3.232138e-01 3.454956e-01 2.694880e+05 27 6.152190e+03
Level_03 4.566813e-01 9.162465e-03 4.405194e-01 4.806218e-01 8.830000e+05 82 1.510558e+04
Level_04 1.964702e+00 1.375947e-02 1.921867e+00 2.010326e+00 7.608016e+06 211 3.025274e+04
Level_05 7.473004e+00 1.036667e-01 7.146406e+00 7.742107e+00 3.986631e+07 706 4.167742e+04
Level_06 2.137275e+01 1.492441e-01 2.106930e+01 2.193598e+01 1.310426e+08 967 4.790072e+04
Level_07 3.506203e+01 1.597141e-01 3.466896e+01 3.555912e+01 1.176487e+08 717 2.621440e+04
Level_08 5.406354e+01 1.627542e-01 5.357340e+01 5.449167e+01 1.168467e+08 457 1.688504e+04
Level_09 1.000058e+02 2.622919e-01 9.931963e+01 1.007920e+02 1.623856e+08 223 1.268564e+04
Level_10 1.937128e+02 3.238110e-01 1.929082e+02 1.944978e+02 3.512472e+08 199 1.416592e+04
RebuildHierarchy 3.681465e+01 1.860926e-01 3.645759e+01 3.728797e+01
SetBoundaryConditions 2.017231e+01 3.002756e+00 1.099751e+01 2.779579e+01
SolveForPotential 1.052683e+01 2.002624e+00 5.516707e+00 1.704343e+01
SolveHydroEquations 2.193563e+01 4.328233e+00 1.311312e+01 3.470988e+01
Total 4.772271e+02 1.093978e-03 4.772220e+02 4.772275e+02 9.446989e+08 3665 1.546530e+04

Cycle_Number 2115
CommunicationTranspose 1.167943e-01 5.453141e-02 5.276126e-02 1.820045e-01
ComputePotentialFieldLevelZero 1.385752e-01 4.560007e-02 8.475248e-02 1.922135e-01
Group_WriteAllData 6.716726e+00 1.743181e-04 6.716699e+00 6.718690e+00
Level_00 3.087847e+00 3.760040e-02 2.993700e+00 3.165411e+00 1.677722e+07 64 4.244770e+04
Level_01 3.896079e-01 4.754435e-02 3.231890e-01 4.389900e-01 1.241520e+05 12 2.489522e+03
Level_02 4.263435e-01 4.814089e-03 4.123216e-01 4.292285e-01 2.696560e+05 27 4.941291e+03
Level_03 5.061096e-01 9.737757e-03 4.905776e-01 5.594845e-01 8.864080e+05 82 1.368293e+04
Level_04 2.079868e+00 2.105743e-02 2.035881e+00 2.124449e+00 7.608736e+06 213 2.858030e+04
Level_05 6.460426e+00 6.880744e-02 6.219362e+00 6.628477e+00 2.967557e+07 715 3.588624e+04
Level_06 1.721668e+01 8.847185e-02 1.686042e+01 1.744183e+01 1.064102e+08 962 4.828627e+04
Level_07 2.475956e+01 1.292192e-01 2.447519e+01 2.518529e+01 1.290693e+08 723 4.072585e+04
Level_08 5.167468e+01 2.037147e-01 5.119805e+01 5.228810e+01 1.264606e+08 456 1.911910e+04
Level_09 1.176197e+02 2.680355e-01 1.169065e+02 1.183382e+02 1.561342e+08 222 1.037070e+04
Level_10 2.343832e+02 4.262500e-01 2.310014e+02 2.355904e+02 3.489458e+08 195 1.163112e+04
RebuildHierarchy 3.340023e+01 1.526690e-01 3.287513e+01 3.375728e+01
SetBoundaryConditions 1.985800e+01 3.006530e+00 1.102423e+01 2.679884e+01
SolveForPotential 9.979532e+00 1.682492e+00 4.592930e+00 1.356571e+01
SolveHydroEquations 2.147280e+01 4.666910e+00 1.319390e+01 3.354339e+01
Total 5.136527e+02 1.321278e-03 5.136476e+02 5.136533e+02 9.223619e+08 3671 1.402884e+04

