# Starting performance log. MPI processes: 128

Cycle_Number 2111
CommunicationTranspose 1.280309e-01 5.199518e-02 6.659954e-02 1.836446e-01
ComputePotentialFieldLevelZero 1.527828e-01 4.346674e-02 9.970570e-02 1.992569e-01
Group_WriteAllData 2.203633e+01 7.221288e+00 1.478832e+01 2.927911e+01
Level_00 3.071853e+00 3.078493e-02 3.017904e+00 3.122187e+00 1.677722e+07 64 4.266871e+04
Level_01 3.253285e-01 3.809019e-02 2.694561e-01 3.642583e-01 1.231840e+05 12 2.958164e+03
Level_02 4.485615e-01 5.551163e-03 4.336276e-01 4.518625e-01 2.694880e+05 27 4.693615e+03
Level_03 5.363763e-01 1.137749e-02 5.137944e-01 5.474264e-01 8.803280e+05 81 1.282227e+04
Level_04 1.624674e+00 2.878085e-02 1.571169e+00 1.692440e+00 7.646352e+06 205 3.676869e+04
Level_05 6.630297e+00 8.146668e-02 6.350524e+00 6.867104e+00 3.302912e+07 722 3.891832e+04
Level_06 1.341361e+01 8.205102e-02 1.317694e+01 1.373911e+01 8.134402e+07 954 4.737728e+04
Level_07 2.485038e+01 1.320154e-01 2.441877e+01 2.516388e+01 9.764658e+07 742 3.069827e+04
Level_08 5.108460e+01 1.483941e-01 5.052723e+01 5.149842e+01 1.206727e+08 477 1.845479e+04
Level_09 1.377854e+02 3.509878e-01 1.368361e+02 1.386985e+02 2.046976e+08 244 1.160646e+04
Level_10 2.031744e+02 4.855761e-01 2.017916e+02 2.044378e+02 3.815374e+08 216 1.467095e+04
RebuildHierarchy 3.477529e+01 2.056854e-01 3.423221e+01 3.525935e+01
SetBoundaryConditions 2.203664e+01 3.559239e+00 1.025577e+01 2.917128e+01
SolveForPotential 1.226677e+01 2.426494e+00 4.263794e+00 1.837820e+01
SolveHydroEquations 2.232825e+01 4.937099e+00 1.219543e+01 3.686124e+01
Total 4.978855e+02 5.384970e-04 4.978854e+02 4.978915e+02 9.446240e+08 3744 1.482243e+04

Cycle_Number 2112
CommunicationTranspose 1.375888e-01 5.937927e-02 6.867761e-02 2.089266e-01
ComputePotentialFieldLevelZero 1.593449e-01 5.001615e-02 9.597282e-02 2.187947e-01
Group_WriteAllData 6.892130e+00 8.360174e-04 6.890735e+00 6.893860e+00
Level_00 3.236129e+00 5.025457e-02 3.167182e+00 3.328380e+00 1.677722e+07 64 4.050272e+04
Level_01 3.314003e-01 4.360416e-02 2.711047e-01 3.777059e-01 1.231840e+05 12 2.903966e+03
Level_02 3.753811e-01 4.013432e-03 3.575663e-01 3.784420e-01 2.694880e+05 27 5.608634e+03
Level_03 4.706979e-01 1.007278e-02 4.508520e-01 4.816582e-01 8.803280e+05 81 1.461141e+04
Level_04 1.599893e+00 2.495022e-02 1.536400e+00 1.675232e+00 7.646352e+06 205 3.733820e+04
Level_05 7.669330e+00 1.249192e-01 7.235249e+00 8.063992e+00 3.631461e+07 713 3.699252e+04
Level_06 1.857188e+01 1.814502e-01 1.814432e+01 1.929234e+01 1.131150e+08 958 4.758329e+04
Level_07 3.053545e+01 2.289684e-01 2.981715e+01 3.094081e+01 1.432312e+08 728 3.664572e+04
Level_08 4.923474e+01 2.823574e-01 4.799611e+01 5.020912e+01 1.284924e+08 472 2.038900e+04
Level_09 9.775624e+01 3.137243e-01 9.643274e+01 9.848672e+01 1.653030e+08 236 1.321072e+04
Level_10 2.006780e+02 3.690852e-01 1.994688e+02 2.017758e+02 3.571666e+08 198 1.390468e+04
RebuildHierarchy 3.809408e+01 1.919744e-01 3.745242e+01 3.857588e+01
SetBoundaryConditions 2.468178e+01 2.782821e+00 1.585677e+01 3.054204e+01
SolveForPotential 1.106810e+01 1.485449e+00 7.856335e+00 1.548487e+01
SolveHydroEquations 2.322697e+01 3.932990e+00 1.372646e+01 3.460429e+01
Total 4.726014e+02 4.271028e-03 4.725845e+02 4.726037e+02 9.693194e+08 3694 1.602367e+04

Cycle_Number 2113
CommunicationTranspose 1.239193e-01 5.792941e-02 5.853556e-02 1.943526e-01
ComputePotentialFieldLevelZero 1.466449e-01 4.866101e-02 8.356357e-02 2.043622e-01
Group_WriteAllData 6.809566e+00 1.684901e-04 6.809538e+00 6.811464e+00
Level_00 2.730210e+00 4.293239e-02 2.638451e+00 2.825027e+00 1.677722e+07 64 4.800802e+04
Level_01 3.406337e-01 5.071265e-02 2.710369e-01 3.936367e-01 1.241520e+05 12 2.847451e+03
Level_02 3.875946e-01 4.807473e-03 3.720436e-01 3.909546e-01 2.694880e+05 27 5.431899e+03
Level_03 4.672343e-01 1.164672e-02 4.495302e-01 5.252006e-01 8.830000e+05 82 1.476441e+04
Level_04 1.607166e+00 2.324501e-02 1.555341e+00 1.679908e+00 7.608016e+06 211 3.698289e+04
Level_05 6.004607e+00 8.437586e-02 5.711917e+00 6.220267e+00 2.990474e+07 699 3.890859e+04
Level_06 1.706019e+01 1.685485e-01 1.671865e+01 1.758971e+01 1.062748e+08 961 4.866722e+04
Level_07 3.671461e+01 2.378523e-01 3.596420e+01 3.732538e+01 1.447676e+08 723 3.080508e+04
Level_08 4.774889e+01 2.821505e-01 4.699857e+01 4.850846e+01 1.225627e+08 466 2.005327e+04
Level_09 9.727180e+01 3.349669e-01 9.549537e+01 9.817407e+01 1.586431e+08 235 1.274161e+04
Level_10 1.837395e+02 3.903291e-01 1.823983e+02 1.846985e+02 3.420360e+08 206 1.454318e+04
RebuildHierarchy 3.479359e+01 2.364542e-01 3.417070e+01 3.530141e+01
SetBoundaryConditions 2.278070e+01 3.162427e+00 1.114454e+01 2.910875e+01
SolveForPotential 1.183538e+01 2.021350e+00 6.982042e+00 1.712511e+01
SolveHydroEquations 2.199874e+01 4.224970e+00 1.450329e+01 3.386632e+01
Total 4.508815e+02 1.076527e-03 4.508768e+02 4.508821e+02 9.298509e+08 3686 1.611168e+04

Cycle_Number 2114
CommunicationTranspose 1.133153e-01 5.426400e-02 4.545119e-02 1.763394e-01
ComputePotentialFieldLevelZero 1.335832e-01 4.596437e-02 7.830520e-02 1.862997e-01
Group_WriteAllData 6.767504e+00 1.333910e-03 6.765039e+00 6.770632e+00
Level_00 2.899390e+00 2.735346e-02 2.840909e+00 2.962935e+00 1.677722e+07 64 4.520675e+04
Level_01 3.166138e-01 4.326269e-02 2.538972e-01 3.620095e-01 1.241520e+05 12 3.063472e+03
Level_02 3.503840e-01 3.627662e-03 3.405670e-01 3.531179e-01 2.694880e+05 27 6.008764e+03
Level_03 4.483656e-01 7.334202e-03 4.353219e-01 4.559640e-01 8.830000e+05 82 1.538574e+04
Level_04 1.601054e+00 1.602844e-02 1.570184e+00 1.662705e+00 7.608016e+06 211 3.712405e+04
Level_05 7.897626e+00 1.356888e-01 7.615385e+00 8.251929e+00 3.986631e+07 706 3.943661e+04
Level_06 2.201520e+01 2.150998e-01 2.147800e+01 2.283544e+01 1.310426e+08 967 4.650287e+04
Level_07 3.623397e+01 2.302809e-01 3.553567e+01 3.703186e+01 1.176487e+08 717 2.536653e+04
Level_08 5.410934e+01 2.197697e-01 5.337810e+01 5.459054e+01 1.168467e+08 457 1.687075e+04
Level_09 9.923821e+01 3.170965e-01 9.819941e+01 1.003590e+02 1.623856e+08 223 1.278376e+04
Level_10 1.909813e+02 3.994534e-01 1.897626e+02 1.918227e+02 3.512511e+08 199 1.436868e+04
RebuildHierarchy 3.854181e+01 1.912029e-01 3.804003e+01 3.897285e+01
SetBoundaryConditions 2.253781e+01 3.179240e+00 1.187566e+01 3.065420e+01
SolveForPotential 1.146557e+01 2.140189e+00 5.791474e+00 1.791875e+01
SolveHydroEquations 2.204344e+01 4.443389e+00 1.283374e+01 3.591323e+01
Total 4.782269e+02 9.107502e-04 4.782224e+02 4.782273e+02 9.447028e+08 3665 1.543303e+04

Cycle_Number 2115
CommunicationTranspose 1.342253e-01 6.595235e-02 5.858855e-02 2.116129e-01
ComputePotentialFieldLevelZero 1.558055e-01 5.727440e-02 8.710951e-02 2.216419e-01
Group_WriteAllData 6.659780e+00 1.831160e-04 6.659751e+00 6.661843e+00
Level_00 3.026129e+00 3.434790e-02 2.941463e+00 3.102976e+00 1.677722e+07 64 4.331342e+04
Level_01 3.106272e-01 4.363917e-02 2.505753e-01 3.570411e-01 1.241520e+05 12 3.122513e+03
Level_02 3.732177e-01 3.265262e-03 3.633514e-01 3.757944e-01 2.696560e+05 27 5.644661e+03
Level_03 5.118270e-01 1.324480e-02 4.870116e-01 5.249240e-01 8.864080e+05 82 1.353009e+04
Level_04 1.712951e+00 2.461026e-02 1.650594e+00 1.770768e+00 7.608736e+06 213 3.470224e+04
Level_05 5.810315e+00 7.335320e-02 5.558413e+00 5.967290e+00 2.967557e+07 715 3.990152e+04
Level_06 1.780525e+01 1.483779e-01 1.740066e+01 1.820446e+01 1.064102e+08 962 4.669014e+04
Level_07 2.668717e+01 1.727066e-01 2.626487e+01 2.735716e+01 1.290693e+08 723 3.778423e+04
Level_08 5.144003e+01 2.345756e-01 5.087694e+01 5.220041e+01 1.264606e+08 456 1.920632e+04
Level_09 1.157858e+02 3.569426e-01 1.150075e+02 1.169012e+02 1.561342e+08 222 1.053496e+04
Level_10 2.318023e+02 4.990927e-01 2.279595e+02 2.331107e+02 3.489426e+08 195 1.176052e+04
RebuildHierarchy 3.546460e+01 2.178098e-01 3.492889e+01 3.595082e+01
SetBoundaryConditions 2.195738e+01 3.205505e+00 1.387201e+01 3.061782e+01
SolveForPotential 1.188944e+01 2.096357e+00 4.912342e+00 1.609607e+01
SolveHydroEquations 2.154848e+01 4.769446e+00 1.222429e+01 3.406934e+01
Total 5.132743e+02 1.946650e-03 5.132669e+02 5.132753e+02 9.223587e+08 3671 1.403914e+04

