# Starting performance log. MPI processes: 128

Cycle_Number 2111
ChemistryCooling 3.373158e+01 6.547236e+00 2.255477e+01 6.760476e+01
CommBufferedSend 9.221079e-01 2.182109e-01 4.110161e-01 1.870463e+00
CommReceiveHandler 3.220134e+01 7.713928e+00 5.607654e+00 4.459196e+01
CommunicationTranspose 1.078576e-01 5.297122e-02 4.486778e-02 1.684485e-01
ComputePotentialFieldLevelZero 1.302978e-01 4.458842e-02 7.622250e-02 1.793585e-01
CopyToOldBaryon 1.241591e+00 2.519968e-01 8.182027e-01 1.936196e+00
CreateSiblingList 9.256159e-01 2.380373e-01 5.873412e-01 1.907652e+00
GravityAccel 1.662593e+00 2.086542e-01 1.207718e+00 2.675848e+00
Group_WriteAllData 2.231459e+01 8.021804e+00 1.425989e+01 3.036553e+01
Level_00 2.688846e+00 2.429570e-02 2.632829e+00 2.735592e+00 1.677722e+07 64 4.874656e+04
Level_01 1.840070e-01 4.041032e-02 1.274910e-01 2.254763e-01 1.198240e+05 44 5.087442e+03
Level_02 1.517822e-01 8.019880e-03 1.376353e-01 1.604376e-01 2.329680e+05 91 1.199128e+04
Level_03 3.113900e-01 3.102036e-03 3.044080e-01 3.195607e-01 8.134320e+05 178 2.040829e+04
Level_04 1.608586e+00 2.037273e-02 1.565854e+00 1.665328e+00 7.567680e+06 215 3.675433e+04
Level_05 5.130290e+00 5.777968e-02 4.932754e+00 5.234492e+00 3.269166e+07 727 4.978346e+04
Level_06 1.158753e+01 7.506357e-02 1.138084e+01 1.181031e+01 8.136688e+07 989 5.485886e+04
Level_07 2.136961e+01 1.166230e-01 2.105077e+01 2.171143e+01 9.812907e+07 801 3.587493e+04
Level_08 3.859513e+01 1.740497e-01 3.808514e+01 3.921395e+01 1.146602e+08 590 2.320973e+04
Level_09 7.056491e+01 2.316330e-01 7.002541e+01 7.124555e+01 1.803259e+08 374 1.996454e+04
Level_10 1.215978e+02 3.574760e-01 1.208277e+02 1.232788e+02 3.382666e+08 350 2.173320e+04
MPIWaitReceive 2.812113e+01 6.823720e+00 5.022356e+00 3.945498e+01
ParticleUpdate 1.303501e-01 1.881231e-02 9.677519e-02 2.187553e-01
PrepareDensityField 2.460743e+01 3.145636e+00 1.387593e+01 2.997950e+01
RebuildHierarchy 3.349380e+01 1.059833e-01 3.315977e+01 3.379302e+01
SPCommUpdateCount 1.522308e+02 1.063509e+01 1.105787e+02 1.822104e+02
SPFinalize 1.522370e+02 1.063548e+01 1.105835e+02 1.822178e+02
SPFindTotalParticles 8.690964e-01 1.198982e-01 5.844342e-01 1.153508e+00
SPInitialize 1.396735e+00 5.607854e-02 1.302538e+00 1.488702e+00
SPRecordStarCount 5.175587e-01 1.502559e-01 1.828262e-01 8.773647e-01
SetAccelBoundary 5.256211e+00 7.990834e-01 2.278307e+00 6.416183e+00
SetBoundaryConditions 2.780119e+01 2.584519e+00 1.695898e+01 3.099946e+01
SetLevelTimeStep 8.052034e+00 1.571454e+00 4.414180e+00 1.496543e+01
SolveForPotential 1.640433e+01 2.227207e+00 8.453437e+00 1.974712e+01
SolveHydroEquations 2.571726e+01 1.888570e+00 1.981083e+01 3.210338e+01
StarParticleHandler 2.970433e+00 1.087658e+00 1.425707e+00 8.120427e+00
Total 3.279728e+02 7.645922e-04 3.279727e+02 3.279814e+02 8.709514e+08 4423 2.074656e+04
UpdateFromFinerGrids 2.454102e+00 5.555122e-01 1.287829e+00 4.035893e+00

Cycle_Number 2112
ChemistryCooling 3.283932e+01 6.978269e+00 2.409302e+01 6.388221e+01
CommBufferedSend 7.148449e-01 2.160242e-01 1.657404e-01 1.378973e+00
CommReceiveHandler 3.032385e+01 7.274464e+00 8.724557e+00 4.527436e+01
CommunicationTranspose 1.209824e-01 5.330614e-02 4.802192e-02 1.881169e-01
ComputePotentialFieldLevelZero 1.401060e-01 4.599505e-02 7.700050e-02 1.974654e-01
CopyToOldBaryon 1.418853e+00 3.431805e-01 8.966318e-01 2.470365e+00
CreateSiblingList 9.964480e-01 3.443400e-01 5.502009e-01 2.116403e+00
GravityAccel 1.629655e+00 2.423092e-01 1.293746e+00 2.788869e+00
Group_WriteAllData 6.539769e+00 8.247135e-04 6.538790e+00 6.541923e+00
Level_00 2.459077e+00 2.627049e-02 2.390344e+00 2.516523e+00 1.677722e+07 64 5.330129e+04
Level_01 2.043757e-01 4.244882e-02 1.512953e-01 2.541362e-01 1.198240e+05 44 4.580412e+03
Level_02 2.080248e-01 1.239275e-02 1.817694e-01 2.211338e-01 2.329680e+05 91 8.749255e+03
Level_03 2.746705e-01 1.248205e-02 2.463862e-01 2.943842e-01 8.134320e+05 178 2.313658e+04
Level_04 1.291363e+00 1.554403e-02 1.240338e+00 1.350248e+00 7.567680e+06 215 4.578301e+04
Level_05 4.879964e+00 6.068394e-02 4.700003e+00 5.065449e+00 2.916022e+07 722 4.668358e+04
Level_06 1.334169e+01 1.514409e-01 1.300704e+01 1.375160e+01 9.301228e+07 971 5.446523e+04
Level_07 2.191613e+01 1.949704e-01 2.135494e+01 2.235970e+01 1.200874e+08 814 4.280786e+04
Level_08 4.138514e+01 2.015972e-01 4.092268e+01 4.216671e+01 1.039929e+08 576 1.963132e+04
Level_09 4.788261e+01 2.305428e-01 4.729623e+01 4.868937e+01 1.531434e+08 374 2.498679e+04
Level_10 1.224202e+02 3.186854e-01 1.216846e+02 1.241818e+02 3.188181e+08 361 2.034604e+04
MPIWaitReceive 2.615826e+01 6.733175e+00 7.722463e+00 3.944642e+01
ParticleUpdate 1.277841e-01 2.284853e-02 9.439989e-02 2.495688e-01
PrepareDensityField 2.230801e+01 2.577562e+00 1.274541e+01 2.780540e+01
RebuildHierarchy 3.632192e+01 1.764452e-01 3.586436e+01 3.672456e+01
SPCommUpdateCount 1.391902e+02 1.014863e+01 1.052068e+02 1.610687e+02
SPFinalize 1.391962e+02 1.014877e+01 1.052108e+02 1.610747e+02
SPFindTotalParticles 8.617010e-01 1.304215e-01 5.518910e-01 1.111940e+00
SPInitialize 1.352366e+00 6.153088e-02 1.238318e+00 1.466072e+00
SPRecordStarCount 4.850153e-01 1.580149e-01 1.603830e-01 8.513757e-01
SetAccelBoundary 5.045492e+00 6.536120e-01 2.572739e+00 6.753675e+00
SetBoundaryConditions 2.830463e+01 2.231724e+00 1.833580e+01 3.278243e+01
SetLevelTimeStep 7.851898e+00 1.702748e+00 3.605346e+00 1.472853e+01
SolveForPotential 1.388746e+01 1.587615e+00 8.146724e+00 1.724443e+01
SolveHydroEquations 2.432127e+01 1.734667e+00 2.109910e+01 3.074299e+01
StarParticleHandler 2.683920e+00 1.331153e+00 1.426318e+00 1.198055e+01
Total 3.156374e+02 2.920781e-03 3.156255e+02 3.156392e+02 8.437254e+08 4410 2.088347e+04
UpdateFromFinerGrids 2.459539e+00 6.326505e-01 1.269389e+00 4.294279e+00

Cycle_Number 2113
ChemistryCooling 3.359915e+01 7.720098e+00 2.316899e+01 7.386700e+01
CommBufferedSend 7.035895e-01 2.226124e-01 2.467734e-01 1.352045e+00
CommReceiveHandler 3.136631e+01 6.639525e+00 1.323053e+01 4.407426e+01
CommunicationTranspose 1.249240e-01 6.483443e-02 4.941469e-02 2.081190e-01
ComputePotentialFieldLevelZero 1.456269e-01 5.687046e-02 7.955596e-02 2.188193e-01
CopyToOldBaryon 1.441849e+00 3.549428e-01 8.058586e-01 2.333543e+00
CreateSiblingList 1.064720e+00 3.646311e-01 4.903413e-01 1.953252e+00
GravityAccel 1.694038e+00 1.981331e-01 1.362049e+00 2.319126e+00
Group_WriteAllData 6.631814e+00 1.991210e-04 6.631786e+00 6.634058e+00
Level_00 2.465748e+00 3.720477e-02 2.384730e+00 2.543273e+00 1.677722e+07 64 5.315710e+04
Level_01 1.892199e-01 4.243761e-02 1.344333e-01 2.350146e-01 1.208480e+05 44 4.989564e+03
Level_02 1.766806e-01 4.740663e-03 1.685274e-01 1.829904e-01 2.338640e+05 91 1.034105e+04
Level_03 2.901877e-01 4.800190e-03 2.800251e-01 3.023165e-01 8.107600e+05 186 2.182747e+04
Level_04 1.481016e+00 2.236818e-02 1.423357e+00 1.545800e+00 7.528560e+06 227 3.971387e+04
Level_05 3.891193e+00 7.066047e-02 3.744935e+00 4.129446e+00 2.267608e+07 716 4.552765e+04
Level_06 1.495994e+01 1.587640e-01 1.450187e+01 1.534730e+01 1.053564e+08 966 5.502006e+04
Level_07 2.381185e+01 1.973969e-01 2.316509e+01 2.417811e+01 1.250532e+08 811 4.102909e+04
Level_08 4.856168e+01 2.055827e-01 4.788263e+01 4.957352e+01 1.147718e+08 575 1.846424e+04
Level_09 7.425378e+01 2.434665e-01 7.363762e+01 7.521993e+01 1.498122e+08 366 1.576227e+04
Level_10 1.079144e+02 2.800357e-01 1.073539e+02 1.087545e+02 3.283182e+08 384 2.376870e+04
MPIWaitReceive 2.703403e+01 6.421303e+00 1.218128e+01 4.269489e+01
ParticleUpdate 1.311304e-01 1.959060e-02 8.946477e-02 2.052516e-01
PrepareDensityField 2.331421e+01 2.031697e+00 1.584596e+01 2.742909e+01
RebuildHierarchy 3.668456e+01 1.486058e-01 3.615993e+01 3.706504e+01
SPCommUpdateCount 1.573332e+02 1.013081e+01 1.117066e+02 1.764606e+02
SPFinalize 1.573395e+02 1.013126e+01 1.117115e+02 1.764667e+02
SPFindTotalParticles 8.722235e-01 1.381423e-01 5.834911e-01 1.182924e+00
SPInitialize 1.407203e+00 7.137362e-02 1.302559e+00 1.545279e+00
SPRecordStarCount 5.293760e-01 1.710166e-01 1.390847e-01 9.076203e-01
SetAccelBoundary 5.197856e+00 5.644144e-01 3.139926e+00 6.328756e+00
SetBoundaryConditions 2.914437e+01 1.890265e+00 2.212446e+01 3.413968e+01
SetLevelTimeStep 7.818589e+00 1.561266e+00 4.156811e+00 1.199438e+01
SolveForPotential 1.437910e+01 1.240455e+00 1.045184e+01 1.665607e+01
SolveHydroEquations 2.528915e+01 1.752995e+00 2.147132e+01 2.989868e+01
StarParticleHandler 2.721979e+00 1.024183e+00 1.246923e+00 7.957704e+00
Total 3.382986e+02 1.470366e-03 3.382919e+02 3.382992e+02 8.714591e+08 4430 2.012504e+04
UpdateFromFinerGrids 2.468424e+00 6.050792e-01 1.351043e+00 3.964932e+00

Cycle_Number 2114
ChemistryCooling 3.271859e+01 7.850996e+00 2.387629e+01 7.874163e+01
CommBufferedSend 6.241189e-01 2.150811e-01 1.807541e-01 1.186698e+00
CommReceiveHandler 3.001943e+01 7.643501e+00 6.795039e+00 4.462621e+01
CommunicationTranspose 1.065541e-01 4.790582e-02 4.756159e-02 1.690101e-01
ComputePotentialFieldLevelZero 1.261478e-01 4.037302e-02 7.520998e-02 1.803565e-01
CopyToOldBaryon 1.384097e+00 3.852738e-01 8.020844e-01 2.430137e+00
CreateSiblingList 1.031005e+00 4.074099e-01 5.124167e-01 2.420978e+00
GravityAccel 1.647790e+00 2.357548e-01 1.205018e+00 2.428825e+00
Group_WriteAllData 6.539343e+00 1.211260e-03 6.537542e+00 6.541853e+00
Level_00 2.230889e+00 2.595864e-02 2.167870e+00 2.296486e+00 1.677722e+07 64 5.875327e+04
Level_01 2.082872e-01 3.911007e-02 1.597409e-01 2.525189e-01 1.208480e+05 44 4.532804e+03
Level_02 2.607524e-01 5.523984e-03 2.416956e-01 2.673842e-01 2.338640e+05 91 7.006886e+03
Level_03 2.274918e-01 5.215996e-03 2.175397e-01 2.383798e-01 8.107600e+05 186 2.784303e+04
Level_04 1.551616e+00 1.421087e-02 1.519626e+00 1.596816e+00 7.528560e+06 227 3.790686e+04
Level_05 3.897218e+00 7.104927e-02 3.724558e+00 4.142782e+00 2.266194e+07 709 4.542893e+04
Level_06 1.536788e+01 2.221650e-01 1.490804e+01 1.600675e+01 1.050733e+08 941 5.341565e+04
Level_07 1.957106e+01 1.688802e-01 1.902618e+01 1.993946e+01 1.042358e+08 815 4.160953e+04
Level_08 4.728673e+01 2.070486e-01 4.660371e+01 4.782011e+01 1.144290e+08 582 1.890545e+04
Level_09 8.369978e+01 2.491274e-01 8.327753e+01 8.452128e+01 1.524380e+08 379 1.422849e+04
Level_10 1.242283e+02 3.769908e-01 1.233112e+02 1.260532e+02 3.122586e+08 391 1.963740e+04
MPIWaitReceive 2.593617e+01 7.380808e+00 6.154883e+00 3.989096e+01
ParticleUpdate 1.266959e-01 2.045301e-02 8.870955e-02 2.234560e-01
PrepareDensityField 2.145454e+01 2.319432e+00 1.387690e+01 2.578979e+01
RebuildHierarchy 4.080980e+01 1.962566e-01 4.020196e+01 4.129456e+01
SPCommUpdateCount 1.817735e+02 1.062912e+01 1.293840e+02 2.009116e+02
SPFinalize 1.817799e+02 1.062918e+01 1.293882e+02 2.009160e+02
SPFindTotalParticles 8.507170e-01 1.422122e-01 5.414645e-01 1.158089e+00
SPInitialize 1.375194e+00 5.938798e-02 1.272561e+00 1.494207e+00
SPRecordStarCount 5.188832e-01 1.682412e-01 1.438503e-01 9.461596e-01
SetAccelBoundary 4.995415e+00 6.766719e-01 2.802628e+00 8.062887e+00
SetBoundaryConditions 2.837537e+01 2.318955e+00 2.044332e+01 3.234141e+01
SetLevelTimeStep 8.403100e+00 1.871755e+00 3.951275e+00 1.405165e+01
SolveForPotential 1.309948e+01 1.335151e+00 8.608751e+00 1.559379e+01
SolveHydroEquations 2.436901e+01 1.904482e+00 2.132114e+01 2.999748e+01
StarParticleHandler 2.706791e+00 9.228533e-01 1.356603e+00 7.311273e+00
Total 3.629572e+02 1.066579e-03 3.629523e+02 3.629577e+02 8.365680e+08 4429 1.800677e+04
UpdateFromFinerGrids 2.488915e+00 6.368291e-01 1.373900e+00 4.143818e+00

Cycle_Number 2115
ChemistryCooling 3.279323e+01 6.950338e+00 2.407141e+01 6.979803e+01
CommBufferedSend 6.346589e-01 2.068166e-01 2.141922e-01 1.139122e+00
CommReceiveHandler 2.679105e+01 7.328300e+00 7.826869e+00 4.150794e+01
CommunicationTranspose 1.195574e-01 6.291951e-02 4.809640e-02 2.006439e-01
ComputePotentialFieldLevelZero 1.403463e-01 5.520050e-02 7.313271e-02 2.111671e-01
CopyToOldBaryon 1.478017e+00 4.060747e-01 8.297291e-01 2.490174e+00
CreateSiblingList 1.164224e+00 4.559841e-01 4.996155e-01 2.142430e+00
GravityAccel 1.648059e+00 2.140785e-01 1.311838e+00 2.464984e+00
Group_WriteAllData 6.664872e+00 1.683134e-04 6.664842e+00 6.666767e+00
Level_00 2.562802e+00 3.265950e-02 2.502986e+00 2.634874e+00 1.677722e+07 64 5.114403e+04
Level_01 1.708960e-01 4.008377e-02 1.227169e-01 2.176623e-01 1.208480e+05 44 5.524560e+03
Level_02 1.519949e-01 4.749654e-03 1.437183e-01 1.581476e-01 2.338640e+05 91 1.202055e+04
Level_03 2.529361e-01 3.344253e-03 2.444635e-01 2.630935e-01 8.099760e+05 188 2.501793e+04
Level_04 1.245830e+00 1.060263e-02 1.214746e+00 1.266995e+00 7.525264e+06 227 4.719033e+04
Level_05 4.873880e+00 6.519075e-02 4.655148e+00 5.126720e+00 2.918526e+07 729 4.678199e+04
Level_06 1.500624e+01 1.415959e-01 1.463943e+01 1.540355e+01 1.094122e+08 939 5.696184e+04
Level_07 2.145363e+01 1.481313e-01 2.094372e+01 2.184395e+01 1.201429e+08 816 4.375095e+04
Level_08 4.583617e+01 2.014408e-01 4.528540e+01 4.637395e+01 1.127264e+08 571 1.921353e+04
Level_09 8.374653e+01 2.129403e-01 8.322266e+01 8.456580e+01 1.429642e+08 348 1.333677e+04
Level_10 9.481006e+01 2.775601e-01 9.430163e+01 9.601036e+01 2.984103e+08 378 2.458949e+04
MPIWaitReceive 2.260364e+01 7.167018e+00 6.606391e+00 3.770338e+01
ParticleUpdate 1.257098e-01 1.841122e-02 8.516210e-02 2.064157e-01
PrepareDensityField 1.992606e+01 1.838311e+00 1.459375e+01 2.304746e+01
RebuildHierarchy 3.724193e+01 1.638914e-01 3.674231e+01 3.780312e+01
SPCommUpdateCount 1.566555e+02 8.802326e+00 1.172071e+02 1.719943e+02
SPFinalize 1.566614e+02 8.802663e+00 1.172113e+02 1.720021e+02
SPFindTotalParticles 8.333379e-01 1.353680e-01 5.203198e-01 1.161923e+00
SPInitialize 1.342686e+00 6.692358e-02 1.184298e+00 1.483596e+00
SPRecordStarCount 5.039340e-01 1.659744e-01 1.110026e-01 9.056008e-01
SetAccelBoundary 4.930210e+00 5.956216e-01 3.104559e+00 6.779600e+00
SetBoundaryConditions 2.750130e+01 1.827105e+00 2.179163e+01 3.111063e+01
SetLevelTimeStep 7.071849e+00 1.472049e+00 4.145197e+00 1.154552e+01
SolveForPotential 1.251838e+01 1.237595e+00 8.554490e+00 1.453330e+01
SolveHydroEquations 2.467908e+01 1.687852e+00 2.151625e+01 2.915348e+01
StarParticleHandler 2.624046e+00 9.820680e-01 1.363490e+00 9.098705e+00
Total 3.306997e+02 1.514580e-03 3.306944e+02 3.307004e+02 8.383085e+08 4395 1.980433e+04
UpdateFromFinerGrids 2.495485e+00 6.111333e-01 1.393370e+00 3.884675e+00

