# Starting performance log. MPI processes: 128

Cycle_Number 2111
ChemistryCooling 3.441371e+01 6.962647e+00 2.397126e+01 6.997251e+01
CommBufferedSend 9.420956e-01 2.234684e-01 4.681836e-01 1.975752e+00
CommReceiveHandler 3.231849e+01 7.513971e+00 6.358288e+00 4.669195e+01
CommunicationTranspose 1.218219e-01 6.335497e-02 4.444073e-02 1.918000e-01
ComputePotentialFieldLevelZero 1.463288e-01 5.283363e-02 8.254735e-02 2.036599e-01
CopyToOldBaryon 1.237888e+00 2.117788e-01 7.446017e-01 1.762846e+00
CreateSiblingList 9.543607e-01 2.665278e-01 5.343149e-01 1.857546e+00
GravityAccel 1.674771e+00 2.087034e-01 1.214083e+00 2.483067e+00
Group_WriteAllData 2.277592e+01 7.356706e+00 1.538478e+01 3.014647e+01
Level_00 2.783692e+00 2.854781e-02 2.727879e+00 2.828804e+00 1.677722e+07 64 4.708567e+04
Level_01 1.855490e-01 4.769446e-02 1.274912e-01 2.346479e-01 1.198240e+05 44 5.045164e+03
Level_02 1.893298e-01 6.526034e-03 1.750854e-01 1.959987e-01 2.329680e+05 91 9.613187e+03
Level_03 3.285893e-01 7.197738e-03 3.098035e-01 3.708661e-01 8.134320e+05 178 1.934006e+04
Level_04 1.308357e+00 1.576025e-02 1.265741e+00 1.352748e+00 7.567680e+06 215 4.518835e+04
Level_05 5.101128e+00 6.047595e-02 4.931821e+00 5.268855e+00 3.269166e+07 727 5.006806e+04
Level_06 1.198274e+01 6.479445e-02 1.183166e+01 1.218549e+01 8.136688e+07 989 5.304953e+04
Level_07 2.222073e+01 1.165158e-01 2.194662e+01 2.254702e+01 9.812907e+07 801 3.450081e+04
Level_08 3.978027e+01 1.582941e-01 3.926687e+01 4.016136e+01 1.146602e+08 590 2.251826e+04
Level_09 7.353385e+01 2.366771e-01 7.295221e+01 7.427438e+01 1.803259e+08 374 1.915847e+04
Level_10 1.234066e+02 3.742238e-01 1.228052e+02 1.251303e+02 3.382666e+08 350 2.141464e+04
MPIWaitReceive 2.817848e+01 6.620586e+00 5.829812e+00 4.229152e+01
ParticleUpdate 1.292625e-01 1.864862e-02 8.491894e-02 1.905138e-01
PrepareDensityField 2.467792e+01 3.141446e+00 1.365436e+01 3.000100e+01
RebuildHierarchy 3.370027e+01 1.501544e-01 3.326425e+01 3.409881e+01
SPCommUpdateCount 1.580690e+02 1.112620e+01 1.124816e+02 1.881784e+02
SPFinalize 1.580760e+02 1.112674e+01 1.124892e+02 1.881846e+02
SPFindTotalParticles 8.372265e-01 1.218106e-01 5.565167e-01 1.150327e+00
SPInitialize 1.380733e+00 6.701450e-02 1.259418e+00 1.482451e+00
SPRecordStarCount 5.333665e-01 1.641188e-01 1.455201e-01 8.829373e-01
SetAccelBoundary 5.244815e+00 8.195951e-01 2.298743e+00 6.966968e+00
SetBoundaryConditions 2.791116e+01 2.640128e+00 1.693573e+01 3.285941e+01
SetLevelTimeStep 8.324888e+00 1.653811e+00 4.651984e+00 1.528664e+01
SolveForPotential 1.593330e+01 2.098310e+00 8.405404e+00 1.920976e+01
SolveHydroEquations 2.569569e+01 1.987639e+00 2.123503e+01 3.199822e+01
StarParticleHandler 3.102845e+00 1.092455e+00 1.376572e+00 8.249704e+00
Total 3.357777e+02 6.248303e-04 3.357776e+02 3.357847e+02 8.709514e+08 4423 2.026433e+04
UpdateFromFinerGrids 2.483308e+00 5.264647e-01 1.372036e+00 3.792670e+00

Cycle_Number 2112
ChemistryCooling 3.346017e+01 7.390079e+00 2.406759e+01 6.723676e+01
CommBufferedSend 6.748950e-01 2.143196e-01 2.691534e-01 1.535000e+00
CommReceiveHandler 2.759784e+01 6.580555e+00 8.381776e+00 4.136511e+01
CommunicationTranspose 1.165625e-01 5.372957e-02 4.848245e-02 1.827700e-01
ComputePotentialFieldLevelZero 1.387737e-01 4.384262e-02 7.884454e-02 1.936371e-01
CopyToOldBaryon 1.278657e+00 2.994575e-01 7.461364e-01 2.123955e+00
CreateSiblingList 8.989826e-01 2.589793e-01 4.823825e-01 1.661428e+00
GravityAccel 1.617653e+00 2.391211e-01 1.250622e+00 2.764995e+00
Group_WriteAllData 7.110793e+00 9.050936e-04 7.109180e+00 7.113661e+00
Level_00 2.607916e+00 3.266606e-02 2.547917e+00 2.672826e+00 1.677722e+07 64 5.025928e+04
Level_01 1.695614e-01 4.232029e-02 1.172057e-01 2.187205e-01 1.198240e+05 44 5.520862e+03
Level_02 1.779803e-01 8.689440e-03 1.623556e-01 1.871689e-01 2.329680e+05 91 1.022620e+04
Level_03 3.245878e-01 4.233334e-03 3.171040e-01 3.457166e-01 8.134320e+05 178 1.957848e+04
Level_04 1.485460e+00 1.253864e-02 1.455798e+00 1.513505e+00 7.567680e+06 215 3.980081e+04
Level_05 4.629701e+00 6.546827e-02 4.437301e+00 4.786368e+00 2.916022e+07 722 4.920710e+04
Level_06 1.305060e+01 1.300610e-01 1.270796e+01 1.337507e+01 9.301228e+07 971 5.568007e+04
Level_07 2.187187e+01 1.790302e-01 2.125936e+01 2.231155e+01 1.200874e+08 814 4.289447e+04
Level_08 4.032111e+01 2.221044e-01 3.982834e+01 4.113358e+01 1.039929e+08 576 2.014937e+04
Level_09 5.003740e+01 2.548502e-01 4.946556e+01 5.109953e+01 1.531434e+08 374 2.391076e+04
Level_10 1.228753e+02 3.236181e-01 1.220983e+02 1.245030e+02 3.188181e+08 361 2.027069e+04
MPIWaitReceive 2.367968e+01 6.001557e+00 7.134538e+00 3.697280e+01
ParticleUpdate 1.234247e-01 2.658585e-02 8.852179e-02 2.983329e-01
PrepareDensityField 2.020770e+01 2.174677e+00 1.220041e+01 2.503307e+01
RebuildHierarchy 3.525429e+01 1.927907e-01 3.467706e+01 3.565103e+01
SPCommUpdateCount 1.436998e+02 1.041668e+01 1.060231e+02 1.667299e+02
SPFinalize 1.437064e+02 1.041716e+01 1.060282e+02 1.667349e+02
SPFindTotalParticles 8.202244e-01 1.359857e-01 5.301019e-01 1.074297e+00
SPInitialize 1.342418e+00 6.812057e-02 1.244243e+00 1.461447e+00
SPRecordStarCount 5.169411e-01 1.753801e-01 1.859920e-01 8.938927e-01
SetAccelBoundary 4.733844e+00 6.163894e-01 2.269152e+00 5.989369e+00
SetBoundaryConditions 2.659984e+01 2.226025e+00 1.813838e+01 3.165379e+01
SetLevelTimeStep 7.969590e+00 1.667610e+00 3.172588e+00 1.351277e+01
SolveForPotential 1.290446e+01 1.420826e+00 7.387947e+00 1.536567e+01
SolveHydroEquations 2.419506e+01 1.836641e+00 2.062657e+01 3.118954e+01
StarParticleHandler 2.559542e+00 1.322081e+00 1.245146e+00 1.157416e+01
Total 3.156743e+02 2.471199e-03 3.156646e+02 3.156759e+02 8.437254e+08 4410 2.088103e+04
UpdateFromFinerGrids 2.292713e+00 5.798199e-01 1.242292e+00 4.061401e+00

Cycle_Number 2113
ChemistryCooling 3.419231e+01 7.976442e+00 2.324072e+01 7.690929e+01
CommBufferedSend 6.646682e-01 1.909609e-01 2.491543e-01 1.210539e+00
CommReceiveHandler 3.142639e+01 6.257800e+00 1.173333e+01 4.511564e+01
CommunicationTranspose 1.187858e-01 6.242538e-02 4.422351e-02 2.034332e-01
ComputePotentialFieldLevelZero 1.412570e-01 5.288931e-02 7.538660e-02 2.141171e-01
CopyToOldBaryon 1.297525e+00 2.772796e-01 8.024795e-01 2.134299e+00
CreateSiblingList 1.003026e+00 3.441083e-01 5.397387e-01 1.894549e+00
GravityAccel 1.670611e+00 2.016909e-01 1.255472e+00 2.584487e+00
Group_WriteAllData 7.233416e+00 4.767336e-04 7.233361e+00 7.238788e+00
Level_00 2.232971e+00 2.845149e-02 2.152825e+00 2.286295e+00 1.677722e+07 64 5.869848e+04
Level_01 2.086397e-01 4.513684e-02 1.545598e-01 2.612193e-01 1.208480e+05 44 4.525146e+03
Level_02 2.005398e-01 5.136885e-03 1.912130e-01 2.072717e-01 2.338640e+05 91 9.110723e+03
Level_03 2.943539e-01 3.190354e-03 2.879257e-01 3.104343e-01 8.107600e+05 186 2.151853e+04
Level_04 1.433909e+00 1.263263e-02 1.391882e+00 1.474947e+00 7.528560e+06 227 4.101856e+04
Level_05 3.892427e+00 4.071072e-02 3.762171e+00 4.037357e+00 2.267608e+07 716 4.551322e+04
Level_06 1.455478e+01 1.324727e-01 1.417587e+01 1.492024e+01 1.053564e+08 966 5.655166e+04
Level_07 2.396285e+01 1.676295e-01 2.351116e+01 2.460367e+01 1.250532e+08 811 4.077055e+04
Level_08 5.209555e+01 1.804805e-01 5.170592e+01 5.292534e+01 1.147718e+08 575 1.721173e+04
Level_09 7.449620e+01 2.308266e-01 7.389235e+01 7.543129e+01 1.498122e+08 366 1.571098e+04
Level_10 1.097610e+02 2.687686e-01 1.092182e+02 1.107922e+02 3.283182e+08 384 2.336883e+04
MPIWaitReceive 2.730092e+01 5.785505e+00 1.064928e+01 4.087332e+01
ParticleUpdate 1.265946e-01 2.068160e-02 8.850383e-02 2.026058e-01
PrepareDensityField 2.480789e+01 2.563895e+00 1.657582e+01 2.981320e+01
RebuildHierarchy 3.560301e+01 1.748683e-01 3.517555e+01 3.605539e+01
SPCommUpdateCount 1.628726e+02 1.055061e+01 1.148347e+02 1.852453e+02
SPFinalize 1.628797e+02 1.055121e+01 1.148390e+02 1.852504e+02
SPFindTotalParticles 8.416368e-01 1.453241e-01 5.361185e-01 1.143844e+00
SPInitialize 1.402773e+00 6.610289e-02 1.305419e+00 1.513652e+00
SPRecordStarCount 5.558902e-01 1.858973e-01 1.711044e-01 9.546118e-01
SetAccelBoundary 4.949486e+00 5.780940e-01 2.907063e+00 6.565895e+00
SetBoundaryConditions 2.690730e+01 1.728252e+00 2.094896e+01 3.105440e+01
SetLevelTimeStep 7.196821e+00 1.442461e+00 2.588053e+00 1.200108e+01
SolveForPotential 1.553832e+01 1.641156e+00 1.105133e+01 1.891059e+01
SolveHydroEquations 2.522167e+01 1.774973e+00 2.157429e+01 3.044861e+01
StarParticleHandler 2.819089e+00 1.057105e+00 1.277623e+00 8.350998e+00
Total 3.418417e+02 1.070653e-03 3.418368e+02 3.418459e+02 8.714591e+08 4430 1.991645e+04
UpdateFromFinerGrids 2.316890e+00 5.497046e-01 1.144092e+00 4.101775e+00

Cycle_Number 2114
ChemistryCooling 3.337669e+01 7.906237e+00 2.417397e+01 7.822656e+01
CommBufferedSend 6.170721e-01 2.045113e-01 1.451495e-01 1.185176e+00
CommReceiveHandler 3.022040e+01 7.201015e+00 8.888350e+00 4.631627e+01
CommunicationTranspose 1.103237e-01 5.237748e-02 4.987331e-02 1.808713e-01
ComputePotentialFieldLevelZero 1.310604e-01 4.430769e-02 7.793829e-02 1.914761e-01
CopyToOldBaryon 1.329704e+00 3.391792e-01 8.048953e-01 2.227607e+00
CreateSiblingList 1.024888e+00 3.773886e-01 4.724764e-01 2.045842e+00
GravityAccel 1.621897e+00 2.003234e-01 1.224982e+00 2.335408e+00
Group_WriteAllData 7.290336e+00 1.062905e-03 7.288694e+00 7.293056e+00
Level_00 2.541222e+00 3.435760e-02 2.443047e+00 2.606175e+00 1.677722e+07 64 5.157833e+04
Level_01 2.014077e-01 4.035860e-02 1.464134e-01 2.476456e-01 1.208480e+05 44 4.687632e+03
Level_02 1.742840e-01 7.429023e-03 1.556969e-01 1.826920e-01 2.338640e+05 91 1.048325e+04
Level_03 2.793912e-01 3.378938e-03 2.732060e-01 2.929158e-01 8.107600e+05 186 2.267095e+04
Level_04 1.460658e+00 1.118172e-02 1.431329e+00 1.490081e+00 7.528560e+06 227 4.026738e+04
Level_05 4.137886e+00 4.387575e-02 4.022635e+00 4.260877e+00 2.266194e+07 709 4.278668e+04
Level_06 1.482344e+01 1.438958e-01 1.441226e+01 1.518165e+01 1.050733e+08 941 5.537750e+04
Level_07 2.097985e+01 1.319031e-01 2.039143e+01 2.138567e+01 1.042358e+08 815 3.881545e+04
Level_08 4.806945e+01 2.039766e-01 4.736989e+01 4.869833e+01 1.144290e+08 582 1.859761e+04
Level_09 8.358365e+01 2.177229e-01 8.317049e+01 8.430139e+01 1.531044e+08 379 1.431055e+04
Level_10 1.268771e+02 3.705910e-01 1.260084e+02 1.285459e+02 3.129995e+08 391 1.927305e+04
MPIWaitReceive 2.614053e+01 6.862005e+00 8.224866e+00 4.058071e+01
ParticleUpdate 1.247060e-01 2.071970e-02 9.137657e-02 2.010004e-01
PrepareDensityField 2.298435e+01 2.590473e+00 1.437806e+01 2.775469e+01
RebuildHierarchy 3.982422e+01 1.773931e-01 3.936016e+01 4.026155e+01
SPCommUpdateCount 1.861551e+02 1.038707e+01 1.355049e+02 2.053893e+02
SPFinalize 1.861618e+02 1.038732e+01 1.355106e+02 2.053971e+02
SPFindTotalParticles 8.234263e-01 1.445476e-01 5.495447e-01 1.107673e+00
SPInitialize 1.325176e+00 6.633277e-02 1.212337e+00 1.449395e+00
SPRecordStarCount 4.964410e-01 1.825653e-01 1.312590e-01 8.716524e-01
SetAccelBoundary 4.754818e+00 6.865958e-01 2.603872e+00 8.844350e+00
SetBoundaryConditions 2.692422e+01 2.220548e+00 1.724903e+01 3.199996e+01
SetLevelTimeStep 7.849585e+00 1.803628e+00 4.029523e+00 1.496371e+01
SolveForPotential 1.397440e+01 1.433385e+00 8.584870e+00 1.644990e+01
SolveHydroEquations 2.436418e+01 1.917229e+00 2.154181e+01 3.162110e+01
StarParticleHandler 2.610000e+00 9.135943e-01 1.348029e+00 7.064071e+00
Total 3.664540e+02 2.588644e-03 3.664432e+02 3.664548e+02 8.379753e+08 4429 1.786495e+04
UpdateFromFinerGrids 2.388444e+00 5.978968e-01 1.302834e+00 4.122966e+00

Cycle_Number 2115
ChemistryCooling 3.329013e+01 7.093902e+00 2.439471e+01 7.113545e+01
CommBufferedSend 6.000805e-01 1.952486e-01 2.035593e-01 1.400688e+00
CommReceiveHandler 2.856100e+01 6.689744e+00 1.332408e+01 4.107912e+01
CommunicationTranspose 1.275852e-01 6.219594e-02 4.915272e-02 2.105889e-01
ComputePotentialFieldLevelZero 1.512799e-01 5.170026e-02 8.654815e-02 2.206002e-01
CopyToOldBaryon 1.350925e+00 3.120301e-01 8.406932e-01 2.371918e+00
CreateSiblingList 1.014816e+00 3.792322e-01 4.810867e-01 2.317886e+00
GravityAccel 1.621914e+00 2.132166e-01 1.251577e+00 2.539887e+00
Group_WriteAllData 7.241087e+00 2.492754e-04 7.241053e+00 7.243895e+00
Level_00 2.697442e+00 4.754780e-02 2.623495e+00 2.789793e+00 1.677722e+07 64 4.859123e+04
Level_01 2.154906e-01 5.140090e-02 1.471225e-01 2.738344e-01 1.208480e+05 44 4.381282e+03
Level_02 1.751098e-01 5.703908e-03 1.664659e-01 1.943886e-01 2.338640e+05 91 1.043381e+04
Level_03 2.501907e-01 6.300968e-03 2.376793e-01 2.671938e-01 8.099760e+05 188 2.529245e+04
Level_04 1.339123e+00 2.147732e-02 1.293431e+00 1.391674e+00 7.525264e+06 227 4.390269e+04
Level_05 4.848401e+00 9.735507e-02 4.660060e+00 5.201363e+00 2.918526e+07 729 4.702784e+04
Level_06 1.463570e+01 1.516405e-01 1.431010e+01 1.501723e+01 1.094122e+08 939 5.840398e+04
Level_07 2.235533e+01 1.543301e-01 2.191723e+01 2.273824e+01 1.201429e+08 816 4.198626e+04
Level_08 4.746313e+01 2.084510e-01 4.693938e+01 4.822858e+01 1.127264e+08 571 1.855492e+04
Level_09 8.380366e+01 2.283854e-01 8.312675e+01 8.453620e+01 1.429634e+08 348 1.332760e+04
Level_10 9.453898e+01 2.988108e-01 9.350818e+01 9.561572e+01 2.984095e+08 378 2.465993e+04
MPIWaitReceive 2.462960e+01 6.397718e+00 8.635908e+00 3.652241e+01
ParticleUpdate 1.206959e-01 2.041013e-02 8.919407e-02 2.134650e-01
PrepareDensityField 2.152598e+01 2.190820e+00 1.363262e+01 2.487137e+01
RebuildHierarchy 3.780100e+01 2.273133e-01 3.720345e+01 3.849549e+01
SPCommUpdateCount 1.574569e+02 9.038459e+00 1.144268e+02 1.732767e+02
SPFinalize 1.574635e+02 9.038882e+00 1.144342e+02 1.732806e+02
SPFindTotalParticles 7.941296e-01 1.379536e-01 5.392694e-01 1.079145e+00
SPInitialize 1.335767e+00 8.949523e-02 1.194725e+00 1.502167e+00
SPRecordStarCount 5.367032e-01 1.851467e-01 1.339927e-01 9.212545e-01
SetAccelBoundary 4.625720e+00 5.427814e-01 2.638131e+00 5.635474e+00
SetBoundaryConditions 2.665023e+01 1.779830e+00 2.101837e+01 2.959145e+01
SetLevelTimeStep 7.475495e+00 1.556609e+00 3.374984e+00 1.213165e+01
SolveForPotential 1.295502e+01 1.267305e+00 8.316627e+00 1.518920e+01
SolveHydroEquations 2.439070e+01 1.669651e+00 2.151837e+01 2.912282e+01
StarParticleHandler 2.738486e+00 9.842263e-01 1.391691e+00 9.139943e+00
Total 3.333205e+02 1.116464e-03 3.333146e+02 3.333210e+02 8.383069e+08 4395 1.964857e+04
UpdateFromFinerGrids 2.365136e+00 5.915229e-01 1.027363e+00 4.013402e+00

