# Starting performance log. MPI processes: 128

Cycle_Number 2111
CommunicationTranspose 8.864995e-02 3.906095e-02 3.970056e-02 1.311505e-01
ComputePotentialFieldLevelZero 1.094629e-01 3.229304e-02 6.960795e-02 1.438580e-01
Group_WriteAllData 1.943233e+01 5.340742e+00 1.405875e+01 2.479379e+01
Level_00 2.494353e+00 1.860112e-02 2.454961e+00 2.530555e+00 1.677722e+07 64 5.254750e+04
Level_01 2.147891e-01 3.358347e-02 1.693448e-01 2.497379e-01 1.231840e+05 12 4.480557e+03
Level_02 2.229191e-01 6.432709e-03 2.049633e-01 2.268223e-01 2.694880e+05 27 9.444570e+03
Level_03 2.776100e-01 6.902450e-03 2.661976e-01 2.869623e-01 8.803280e+05 81 2.477418e+04
Level_04 1.082767e+00 9.289551e-03 1.060196e+00 1.104107e+00 7.646352e+06 205 5.517080e+04
Level_05 5.196178e+00 8.482785e-02 5.017802e+00 5.391285e+00 3.302912e+07 722 4.965957e+04
Level_06 1.119240e+01 8.528725e-02 1.092707e+01 1.136027e+01 8.134402e+07 954 5.677959e+04
Level_07 1.750452e+01 1.404305e-01 1.716516e+01 1.778140e+01 9.764658e+07 742 4.358096e+04
Level_08 3.899064e+01 2.514124e-01 3.841044e+01 3.963174e+01 1.206727e+08 477 2.417903e+04
Level_09 1.253143e+02 5.219657e-01 1.242532e+02 1.265750e+02 2.046976e+08 244 1.276151e+04
Level_10 1.861292e+02 5.958543e-01 1.846711e+02 1.876795e+02 3.815374e+08 216 1.601447e+04
RebuildHierarchy 3.814522e+01 1.497047e-01 3.778576e+01 3.858401e+01
SetBoundaryConditions 2.803713e+01 3.823949e+00 1.143723e+01 3.566070e+01
SolveForPotential 7.232252e+00 2.189890e+00 3.294172e+00 1.374895e+01
SolveHydroEquations 2.343385e+01 2.228334e+00 1.299159e+01 2.942960e+01
Total 4.468500e+02 4.451761e-04 4.468498e+02 4.468550e+02 9.446240e+08 3744 1.651533e+04

Cycle_Number 2112
CommunicationTranspose 1.048257e-01 4.668805e-02 4.968932e-02 1.616420e-01
ComputePotentialFieldLevelZero 1.224560e-01 4.092998e-02 7.426180e-02 1.724344e-01
Group_WriteAllData 6.462704e+00 5.888769e-04 6.461904e+00 6.464604e+00
Level_00 2.300310e+00 2.510188e-02 2.252352e+00 2.355603e+00 1.677722e+07 64 5.698015e+04
Level_01 2.413654e-01 3.477846e-02 1.912382e-01 2.781698e-01 1.231840e+05 12 3.987212e+03
Level_02 2.065013e-01 6.893807e-03 1.880624e-01 2.113468e-01 2.694880e+05 27 1.019546e+04
Level_03 2.821627e-01 6.488974e-03 2.693719e-01 2.901277e-01 8.803280e+05 81 2.437446e+04
Level_04 1.150730e+00 1.183161e-02 1.116685e+00 1.189912e+00 7.646352e+06 205 5.191239e+04
Level_05 6.037261e+00 1.232258e-01 5.747345e+00 6.284474e+00 3.631461e+07 713 4.699281e+04
Level_06 1.572836e+01 1.693246e-01 1.530168e+01 1.616528e+01 1.131150e+08 958 5.618585e+04
Level_07 2.527764e+01 2.635298e-01 2.464482e+01 2.577082e+01 1.432312e+08 728 4.426812e+04
Level_08 4.526015e+01 3.351073e-01 4.447625e+01 4.597958e+01 1.284924e+08 472 2.217948e+04
Level_09 9.902018e+01 4.810927e-01 9.792069e+01 1.001666e+02 1.653030e+08 236 1.304209e+04
Level_10 1.717446e+02 6.455173e-01 1.696015e+02 1.734203e+02 3.571666e+08 198 1.624718e+04
RebuildHierarchy 4.388300e+01 1.971196e-01 4.347258e+01 4.440303e+01
SetBoundaryConditions 3.309270e+01 3.829829e+00 1.712840e+01 3.953570e+01
SolveForPotential 7.736548e+00 2.121819e+00 4.064846e+00 1.382242e+01
SolveHydroEquations 2.449793e+01 2.028782e+00 1.575401e+01 2.823354e+01
Total 4.359605e+02 1.824642e-03 4.359541e+02 4.359619e+02 9.693194e+08 3694 1.737040e+04

Cycle_Number 2113
CommunicationTranspose 1.067244e-01 4.826748e-02 4.444198e-02 1.660441e-01
ComputePotentialFieldLevelZero 1.266357e-01 4.067464e-02 7.858044e-02 1.756285e-01
Group_WriteAllData 6.878882e+00 1.792497e-04 6.878856e+00 6.880901e+00
Level_00 2.601419e+00 2.787369e-02 2.534162e+00 2.667040e+00 1.677722e+07 64 5.038480e+04
Level_01 2.596890e-01 3.645374e-02 2.087487e-01 2.977790e-01 1.241520e+05 12 3.734996e+03
Level_02 2.224559e-01 4.644593e-03 2.094388e-01 2.260480e-01 2.694880e+05 27 9.464235e+03
Level_03 3.293586e-01 7.247197e-03 3.166541e-01 3.392509e-01 8.830000e+05 82 2.094506e+04
Level_04 1.237303e+00 1.568866e-02 1.203524e+00 1.286644e+00 7.608016e+06 211 4.803804e+04
Level_05 4.888077e+00 8.211099e-02 4.699758e+00 5.086039e+00 2.990474e+07 699 4.779606e+04
Level_06 1.441921e+01 1.327288e-01 1.395294e+01 1.479160e+01 1.062748e+08 961 5.758098e+04
Level_07 2.542096e+01 2.691854e-01 2.472563e+01 2.596429e+01 1.447676e+08 723 4.449072e+04
Level_08 4.430804e+01 2.639831e-01 4.366604e+01 4.495500e+01 1.225627e+08 466 2.161055e+04
Level_09 9.408257e+01 4.186723e-01 9.324178e+01 9.520167e+01 1.586431e+08 235 1.317352e+04
Level_10 1.753323e+02 5.653566e-01 1.739818e+02 1.768230e+02 3.420360e+08 206 1.524053e+04
RebuildHierarchy 3.933539e+01 1.519537e-01 3.903403e+01 3.975720e+01
SetBoundaryConditions 3.052361e+01 3.201343e+00 1.684199e+01 3.690849e+01
SolveForPotential 7.070659e+00 1.690838e+00 3.908922e+00 1.251744e+01
SolveHydroEquations 2.325217e+01 1.774080e+00 1.552963e+01 2.726227e+01
Total 4.261951e+02 1.067944e-03 4.261910e+02 4.261957e+02 9.298509e+08 3686 1.704491e+04

Cycle_Number 2114
CommunicationTranspose 1.039924e-01 4.228714e-02 4.931623e-02 1.570746e-01
ComputePotentialFieldLevelZero 1.231036e-01 3.509168e-02 7.891228e-02 1.669489e-01
Group_WriteAllData 6.433560e+00 6.242272e-04 6.432535e+00 6.435319e+00
Level_00 2.531403e+00 2.117106e-02 2.470423e+00 2.580312e+00 1.677722e+07 64 5.177840e+04
Level_01 2.257277e-01 3.833218e-02 1.738913e-01 2.673269e-01 1.241520e+05 12 4.296937e+03
Level_02 1.985844e-01 6.683520e-03 1.815653e-01 2.030438e-01 2.694880e+05 27 1.060191e+04
Level_03 2.820454e-01 6.623584e-03 2.687339e-01 2.907235e-01 8.830000e+05 82 2.445861e+04
Level_04 1.154506e+00 8.353251e-03 1.131017e+00 1.174781e+00 7.608016e+06 211 5.148317e+04
Level_05 6.470081e+00 1.150119e-01 6.122332e+00 6.757554e+00 3.986631e+07 706 4.813782e+04
Level_06 1.744417e+01 2.001885e-01 1.684373e+01 1.783037e+01 1.310426e+08 967 5.868837e+04
Level_07 2.843807e+01 2.314938e-01 2.793313e+01 2.902060e+01 1.176487e+08 717 3.232041e+04
Level_08 3.874992e+01 3.016414e-01 3.811082e+01 3.940406e+01 1.168467e+08 457 2.355785e+04
Level_09 9.523258e+01 4.602832e-01 9.412050e+01 9.645397e+01 1.623856e+08 223 1.332147e+04
Level_10 1.535738e+02 6.642964e-01 1.513593e+02 1.555348e+02 3.512498e+08 199 1.786854e+04
RebuildHierarchy 4.493579e+01 1.609680e-01 4.451010e+01 4.531410e+01
SetBoundaryConditions 3.142161e+01 3.364085e+00 1.814469e+01 3.729380e+01
SolveForPotential 7.199147e+00 1.753648e+00 4.274483e+00 1.217651e+01
SolveHydroEquations 2.337523e+01 2.058786e+00 1.750420e+01 2.899721e+01
Total 4.131595e+02 9.770794e-04 4.131546e+02 4.131598e+02 9.447015e+08 3665 1.786352e+04

Cycle_Number 2115
CommunicationTranspose 1.132558e-01 4.939165e-02 5.160655e-02 1.733747e-01
ComputePotentialFieldLevelZero 1.322391e-01 4.280689e-02 8.126452e-02 1.839197e-01
Group_WriteAllData 6.347365e+00 1.655981e-04 6.347340e+00 6.349230e+00
Level_00 2.689771e+00 2.802568e-02 2.640369e+00 2.747988e+00 1.677722e+07 64 4.872981e+04
Level_01 2.524930e-01 3.752175e-02 2.021508e-01 2.914877e-01 1.241520e+05 12 3.841443e+03
Level_02 2.349418e-01 4.682102e-03 2.212873e-01 2.382354e-01 2.696560e+05 27 8.966850e+03
Level_03 2.880815e-01 6.862949e-03 2.749371e-01 2.970723e-01 8.864080e+05 82 2.403856e+04
Level_04 1.266574e+00 1.417540e-02 1.233524e+00 1.301922e+00 7.608736e+06 213 4.693233e+04
Level_05 4.582426e+00 7.721199e-02 4.367985e+00 4.733520e+00 2.967557e+07 715 5.059337e+04
Level_06 1.559515e+01 1.613683e-01 1.515633e+01 1.591660e+01 1.064102e+08 962 5.330692e+04
Level_07 2.406401e+01 2.494857e-01 2.337053e+01 2.464778e+01 1.290693e+08 723 4.190299e+04
Level_08 4.319324e+01 3.140436e-01 4.254000e+01 4.395280e+01 1.264618e+08 456 2.287355e+04
Level_09 1.130942e+02 4.433988e-01 1.120679e+02 1.141937e+02 1.561342e+08 222 1.078569e+04
Level_10 2.191445e+02 6.370936e-01 2.174285e+02 2.205420e+02 3.489426e+08 195 1.243980e+04
RebuildHierarchy 4.219782e+01 1.643832e-01 4.182019e+01 4.260816e+01
SetBoundaryConditions 3.051366e+01 4.095846e+00 1.711003e+01 3.841342e+01
SolveForPotential 6.992672e+00 1.889588e+00 4.167914e+00 1.276536e+01
SolveHydroEquations 2.286560e+01 2.132603e+00 1.586232e+01 2.781761e+01
Total 4.901029e+02 8.632675e-04 4.900991e+02 4.901034e+02 9.223599e+08 3671 1.470290e+04

