# Starting performance log. MPI processes: 128

Cycle_Number 2111
CommunicationTranspose 1.475347e-01 5.068548e-02 8.089287e-02 2.033024e-01
ComputePotentialFieldLevelZero 1.689452e-01 4.377173e-02 1.156176e-01 2.157280e-01
Group_WriteAllData 2.418495e+01 7.927469e+00 1.623187e+01 3.213590e+01
Level_00 2.897509e+00 2.278834e-02 2.860638e+00 2.935775e+00 1.677722e+07 64 4.523610e+04
Level_01 3.950010e-01 3.086399e-02 3.519155e-01 4.266390e-01 1.231840e+05 12 2.436386e+03
Level_02 4.721143e-01 3.811421e-03 4.592503e-01 4.744359e-01 2.694880e+05 27 4.459461e+03
Level_03 5.765247e-01 1.639413e-02 5.461654e-01 5.920729e-01 8.803280e+05 81 1.192935e+04
Level_04 1.940296e+00 1.280906e-02 1.911755e+00 1.984208e+00 7.646352e+06 205 3.078764e+04
Level_05 7.519126e+00 7.566591e-02 7.216888e+00 7.676101e+00 3.302912e+07 722 3.431782e+04
Level_06 1.419152e+01 6.767904e-02 1.400422e+01 1.436873e+01 8.134402e+07 954 4.478028e+04
Level_07 2.503805e+01 1.122215e-01 2.479200e+01 2.534244e+01 9.764658e+07 742 3.046818e+04
Level_08 5.071869e+01 1.434692e-01 5.022546e+01 5.120266e+01 1.206727e+08 477 1.858794e+04
Level_09 1.408603e+02 3.400709e-01 1.398536e+02 1.417903e+02 2.046976e+08 244 1.135309e+04
Level_10 2.115403e+02 4.770950e-01 2.100259e+02 2.125696e+02 3.815374e+08 216 1.409075e+04
RebuildHierarchy 3.517216e+01 1.432567e-01 3.484185e+01 3.544988e+01
SetBoundaryConditions 2.204156e+01 3.750921e+00 1.046506e+01 2.953741e+01
SolveForPotential 1.174811e+01 2.340918e+00 4.421790e+00 1.720834e+01
SolveHydroEquations 2.289107e+01 5.181130e+00 1.224701e+01 3.594725e+01
Total 5.129917e+02 5.838865e-04 5.129916e+02 5.129983e+02 9.446240e+08 3744 1.438595e+04

Cycle_Number 2112
CommunicationTranspose 1.102149e-01 5.297477e-02 4.122021e-02 1.747343e-01
ComputePotentialFieldLevelZero 1.291175e-01 4.619227e-02 7.283612e-02 1.849029e-01
Group_WriteAllData 7.372747e+00 6.880383e-04 7.371761e+00 7.375042e+00
Level_00 2.864751e+00 3.683102e-02 2.807022e+00 2.939495e+00 1.677722e+07 64 4.575336e+04
Level_01 3.937359e-01 3.656458e-02 3.391440e-01 4.327698e-01 1.231840e+05 12 2.444215e+03
Level_02 3.734466e-01 6.730440e-03 3.527170e-01 3.771267e-01 2.694880e+05 27 5.637687e+03
Level_03 5.865135e-01 9.905732e-03 5.678466e-01 6.163493e-01 8.803280e+05 81 1.172618e+04
Level_04 1.946330e+00 2.067146e-02 1.900006e+00 2.001121e+00 7.646352e+06 205 3.069219e+04
Level_05 7.514268e+00 7.494071e-02 7.172447e+00 7.732447e+00 3.631461e+07 713 3.775589e+04
Level_06 1.876328e+01 1.104796e-01 1.852646e+01 1.910207e+01 1.131150e+08 958 4.709790e+04
Level_07 2.966873e+01 1.754590e-01 2.924687e+01 3.020258e+01 1.432312e+08 728 3.771627e+04
Level_08 4.931729e+01 2.224882e-01 4.865193e+01 5.002647e+01 1.284924e+08 472 2.035487e+04
Level_09 9.486930e+01 2.864315e-01 9.395970e+01 9.558517e+01 1.653030e+08 236 1.361273e+04
Level_10 1.954056e+02 3.351656e-01 1.945025e+02 1.964878e+02 3.571666e+08 198 1.427986e+04
RebuildHierarchy 3.834208e+01 1.656985e-01 3.786552e+01 3.873093e+01
SetBoundaryConditions 2.415639e+01 2.819705e+00 1.660213e+01 3.054127e+01
SolveForPotential 1.042307e+01 1.504256e+00 6.902757e+00 1.492771e+01
SolveHydroEquations 2.386273e+01 3.868348e+00 1.508288e+01 3.611992e+01
Total 4.645205e+02 2.739231e-03 4.645112e+02 4.645222e+02 9.693194e+08 3694 1.630242e+04

Cycle_Number 2113
CommunicationTranspose 1.305792e-01 6.628562e-02 4.871048e-02 2.102149e-01
ComputePotentialFieldLevelZero 1.525507e-01 5.728678e-02 8.104257e-02 2.210232e-01
Group_WriteAllData 7.504534e+00 1.750130e-04 7.504513e+00 7.506506e+00
Level_00 3.088618e+00 3.937480e-02 3.000995e+00 3.172667e+00 1.677722e+07 64 4.243711e+04
Level_01 3.415050e-01 4.215745e-02 2.815107e-01 3.860284e-01 1.241520e+05 12 2.840185e+03
Level_02 3.382461e-01 4.225828e-03 3.259133e-01 3.411833e-01 2.694880e+05 27 6.224387e+03
Level_03 6.279304e-01 6.584743e-03 6.098887e-01 6.560326e-01 8.830000e+05 82 1.098599e+04
Level_04 1.826377e+00 1.990004e-02 1.784332e+00 1.888000e+00 7.608016e+06 211 3.254401e+04
Level_05 5.716970e+00 5.638548e-02 5.525086e+00 5.853160e+00 2.990474e+07 699 4.086620e+04
Level_06 1.764737e+01 9.416136e-02 1.739649e+01 1.788031e+01 1.062748e+08 961 4.704794e+04
Level_07 3.733114e+01 1.670908e-01 3.693584e+01 3.775810e+01 1.447676e+08 723 3.029633e+04
Level_08 4.914062e+01 2.285563e-01 4.850172e+01 5.003986e+01 1.225627e+08 466 1.948533e+04
Level_09 9.476152e+01 2.593554e-01 9.368738e+01 9.554024e+01 1.586431e+08 235 1.307914e+04
Level_10 1.816908e+02 3.394983e-01 1.804847e+02 1.826600e+02 3.420360e+08 206 1.470716e+04
RebuildHierarchy 3.463436e+01 1.381780e-01 3.418342e+01 3.491291e+01
SetBoundaryConditions 2.152541e+01 2.841187e+00 1.180380e+01 2.793771e+01
SolveForPotential 1.201419e+01 1.789165e+00 7.378141e+00 1.768176e+01
SolveHydroEquations 2.256056e+01 4.283055e+00 1.478868e+01 3.503031e+01
Total 4.495844e+02 1.454962e-03 4.495783e+02 4.495851e+02 9.298509e+08 3686 1.615817e+04

Cycle_Number 2114
CommunicationTranspose 1.254488e-01 5.672629e-02 5.011770e-02 1.914949e-01
ComputePotentialFieldLevelZero 1.439471e-01 5.070749e-02 7.820848e-02 2.024012e-01
Group_WriteAllData 7.294517e+00 4.781879e-04 7.293647e+00 7.295829e+00
Level_00 2.904117e+00 3.030344e-02 2.844506e+00 2.968160e+00 1.677722e+07 64 4.513317e+04
Level_01 3.054742e-01 3.749275e-02 2.540194e-01 3.454097e-01 1.241520e+05 12 3.175186e+03
Level_02 3.360189e-01 4.429959e-03 3.195442e-01 3.387028e-01 2.694880e+05 27 6.265645e+03
Level_03 4.251185e-01 7.968782e-03 4.127112e-01 4.671963e-01 8.830000e+05 82 1.622709e+04
Level_04 1.461710e+00 1.452358e-02 1.427404e+00 1.520782e+00 7.608016e+06 211 4.066307e+04
Level_05 7.897953e+00 1.213112e-01 7.602659e+00 8.332276e+00 3.986631e+07 706 3.943497e+04
Level_06 2.172229e+01 1.299558e-01 2.138104e+01 2.208308e+01 1.310426e+08 967 4.712992e+04
Level_07 3.499896e+01 1.418866e-01 3.467109e+01 3.545837e+01 1.176487e+08 717 2.626164e+04
Level_08 5.336510e+01 1.865532e-01 5.271905e+01 5.379855e+01 1.168467e+08 457 1.710603e+04
Level_09 9.895514e+01 2.669803e-01 9.788151e+01 9.978246e+01 1.623856e+08 223 1.282033e+04
Level_10 1.909484e+02 3.442144e-01 1.901338e+02 1.918326e+02 3.512498e+08 199 1.437110e+04
RebuildHierarchy 3.789806e+01 1.459223e-01 3.746623e+01 3.831318e+01
SetBoundaryConditions 2.078250e+01 3.024624e+00 1.169748e+01 2.812395e+01
SolveForPotential 1.131749e+01 2.134066e+00 5.602306e+00 1.802846e+01
SolveHydroEquations 2.247569e+01 4.422153e+00 1.319383e+01 3.557732e+01
Total 4.744776e+02 1.083182e-03 4.744728e+02 4.744780e+02 9.447015e+08 3665 1.555496e+04

Cycle_Number 2115
CommunicationTranspose 1.268653e-01 6.345767e-02 4.659441e-02 2.033521e-01
ComputePotentialFieldLevelZero 1.479490e-01 5.493877e-02 8.140134e-02 2.127911e-01
Group_WriteAllData 7.211012e+00 1.871602e-04 7.210980e+00 7.213120e+00
Level_00 3.506932e+00 3.658062e-02 3.408957e+00 3.578589e+00 1.677722e+07 64 3.737512e+04
Level_01 4.047483e-01 4.280958e-02 3.416467e-01 4.505788e-01 1.241520e+05 12 2.396397e+03
Level_02 4.069120e-01 3.734305e-03 3.919802e-01 4.096757e-01 2.696560e+05 27 5.177256e+03
Level_03 5.607133e-01 1.380064e-02 5.343601e-01 5.733311e-01 8.864080e+05 82 1.235045e+04
Level_04 1.864122e+00 1.465310e-02 1.836966e+00 1.921813e+00 7.608736e+06 213 3.188807e+04
Level_05 6.080288e+00 6.740457e-02 5.906206e+00 6.232374e+00 2.967557e+07 715 3.812983e+04
Level_06 1.805802e+01 1.545484e-01 1.764510e+01 1.860454e+01 1.064102e+08 962 4.603657e+04
Level_07 2.561925e+01 1.830446e-01 2.498794e+01 2.605627e+01 1.290693e+08 723 3.935924e+04
Level_08 5.205670e+01 2.452732e-01 5.144554e+01 5.292373e+01 1.264606e+08 456 1.897880e+04
Level_09 1.136641e+02 3.101170e-01 1.129040e+02 1.145871e+02 1.561342e+08 222 1.073161e+04
Level_10 2.298603e+02 4.356631e-01 2.264586e+02 2.311693e+02 3.489426e+08 195 1.185988e+04
RebuildHierarchy 3.490695e+01 1.716485e-01 3.444775e+01 3.529420e+01
SetBoundaryConditions 2.158373e+01 3.152885e+00 1.184162e+01 3.024689e+01
SolveForPotential 1.003089e+01 1.742760e+00 4.747753e+00 1.399724e+01
SolveHydroEquations 2.197397e+01 4.916906e+00 1.241610e+01 3.560736e+01
Total 5.099679e+02 1.335245e-03 5.099636e+02 5.099686e+02 9.223587e+08 3671 1.413016e+04

