# Starting performance log. MPI processes: 128

Cycle_Number 2111
ChemistryCooling 3.707119e+01 1.539384e+01 1.355325e+01 1.261782e+02
CommBufferedSend 5.985060e-01 1.635593e-01 2.875963e-01 1.216258e+00
CommReceiveHandler 2.084052e+01 7.613285e+00 4.908396e+00 3.452159e+01
CommunicationTranspose 1.294631e-01 4.876160e-02 6.663476e-02 1.832490e-01
ComputePotentialFieldLevelZero 1.491111e-01 4.231899e-02 9.762687e-02 1.946913e-01
CopyToOldBaryon 8.705788e-01 1.964171e-01 4.795926e-01 1.459137e+00
CreateSiblingList 5.831003e-01 9.057925e-02 4.054831e-01 8.028038e-01
GravityAccel 1.428740e+00 4.374415e-01 7.284337e-01 3.802544e+00
Group_WriteAllData 2.241479e+01 7.882071e+00 1.451142e+01 3.031347e+01
Level_00 2.540406e+00 2.260029e-02 2.494127e+00 2.584915e+00 1.677722e+07 64 5.159490e+04
Level_01 2.665625e-01 3.124143e-02 2.257515e-01 2.979735e-01 1.231840e+05 12 3.610317e+03
Level_02 3.838284e-01 4.111462e-03 3.725657e-01 3.862285e-01 2.694880e+05 27 5.485199e+03
Level_03 6.230060e-01 1.208204e-02 5.996102e-01 6.341954e-01 8.803280e+05 81 1.103932e+04
Level_04 1.527763e+00 1.964835e-02 1.485286e+00 1.601475e+00 7.646352e+06 205 3.910105e+04
Level_05 5.490073e+00 8.433996e-02 5.180871e+00 5.730347e+00 3.302912e+07 722 4.700120e+04
Level_06 1.170351e+01 6.801999e-02 1.155222e+01 1.186633e+01 8.134402e+07 954 5.429998e+04
Level_07 2.019064e+01 1.100485e-01 1.982538e+01 2.049469e+01 9.764658e+07 742 3.778304e+04
Level_08 4.540406e+01 1.641661e-01 4.479644e+01 4.586661e+01 1.206727e+08 477 2.076369e+04
Level_09 1.299699e+02 3.269137e-01 1.292229e+02 1.309714e+02 2.046976e+08 244 1.230439e+04
Level_10 1.899241e+02 4.638646e-01 1.885877e+02 1.910373e+02 3.815374e+08 216 1.569448e+04
MPIWaitReceive 1.847566e+01 6.644677e+00 4.622776e+00 3.087332e+01
ParticleUpdate 8.908569e-02 3.308212e-02 5.434830e-02 3.303633e-01
PrepareDensityField 1.600538e+01 3.010322e+00 6.688443e+00 2.253849e+01
RebuildHierarchy 3.377907e+01 1.269921e-01 3.348468e+01 3.403401e+01
SPCommUpdateCount 2.999654e+02 2.262892e+01 1.927548e+02 3.450112e+02
SPFinalize 2.999716e+02 2.262935e+01 1.927614e+02 3.450207e+02
SPFindTotalParticles 7.151511e-01 1.093085e-01 4.644575e-01 9.435689e-01
SPInitialize 1.198997e+00 5.069676e-02 1.063839e+00 1.284339e+00
SPRecordStarCount 4.742512e-01 1.363003e-01 1.847872e-01 8.095112e-01
SetAccelBoundary 3.422228e+00 8.040601e-01 1.379480e+00 5.154716e+00
SetBoundaryConditions 2.091533e+01 3.433320e+00 1.026729e+01 2.754114e+01
SetLevelTimeStep 1.021246e+01 2.013248e+00 5.308967e+00 1.632014e+01
SolveForPotential 1.091045e+01 2.191819e+00 4.215896e+00 1.635125e+01
SolveHydroEquations 2.226493e+01 4.812959e+00 1.249676e+01 3.562278e+01
StarParticleHandler 2.675771e+00 2.239545e+00 6.367142e-01 2.006281e+01
Total 4.611436e+02 5.275361e-04 4.611435e+02 4.611496e+02 9.446240e+08 3744 1.600342e+04
UpdateFromFinerGrids 1.742035e+00 4.564025e-01 7.927283e-01 3.087645e+00

Cycle_Number 2112
ChemistryCooling 3.704031e+01 1.095674e+01 1.674155e+01 7.424769e+01
CommBufferedSend 4.643563e-01 1.262622e-01 2.348690e-01 8.600755e-01
CommReceiveHandler 1.975019e+01 6.430846e+00 7.856732e+00 3.230613e+01
CommunicationTranspose 1.097078e-01 5.537178e-02 4.286242e-02 1.736647e-01
ComputePotentialFieldLevelZero 1.280725e-01 4.877470e-02 7.147611e-02 1.844203e-01
CopyToOldBaryon 1.114936e+00 2.450318e-01 6.339330e-01 1.939177e+00
CreateSiblingList 7.355979e-01 1.692789e-01 4.265727e-01 1.215375e+00
GravityAccel 1.521368e+00 3.561072e-01 9.383804e-01 3.841592e+00
Group_WriteAllData 6.589507e+00 6.205054e-04 6.588760e+00 6.591626e+00
Level_00 2.655631e+00 2.406043e-02 2.614556e+00 2.709673e+00 1.677722e+07 64 4.935626e+04
Level_01 2.669088e-01 3.454017e-02 2.150949e-01 3.037140e-01 1.231840e+05 12 3.605632e+03
Level_02 3.146123e-01 6.467035e-03 2.964433e-01 3.182189e-01 2.694880e+05 27 6.691968e+03
Level_03 4.112631e-01 1.274730e-02 3.901024e-01 4.230446e-01 8.803280e+05 81 1.672302e+04
Level_04 1.485792e+00 2.007027e-02 1.447284e+00 1.552011e+00 7.646352e+06 205 4.020558e+04
Level_05 6.342337e+00 1.068990e-01 5.989101e+00 6.779128e+00 3.631461e+07 713 4.473239e+04
Level_06 1.467973e+01 1.136261e-01 1.422433e+01 1.501944e+01 1.131150e+08 958 6.019939e+04
Level_07 2.529328e+01 1.891203e-01 2.460261e+01 2.604459e+01 1.432312e+08 728 4.424074e+04
Level_08 4.433848e+01 2.601096e-01 4.335523e+01 4.523648e+01 1.284924e+08 472 2.264053e+04
Level_09 9.060880e+01 2.784497e-01 8.969877e+01 9.135458e+01 1.653030e+08 236 1.425281e+04
Level_10 1.846566e+02 3.181541e-01 1.838687e+02 1.855691e+02 3.571666e+08 198 1.511110e+04
MPIWaitReceive 1.701849e+01 5.710121e+00 6.208990e+00 2.837556e+01
ParticleUpdate 9.476489e-02 2.832852e-02 5.979108e-02 3.231092e-01
PrepareDensityField 1.562589e+01 1.849775e+00 1.109643e+01 2.047305e+01
RebuildHierarchy 3.612948e+01 1.491710e-01 3.567787e+01 3.644572e+01
SPCommUpdateCount 2.616670e+02 1.609667e+01 2.102323e+02 2.983848e+02
SPFinalize 2.616726e+02 1.609703e+01 2.102393e+02 2.983926e+02
SPFindTotalParticles 7.339384e-01 1.237852e-01 4.643862e-01 9.941016e-01
SPInitialize 1.172371e+00 5.372729e-02 1.059795e+00 1.267318e+00
SPRecordStarCount 4.328378e-01 1.487608e-01 1.015242e-01 7.959625e-01
SetAccelBoundary 3.481799e+00 5.573258e-01 2.073307e+00 4.757803e+00
SetBoundaryConditions 2.217506e+01 2.520819e+00 1.478172e+01 2.774976e+01
SetLevelTimeStep 9.567342e+00 1.620092e+00 6.399157e+00 1.430344e+01
SolveForPotential 1.052079e+01 1.389445e+00 7.349141e+00 1.504897e+01
SolveHydroEquations 2.315259e+01 3.847335e+00 1.424391e+01 3.566449e+01
StarParticleHandler 2.568932e+00 1.892246e+00 8.486626e-01 1.871449e+01
Total 4.293862e+02 2.471995e-03 4.293784e+02 4.293879e+02 9.693194e+08 3694 1.763636e+04
UpdateFromFinerGrids 2.004663e+00 5.136191e-01 1.117675e+00 3.366678e+00

Cycle_Number 2113
ChemistryCooling 3.613194e+01 1.390275e+01 1.546285e+01 8.412935e+01
CommBufferedSend 3.992627e-01 1.445178e-01 7.979623e-02 8.457440e-01
CommReceiveHandler 1.931732e+01 6.803728e+00 3.640464e+00 3.370502e+01
CommunicationTranspose 1.082889e-01 4.728660e-02 4.884534e-02 1.648784e-01
ComputePotentialFieldLevelZero 1.286705e-01 3.950864e-02 8.257996e-02 1.752750e-01
CopyToOldBaryon 1.103998e+00 2.769601e-01 5.621096e-01 1.989818e+00
CreateSiblingList 6.947841e-01 1.581698e-01 4.176671e-01 1.260148e+00
GravityAccel 1.462366e+00 4.506930e-01 8.474007e-01 4.919566e+00
Group_WriteAllData 6.527258e+00 2.436006e-04 6.527228e+00 6.530003e+00
Level_00 2.501991e+00 3.132772e-02 2.443102e+00 2.566740e+00 1.677722e+07 64 5.238707e+04
Level_01 2.903458e-01 4.003254e-02 2.360107e-01 3.326428e-01 1.241520e+05 12 3.340629e+03
Level_02 3.114125e-01 3.926277e-03 3.006621e-01 3.140415e-01 2.694880e+05 27 6.760727e+03
Level_03 4.028219e-01 1.007045e-02 3.851212e-01 4.131284e-01 8.830000e+05 82 1.712528e+04
Level_04 1.370064e+00 1.163432e-02 1.343272e+00 1.394717e+00 7.608016e+06 211 4.338309e+04
Level_05 5.154833e+00 5.781785e-02 4.904076e+00 5.296566e+00 2.990474e+07 699 4.532268e+04
Level_06 1.496757e+01 1.169863e-01 1.462129e+01 1.525674e+01 1.062748e+08 961 5.547142e+04
Level_07 2.986376e+01 1.873216e-01 2.939937e+01 3.035409e+01 1.447676e+08 723 3.787187e+04
Level_08 4.410756e+01 2.687195e-01 4.334871e+01 4.487901e+01 1.225627e+08 466 2.170877e+04
Level_09 8.992671e+01 2.753636e-01 8.881790e+01 9.052977e+01 1.586431e+08 235 1.378232e+04
Level_10 1.729570e+02 3.337026e-01 1.719604e+02 1.737444e+02 3.420360e+08 206 1.544983e+04
MPIWaitReceive 1.682963e+01 6.073525e+00 3.372477e+00 3.098559e+01
ParticleUpdate 9.077394e-02 3.283513e-02 5.712677e-02 3.702918e-01
PrepareDensityField 1.533347e+01 2.081450e+00 9.411988e+00 2.207797e+01
RebuildHierarchy 3.458673e+01 1.467006e-01 3.406080e+01 3.487220e+01
SPCommUpdateCount 2.552454e+02 2.020537e+01 1.809293e+02 2.886522e+02
SPFinalize 2.552511e+02 2.020547e+01 1.809392e+02 2.886587e+02
SPFindTotalParticles 7.089412e-01 1.111130e-01 4.172694e-01 9.299747e-01
SPInitialize 1.142818e+00 6.462112e-02 1.046043e+00 1.262389e+00
SPRecordStarCount 4.284833e-01 1.381785e-01 1.595791e-01 8.066361e-01
SetAccelBoundary 3.437594e+00 6.362448e-01 1.600287e+00 4.796404e+00
SetBoundaryConditions 2.148576e+01 2.948733e+00 1.132047e+01 2.790122e+01
SetLevelTimeStep 9.832427e+00 1.977070e+00 5.335483e+00 1.564094e+01
SolveForPotential 9.961084e+00 1.506830e+00 6.461915e+00 1.397861e+01
SolveHydroEquations 2.213014e+01 4.198644e+00 1.491131e+01 3.436445e+01
StarParticleHandler 2.406876e+00 2.380688e+00 7.656765e-01 2.440650e+01
Total 4.180438e+02 1.347968e-03 4.180382e+02 4.180446e+02 9.298509e+08 3686 1.737727e+04
UpdateFromFinerGrids 1.947659e+00 6.026602e-01 7.627872e-01 3.650332e+00

Cycle_Number 2114
ChemistryCooling 3.638355e+01 1.803035e+01 1.539293e+01 1.617937e+02
CommBufferedSend 3.661737e-01 1.345970e-01 1.270893e-01 8.372154e-01
CommReceiveHandler 1.898978e+01 6.612073e+00 4.001588e+00 3.488237e+01
CommunicationTranspose 1.119417e-01 5.010601e-02 5.038338e-02 1.712156e-01
ComputePotentialFieldLevelZero 1.301501e-01 4.380109e-02 7.681843e-02 1.811139e-01
CopyToOldBaryon 1.223991e+00 3.437100e-01 5.833149e-01 2.352297e+00
CreateSiblingList 7.596257e-01 1.989489e-01 4.287693e-01 1.523001e+00
GravityAccel 1.509822e+00 4.468970e-01 7.983024e-01 4.418830e+00
Group_WriteAllData 6.619184e+00 7.069406e-04 6.618072e+00 6.620856e+00
Level_00 2.332523e+00 3.207797e-02 2.279958e+00 2.398299e+00 1.677722e+07 64 5.619322e+04
Level_01 3.368033e-01 3.692170e-02 2.881015e-01 3.762215e-01 1.241520e+05 12 2.879834e+03
Level_02 3.980415e-01 5.052102e-03 3.844592e-01 4.010419e-01 2.694880e+05 27 5.289336e+03
Level_03 5.024772e-01 1.506124e-02 4.782678e-01 5.169058e-01 8.830000e+05 82 1.372886e+04
Level_04 1.404430e+00 1.635643e-02 1.372723e+00 1.481378e+00 7.608016e+06 211 4.232154e+04
Level_05 6.565160e+00 1.081845e-01 6.152287e+00 6.839175e+00 3.986631e+07 706 4.744067e+04
Level_06 1.971543e+01 1.718002e-01 1.929766e+01 2.021785e+01 1.310426e+08 967 5.192736e+04
Level_07 3.016051e+01 1.952773e-01 2.968235e+01 3.083300e+01 1.176487e+08 717 3.047462e+04
Level_08 5.041240e+01 2.035843e-01 4.985635e+01 5.089773e+01 1.168467e+08 457 1.810794e+04
Level_09 9.387200e+01 2.831529e-01 9.311979e+01 9.467193e+01 1.623856e+08 223 1.351455e+04
Level_10 1.797754e+02 4.158099e-01 1.785573e+02 1.806603e+02 3.512498e+08 199 1.526426e+04
MPIWaitReceive 1.641546e+01 5.887254e+00 3.216629e+00 3.064573e+01
ParticleUpdate 8.984662e-02 3.048845e-02 5.140900e-02 3.278938e-01
PrepareDensityField 1.505196e+01 2.585998e+00 8.696617e+00 2.336911e+01
RebuildHierarchy 3.808619e+01 1.813286e-01 3.755498e+01 3.850037e+01
SPCommUpdateCount 2.769034e+02 2.451693e+01 1.317681e+02 3.169779e+02
SPFinalize 2.769094e+02 2.451744e+01 1.317719e+02 3.169833e+02
SPFindTotalParticles 7.371885e-01 1.340821e-01 4.266270e-01 9.457054e-01
SPInitialize 1.187140e+00 6.466802e-02 1.057663e+00 1.299917e+00
SPRecordStarCount 4.441850e-01 1.641206e-01 1.851842e-01 8.687231e-01
SetAccelBoundary 3.478214e+00 6.179233e-01 1.494538e+00 5.007457e+00
SetBoundaryConditions 2.193201e+01 3.212230e+00 1.068354e+01 2.910015e+01
SetLevelTimeStep 1.098462e+01 2.160085e+00 5.344367e+00 1.822535e+01
SolveForPotential 9.456868e+00 1.870030e+00 5.457944e+00 1.647395e+01
SolveHydroEquations 2.223322e+01 4.440514e+00 1.262307e+01 3.582718e+01
StarParticleHandler 2.473074e+00 2.180215e+00 7.009073e-01 2.217153e+01
Total 4.467184e+02 1.148818e-03 4.467127e+02 4.467188e+02 9.447015e+08 3665 1.652155e+04
UpdateFromFinerGrids 2.107395e+00 6.150715e-01 8.805838e-01 3.921605e+00

Cycle_Number 2115
ChemistryCooling 3.589551e+01 1.501080e+01 1.409207e+01 8.791409e+01
CommBufferedSend 3.388424e-01 1.450443e-01 5.284480e-02 9.527851e-01
CommReceiveHandler 1.842029e+01 7.374004e+00 2.707211e+00 3.590820e+01
CommunicationTranspose 1.260919e-01 6.471407e-02 4.986018e-02 2.053055e-01
ComputePotentialFieldLevelZero 1.471561e-01 5.642162e-02 8.137343e-02 2.164369e-01
CopyToOldBaryon 1.103603e+00 3.266495e-01 4.003373e-01 2.382944e+00
CreateSiblingList 7.081193e-01 1.625608e-01 4.590016e-01 1.440976e+00
GravityAccel 1.451990e+00 4.932706e-01 7.069957e-01 4.557953e+00
Group_WriteAllData 6.828417e+00 2.167788e-04 6.828390e+00 6.830860e+00
Level_00 2.594103e+00 3.111028e-02 2.505000e+00 2.661728e+00 1.677722e+07 64 5.052690e+04
Level_01 3.300728e-01 3.963155e-02 2.701682e-01 3.757992e-01 1.241520e+05 12 2.938556e+03
Level_02 3.696483e-01 4.675895e-03 3.556689e-01 3.726909e-01 2.696560e+05 27 5.699168e+03
Level_03 4.327052e-01 1.332498e-02 4.085489e-01 4.457760e-01 8.864080e+05 82 1.600411e+04
Level_04 1.520369e+00 1.661688e-02 1.478158e+00 1.574338e+00 7.608736e+06 213 3.909791e+04
Level_05 5.058050e+00 6.534350e-02 4.801915e+00 5.210049e+00 2.967557e+07 715 4.583592e+04
Level_06 1.544205e+01 1.403506e-01 1.503945e+01 1.590016e+01 1.064102e+08 962 5.383544e+04
Level_07 2.114622e+01 1.995941e-01 2.048541e+01 2.155080e+01 1.290693e+08 723 4.768484e+04
Level_08 4.796936e+01 2.905610e-01 4.726687e+01 4.883432e+01 1.264606e+08 456 2.059593e+04
Level_09 1.100724e+02 3.187474e-01 1.091349e+02 1.107500e+02 1.561342e+08 222 1.108178e+04
Level_10 2.209553e+02 4.378016e-01 2.177655e+02 2.222686e+02 3.489426e+08 195 1.233785e+04
MPIWaitReceive 1.613553e+01 6.679317e+00 2.196961e+00 3.292232e+01
ParticleUpdate 8.875921e-02 3.355300e-02 5.090966e-02 3.515990e-01
PrepareDensityField 1.431677e+01 2.272193e+00 7.981041e+00 2.075019e+01
RebuildHierarchy 3.601842e+01 1.636357e-01 3.561578e+01 3.636681e+01
SPCommUpdateCount 3.195929e+02 2.191409e+01 2.444223e+02 3.606759e+02
SPFinalize 3.195989e+02 2.191424e+01 2.444271e+02 3.606813e+02
SPFindTotalParticles 7.217350e-01 1.157750e-01 4.838101e-01 9.501743e-01
SPInitialize 1.169793e+00 6.371870e-02 1.039505e+00 1.285149e+00
SPRecordStarCount 4.425779e-01 1.474789e-01 1.375733e-01 7.970486e-01
SetAccelBoundary 3.408281e+00 6.289811e-01 1.601058e+00 6.084011e+00
SetBoundaryConditions 2.154559e+01 3.311376e+00 1.225858e+01 3.033884e+01
SetLevelTimeStep 1.126761e+01 2.274604e+00 5.236534e+00 1.751878e+01
SolveForPotential 9.163861e+00 1.549929e+00 4.647501e+00 1.362527e+01
SolveHydroEquations 2.158784e+01 4.760558e+00 1.209665e+01 3.400505e+01
StarParticleHandler 2.408065e+00 2.210303e+00 7.504639e-01 2.182631e+01
Total 4.845430e+02 1.639954e-03 4.845366e+02 4.845439e+02 9.223587e+08 3671 1.487160e+04
UpdateFromFinerGrids 1.899506e+00 6.479373e-01 6.997621e-01 4.116155e+00

Cycle_Number 2116
ChemistryCooling 3.543502e+01 1.463954e+01 1.334496e+01 9.175659e+01
CommBufferedSend 3.158524e-01 1.124619e-01 8.402260e-02 8.436714e-01
CommReceiveHandler 1.876332e+01 7.641320e+00 2.955255e+00 4.293572e+01
CommunicationTranspose 1.099948e-01 5.072847e-02 4.485980e-02 1.736691e-01
ComputePotentialFieldLevelZero 1.303453e-01 4.257306e-02 8.180393e-02 1.827676e-01
CopyToOldBaryon 1.056257e+00 2.784216e-01 4.001631e-01 1.902699e+00
CreateSiblingList 6.972877e-01 1.866292e-01 4.029047e-01 1.372631e+00
GravityAccel 1.421851e+00 4.495627e-01 7.086939e-01 4.966132e+00
Group_WriteAllData 6.685750e+00 8.952707e-04 6.684285e+00 6.687475e+00
Level_00 2.345423e+00 3.161321e-02 2.282217e+00 2.420560e+00 1.677722e+07 64 5.588416e+04
Level_01 2.739513e-01 4.240348e-02 2.176137e-01 3.191557e-01 1.241520e+05 12 3.540547e+03
Level_02 3.571288e-01 3.981403e-03 3.425042e-01 3.598485e-01 2.696560e+05 27 5.898957e+03
Level_03 4.259630e-01 8.181324e-03 4.036701e-01 4.385985e-01 8.864080e+05 82 1.625743e+04
Level_04 1.510028e+00 2.117966e-02 1.468790e+00 1.580280e+00 7.608736e+06 213 3.936567e+04
Level_05 5.468522e+00 6.620182e-02 5.188818e+00 5.600625e+00 3.297760e+07 722 4.711282e+04
Level_06 1.470196e+01 1.608359e-01 1.428874e+01 1.513261e+01 1.072493e+08 936 5.699137e+04
Level_07 1.957514e+01 1.736589e-01 1.920978e+01 1.996158e+01 1.136013e+08 724 4.533864e+04
Level_08 4.356465e+01 2.535817e-01 4.258438e+01 4.419252e+01 1.249504e+08 467 2.240750e+04
Level_09 1.126005e+02 3.708909e-01 1.114564e+02 1.134530e+02 1.592979e+08 230 1.105248e+04
Level_10 2.025190e+02 3.848978e-01 2.001808e+02 2.034735e+02 3.488977e+08 198 1.345930e+04
MPIWaitReceive 1.628663e+01 6.858444e+00 2.097723e+00 3.940547e+01
ParticleUpdate 8.677558e-02 3.210273e-02 4.971416e-02 3.857367e-01
PrepareDensityField 1.405546e+01 2.018624e+00 7.931846e+00 2.033184e+01
RebuildHierarchy 3.726700e+01 1.717917e-01 3.672892e+01 3.765114e+01
SPCommUpdateCount 2.997705e+02 2.109363e+01 2.059701e+02 3.384393e+02
SPFinalize 2.997761e+02 2.109411e+01 2.059766e+02 3.384440e+02
SPFindTotalParticles 6.981675e-01 1.156328e-01 4.829510e-01 9.107282e-01
SPInitialize 1.119963e+00 6.725742e-02 1.015239e+00 1.243939e+00
SPRecordStarCount 4.164319e-01 1.485462e-01 1.380285e-01 7.569170e-01
SetAccelBoundary 3.285465e+00 6.179056e-01 1.426780e+00 4.806418e+00
SetBoundaryConditions 2.087963e+01 2.953652e+00 1.061060e+01 2.885134e+01
SetLevelTimeStep 1.032350e+01 1.815267e+00 4.968078e+00 1.652549e+01
SolveForPotential 9.353047e+00 1.539507e+00 4.448519e+00 1.395406e+01
SolveHydroEquations 2.126417e+01 4.302571e+00 1.178323e+01 3.394363e+01
StarParticleHandler 2.457283e+00 2.365898e+00 8.557557e-01 2.494586e+01
Total 4.621785e+02 1.134098e-03 4.621733e+02 4.621789e+02 9.126403e+08 3675 1.542695e+04
UpdateFromFinerGrids 1.812691e+00 5.468526e-01 6.440019e-01 3.609707e+00

Cycle_Number 2117
ChemistryCooling 3.657217e+01 1.871319e+01 1.694814e+01 1.775442e+02
CommBufferedSend 3.230578e-01 1.477817e-01 1.001537e-01 9.206105e-01
CommReceiveHandler 1.938056e+01 6.895338e+00 4.081674e+00 3.555893e+01
CommunicationTranspose 1.029280e-01 4.633214e-02 4.799206e-02 1.618837e-01
ComputePotentialFieldLevelZero 1.226890e-01 3.953615e-02 7.439355e-02 1.726740e-01
CopyToOldBaryon 1.205833e+00 3.860733e-01 6.438763e-01 2.693554e+00
CreateSiblingList 7.419595e-01 2.076203e-01 4.128474e-01 1.507624e+00
GravityAccel 1.482982e+00 4.323398e-01 8.487364e-01 3.937859e+00
Group_WriteAllData 6.576023e+00 2.603814e-04 6.575984e+00 6.578956e+00
Level_00 2.526859e+00 2.774197e-02 2.465088e+00 2.593386e+00 1.677722e+07 64 5.187151e+04
Level_01 2.718413e-01 3.547888e-02 2.268360e-01 3.096368e-01 1.241520e+05 12 3.568029e+03
Level_02 3.212859e-01 3.031854e-03 3.090626e-01 3.234608e-01 2.696560e+05 27 6.557049e+03
Level_03 5.507063e-01 1.012512e-02 5.289600e-01 5.670772e-01 8.858320e+05 82 1.256670e+04
Level_04 1.648455e+00 1.585383e-02 1.615601e+00 1.685962e+00 7.628368e+06 213 3.615302e+04
Level_05 5.455840e+00 1.093957e-01 5.109625e+00 5.790669e+00 2.981173e+07 726 4.268896e+04
Level_06 1.448550e+01 1.784032e-01 1.395526e+01 1.498523e+01 1.030726e+08 982 5.559041e+04
Level_07 2.260045e+01 2.100013e-01 2.193040e+01 2.312112e+01 1.104786e+08 735 3.819014e+04
Level_08 5.045301e+01 2.943159e-01 4.907697e+01 5.109833e+01 1.387304e+08 482 2.148200e+04
Level_09 1.194978e+02 3.530297e-01 1.186650e+02 1.202745e+02 1.741668e+08 243 1.138663e+04
Level_10 2.004076e+02 3.866304e-01 1.994972e+02 2.013509e+02 3.559420e+08 191 1.387571e+04
MPIWaitReceive 1.679043e+01 6.172510e+00 3.551804e+00 3.196476e+01
ParticleUpdate 9.322811e-02 2.879664e-02 5.895537e-02 3.280122e-01
PrepareDensityField 1.496972e+01 2.462136e+00 9.125268e+00 2.402751e+01
RebuildHierarchy 3.482747e+01 1.914246e-01 3.423298e+01 3.527672e+01
SPCommUpdateCount 3.097251e+02 2.517739e+01 1.435426e+02 3.441229e+02
SPFinalize 3.097310e+02 2.517769e+01 1.435471e+02 3.441304e+02
SPFindTotalParticles 7.643059e-01 1.357093e-01 4.727447e-01 1.032781e+00
SPInitialize 1.203822e+00 5.703485e-02 1.081668e+00 1.321809e+00
SPRecordStarCount 4.336432e-01 1.657543e-01 8.928180e-02 8.323685e-01
SetAccelBoundary 3.597918e+00 6.904551e-01 1.478792e+00 5.129635e+00
SetBoundaryConditions 2.254108e+01 3.335844e+00 1.153123e+01 3.060271e+01
SetLevelTimeStep 1.060272e+01 2.376475e+00 5.087962e+00 1.751740e+01
SolveForPotential 9.520380e+00 1.722815e+00 6.234238e+00 1.588902e+01
SolveHydroEquations 2.203877e+01 4.203599e+00 1.421535e+01 3.228509e+01
StarParticleHandler 2.455989e+00 1.907057e+00 7.637641e-01 1.881077e+01
Total 4.750135e+02 1.257404e-03 4.750080e+02 4.750141e+02 9.378874e+08 3757 1.542534e+04
UpdateFromFinerGrids 2.090378e+00 7.231574e-01 8.061391e-01 4.154008e+00

Cycle_Number 2118
ChemistryCooling 3.696885e+01 1.511460e+01 1.611092e+01 1.038611e+02
CommBufferedSend 3.373941e-01 1.277790e-01 7.364625e-02 8.430806e-01
CommReceiveHandler 1.925371e+01 7.035659e+00 3.802083e+00 3.540600e+01
CommunicationTranspose 1.223342e-01 5.802740e-02 5.264962e-02 1.906392e-01
ComputePotentialFieldLevelZero 1.430056e-01 4.983963e-02 8.292842e-02 2.012154e-01
CopyToOldBaryon 1.223225e+00 3.411281e-01 5.509931e-01 2.321368e+00
CreateSiblingList 7.578917e-01 1.888798e-01 3.883767e-01 1.370061e+00
GravityAccel 1.507480e+00 3.723942e-01 8.978288e-01 3.746663e+00
Group_WriteAllData 6.684267e+00 6.900760e-04 6.683170e+00 6.686395e+00
Level_00 2.673826e+00 3.068397e-02 2.591909e+00 2.749480e+00 1.677722e+07 64 4.902039e+04
Level_01 2.811797e-01 4.706139e-02 2.140412e-01 3.316512e-01 1.241520e+05 12 3.449529e+03
Level_02 2.902650e-01 5.442884e-03 2.743736e-01 2.938705e-01 2.696560e+05 27 7.257807e+03
Level_03 3.903012e-01 8.799748e-03 3.743481e-01 4.175407e-01 8.858320e+05 82 1.773134e+04
Level_04 2.219009e+00 3.627665e-02 2.165848e+00 2.329952e+00 1.144255e+07 213 4.028598e+04
Level_05 6.473062e+00 1.254648e-01 6.133070e+00 6.812300e+00 3.647405e+07 719 4.402144e+04
Level_06 1.571775e+01 1.926147e-01 1.535081e+01 1.634673e+01 1.191129e+08 945 5.920499e+04
Level_07 2.317148e+01 1.759783e-01 2.274430e+01 2.361182e+01 1.186972e+08 727 4.001997e+04
Level_08 4.814318e+01 1.893002e-01 4.765765e+01 4.865949e+01 1.303445e+08 483 2.115184e+04
Level_09 1.311235e+02 3.158775e-01 1.303135e+02 1.319144e+02 1.685011e+08 238 1.003950e+04
Level_10 1.814108e+02 3.563283e-01 1.805445e+02 1.824369e+02 3.519183e+08 206 1.515545e+04
MPIWaitReceive 1.649167e+01 6.235984e+00 3.063858e+00 3.098428e+01
ParticleUpdate 9.262688e-02 2.960857e-02 5.250749e-02 3.531392e-01
PrepareDensityField 1.459641e+01 2.079326e+00 8.092580e+00 2.026485e+01
RebuildHierarchy 3.653811e+01 1.737743e-01 3.605966e+01 3.692213e+01
SPCommUpdateCount 3.034192e+02 2.016774e+01 2.239562e+02 3.376724e+02
SPFinalize 3.034248e+02 2.016810e+01 2.239600e+02 3.376761e+02
SPFindTotalParticles 7.363858e-01 1.351592e-01 4.707978e-01 9.634675e-01
SPInitialize 1.186068e+00 7.230439e-02 1.051676e+00 1.330503e+00
SPRecordStarCount 4.440638e-01 1.688269e-01 1.254029e-01 8.275455e-01
SetAccelBoundary 3.502336e+00 6.752511e-01 1.584669e+00 5.474020e+00
SetBoundaryConditions 2.242115e+01 3.050835e+00 1.184015e+01 2.970182e+01
SetLevelTimeStep 1.042607e+01 2.053897e+00 5.002013e+00 1.796096e+01
SolveForPotential 9.492195e+00 1.541841e+00 5.303884e+00 1.417511e+01
SolveHydroEquations 2.243621e+01 3.877154e+00 1.512432e+01 3.215146e+01
StarParticleHandler 2.437948e+00 1.846540e+00 8.730987e-01 1.953661e+01
Total 4.708176e+02 1.256206e-03 4.708120e+02 4.708181e+02 9.545475e+08 3716 1.583926e+04
UpdateFromFinerGrids 2.062265e+00 5.693069e-01 7.481175e-01 3.649169e+00

Cycle_Number 2119
ChemistryCooling 3.664425e+01 1.480158e+01 1.407949e+01 1.217762e+02
CommBufferedSend 3.141406e-01 1.440490e-01 5.307901e-02 8.359875e-01
CommReceiveHandler 1.807638e+01 7.589934e+00 3.033802e+00 3.509020e+01
CommunicationTranspose 1.315152e-01 6.204869e-02 5.553306e-02 2.082218e-01
ComputePotentialFieldLevelZero 1.533024e-01 5.310520e-02 9.093195e-02 2.174410e-01
CopyToOldBaryon 1.118617e+00 3.023292e-01 4.797897e-01 1.905266e+00
CreateSiblingList 7.236747e-01 1.573320e-01 3.959564e-01 1.130936e+00
GravityAccel 1.455054e+00 3.962641e-01 6.617277e-01 3.108052e+00
Group_WriteAllData 6.762776e+00 1.695355e-04 6.762751e+00 6.764686e+00
Level_00 2.502098e+00 3.627993e-02 2.406287e+00 2.584588e+00 1.677722e+07 64 5.238484e+04
Level_01 2.954998e-01 4.573811e-02 2.307057e-01 3.439261e-01 1.241520e+05 12 3.282363e+03
Level_02 3.149739e-01 4.855630e-03 2.984885e-01 3.183016e-01 2.696560e+05 27 6.688451e+03
Level_03 4.523593e-01 1.338178e-02 4.279935e-01 4.648517e-01 8.815760e+05 83 1.522531e+04
Level_04 1.459764e+00 1.711691e-02 1.423045e+00 1.519942e+00 7.622096e+06 213 4.079263e+04
Level_05 5.837311e+00 1.007911e-01 5.527552e+00 6.064685e+00 3.343948e+07 695 4.475450e+04
Level_06 1.638294e+01 1.543010e-01 1.593942e+01 1.685388e+01 1.204022e+08 950 5.741597e+04
Level_07 2.433568e+01 1.931127e-01 2.375602e+01 2.517030e+01 1.187465e+08 740 3.812126e+04
Level_08 5.100051e+01 2.068743e-01 5.050663e+01 5.163929e+01 1.241974e+08 492 1.902515e+04
Level_09 1.062726e+02 3.015767e-01 1.055250e+02 1.070100e+02 1.607981e+08 244 1.182087e+04
Level_10 1.876406e+02 3.552093e-01 1.869270e+02 1.886211e+02 3.516449e+08 198 1.464089e+04
MPIWaitReceive 1.549153e+01 6.692770e+00 2.846482e+00 3.112926e+01
ParticleUpdate 9.081578e-02 2.763540e-02 5.080031e-02 2.480724e-01
PrepareDensityField 1.388683e+01 2.180140e+00 7.480623e+00 2.010550e+01
RebuildHierarchy 3.585933e+01 1.778674e-01 3.538239e+01 3.621140e+01
SPCommUpdateCount 2.912727e+02 2.050446e+01 1.947013e+02 3.351872e+02
SPFinalize 2.912781e+02 2.050459e+01 1.947077e+02 3.351922e+02
SPFindTotalParticles 7.026254e-01 1.250315e-01 4.444076e-01 9.083637e-01
SPInitialize 1.147434e+00 7.616877e-02 1.034112e+00 1.285508e+00
SPRecordStarCount 4.393395e-01 1.662564e-01 1.528570e-01 8.311677e-01
SetAccelBoundary 3.452211e+00 7.430053e-01 1.404372e+00 5.099479e+00
SetBoundaryConditions 2.182717e+01 3.397032e+00 9.513183e+00 2.867287e+01
SetLevelTimeStep 9.425596e+00 2.261129e+00 4.655439e+00 1.816265e+01
SolveForPotential 8.888715e+00 1.509983e+00 4.825035e+00 1.351071e+01
SolveHydroEquations 2.198604e+01 4.333917e+00 1.248345e+01 3.252185e+01
StarParticleHandler 2.377421e+00 1.789880e+00 5.974048e-01 1.339586e+01
Total 4.539216e+02 1.020034e-03 4.539169e+02 4.539221e+02 9.349034e+08 3718 1.609074e+04
UpdateFromFinerGrids 1.933707e+00 5.779267e-01 6.491422e-01 3.201926e+00

Cycle_Number 2120
ChemistryCooling 3.746400e+01 1.578605e+01 1.507065e+01 1.376627e+02
CommBufferedSend 3.105993e-01 1.226050e-01 6.592429e-02 6.872511e-01
CommReceiveHandler 1.875877e+01 6.863461e+00 4.771154e+00 3.586391e+01
CommunicationTranspose 1.148989e-01 5.183945e-02 5.008758e-02 1.809624e-01
ComputePotentialFieldLevelZero 1.359033e-01 4.320290e-02 8.547099e-02 1.908894e-01
CopyToOldBaryon 1.150969e+00 3.063285e-01 4.444393e-01 1.993101e+00
CreateSiblingList 7.213440e-01 1.657127e-01 4.189831e-01 1.189869e+00
GravityAccel 1.489917e+00 3.885882e-01 7.291636e-01 3.114690e+00
Group_WriteAllData 6.700859e+00 7.307680e-04 6.700008e+00 6.702734e+00
Level_00 2.614721e+00 2.671551e-02 2.561279e+00 2.681065e+00 1.677722e+07 64 5.012848e+04
Level_01 2.854083e-01 4.739430e-02 2.218699e-01 3.358753e-01 1.241520e+05 12 3.398421e+03
Level_02 3.771589e-01 3.365023e-03 3.621184e-01 3.797753e-01 2.696560e+05 27 5.585676e+03
Level_03 4.157488e-01 1.207860e-02 3.980929e-01 4.408364e-01 8.815760e+05 83 1.656604e+04
Level_04 1.451572e+00 1.844903e-02 1.412337e+00 1.522814e+00 7.622096e+06 213 4.102286e+04
Level_05 6.603413e+00 1.055712e-01 6.235765e+00 6.825823e+00 3.688850e+07 703 4.364279e+04
Level_06 1.691920e+01 1.478665e-01 1.644793e+01 1.744818e+01 1.244116e+08 907 5.744752e+04
Level_07 2.441011e+01 1.512834e-01 2.384266e+01 2.492011e+01 1.220498e+08 720 3.906227e+04
Level_08 4.660805e+01 2.120163e-01 4.603672e+01 4.720043e+01 1.251756e+08 486 2.098210e+04
Level_09 1.042508e+02 2.858941e-01 1.033357e+02 1.051392e+02 1.646667e+08 238 1.234004e+04
Level_10 2.003870e+02 4.575591e-01 1.991508e+02 2.014027e+02 3.541185e+08 194 1.380604e+04
MPIWaitReceive 1.621645e+01 5.949612e+00 4.310044e+00 3.323489e+01
ParticleUpdate 9.200674e-02 2.617441e-02 5.321245e-02 2.386759e-01
PrepareDensityField 1.452520e+01 2.376445e+00 8.416397e+00 2.021212e+01
RebuildHierarchy 3.644512e+01 2.111825e-01 3.587482e+01 3.695540e+01
SPCommUpdateCount 2.962514e+02 2.213083e+01 1.764391e+02 3.381966e+02
SPFinalize 2.962570e+02 2.213112e+01 1.764434e+02 3.382046e+02
SPFindTotalParticles 7.138694e-01 1.327791e-01 4.538753e-01 9.654478e-01
SPInitialize 1.140215e+00 6.904318e-02 9.998597e-01 1.269714e+00
SPRecordStarCount 4.207444e-01 1.722484e-01 1.307270e-01 7.973358e-01
SetAccelBoundary 3.506080e+00 7.492297e-01 1.567598e+00 5.404973e+00
SetBoundaryConditions 2.204770e+01 3.491938e+00 1.161966e+01 2.978018e+01
SetLevelTimeStep 1.013008e+01 2.278037e+00 5.568810e+00 1.688262e+01
SolveForPotential 9.439418e+00 1.700714e+00 5.318180e+00 1.419974e+01
SolveHydroEquations 2.224674e+01 4.383565e+00 1.140673e+01 3.414192e+01
StarParticleHandler 2.488030e+00 1.807823e+00 7.490492e-01 1.450678e+01
Total 4.631552e+02 1.282953e-03 4.631488e+02 4.631557e+02 9.529855e+08 3647 1.607496e+04
UpdateFromFinerGrids 1.988251e+00 5.521132e-01 6.134180e-01 3.367634e+00

Cycle_Number 2121
ChemistryCooling 3.697990e+01 2.192998e+01 1.337006e+01 1.841104e+02
CommBufferedSend 2.830505e-01 1.252648e-01 5.319508e-02 8.335584e-01
CommReceiveHandler 1.669826e+01 6.373162e+00 3.373231e+00 3.299254e+01
CommunicationTranspose 1.170037e-01 5.070181e-02 5.310399e-02 1.805989e-01
ComputePotentialFieldLevelZero 1.372170e-01 4.311273e-02 8.655540e-02 1.910515e-01
CopyToOldBaryon 1.141123e+00 3.296347e-01 4.379511e-01 2.271558e+00
CreateSiblingList 7.071500e-01 1.904238e-01 3.874072e-01 1.163611e+00
GravityAccel 1.456450e+00 5.376959e-01 6.552278e-01 4.533661e+00
Group_WriteAllData 6.663896e+00 1.527691e-04 6.663870e+00 6.665616e+00
Level_00 2.331509e+00 3.211317e-02 2.270026e+00 2.402871e+00 1.677722e+07 64 5.621767e+04
Level_01 2.821672e-01 4.602795e-02 2.226903e-01 3.302232e-01 1.241520e+05 12 3.437456e+03
Level_02 2.541828e-01 2.814355e-03 2.430735e-01 2.564165e-01 2.686480e+05 27 8.257097e+03
Level_03 4.141329e-01 1.069637e-02 3.891760e-01 4.236284e-01 8.818640e+05 83 1.663612e+04
Level_04 1.548307e+00 1.918752e-02 1.506775e+00 1.601011e+00 7.632080e+06 211 3.851022e+04
Level_05 6.443633e+00 1.306977e-01 6.100194e+00 6.878738e+00 3.358083e+07 704 4.071465e+04
Level_06 1.612222e+01 1.532702e-01 1.568747e+01 1.657536e+01 1.197641e+08 927 5.803523e+04
Level_07 2.209216e+01 1.503277e-01 2.168275e+01 2.253062e+01 1.105343e+08 707 3.908851e+04
Level_08 4.911041e+01 2.200585e-01 4.833881e+01 4.973055e+01 1.162437e+08 477 1.849209e+04
Level_09 1.062647e+02 2.765705e-01 1.054727e+02 1.070604e+02 1.556670e+08 252 1.144452e+04
Level_10 2.220629e+02 5.176270e-01 2.203068e+02 2.232401e+02 3.493418e+08 189 1.229036e+04
MPIWaitReceive 1.435582e+01 5.761242e+00 2.609079e+00 2.921646e+01
ParticleUpdate 8.602255e-02 3.858395e-02 4.424514e-02 3.972835e-01
PrepareDensityField 1.336970e+01 2.371784e+00 6.203204e+00 2.148077e+01
RebuildHierarchy 3.424356e+01 2.206190e-01 3.353049e+01 3.474632e+01
SPCommUpdateCount 3.222741e+02 2.960993e+01 1.624773e+02 3.683786e+02
SPFinalize 3.222797e+02 2.961030e+01 1.624819e+02 3.683834e+02
SPFindTotalParticles 7.016151e-01 1.324528e-01 4.541391e-01 9.381320e-01
SPInitialize 1.147388e+00 7.226309e-02 9.851033e-01 1.275284e+00
SPRecordStarCount 4.402157e-01 1.675544e-01 1.129983e-01 8.094919e-01
SetAccelBoundary 3.373290e+00 6.884337e-01 1.695443e+00 5.491607e+00
SetBoundaryConditions 2.108418e+01 3.640049e+00 9.852350e+00 3.149902e+01
SetLevelTimeStep 1.021303e+01 2.327243e+00 3.659596e+00 1.815953e+01
SolveForPotential 8.503361e+00 1.690962e+00 3.762733e+00 1.470271e+01
SolveHydroEquations 2.110176e+01 5.323322e+00 1.049867e+01 3.773021e+01
StarParticleHandler 2.340650e+00 2.570076e+00 6.463915e-01 2.416531e+01
Total 4.837057e+02 1.230407e-03 4.837008e+02 4.837063e+02 9.108158e+08 3653 1.471090e+04
UpdateFromFinerGrids 1.970843e+00 6.543109e-01 6.069068e-01 3.850407e+00

Cycle_Number 2122
ChemistryCooling 3.783490e+01 1.782592e+01 1.563797e+01 1.141227e+02
CommBufferedSend 3.012340e-01 1.225676e-01 5.583064e-02 7.190894e-01
CommReceiveHandler 1.849637e+01 6.677976e+00 3.778222e+00 3.372879e+01
CommunicationTranspose 1.153916e-01 5.154597e-02 4.833029e-02 1.784607e-01
ComputePotentialFieldLevelZero 1.366976e-01 4.295183e-02 8.627510e-02 1.891694e-01
CopyToOldBaryon 1.231348e+00 3.371696e-01 6.254929e-01 2.362173e+00
CreateSiblingList 7.524506e-01 2.003796e-01 4.417640e-01 1.363598e+00
GravityAccel 1.472053e+00 4.352384e-01 7.059220e-01 3.195573e+00
Group_WriteAllData 7.156691e+00 6.218867e-04 7.155632e+00 7.158935e+00
Level_00 2.269050e+00 3.126119e-02 2.203770e+00 2.336137e+00 1.677722e+07 64 5.776516e+04
Level_01 2.667648e-01 4.564071e-02 2.029002e-01 3.154933e-01 1.241520e+05 12 3.635928e+03
Level_02 2.062070e-01 3.984249e-03 1.939789e-01 2.089777e-01 2.686480e+05 27 1.017818e+04
Level_03 3.897012e-01 9.183800e-03 3.658704e-01 4.452528e-01 8.818640e+05 83 1.767909e+04
Level_04 1.493207e+00 1.908050e-02 1.431706e+00 1.561492e+00 7.632080e+06 211 3.993126e+04
Level_05 5.557576e+00 1.269003e-01 5.213044e+00 5.924999e+00 3.020594e+07 705 4.246166e+04
Level_06 1.597948e+01 1.643019e-01 1.555947e+01 1.636135e+01 1.115662e+08 943 5.454566e+04
Level_07 2.070680e+01 1.855664e-01 2.024705e+01 2.122113e+01 1.127945e+08 727 4.255640e+04
Level_08 3.850767e+01 1.879759e-01 3.800879e+01 3.915129e+01 1.096675e+08 475 2.224952e+04
Level_09 1.119139e+02 2.721690e-01 1.111496e+02 1.124783e+02 1.663452e+08 246 1.161224e+04
Level_10 2.203714e+02 4.241307e-01 2.190144e+02 2.215703e+02 3.644258e+08 203 1.291945e+04
MPIWaitReceive 1.592946e+01 6.048448e+00 2.715588e+00 3.080882e+01
ParticleUpdate 9.049644e-02 3.171530e-02 5.041786e-02 2.732844e-01
PrepareDensityField 1.424733e+01 2.038869e+00 8.605371e+00 2.003190e+01
RebuildHierarchy 3.626906e+01 2.044441e-01 3.558885e+01 3.681750e+01
SPCommUpdateCount 3.106823e+02 2.356178e+01 2.193551e+02 3.485023e+02
SPFinalize 3.106880e+02 2.356221e+01 2.193603e+02 3.485114e+02
SPFindTotalParticles 7.289827e-01 1.414279e-01 4.473662e-01 9.492976e-01
SPInitialize 1.167834e+00 7.248521e-02 1.047957e+00 1.294384e+00
SPRecordStarCount 4.331753e-01 1.811524e-01 1.331426e-01 8.413516e-01
SetAccelBoundary 3.491521e+00 7.189443e-01 1.853775e+00 6.122366e+00
SetBoundaryConditions 2.189813e+01 3.071200e+00 1.251746e+01 2.946952e+01
SetLevelTimeStep 9.393643e+00 1.984197e+00 4.879990e+00 1.524927e+01
SolveForPotential 9.160561e+00 1.453236e+00 5.446586e+00 1.358028e+01
SolveHydroEquations 2.161667e+01 4.438771e+00 1.329898e+01 3.300077e+01
StarParticleHandler 2.422577e+00 1.974937e+00 7.296906e-01 1.499903e+01
Total 4.767487e+02 9.469318e-04 4.767441e+02 4.767491e+02 9.206890e+08 3696 1.508737e+04
UpdateFromFinerGrids 2.035417e+00 6.652275e-01 7.366545e-01 3.748834e+00

Cycle_Number 2123
ChemistryCooling 3.844884e+01 1.770310e+01 1.453356e+01 1.309735e+02
CommBufferedSend 2.913600e-01 1.291697e-01 4.676290e-02 7.746812e-01
CommReceiveHandler 1.901323e+01 6.743353e+00 3.544986e+00 3.658643e+01
CommunicationTranspose 1.178112e-01 5.390232e-02 5.379967e-02 1.856704e-01
ComputePotentialFieldLevelZero 1.389149e-01 4.572338e-02 8.212543e-02 1.953374e-01
CopyToOldBaryon 1.188428e+00 3.527688e-01 5.463699e-01 2.397954e+00
CreateSiblingList 7.044506e-01 1.702345e-01 4.381251e-01 1.185786e+00
GravityAccel 1.485874e+00 4.758389e-01 6.810949e-01 3.881198e+00
Group_WriteAllData 6.791563e+00 2.001853e-04 6.791529e+00 6.793817e+00
Level_00 2.601555e+00 3.053459e-02 2.541750e+00 2.675016e+00 1.677722e+07 64 5.038217e+04
Level_01 3.205787e-01 4.912522e-02 2.540174e-01 3.717313e-01 1.241520e+05 12 3.025583e+03
Level_02 2.566762e-01 4.264671e-03 2.440430e-01 2.597396e-01 2.686480e+05 27 8.176887e+03
Level_03 4.478807e-01 9.424189e-03 4.256916e-01 4.566039e-01 8.817200e+05 84 1.538007e+04
Level_04 1.554703e+00 1.690100e-02 1.521767e+00 1.618218e+00 7.630400e+06 212 3.834334e+04
Level_05 6.691148e+00 1.590922e-01 6.230210e+00 7.096483e+00 3.693846e+07 702 4.312888e+04
Level_06 1.768001e+01 2.271739e-01 1.715834e+01 1.817356e+01 1.234257e+08 965 5.453973e+04
Level_07 2.065383e+01 2.127314e-01 2.011936e+01 2.169919e+01 1.061766e+08 720 4.016229e+04
Level_08 4.359018e+01 1.933376e-01 4.323057e+01 4.421056e+01 1.130622e+08 464 2.026371e+04
Level_09 1.030466e+02 2.963402e-01 1.018892e+02 1.038686e+02 1.632794e+08 241 1.237907e+04
Level_10 2.251651e+02 4.446262e-01 2.239851e+02 2.261637e+02 3.631375e+08 193 1.259970e+04
MPIWaitReceive 1.659701e+01 6.122360e+00 2.873812e+00 3.282237e+01
ParticleUpdate 8.992571e-02 3.216719e-02 5.052827e-02 3.158650e-01
PrepareDensityField 1.463131e+01 2.214227e+00 8.537004e+00 2.059502e+01
RebuildHierarchy 3.507498e+01 1.993325e-01 3.454767e+01 3.567071e+01
SPCommUpdateCount 3.129157e+02 2.429306e+01 1.828884e+02 3.552390e+02
SPFinalize 3.129216e+02 2.429338e+01 1.828928e+02 3.552451e+02
SPFindTotalParticles 7.235055e-01 1.279440e-01 4.431047e-01 9.618117e-01
SPInitialize 1.148794e+00 6.925186e-02 9.982385e-01 1.278318e+00
SPRecordStarCount 4.198224e-01 1.611109e-01 1.168491e-01 7.879832e-01
SetAccelBoundary 3.478582e+00 5.845561e-01 2.107325e+00 5.308966e+00
SetBoundaryConditions 2.234227e+01 3.287628e+00 1.357959e+01 3.115770e+01
SetLevelTimeStep 1.014210e+01 2.191496e+00 3.827591e+00 1.597320e+01
SolveForPotential 9.369145e+00 1.577219e+00 5.306502e+00 1.347389e+01
SolveHydroEquations 2.177525e+01 4.852414e+00 1.115425e+01 3.477058e+01
StarParticleHandler 2.456226e+00 2.063246e+00 7.291183e-01 1.717241e+01
Total 4.804248e+02 1.048946e-03 4.804199e+02 4.804252e+02 9.317020e+08 3684 1.515101e+04
UpdateFromFinerGrids 2.066889e+00 7.081326e-01 9.055594e-01 4.432958e+00

Cycle_Number 2124
ChemistryCooling 3.903245e+01 1.561284e+01 1.596606e+01 1.324506e+02
CommBufferedSend 3.133764e-01 1.492581e-01 3.118258e-02 8.376177e-01
CommReceiveHandler 2.226562e+01 7.311332e+00 4.899413e+00 3.998010e+01
CommunicationTranspose 1.247036e-01 5.930001e-02 5.499449e-02 1.959535e-01
ComputePotentialFieldLevelZero 1.455716e-01 5.096839e-02 8.297254e-02 2.072640e-01
CopyToOldBaryon 1.318558e+00 4.889439e-01 6.441254e-01 3.044200e+00
CreateSiblingList 7.914716e-01 2.546809e-01 4.307896e-01 1.635008e+00
GravityAccel 1.514070e+00 4.042912e-01 7.833187e-01 2.965327e+00
Group_WriteAllData 7.401283e+00 1.014662e-03 7.399139e+00 7.403412e+00
Level_00 2.861059e+00 3.650630e-02 2.781862e+00 2.947274e+00 1.677722e+07 64 4.581241e+04
Level_01 2.926743e-01 5.156748e-02 2.180146e-01 3.474450e-01 1.241520e+05 12 3.314051e+03
Level_02 2.161737e-01 5.043352e-03 2.035229e-01 2.197476e-01 2.686480e+05 27 9.708918e+03
Level_03 3.922666e-01 6.748940e-03 3.799716e-01 4.054546e-01 8.817200e+05 84 1.756060e+04
Level_04 1.528356e+00 2.122727e-02 1.477794e+00 1.612911e+00 7.630400e+06 212 3.900434e+04
Level_05 6.718635e+00 1.529126e-01 6.267378e+00 7.228616e+00 3.361812e+07 711 3.909151e+04
Level_06 1.653894e+01 2.478392e-01 1.586090e+01 1.709855e+01 1.153169e+08 957 5.447225e+04
Level_07 2.429307e+01 3.069891e-01 2.349874e+01 2.560439e+01 1.172276e+08 738 3.769967e+04
Level_08 4.481081e+01 2.576011e-01 4.389348e+01 4.551555e+01 1.150603e+08 450 2.006008e+04
Level_09 1.062681e+02 3.101194e-01 1.054341e+02 1.070906e+02 1.724635e+08 236 1.267898e+04
Level_10 1.923259e+02 4.574338e-01 1.909834e+02 1.934107e+02 3.688780e+08 212 1.498425e+04
MPIWaitReceive 1.943306e+01 6.636837e+00 3.942672e+00 3.529602e+01
ParticleUpdate 9.477591e-02 2.459416e-02 5.991006e-02 2.298150e-01
PrepareDensityField 1.655377e+01 2.364784e+00 7.545427e+00 2.226121e+01
RebuildHierarchy 3.863236e+01 2.000440e-01 3.814727e+01 3.918120e+01
SPCommUpdateCount 2.816827e+02 2.072711e+01 1.823792e+02 3.244581e+02
SPFinalize 2.816889e+02 2.072726e+01 1.823837e+02 3.244644e+02
SPFindTotalParticles 7.570436e-01 1.361148e-01 4.457263e-01 9.853703e-01
SPInitialize 1.203324e+00 8.195079e-02 1.047048e+00 1.346581e+00
SPRecordStarCount 4.404893e-01 1.809974e-01 1.089088e-01 8.123299e-01
SetAccelBoundary 3.699008e+00 6.655158e-01 1.552607e+00 5.889123e+00
SetBoundaryConditions 2.363706e+01 3.556853e+00 1.038373e+01 3.209884e+01
SetLevelTimeStep 1.133718e+01 2.722900e+00 4.077542e+00 2.092947e+01
SolveForPotential 1.044872e+01 1.532327e+00 5.104642e+00 1.427636e+01
SolveHydroEquations 2.237973e+01 4.184160e+00 1.348874e+01 3.284098e+01
StarParticleHandler 2.475917e+00 1.657193e+00 7.036983e-01 1.355283e+01
Total 4.584782e+02 1.109057e-03 4.584733e+02 4.584787e+02 9.482465e+08 3703 1.615819e+04
UpdateFromFinerGrids 2.174826e+00 8.158873e-01 8.369317e-01 4.701179e+00

Cycle_Number 2125
ChemistryCooling 3.886481e+01 1.512062e+01 1.488813e+01 9.764345e+01
CommBufferedSend 2.886417e-01 1.360640e-01 7.605586e-02 8.350812e-01
CommReceiveHandler 2.265702e+01 8.179501e+00 4.671619e+00 4.124911e+01
CommunicationTranspose 1.187254e-01 5.543990e-02 5.026784e-02 1.918627e-01
ComputePotentialFieldLevelZero 1.397540e-01 4.746884e-02 8.126305e-02 2.021534e-01
CopyToOldBaryon 1.154602e+00 3.500097e-01 5.856551e-01 2.408962e+00
CreateSiblingList 7.239849e-01 2.110955e-01 4.044717e-01 1.386473e+00
GravityAccel 1.471673e+00 4.665415e-01 8.106131e-01 4.811678e+00
Group_WriteAllData 6.780003e+00 2.793447e-04 6.779964e+00 6.783151e+00
Level_00 2.219644e+00 3.683437e-02 2.127484e+00 2.297758e+00 1.677722e+07 64 5.905091e+04
Level_01 3.472221e-01 4.420941e-02 2.824626e-01 3.933073e-01 1.241520e+05 12 2.793421e+03
Level_02 2.239213e-01 6.182987e-03 2.043908e-01 2.279767e-01 2.705440e+05 26 9.439143e+03
Level_03 4.441592e-01 8.339237e-03 4.300198e-01 4.741797e-01 8.829680e+05 85 1.553089e+04
Level_04 1.496441e+00 3.125559e-02 1.445785e+00 1.617338e+00 7.617776e+06 210 3.977029e+04
Level_05 5.575295e+00 1.314616e-01 5.190657e+00 5.894509e+00 3.025633e+07 711 4.239732e+04
Level_06 1.627235e+01 2.911488e-01 1.560270e+01 1.688205e+01 1.141929e+08 968 5.482502e+04
Level_07 2.500178e+01 2.470534e-01 2.443364e+01 2.584193e+01 1.118217e+08 732 3.494180e+04
Level_08 4.590587e+01 2.053214e-01 4.529157e+01 4.646571e+01 1.146230e+08 483 1.950714e+04
Level_09 1.252854e+02 3.212938e-01 1.244051e+02 1.262264e+02 1.682204e+08 246 1.048983e+04
Level_10 2.146882e+02 4.837423e-01 2.134277e+02 2.159213e+02 3.741304e+08 196 1.361460e+04
MPIWaitReceive 2.005658e+01 7.447586e+00 4.228721e+00 3.610444e+01
ParticleUpdate 9.367838e-02 3.535572e-02 5.339205e-02 4.109632e-01
PrepareDensityField 1.664524e+01 2.446738e+00 9.886312e+00 2.349596e+01
RebuildHierarchy 3.642163e+01 2.552429e-01 3.571130e+01 3.709005e+01
SPCommUpdateCount 3.245896e+02 2.129170e+01 2.316641e+02 3.680333e+02
SPFinalize 3.245957e+02 2.129223e+01 2.316691e+02 3.680388e+02
SPFindTotalParticles 7.622457e-01 1.447546e-01 4.562733e-01 1.024345e+00
SPInitialize 1.250746e+00 7.523033e-02 1.111550e+00 1.388820e+00
SPRecordStarCount 4.827990e-01 1.816887e-01 1.427773e-01 8.453582e-01
SetAccelBoundary 3.796909e+00 7.890363e-01 1.965650e+00 5.635500e+00
SetBoundaryConditions 2.337168e+01 3.449275e+00 1.179368e+01 3.158889e+01
SetLevelTimeStep 1.071317e+01 2.405783e+00 3.716257e+00 1.857682e+01
SolveForPotential 1.101894e+01 1.683516e+00 6.371486e+00 1.563381e+01
SolveHydroEquations 2.187104e+01 4.859310e+00 1.329680e+01 3.576559e+01
StarParticleHandler 2.471783e+00 2.304794e+00 6.798955e-01 2.502158e+01
Total 4.973692e+02 1.301079e-03 4.973647e+02 4.973698e+02 9.389173e+08 3733 1.474818e+04
UpdateFromFinerGrids 2.012881e+00 7.486539e-01 8.344184e-01 4.510723e+00

Cycle_Number 2126
ChemistryCooling 3.952164e+01 1.663402e+01 1.928711e+01 1.142181e+02
CommBufferedSend 3.015418e-01 1.240773e-01 8.985857e-02 8.984818e-01
CommReceiveHandler 2.214330e+01 7.821210e+00 4.566705e+00 4.039005e+01
CommunicationTranspose 1.084711e-01 4.870262e-02 4.949806e-02 1.709824e-01
ComputePotentialFieldLevelZero 1.282411e-01 4.155658e-02 7.864153e-02 1.819489e-01
CopyToOldBaryon 1.198441e+00 3.089559e-01 5.392097e-01 1.954066e+00
CreateSiblingList 7.993838e-01 2.256152e-01 4.301354e-01 1.486455e+00
GravityAccel 1.526171e+00 4.531285e-01 8.740840e-01 4.639024e+00
Group_WriteAllData 6.627358e+00 7.872882e-04 6.626063e+00 6.629233e+00
Level_00 2.155769e+00 3.287282e-02 2.067667e+00 2.229486e+00 1.677722e+07 64 6.080057e+04
Level_01 2.699669e-01 4.300951e-02 2.158788e-01 3.167878e-01 1.241520e+05 12 3.592801e+03
Level_02 2.491361e-01 3.980094e-03 2.402895e-01 2.523255e-01 2.705440e+05 26 8.483816e+03
Level_03 4.184031e-01 6.450847e-03 4.082570e-01 4.250587e-01 8.829680e+05 85 1.648694e+04
Level_04 1.468941e+00 1.821513e-02 1.429787e+00 1.531840e+00 7.617776e+06 210 4.051481e+04
Level_05 5.791543e+00 1.161930e-01 5.423005e+00 6.209629e+00 3.019009e+07 723 4.072491e+04
Level_06 1.436372e+01 1.586654e-01 1.395208e+01 1.483623e+01 1.016168e+08 956 5.526987e+04
Level_07 2.575109e+01 1.678539e-01 2.530420e+01 2.633123e+01 1.115478e+08 728 3.384196e+04
Level_08 4.157760e+01 2.202980e-01 4.088628e+01 4.215249e+01 1.195962e+08 486 2.247232e+04
Level_09 1.352139e+02 3.555977e-01 1.340128e+02 1.359212e+02 1.878964e+08 238 1.085643e+04
Level_10 1.912157e+02 4.603355e-01 1.896118e+02 1.925269e+02 3.918386e+08 199 1.600935e+04
MPIWaitReceive 1.920614e+01 6.911292e+00 4.176296e+00 3.618379e+01
ParticleUpdate 9.731941e-02 3.414564e-02 5.603879e-02 3.994587e-01
PrepareDensityField 1.673824e+01 2.140138e+00 1.120638e+01 2.420202e+01
RebuildHierarchy 3.656752e+01 2.224598e-01 3.591710e+01 3.703515e+01
SPCommUpdateCount 3.041107e+02 2.276228e+01 2.188403e+02 3.403334e+02
SPFinalize 3.041168e+02 2.276301e+01 2.188444e+02 3.403389e+02
SPFindTotalParticles 7.964205e-01 1.488084e-01 4.470788e-01 1.067200e+00
SPInitialize 1.254384e+00 6.825255e-02 1.117128e+00 1.388527e+00
SPRecordStarCount 4.518963e-01 1.865451e-01 1.013538e-01 9.356865e-01
SetAccelBoundary 3.648987e+00 6.504195e-01 2.217450e+00 5.280961e+00
SetBoundaryConditions 2.337963e+01 3.063306e+00 1.407372e+01 3.279487e+01
SetLevelTimeStep 1.019649e+01 2.038164e+00 2.553468e+00 1.681876e+01
SolveForPotential 1.104977e+01 1.522476e+00 7.118474e+00 1.667675e+01
SolveHydroEquations 2.288023e+01 4.549135e+00 1.557543e+01 3.944271e+01
StarParticleHandler 2.646745e+00 2.388152e+00 9.238077e-01 2.517072e+01
Total 4.779192e+02 1.664947e-03 4.779116e+02 4.779197e+02 9.683585e+08 3727 1.582967e+04
UpdateFromFinerGrids 2.100556e+00 6.554303e-01 8.207163e-01 4.757729e+00

Cycle_Number 2127
ChemistryCooling 4.042144e+01 1.537995e+01 1.710505e+01 9.251653e+01
CommBufferedSend 3.056274e-01 1.280483e-01 6.775130e-02 8.173011e-01
CommReceiveHandler 2.408402e+01 7.192438e+00 7.495683e+00 4.029393e+01
CommunicationTranspose 1.068332e-01 5.064483e-02 4.736021e-02 1.705417e-01
ComputePotentialFieldLevelZero 1.266350e-01 4.371398e-02 7.364931e-02 1.809101e-01
CopyToOldBaryon 1.263704e+00 3.592795e-01 5.831244e-01 2.095931e+00
CreateSiblingList 7.615289e-01 2.198434e-01 4.254191e-01 1.505465e+00
GravityAccel 1.589857e+00 4.651564e-01 9.437094e-01 4.775478e+00
Group_WriteAllData 6.506721e+00 1.907524e-04 6.506692e+00 6.508870e+00
Level_00 2.493456e+00 3.026671e-02 2.409192e+00 2.561634e+00 1.677722e+07 64 5.256641e+04
Level_01 2.652856e-01 3.921835e-02 2.121388e-01 3.070626e-01 1.241520e+05 12 3.656201e+03
Level_02 2.770202e-01 4.281536e-03 2.630769e-01 2.798248e-01 2.705440e+05 26 7.629859e+03
Level_03 5.453404e-01 8.862655e-03 5.295584e-01 5.538683e-01 8.826480e+05 86 1.264474e+04
Level_04 2.416708e+00 2.315883e-02 2.364257e+00 2.481816e+00 1.141987e+07 210 3.691705e+04
Level_05 5.715923e+00 1.340708e-01 5.353239e+00 6.106514e+00 3.030326e+07 708 4.141837e+04
Level_06 1.443212e+01 1.496705e-01 1.407922e+01 1.479084e+01 1.015241e+08 972 5.495772e+04
Level_07 3.342678e+01 2.389490e-01 3.298384e+01 3.411075e+01 1.412770e+08 761 3.301923e+04
Level_08 4.941937e+01 3.050646e-01 4.875541e+01 5.022391e+01 1.208356e+08 502 1.910240e+04
Level_09 1.034235e+02 2.834081e-01 1.027248e+02 1.042530e+02 1.729930e+08 255 1.306771e+04
Level_10 1.995534e+02 4.112484e-01 1.983523e+02 2.005172e+02 3.986251e+08 206 1.560614e+04
MPIWaitReceive 2.110935e+01 6.455835e+00 7.056413e+00 3.629891e+01
ParticleUpdate 1.004544e-01 3.472202e-02 6.246269e-02 3.886676e-01
PrepareDensityField 1.883711e+01 2.353323e+00 1.204850e+01 2.610467e+01
RebuildHierarchy 3.510076e+01 1.865754e-01 3.446555e+01 3.560233e+01
SPCommUpdateCount 2.925976e+02 2.102796e+01 2.116359e+02 3.300641e+02
SPFinalize 2.926039e+02 2.102833e+01 2.116408e+02 3.300697e+02
SPFindTotalParticles 8.009763e-01 1.570461e-01 4.528648e-01 1.080568e+00
SPInitialize 1.282800e+00 6.323476e-02 1.141618e+00 1.411202e+00
SPRecordStarCount 4.760380e-01 1.853712e-01 1.104504e-01 9.543363e-01
SetAccelBoundary 3.911678e+00 6.890620e-01 2.132167e+00 6.164646e+00
SetBoundaryConditions 2.407495e+01 3.119635e+00 1.411536e+01 3.313937e+01
SetLevelTimeStep 1.054111e+01 2.298282e+00 2.607829e+00 1.681809e+01
SolveForPotential 1.210402e+01 1.810461e+00 8.384536e+00 1.810429e+01
SolveHydroEquations 2.360226e+01 3.954157e+00 1.463256e+01 3.678688e+01
StarParticleHandler 2.612585e+00 2.376465e+00 7.514656e-01 2.455110e+01
Total 4.697579e+02 1.442511e-03 4.697521e+02 4.697586e+02 9.950324e+08 3802 1.654829e+04
UpdateFromFinerGrids 2.167362e+00 7.383216e-01 9.878807e-01 4.819986e+00

Cycle_Number 2128
ChemistryCooling 3.941152e+01 1.577004e+01 1.589166e+01 1.227272e+02
CommBufferedSend 2.795147e-01 1.242353e-01 6.465627e-02 9.297351e-01
CommReceiveHandler 1.873532e+01 7.247955e+00 4.084970e+00 3.517682e+01
CommunicationTranspose 1.007843e-01 4.441553e-02 4.445432e-02 1.550448e-01
ComputePotentialFieldLevelZero 1.199553e-01 3.754527e-02 7.621769e-02 1.663861e-01
CopyToOldBaryon 1.104663e+00 2.864417e-01 5.506905e-01 1.898456e+00
CreateSiblingList 6.872234e-01 1.613770e-01 4.058619e-01 1.128806e+00
GravityAccel 1.522581e+00 4.164196e-01 8.450002e-01 3.417363e+00
Group_WriteAllData 6.560406e+00 8.748016e-04 6.559351e+00 6.562761e+00
Level_00 2.061497e+00 2.988760e-02 2.004010e+00 2.123961e+00 1.677722e+07 64 6.358098e+04
Level_01 2.546260e-01 3.951122e-02 1.999877e-01 2.970161e-01 1.241520e+05 12 3.809263e+03
Level_02 2.032824e-01 4.172864e-03 1.930330e-01 2.062390e-01 2.705440e+05 26 1.039748e+04
Level_03 3.762583e-01 6.405904e-03 3.662832e-01 3.862126e-01 8.826480e+05 86 1.832700e+04
Level_04 2.150225e+00 2.091400e-02 2.104307e+00 2.208217e+00 1.141987e+07 210 4.149229e+04
Level_05 5.390659e+00 8.218837e-02 5.060144e+00 5.632942e+00 3.029329e+07 716 4.390304e+04
Level_06 1.427952e+01 1.270966e-01 1.398523e+01 1.466314e+01 1.020018e+08 961 5.580644e+04
Level_07 2.449492e+01 1.896186e-01 2.408670e+01 2.513079e+01 1.386741e+08 741 4.422924e+04
Level_08 5.009332e+01 2.238202e-01 4.954693e+01 5.084887e+01 1.261361e+08 506 1.967206e+04
Level_09 1.105467e+02 2.698785e-01 1.099180e+02 1.114703e+02 1.562971e+08 261 1.104576e+04
Level_10 1.952794e+02 4.288155e-01 1.942241e+02 1.967887e+02 3.849890e+08 208 1.540217e+04
MPIWaitReceive 1.614513e+01 6.478770e+00 3.511867e+00 3.189563e+01
ParticleUpdate 9.415575e-02 2.774592e-02 5.807549e-02 2.349590e-01
PrepareDensityField 1.423196e+01 2.214765e+00 7.651667e+00 2.080086e+01
RebuildHierarchy 3.795903e+01 1.936898e-01 3.742496e+01 3.838759e+01
SPCommUpdateCount 2.943899e+02 2.181771e+01 1.957893e+02 3.336121e+02
SPFinalize 2.943959e+02 2.181810e+01 1.957942e+02 3.336168e+02
SPFindTotalParticles 7.445525e-01 1.403755e-01 4.402946e-01 1.016898e+00
SPInitialize 1.182968e+00 6.508929e-02 1.037960e+00 1.298271e+00
SPRecordStarCount 4.330814e-01 1.760013e-01 9.570708e-02 8.483292e-01
SetAccelBoundary 3.529008e+00 7.266679e-01 1.598431e+00 5.744959e+00
SetBoundaryConditions 2.200394e+01 3.361969e+00 1.192628e+01 2.994577e+01
SetLevelTimeStep 1.042412e+01 2.119556e+00 4.258315e+00 1.757112e+01
SolveForPotential 9.190653e+00 1.567862e+00 4.769715e+00 1.349311e+01
SolveHydroEquations 2.271512e+01 4.661055e+00 1.463457e+01 3.939426e+01
StarParticleHandler 2.556817e+00 1.762771e+00 9.052784e-01 1.255096e+01
Total 4.653479e+02 1.100892e-03 4.653430e+02 4.653484e+02 9.678660e+08 3791 1.624903e+04
UpdateFromFinerGrids 1.935306e+00 6.008166e-01 9.296449e-01 3.975631e+00

Cycle_Number 2129
ChemistryCooling 4.013209e+01 1.636808e+01 1.963085e+01 1.270011e+02
CommBufferedSend 3.082507e-01 1.413002e-01 5.924501e-02 1.205502e+00
CommReceiveHandler 2.138975e+01 7.203767e+00 4.621694e+00 4.095215e+01
CommunicationTranspose 1.144259e-01 4.767403e-02 5.731666e-02 1.759618e-01
ComputePotentialFieldLevelZero 1.340240e-01 4.107525e-02 8.637795e-02 1.859983e-01
CopyToOldBaryon 1.241309e+00 3.274504e-01 5.204107e-01 2.138706e+00
CreateSiblingList 8.336137e-01 2.470141e-01 4.183808e-01 1.605051e+00
GravityAccel 1.572126e+00 4.169487e-01 9.454939e-01 3.576739e+00
Group_WriteAllData 6.584996e+00 1.616360e-04 6.584970e+00 6.586817e+00
Level_00 2.264372e+00 2.613755e-02 2.193379e+00 2.324306e+00 1.677722e+07 64 5.788447e+04
Level_01 2.666484e-01 4.046292e-02 2.093852e-01 3.096496e-01 1.241520e+05 12 3.637515e+03
Level_02 2.108128e-01 4.296222e-03 2.012503e-01 2.139194e-01 2.705440e+05 26 1.002607e+04
Level_03 3.831125e-01 7.810611e-03 3.713048e-01 3.907677e-01 8.829040e+05 86 1.800434e+04
Level_04 2.180971e+00 2.458165e-02 2.124301e+00 2.271509e+00 1.141685e+07 210 4.089653e+04
Level_05 5.642562e+00 8.808086e-02 5.316981e+00 5.909528e+00 3.358454e+07 706 4.650002e+04
Level_06 1.547980e+01 1.287582e-01 1.511644e+01 1.573701e+01 1.096755e+08 997 5.535216e+04
Level_07 2.777999e+01 1.703643e-01 2.734343e+01 2.837704e+01 1.178199e+08 767 3.313420e+04
Level_08 4.527837e+01 2.302955e-01 4.410480e+01 4.588627e+01 1.543196e+08 508 2.662689e+04
Level_09 9.078387e+01 3.896414e-01 8.997081e+01 9.238078e+01 1.785964e+08 246 1.536930e+04
Level_10 1.995500e+02 3.243865e-01 1.987477e+02 2.005766e+02 3.704664e+08 191 1.450398e+04
MPIWaitReceive 1.829217e+01 6.520450e+00 4.318238e+00 3.741713e+01
ParticleUpdate 9.886909e-02 2.723689e-02 6.155531e-02 2.458695e-01
PrepareDensityField 1.683398e+01 2.227549e+00 8.779747e+00 2.517220e+01
RebuildHierarchy 3.543880e+01 2.145428e-01 3.491661e+01 3.595229e+01
SPCommUpdateCount 2.735859e+02 2.201069e+01 1.643840e+02 3.109957e+02
SPFinalize 2.735920e+02 2.201096e+01 1.643883e+02 3.110028e+02
SPFindTotalParticles 7.854311e-01 1.539114e-01 4.898594e-01 1.082198e+00
SPInitialize 1.264093e+00 5.895032e-02 1.139257e+00 1.379922e+00
SPRecordStarCount 4.728090e-01 1.870262e-01 1.054788e-01 8.718942e-01
SetAccelBoundary 3.748855e+00 6.383846e-01 1.729207e+00 5.179733e+00
SetBoundaryConditions 2.377448e+01 2.980865e+00 1.270011e+01 3.061251e+01
SetLevelTimeStep 1.032764e+01 2.100181e+00 5.951088e+00 1.808924e+01
SolveForPotential 1.098381e+01 1.588718e+00 5.908910e+00 1.638646e+01
SolveHydroEquations 2.360068e+01 4.533796e+00 1.498290e+01 3.791093e+01
StarParticleHandler 2.548428e+00 1.689827e+00 8.126021e-01 1.186196e+01
Total 4.486962e+02 1.055084e-03 4.486915e+02 4.486966e+02 9.939341e+08 3813 1.730594e+04
UpdateFromFinerGrids 2.233863e+00 7.133932e-01 1.029733e+00 4.067625e+00

Cycle_Number 2130
ChemistryCooling 4.244804e+01 1.951328e+01 1.759444e+01 1.342141e+02
CommBufferedSend 3.076307e-01 1.469807e-01 6.763812e-02 1.037753e+00
CommReceiveHandler 2.169881e+01 7.748261e+00 5.630518e+00 4.317497e+01
CommunicationTranspose 1.037548e-01 4.661530e-02 4.397817e-02 1.630597e-01
ComputePotentialFieldLevelZero 1.234088e-01 3.952256e-02 7.802713e-02 1.734435e-01
CopyToOldBaryon 1.386610e+00 4.119252e-01 5.117872e-01 2.341847e+00
CreateSiblingList 8.957255e-01 2.795223e-01 4.479470e-01 1.633366e+00
GravityAccel 1.701739e+00 5.263370e-01 8.906106e-01 3.881837e+00
Group_WriteAllData 7.012487e+00 8.186171e-04 7.011484e+00 7.014828e+00
Level_00 2.621614e+00 2.792738e-02 2.561087e+00 2.685180e+00 1.677722e+07 64 4.999668e+04
Level_01 2.659837e-01 4.148674e-02 2.080327e-01 3.111777e-01 1.241520e+05 12 3.646606e+03
Level_02 1.989811e-01 4.704488e-03 1.880267e-01 2.022639e-01 2.705440e+05 26 1.062224e+04
Level_03 3.883192e-01 6.704977e-03 3.747738e-01 3.948852e-01 8.829040e+05 86 1.776293e+04
Level_04 2.380692e+00 2.347178e-02 2.320160e+00 2.465171e+00 1.141685e+07 210 3.746562e+04
Level_05 5.873134e+00 8.938079e-02 5.460313e+00 6.138806e+00 3.373262e+07 702 4.487146e+04
Level_06 1.478237e+01 1.376751e-01 1.436411e+01 1.504789e+01 1.098216e+08 978 5.804084e+04
Level_07 2.922496e+01 2.288928e-01 2.857533e+01 2.982797e+01 1.458724e+08 776 3.899503e+04
Level_08 5.309467e+01 2.801340e-01 5.188400e+01 5.384942e+01 1.670951e+08 506 2.458684e+04
Level_09 1.106776e+02 4.281705e-01 1.096501e+02 1.123223e+02 1.936610e+08 241 1.367012e+04
Level_10 2.473217e+02 4.582088e-01 2.461899e+02 2.485753e+02 3.894303e+08 203 1.230149e+04
MPIWaitReceive 1.883530e+01 7.232718e+00 5.389918e+00 4.045242e+01
ParticleUpdate 1.039817e-01 3.296787e-02 5.794054e-02 2.885115e-01
PrepareDensityField 1.747864e+01 3.046636e+00 7.717367e+00 2.718790e+01
RebuildHierarchy 3.679708e+01 2.246494e-01 3.615610e+01 3.740045e+01
SPCommUpdateCount 3.421929e+02 2.814943e+01 2.354875e+02 3.878658e+02
SPFinalize 3.421995e+02 2.814969e+01 2.354950e+02 3.878726e+02
SPFindTotalParticles 8.705753e-01 1.853978e-01 5.183023e-01 1.193222e+00
SPInitialize 1.397121e+00 6.277663e-02 1.279989e+00 1.519008e+00
SPRecordStarCount 5.199373e-01 2.195959e-01 1.062744e-01 9.873106e-01
SetAccelBoundary 4.106523e+00 7.511155e-01 1.628690e+00 5.696121e+00
SetBoundaryConditions 2.557194e+01 4.056163e+00 1.227318e+01 3.556943e+01
SetLevelTimeStep 1.191671e+01 2.713838e+00 4.926617e+00 2.181830e+01
SolveForPotential 1.144384e+01 2.186921e+00 4.908654e+00 1.803109e+01
SolveHydroEquations 2.518074e+01 5.971549e+00 1.485544e+01 4.437905e+01
StarParticleHandler 2.714667e+00 2.162679e+00 9.118881e-01 1.787202e+01
Total 5.295385e+02 9.132277e-04 5.295339e+02 5.295388e+02 1.069085e+09 3804 1.577265e+04
UpdateFromFinerGrids 2.478751e+00 8.323751e-01 9.642085e-01 4.827037e+00

