# Starting performance log. MPI processes: 128

Cycle_Number 2111
ChemistryCooling 3.425807e+01 6.620271e+00 2.283638e+01 6.680446e+01
CommBufferedSend 9.306778e-01 2.252891e-01 4.487109e-01 1.948146e+00
CommReceiveHandler 3.174791e+01 7.080281e+00 5.756742e+00 4.701242e+01
CommunicationTranspose 1.142590e-01 5.579149e-02 4.419906e-02 1.772200e-01
ComputePotentialFieldLevelZero 1.380322e-01 4.602728e-02 7.893144e-02 1.889800e-01
CopyToOldBaryon 1.155974e+00 1.883488e-01 7.044541e-01 1.580646e+00
CreateSiblingList 9.060756e-01 1.961089e-01 5.146321e-01 1.509546e+00
GravityAccel 1.635960e+00 2.001984e-01 1.169490e+00 2.356482e+00
Group_WriteAllData 2.295519e+01 7.689151e+00 1.523854e+01 3.066671e+01
Level_00 2.389337e+00 2.772476e-02 2.344387e+00 2.440979e+00 1.677722e+07 64 5.485707e+04
Level_01 1.549096e-01 3.931920e-02 1.079974e-01 1.955629e-01 1.198240e+05 44 6.043039e+03
Level_02 1.724148e-01 6.188316e-03 1.618189e-01 1.790728e-01 2.329680e+05 91 1.055630e+04
Level_03 3.234386e-01 4.454872e-03 3.146938e-01 3.510096e-01 8.134320e+05 178 1.964805e+04
Level_04 1.233378e+00 1.415859e-02 1.199306e+00 1.286262e+00 7.567680e+06 215 4.793541e+04
Level_05 4.836718e+00 6.122470e-02 4.615092e+00 4.992431e+00 3.269166e+07 727 5.280514e+04
Level_06 1.151849e+01 6.181334e-02 1.136374e+01 1.173122e+01 8.136688e+07 989 5.518767e+04
Level_07 2.255607e+01 9.350190e-02 2.235327e+01 2.278296e+01 9.812907e+07 801 3.398790e+04
Level_08 3.960142e+01 1.197824e-01 3.924829e+01 4.001003e+01 1.146602e+08 590 2.261996e+04
Level_09 7.093960e+01 2.169720e-01 7.038419e+01 7.150021e+01 1.803259e+08 374 1.985909e+04
Level_10 1.232210e+02 3.873907e-01 1.224972e+02 1.248146e+02 3.382666e+08 350 2.144689e+04
MPIWaitReceive 2.771469e+01 6.092161e+00 5.243167e+00 4.230278e+01
ParticleUpdate 1.284946e-01 2.072718e-02 9.016943e-02 2.069912e-01
PrepareDensityField 2.478392e+01 3.192908e+00 1.434435e+01 3.006349e+01
RebuildHierarchy 3.304046e+01 1.172783e-01 3.266880e+01 3.332890e+01
SPCommUpdateCount 1.561747e+02 1.084334e+01 1.161573e+02 1.860946e+02
SPFinalize 1.561810e+02 1.084370e+01 1.161615e+02 1.861043e+02
SPFindTotalParticles 8.485936e-01 1.275069e-01 5.186049e-01 1.089529e+00
SPInitialize 1.397766e+00 6.291839e-02 1.270495e+00 1.503875e+00
SPRecordStarCount 5.369405e-01 1.594894e-01 1.879907e-01 9.553912e-01
SetAccelBoundary 5.126300e+00 8.206148e-01 2.155665e+00 6.428449e+00
SetBoundaryConditions 2.656715e+01 2.674573e+00 1.617357e+01 3.033937e+01
SetLevelTimeStep 8.249097e+00 1.672045e+00 5.769135e+00 1.468043e+01
SolveForPotential 1.586485e+01 2.150405e+00 8.239615e+00 1.895793e+01
SolveHydroEquations 2.539208e+01 2.000051e+00 1.972711e+01 3.162084e+01
StarParticleHandler 2.872686e+00 1.063642e+00 1.220405e+00 7.880245e+00
Total 3.310970e+02 5.170897e-04 3.310968e+02 3.311028e+02 8.709514e+08 4423 2.055080e+04
UpdateFromFinerGrids 2.298349e+00 4.698461e-01 1.039687e+00 3.575652e+00

Cycle_Number 2112
ChemistryCooling 3.343696e+01 7.315340e+00 2.403795e+01 6.560844e+01
CommBufferedSend 7.152070e-01 2.130831e-01 2.468669e-01 1.532575e+00
CommReceiveHandler 2.594910e+01 5.972876e+00 8.003108e+00 4.163667e+01
CommunicationTranspose 1.205756e-01 5.250709e-02 5.678016e-02 1.853853e-01
ComputePotentialFieldLevelZero 1.393940e-01 4.522088e-02 8.217330e-02 1.952791e-01
CopyToOldBaryon 1.305600e+00 2.379896e-01 6.858615e-01 1.942446e+00
CreateSiblingList 1.035880e+00 2.604113e-01 4.602788e-01 1.821655e+00
GravityAccel 1.569747e+00 2.236807e-01 1.157243e+00 2.885170e+00
Group_WriteAllData 6.809032e+00 7.542181e-04 6.807836e+00 6.811119e+00
Level_00 2.683321e+00 2.763705e-02 2.634124e+00 2.750597e+00 1.677722e+07 64 4.884693e+04
Level_01 1.847271e-01 4.079188e-02 1.350476e-01 2.290446e-01 1.198240e+05 44 5.067612e+03
Level_02 2.026014e-01 8.122070e-03 1.860081e-01 2.110881e-01 2.329680e+05 91 8.983464e+03
Level_03 2.476306e-01 4.218139e-03 2.403390e-01 2.638454e-01 8.134320e+05 178 2.566297e+04
Level_04 1.278797e+00 1.249045e-02 1.242452e+00 1.311052e+00 7.567680e+06 215 4.623291e+04
Level_05 4.562053e+00 5.128584e-02 4.336266e+00 4.648098e+00 2.916022e+07 722 4.993677e+04
Level_06 1.283888e+01 9.479290e-02 1.260826e+01 1.309644e+01 9.301228e+07 971 5.659825e+04
Level_07 2.196298e+01 1.290345e-01 2.146498e+01 2.229517e+01 1.200874e+08 814 4.271655e+04
Level_08 4.113542e+01 1.601923e-01 4.081690e+01 4.179796e+01 1.039929e+08 576 1.975049e+04
Level_09 4.800207e+01 1.942945e-01 4.749929e+01 4.863424e+01 1.531434e+08 374 2.492460e+04
Level_10 1.202699e+02 2.591519e-01 1.197970e+02 1.212311e+02 3.188181e+08 361 2.070980e+04
MPIWaitReceive 2.183580e+01 5.229335e+00 7.060091e+00 3.692313e+01
ParticleUpdate 1.233248e-01 2.407437e-02 8.756501e-02 2.698650e-01
PrepareDensityField 2.076627e+01 2.210585e+00 1.305545e+01 2.579134e+01
RebuildHierarchy 3.400917e+01 1.650379e-01 3.359761e+01 3.438074e+01
SPCommUpdateCount 1.413535e+02 1.030496e+01 1.042741e+02 1.621088e+02
SPFinalize 1.413591e+02 1.030530e+01 1.042793e+02 1.621144e+02
SPFindTotalParticles 8.138462e-01 1.314290e-01 5.059661e-01 1.054878e+00
SPInitialize 1.270224e+00 6.126497e-02 1.147339e+00 1.386025e+00
SPRecordStarCount 4.509308e-01 1.551818e-01 1.542285e-01 8.759594e-01
SetAccelBoundary 4.600993e+00 6.006498e-01 2.138125e+00 6.139825e+00
SetBoundaryConditions 2.501166e+01 1.827644e+00 1.837319e+01 2.785652e+01
SetLevelTimeStep 6.917906e+00 1.253568e+00 3.897637e+00 1.234946e+01
SolveForPotential 1.335073e+01 1.457782e+00 8.370509e+00 1.610658e+01
SolveHydroEquations 2.418334e+01 1.719661e+00 2.022171e+01 3.066747e+01
StarParticleHandler 2.614730e+00 1.333189e+00 1.370339e+00 1.210253e+01
Total 3.092912e+02 2.995719e-03 3.092790e+02 3.092929e+02 8.437254e+08 4410 2.131197e+04
UpdateFromFinerGrids 2.197902e+00 4.594572e-01 1.126996e+00 3.610905e+00

Cycle_Number 2113
ChemistryCooling 3.425807e+01 8.057367e+00 2.330969e+01 7.713189e+01
CommBufferedSend 7.443215e-01 2.227134e-01 3.211766e-01 1.433286e+00
CommReceiveHandler 3.055115e+01 6.763054e+00 9.317551e+00 4.484786e+01
CommunicationTranspose 1.211419e-01 6.014237e-02 4.657539e-02 1.992276e-01
ComputePotentialFieldLevelZero 1.422531e-01 5.116983e-02 8.187283e-02 2.085566e-01
CopyToOldBaryon 1.507431e+00 2.691599e-01 8.325491e-01 2.103524e+00
CreateSiblingList 1.132533e+00 3.003348e-01 5.093899e-01 1.840065e+00
GravityAccel 1.691121e+00 2.019175e-01 1.324762e+00 2.570902e+00
Group_WriteAllData 6.825676e+00 2.292170e-04 6.825646e+00 6.828258e+00
Level_00 2.578039e+00 3.425975e-02 2.514395e+00 2.655742e+00 1.677722e+07 64 5.084174e+04
Level_01 1.731066e-01 4.026064e-02 1.225034e-01 2.167080e-01 1.208480e+05 44 5.454010e+03
Level_02 2.432099e-01 4.758749e-03 2.264585e-01 2.494741e-01 2.338640e+05 91 7.512285e+03
Level_03 2.971671e-01 6.823961e-03 2.854240e-01 3.413733e-01 8.107600e+05 186 2.131482e+04
Level_04 1.525974e+00 1.712283e-02 1.489807e+00 1.581853e+00 7.528560e+06 227 3.854383e+04
Level_05 4.102953e+00 5.604974e-02 3.924230e+00 4.267752e+00 2.267608e+07 716 4.317790e+04
Level_06 1.546538e+01 1.368324e-01 1.496562e+01 1.582329e+01 1.053564e+08 966 5.322188e+04
Level_07 2.444746e+01 1.479379e-01 2.406577e+01 2.474250e+01 1.250532e+08 811 3.996238e+04
Level_08 5.153751e+01 1.971297e-01 5.117410e+01 5.233966e+01 1.147718e+08 575 1.739809e+04
Level_09 7.591262e+01 2.450057e-01 7.520189e+01 7.685159e+01 1.498122e+08 366 1.541783e+04
Level_10 1.089315e+02 2.603469e-01 1.082666e+02 1.097122e+02 3.283182e+08 384 2.354679e+04
MPIWaitReceive 2.595965e+01 6.224329e+00 7.962465e+00 4.091791e+01
ParticleUpdate 1.305075e-01 2.076580e-02 9.370105e-02 2.158166e-01
PrepareDensityField 2.404632e+01 2.256099e+00 1.686633e+01 2.859711e+01
RebuildHierarchy 3.660035e+01 1.616171e-01 3.610579e+01 3.697647e+01
SPCommUpdateCount 1.637059e+02 1.053100e+01 1.138391e+02 1.848247e+02
SPFinalize 1.637121e+02 1.053149e+01 1.138448e+02 1.848351e+02
SPFindTotalParticles 8.782228e-01 1.363707e-01 5.890177e-01 1.131390e+00
SPInitialize 1.378498e+00 6.745638e-02 1.233688e+00 1.511990e+00
SPRecordStarCount 4.944735e-01 1.658370e-01 1.549435e-01 9.086417e-01
SetAccelBoundary 5.216869e+00 5.777913e-01 3.083274e+00 6.464034e+00
SetBoundaryConditions 2.832735e+01 1.726332e+00 2.324477e+01 3.181517e+01
SetLevelTimeStep 7.858116e+00 1.287591e+00 5.529669e+00 1.156782e+01
SolveForPotential 1.462650e+01 1.425844e+00 1.038167e+01 1.718790e+01
SolveHydroEquations 2.535422e+01 1.746748e+00 2.182329e+01 3.020250e+01
StarParticleHandler 2.678254e+00 1.023200e+00 1.202076e+00 7.987712e+00
Total 3.454002e+02 1.210885e-03 3.453947e+02 3.454007e+02 8.714591e+08 4430 1.971126e+04
UpdateFromFinerGrids 2.477694e+00 5.369825e-01 1.250108e+00 3.629828e+00

Cycle_Number 2114
ChemistryCooling 3.326027e+01 8.125304e+00 2.428281e+01 7.915863e+01
CommBufferedSend 6.343607e-01 2.028461e-01 2.680957e-01 1.481818e+00
CommReceiveHandler 2.928013e+01 6.983844e+00 7.961432e+00 4.292406e+01
CommunicationTranspose 1.164457e-01 5.388337e-02 5.448278e-02 1.824811e-01
ComputePotentialFieldLevelZero 1.370301e-01 4.523531e-02 8.051508e-02 1.935447e-01
CopyToOldBaryon 1.349008e+00 2.465757e-01 7.838906e-01 1.947077e+00
CreateSiblingList 1.101995e+00 3.305949e-01 5.190970e-01 2.018482e+00
GravityAccel 1.592600e+00 1.813133e-01 1.207934e+00 2.121401e+00
Group_WriteAllData 6.946561e+00 6.727088e-04 6.945614e+00 6.948186e+00
Level_00 2.190574e+00 3.642252e-02 2.131580e+00 2.270193e+00 1.677722e+07 64 5.983454e+04
Level_01 2.254581e-01 4.305269e-02 1.677121e-01 2.722125e-01 1.208480e+05 44 4.187586e+03
Level_02 2.129954e-01 7.156753e-03 1.994025e-01 2.210390e-01 2.338640e+05 91 8.577944e+03
Level_03 3.064189e-01 4.359871e-03 2.983600e-01 3.175882e-01 8.107600e+05 186 2.067125e+04
Level_04 1.258397e+00 8.918601e-03 1.225541e+00 1.278045e+00 7.528560e+06 227 4.673952e+04
Level_05 3.855487e+00 3.793968e-02 3.738190e+00 3.966546e+00 2.266194e+07 709 4.592064e+04
Level_06 1.446788e+01 1.512469e-01 1.410349e+01 1.504080e+01 1.050733e+08 941 5.673847e+04
Level_07 2.078611e+01 1.143334e-01 2.034753e+01 2.111625e+01 1.042358e+08 815 3.917725e+04
Level_08 5.115791e+01 1.569554e-01 5.055984e+01 5.165623e+01 1.144290e+08 582 1.747485e+04
Level_09 8.543248e+01 1.975264e-01 8.482066e+01 8.594424e+01 1.517706e+08 379 1.387889e+04
Level_10 1.267982e+02 2.426492e-01 1.264358e+02 1.276846e+02 3.115099e+08 391 1.919326e+04
MPIWaitReceive 2.513200e+01 6.444760e+00 7.254333e+00 3.881691e+01
ParticleUpdate 1.227535e-01 2.136516e-02 8.459617e-02 2.200852e-01
PrepareDensityField 2.388704e+01 2.865020e+00 1.517086e+01 2.897036e+01
RebuildHierarchy 3.758541e+01 1.564875e-01 3.714461e+01 3.794553e+01
SPCommUpdateCount 1.911732e+02 1.078326e+01 1.370689e+02 2.104796e+02
SPFinalize 1.911788e+02 1.078326e+01 1.370762e+02 2.104846e+02
SPFindTotalParticles 8.171339e-01 1.330295e-01 5.385848e-01 1.075069e+00
SPInitialize 1.294503e+00 7.392816e-02 1.163092e+00 1.431922e+00
SPRecordStarCount 4.720341e-01 1.668338e-01 1.698798e-01 8.600858e-01
SetAccelBoundary 4.599817e+00 7.632753e-01 2.579835e+00 1.081731e+01
SetBoundaryConditions 2.545972e+01 1.725188e+00 2.034907e+01 3.311037e+01
SetLevelTimeStep 6.970999e+00 1.195450e+00 4.450769e+00 1.078421e+01
SolveForPotential 1.435141e+01 1.599846e+00 8.495127e+00 1.762518e+01
SolveHydroEquations 2.430887e+01 1.814423e+00 2.048307e+01 3.052908e+01
StarParticleHandler 2.622139e+00 9.160409e-01 1.342821e+00 7.176231e+00
Total 3.669823e+02 1.208289e-03 3.669773e+02 3.669828e+02 8.351519e+08 4429 1.777913e+04
UpdateFromFinerGrids 2.260857e+00 5.246605e-01 1.250090e+00 3.534374e+00

Cycle_Number 2115
ChemistryCooling 3.340041e+01 7.243879e+00 2.393097e+01 7.115490e+01
CommBufferedSend 6.525171e-01 1.957561e-01 2.637719e-01 1.086947e+00
CommReceiveHandler 2.822348e+01 6.325490e+00 1.145819e+01 4.159793e+01
CommunicationTranspose 1.229670e-01 5.725935e-02 4.721788e-02 1.973776e-01
ComputePotentialFieldLevelZero 1.450125e-01 4.782991e-02 8.718090e-02 2.066564e-01
CopyToOldBaryon 1.540546e+00 2.999542e-01 9.043942e-01 2.349880e+00
CreateSiblingList 1.096714e+00 3.211022e-01 5.451619e-01 2.268651e+00
GravityAccel 1.634963e+00 2.130166e-01 1.208204e+00 2.348752e+00
Group_WriteAllData 6.819539e+00 2.238701e-04 6.819510e+00 6.822061e+00
Level_00 2.781135e+00 4.048676e-02 2.716344e+00 2.867058e+00 1.677722e+07 64 4.712896e+04
Level_01 2.229399e-01 4.159538e-02 1.691425e-01 2.673290e-01 1.208480e+05 44 4.234886e+03
Level_02 1.777501e-01 6.895589e-03 1.653275e-01 1.858702e-01 2.338640e+05 91 1.027882e+04
Level_03 2.856354e-01 8.610428e-03 2.694580e-01 3.159655e-01 8.099760e+05 188 2.215390e+04
Level_04 1.505035e+00 1.673221e-02 1.474822e+00 1.581273e+00 7.525264e+06 227 3.906296e+04
Level_05 5.423936e+00 5.503346e-02 5.276653e+00 5.672100e+00 2.918526e+07 729 4.203771e+04
Level_06 1.496347e+01 1.389356e-01 1.458100e+01 1.539826e+01 1.094122e+08 939 5.712467e+04
Level_07 2.257680e+01 1.445623e-01 2.227316e+01 2.325027e+01 1.201429e+08 816 4.157439e+04
Level_08 4.719566e+01 2.171225e-01 4.646157e+01 4.797806e+01 1.127264e+08 571 1.866008e+04
Level_09 8.467925e+01 1.803618e-01 8.412799e+01 8.525509e+01 1.422994e+08 348 1.312853e+04
Level_10 9.657166e+01 2.657059e-01 9.600504e+01 9.749683e+01 2.984111e+08 378 2.414100e+04
MPIWaitReceive 2.398354e+01 5.847056e+00 1.010485e+01 3.687848e+01
ParticleUpdate 1.237577e-01 2.038483e-02 8.894528e-02 2.010849e-01
PrepareDensityField 2.173294e+01 2.157971e+00 1.395997e+01 2.486408e+01
RebuildHierarchy 3.689434e+01 1.671997e-01 3.656663e+01 3.742272e+01
SPCommUpdateCount 1.607440e+02 9.365154e+00 1.180090e+02 1.784368e+02
SPFinalize 1.607496e+02 9.365227e+00 1.180143e+02 1.784438e+02
SPFindTotalParticles 8.224537e-01 1.316249e-01 5.546493e-01 1.065605e+00
SPInitialize 1.297503e+00 7.454605e-02 1.149316e+00 1.431038e+00
SPRecordStarCount 4.697511e-01 1.710508e-01 1.887690e-01 8.593699e-01
SetAccelBoundary 4.879671e+00 5.730660e-01 2.897223e+00 5.980926e+00
SetBoundaryConditions 2.715078e+01 1.822263e+00 2.055308e+01 3.032989e+01
SetLevelTimeStep 7.288232e+00 1.452983e+00 4.084200e+00 1.197552e+01
SolveForPotential 1.336341e+01 1.267028e+00 8.586231e+00 1.535894e+01
SolveHydroEquations 2.454227e+01 1.725132e+00 2.106800e+01 2.945521e+01
StarParticleHandler 2.549786e+00 9.652692e-01 1.268037e+00 8.663731e+00
Total 3.363792e+02 8.711558e-04 3.363756e+02 3.363797e+02 8.376445e+08 4395 1.945452e+04
UpdateFromFinerGrids 2.446587e+00 5.825257e-01 1.053575e+00 3.944230e+00

Cycle_Number 2116
ChemistryCooling 3.391347e+01 7.042093e+00 2.284760e+01 6.504155e+01
CommBufferedSend 6.255462e-01 1.988334e-01 2.030319e-01 1.279344e+00
CommReceiveHandler 2.811849e+01 6.762031e+00 6.492379e+00 4.210220e+01
CommunicationTranspose 1.093959e-01 5.049519e-02 4.500213e-02 1.724388e-01
ComputePotentialFieldLevelZero 1.288241e-01 4.304658e-02 7.665431e-02 1.831089e-01
CopyToOldBaryon 1.451883e+00 3.094532e-01 8.540589e-01 2.275863e+00
CreateSiblingList 1.106060e+00 3.353775e-01 5.257861e-01 2.013644e+00
GravityAccel 1.619325e+00 2.182864e-01 1.153969e+00 2.365508e+00
Group_WriteAllData 6.893378e+00 6.693273e-04 6.892253e+00 6.895075e+00
Level_00 2.517088e+00 3.052794e-02 2.460274e+00 2.578338e+00 1.677722e+07 64 5.207287e+04
Level_01 1.834085e-01 3.807010e-02 1.326616e-01 2.247253e-01 1.208480e+05 44 5.147661e+03
Level_02 1.744824e-01 4.918843e-03 1.595142e-01 1.855829e-01 2.338640e+05 91 1.047133e+04
Level_03 2.572352e-01 4.479496e-03 2.480653e-01 2.688556e-01 8.099760e+05 188 2.459981e+04
Level_04 1.281970e+00 1.056036e-02 1.253780e+00 1.317316e+00 7.525264e+06 227 4.585999e+04
Level_05 5.278832e+00 8.516565e-02 5.059192e+00 5.575158e+00 3.250962e+07 721 4.811318e+04
Level_06 1.653087e+01 1.572005e-01 1.619787e+01 1.691303e+01 1.214089e+08 923 5.737796e+04
Level_07 2.340414e+01 1.447315e-01 2.306620e+01 2.386065e+01 1.075437e+08 823 3.589899e+04
Level_08 3.631735e+01 1.897971e-01 3.579293e+01 3.699615e+01 1.148991e+08 603 2.471682e+04
Level_09 7.636902e+01 2.322394e-01 7.544086e+01 7.726146e+01 1.451499e+08 373 1.484874e+04
Level_10 1.171221e+02 2.918917e-01 1.161515e+02 1.184404e+02 3.023490e+08 373 2.016787e+04
MPIWaitReceive 2.385116e+01 6.197856e+00 5.453922e+00 3.757614e+01
ParticleUpdate 1.241697e-01 2.182167e-02 8.560730e-02 1.820858e-01
PrepareDensityField 2.138154e+01 1.981506e+00 1.434221e+01 2.448238e+01
RebuildHierarchy 4.003392e+01 2.359677e-01 3.953195e+01 4.072484e+01
SPCommUpdateCount 1.641251e+02 9.971100e+00 1.307331e+02 1.846428e+02
SPFinalize 1.641308e+02 9.971409e+00 1.307369e+02 1.846510e+02
SPFindTotalParticles 8.318277e-01 1.513910e-01 5.414865e-01 1.077984e+00
SPInitialize 1.289995e+00 6.010472e-02 1.161695e+00 1.392906e+00
SPRecordStarCount 4.525864e-01 1.880095e-01 1.294892e-01 8.363866e-01
SetAccelBoundary 4.715878e+00 5.479384e-01 2.800786e+00 6.455798e+00
SetBoundaryConditions 2.680105e+01 1.779530e+00 1.831725e+01 3.059957e+01
SetLevelTimeStep 7.302224e+00 1.507052e+00 3.685173e+00 1.329861e+01
SolveForPotential 1.353013e+01 1.270215e+00 8.082236e+00 1.608436e+01
SolveHydroEquations 2.458430e+01 2.042536e+00 2.067039e+01 3.159977e+01
StarParticleHandler 2.608639e+00 8.194971e-01 1.299613e+00 5.712080e+00
Total 3.425740e+02 1.168008e-03 3.425688e+02 3.425745e+02 8.493275e+08 4430 1.936916e+04
UpdateFromFinerGrids 2.391071e+00 6.053147e-01 1.389107e+00 3.911217e+00

Cycle_Number 2117
ChemistryCooling 3.304980e+01 6.933163e+00 2.192097e+01 7.411993e+01
CommBufferedSend 6.091588e-01 1.946175e-01 2.026044e-01 1.344165e+00
CommReceiveHandler 2.357941e+01 5.180059e+00 9.422688e+00 3.411006e+01
CommunicationTranspose 1.336651e-01 5.309365e-02 6.929233e-02 2.006329e-01
ComputePotentialFieldLevelZero 1.545382e-01 4.474599e-02 9.783461e-02 2.100805e-01
CopyToOldBaryon 1.287367e+00 2.246871e-01 8.447364e-01 1.996357e+00
CreateSiblingList 1.089265e+00 2.698335e-01 5.758241e-01 1.763964e+00
GravityAccel 1.565460e+00 1.761165e-01 1.225776e+00 2.241702e+00
Group_WriteAllData 6.679903e+00 1.771806e-04 6.679880e+00 6.681899e+00
Level_00 2.593022e+00 3.439297e-02 2.530985e+00 2.663510e+00 1.677722e+07 64 5.054797e+04
Level_01 2.167747e-01 4.157561e-02 1.629011e-01 2.618488e-01 1.208480e+05 44 4.355328e+03
Level_02 1.795234e-01 6.294663e-03 1.690806e-01 1.900378e-01 2.340560e+05 91 1.018565e+04
Level_03 2.678465e-01 6.140705e-03 2.555367e-01 2.894155e-01 8.103440e+05 188 2.363597e+04
Level_04 1.242538e+00 1.320921e-02 1.211111e+00 1.280118e+00 7.514416e+06 228 4.724715e+04
Level_05 4.422098e+00 5.200189e-02 4.279495e+00 4.553255e+00 2.598979e+07 726 4.591604e+04
Level_06 1.591861e+01 1.292293e-01 1.559640e+01 1.624077e+01 1.177634e+08 945 5.779566e+04
Level_07 1.855789e+01 1.066295e-01 1.830402e+01 1.894158e+01 1.018868e+08 834 4.289230e+04
Level_08 2.996398e+01 1.274739e-01 2.951943e+01 3.027756e+01 1.101877e+08 604 2.872922e+04
Level_09 7.393949e+01 1.635230e-01 7.351797e+01 7.439952e+01 1.435136e+08 380 1.516375e+04
Level_10 1.181520e+02 2.397411e-01 1.174979e+02 1.190998e+02 2.956178e+08 388 1.954697e+04
MPIWaitReceive 1.947359e+01 4.503993e+00 7.799572e+00 2.984658e+01
ParticleUpdate 1.202521e-01 2.100789e-02 8.558669e-02 2.030921e-01
PrepareDensityField 1.882642e+01 1.680681e+00 1.183953e+01 2.183073e+01
RebuildHierarchy 3.640349e+01 1.747433e-01 3.600121e+01 3.690893e+01
SPCommUpdateCount 1.570849e+02 9.589772e+00 1.081078e+02 1.787593e+02
SPFinalize 1.570901e+02 9.589757e+00 1.081136e+02 1.787633e+02
SPFindTotalParticles 7.890595e-01 1.368393e-01 5.120873e-01 1.032514e+00
SPInitialize 1.240775e+00 7.075906e-02 1.108271e+00 1.367690e+00
SPRecordStarCount 4.465545e-01 1.730565e-01 1.314677e-01 7.964406e-01
SetAccelBoundary 4.609615e+00 5.462158e-01 2.645117e+00 5.612526e+00
SetBoundaryConditions 2.443846e+01 1.612907e+00 1.863828e+01 2.725155e+01
SetLevelTimeStep 6.485272e+00 1.126061e+00 3.740380e+00 9.755953e+00
SolveForPotential 1.225105e+01 1.193441e+00 7.641723e+00 1.440517e+01
SolveHydroEquations 2.383254e+01 1.581216e+00 2.074525e+01 2.854753e+01
StarParticleHandler 2.558353e+00 9.059649e-01 1.278291e+00 7.858391e+00
Total 3.233982e+02 1.272643e-03 3.233925e+02 3.233987e+02 8.204159e+08 4492 1.981922e+04
UpdateFromFinerGrids 2.172327e+00 4.362492e-01 1.204025e+00 3.570466e+00

Cycle_Number 2118
ChemistryCooling 3.356159e+01 7.406426e+00 2.320602e+01 6.697156e+01
CommBufferedSend 5.980643e-01 1.935745e-01 1.833964e-01 1.171421e+00
CommReceiveHandler 2.561451e+01 6.391538e+00 7.650720e+00 3.837230e+01
CommunicationTranspose 1.140559e-01 5.546699e-02 4.812147e-02 1.857500e-01
ComputePotentialFieldLevelZero 1.347410e-01 4.741710e-02 7.645181e-02 1.967382e-01
CopyToOldBaryon 1.444279e+00 2.928236e-01 8.192133e-01 2.014836e+00
CreateSiblingList 1.109629e+00 3.577505e-01 4.960508e-01 2.054982e+00
GravityAccel 1.607786e+00 1.939622e-01 1.147913e+00 2.187160e+00
Group_WriteAllData 6.730771e+00 1.040095e-03 6.729066e+00 6.733261e+00
Level_00 2.110299e+00 2.838554e-02 2.031828e+00 2.181924e+00 1.677722e+07 64 6.211063e+04
Level_01 1.948079e-01 4.038885e-02 1.418193e-01 2.399535e-01 1.208480e+05 44 4.846441e+03
Level_02 1.557237e-01 5.690301e-03 1.452519e-01 1.626751e-01 2.340560e+05 91 1.174235e+04
Level_03 2.286438e-01 3.117615e-03 2.210916e-01 2.383366e-01 8.103440e+05 188 2.768854e+04
Level_04 1.282564e+00 9.799637e-03 1.259945e+00 1.329582e+00 7.514416e+06 228 4.577266e+04
Level_05 5.187277e+00 9.182043e-02 4.984368e+00 5.462651e+00 2.595747e+07 745 3.909426e+04
Level_06 1.564325e+01 1.790785e-01 1.526426e+01 1.625975e+01 1.136871e+08 916 5.677724e+04
Level_07 1.839467e+01 1.308256e-01 1.800499e+01 1.886310e+01 1.023966e+08 813 4.348942e+04
Level_08 3.366724e+01 1.595540e-01 3.327428e+01 3.413178e+01 1.109425e+08 612 2.574426e+04
Level_09 7.609532e+01 1.773970e-01 7.558552e+01 7.653689e+01 1.440985e+08 375 1.479420e+04
Level_10 1.178581e+02 2.572310e-01 1.171749e+02 1.188605e+02 3.062522e+08 380 2.030064e+04
MPIWaitReceive 2.139338e+01 5.971768e+00 6.624069e+00 3.346082e+01
ParticleUpdate 1.221405e-01 1.877825e-02 9.021612e-02 1.667058e-01
PrepareDensityField 1.964618e+01 1.803056e+00 1.346004e+01 2.234771e+01
RebuildHierarchy 3.853414e+01 2.032301e-01 3.791970e+01 3.909489e+01
SPCommUpdateCount 1.594368e+02 1.007871e+01 1.173861e+02 1.809962e+02
SPFinalize 1.594424e+02 1.007887e+01 1.173904e+02 1.810014e+02
SPFindTotalParticles 8.055519e-01 1.525815e-01 5.184708e-01 1.045364e+00
SPInitialize 1.249746e+00 6.216223e-02 1.115368e+00 1.386730e+00
SPRecordStarCount 4.387972e-01 1.841598e-01 1.283710e-01 8.174821e-01
SetAccelBoundary 4.679240e+00 5.770862e-01 2.827005e+00 6.451635e+00
SetBoundaryConditions 2.565796e+01 1.808298e+00 1.815725e+01 2.927753e+01
SetLevelTimeStep 6.486034e+00 1.375535e+00 3.722093e+00 1.146906e+01
SolveForPotential 1.251291e+01 1.194694e+00 8.365001e+00 1.453202e+01
SolveHydroEquations 2.425686e+01 1.558963e+00 1.954126e+01 2.836568e+01
StarParticleHandler 2.552244e+00 8.070564e-01 1.222828e+00 6.522469e+00
Total 3.313016e+02 1.038585e-03 3.312971e+02 3.313021e+02 8.287913e+08 4456 1.954392e+04
UpdateFromFinerGrids 2.352160e+00 5.495297e-01 1.022362e+00 3.535514e+00

Cycle_Number 2119
ChemistryCooling 3.509180e+01 8.256264e+00 2.416023e+01 7.836330e+01
CommBufferedSend 6.041634e-01 2.216701e-01 1.259768e-01 1.663714e+00
CommReceiveHandler 3.175568e+01 7.205487e+00 1.420822e+01 4.502208e+01
CommunicationTranspose 1.144001e-01 4.907800e-02 5.215528e-02 1.818867e-01
ComputePotentialFieldLevelZero 1.369330e-01 3.944318e-02 8.493756e-02 1.916667e-01
CopyToOldBaryon 1.512505e+00 3.595738e-01 8.373496e-01 2.654956e+00
CreateSiblingList 1.093143e+00 4.417894e-01 4.691429e-01 2.529373e+00
GravityAccel 1.723467e+00 2.439664e-01 1.203837e+00 2.581888e+00
Group_WriteAllData 6.856487e+00 1.660011e-04 6.856461e+00 6.858357e+00
Level_00 2.441052e+00 3.890038e-02 2.362325e+00 2.524094e+00 1.677722e+07 64 5.369488e+04
Level_01 1.783884e-01 4.145466e-02 1.228056e-01 2.240192e-01 1.208480e+05 44 5.292525e+03
Level_02 2.392978e-01 3.595347e-03 2.330082e-01 2.475813e-01 2.340560e+05 91 7.641367e+03
Level_03 2.490874e-01 4.348826e-03 2.406351e-01 2.649311e-01 8.091680e+05 188 2.537915e+04
Level_04 2.065655e+00 3.357811e-02 1.968921e+00 2.154632e+00 1.125350e+07 228 4.256181e+04
Level_05 5.317212e+00 8.647824e-02 5.134100e+00 5.603195e+00 2.900133e+07 751 4.261122e+04
Level_06 1.748170e+01 2.278440e-01 1.681123e+01 1.798919e+01 1.175967e+08 927 5.255349e+04
Level_07 2.531088e+01 2.187093e-01 2.468840e+01 2.591203e+01 1.296099e+08 810 4.000563e+04
Level_08 4.033610e+01 2.295399e-01 3.965148e+01 4.117760e+01 1.178627e+08 617 2.282824e+04
Level_09 7.606086e+01 2.079920e-01 7.551462e+01 7.710029e+01 1.425771e+08 393 1.464464e+04
Level_10 1.193680e+02 3.326672e-01 1.186588e+02 1.204520e+02 3.064963e+08 390 2.005984e+04
MPIWaitReceive 2.746914e+01 6.973955e+00 1.180666e+01 4.102858e+01
ParticleUpdate 1.285522e-01 2.037334e-02 8.459794e-02 1.916286e-01
PrepareDensityField 2.359452e+01 2.218608e+00 1.706003e+01 2.737341e+01
RebuildHierarchy 4.051431e+01 2.088819e-01 4.003471e+01 4.104814e+01
SPCommUpdateCount 1.667578e+02 1.105548e+01 1.133071e+02 1.875364e+02
SPFinalize 1.667646e+02 1.105567e+01 1.133148e+02 1.875430e+02
SPFindTotalParticles 8.452061e-01 1.494607e-01 5.505765e-01 1.098845e+00
SPInitialize 1.340039e+00 7.509955e-02 1.190231e+00 1.494782e+00
SPRecordStarCount 4.893556e-01 1.882597e-01 1.647616e-01 9.232659e-01
SetAccelBoundary 5.291737e+00 6.179137e-01 3.315801e+00 6.673686e+00
SetBoundaryConditions 2.915408e+01 2.127526e+00 2.022854e+01 3.336032e+01
SetLevelTimeStep 7.913267e+00 1.903830e+00 2.916156e+00 1.358919e+01
SolveForPotential 1.409184e+01 1.375944e+00 9.269965e+00 1.774715e+01
SolveHydroEquations 2.526224e+01 1.947433e+00 2.112444e+01 3.061045e+01
StarParticleHandler 2.532516e+00 9.505703e-01 1.246368e+00 7.354549e+00
Total 3.536139e+02 1.030822e-03 3.536088e+02 3.536143e+02 8.723389e+08 4503 1.927285e+04
UpdateFromFinerGrids 2.713838e+00 7.357230e-01 1.147437e+00 4.810626e+00

Cycle_Number 2120
ChemistryCooling 3.498926e+01 7.592040e+00 2.483492e+01 7.957510e+01
CommBufferedSend 6.019629e-01 2.160248e-01 1.830600e-01 1.137189e+00
CommReceiveHandler 3.094052e+01 6.964277e+00 1.120764e+01 4.497073e+01
CommunicationTranspose 1.047534e-01 4.553281e-02 4.657670e-02 1.681221e-01
ComputePotentialFieldLevelZero 1.262821e-01 3.658983e-02 7.246188e-02 1.785026e-01
CopyToOldBaryon 1.463570e+00 3.607775e-01 7.865447e-01 2.435341e+00
CreateSiblingList 1.094437e+00 4.309329e-01 5.226888e-01 2.427638e+00
GravityAccel 1.708016e+00 2.386892e-01 1.154011e+00 2.518819e+00
Group_WriteAllData 6.798353e+00 8.461396e-04 6.797182e+00 6.800552e+00
Level_00 2.112323e+00 3.889635e-02 2.015151e+00 2.192674e+00 1.677722e+07 64 6.205112e+04
Level_01 1.798435e-01 4.175856e-02 1.267480e-01 2.276219e-01 1.208480e+05 44 5.249704e+03
Level_02 1.600783e-01 3.866785e-03 1.521442e-01 1.685020e-01 2.340560e+05 91 1.142292e+04
Level_03 2.411237e-01 4.582060e-03 2.332539e-01 2.615800e-01 8.091680e+05 188 2.621735e+04
Level_04 2.014266e+00 2.181128e-02 1.938545e+00 2.071159e+00 1.125350e+07 228 4.364765e+04
Level_05 5.036616e+00 8.394016e-02 4.819137e+00 5.357297e+00 2.907262e+07 707 4.509572e+04
Level_06 1.607296e+01 1.583899e-01 1.557243e+01 1.647339e+01 1.012369e+08 923 4.920772e+04
Level_07 1.962909e+01 1.764911e-01 1.925063e+01 2.016491e+01 9.714601e+07 801 3.866471e+04
Level_08 3.990591e+01 2.623655e-01 3.880034e+01 4.063947e+01 1.210009e+08 596 2.368872e+04
Level_09 6.856772e+01 2.417368e-01 6.785018e+01 6.949902e+01 1.525298e+08 369 1.737901e+04
Level_10 1.371026e+02 3.114602e-01 1.360985e+02 1.380573e+02 3.311988e+08 372 1.887265e+04
MPIWaitReceive 2.643532e+01 6.915304e+00 9.097322e+00 4.119535e+01
ParticleUpdate 1.292819e-01 2.224857e-02 9.254255e-02 2.119021e-01
PrepareDensityField 2.273811e+01 1.962010e+00 1.494273e+01 2.586929e+01
RebuildHierarchy 4.024399e+01 2.067549e-01 3.972899e+01 4.076442e+01
SPCommUpdateCount 1.705382e+02 1.028548e+01 1.193564e+02 1.910642e+02
SPFinalize 1.705443e+02 1.028559e+01 1.193626e+02 1.910724e+02
SPFindTotalParticles 8.600431e-01 1.657202e-01 5.591905e-01 1.115065e+00
SPInitialize 1.334718e+00 7.165903e-02 1.198688e+00 1.476660e+00
SPRecordStarCount 4.689418e-01 1.996496e-01 1.244280e-01 8.950399e-01
SetAccelBoundary 5.227305e+00 5.915374e-01 2.686045e+00 6.554146e+00
SetBoundaryConditions 2.877024e+01 2.032529e+00 1.938548e+01 3.486742e+01
SetLevelTimeStep 7.727083e+00 1.847942e+00 2.602327e+00 1.357173e+01
SolveForPotential 1.446460e+01 1.291424e+00 9.998348e+00 1.682033e+01
SolveHydroEquations 2.483310e+01 1.801258e+00 1.929315e+01 3.026524e+01
StarParticleHandler 2.708279e+00 9.114557e-01 1.374340e+00 7.016242e+00
Total 3.549035e+02 1.086425e-03 3.548977e+02 3.549040e+02 8.613799e+08 4383 1.896158e+04
UpdateFromFinerGrids 2.533771e+00 7.105541e-01 1.052990e+00 4.509534e+00

Cycle_Number 2121
ChemistryCooling 3.493708e+01 7.855088e+00 2.469882e+01 8.211889e+01
CommBufferedSend 5.640971e-01 1.759039e-01 1.874090e-01 1.152058e+00
CommReceiveHandler 2.598094e+01 6.339782e+00 8.860381e+00 4.012965e+01
CommunicationTranspose 1.084180e-01 4.764993e-02 4.616636e-02 1.736380e-01
ComputePotentialFieldLevelZero 1.293926e-01 3.951204e-02 7.728863e-02 1.842131e-01
CopyToOldBaryon 1.396842e+00 2.690747e-01 9.114147e-01 2.021677e+00
CreateSiblingList 1.080580e+00 3.164048e-01 5.213470e-01 2.039378e+00
GravityAccel 1.632142e+00 1.948892e-01 1.247765e+00 2.200403e+00
Group_WriteAllData 7.005279e+00 2.116248e-04 7.005252e+00 7.007663e+00
Level_00 2.327269e+00 3.818890e-02 2.220350e+00 2.405834e+00 1.677722e+07 64 5.632008e+04
Level_01 1.780451e-01 3.885493e-02 1.305485e-01 2.204237e-01 1.208480e+05 44 5.302730e+03
Level_02 2.229803e-01 5.112936e-03 2.149238e-01 2.297526e-01 2.339840e+05 91 8.198035e+03
Level_03 2.393981e-01 3.926099e-03 2.291243e-01 2.515212e-01 8.096160e+05 188 2.642095e+04
Level_04 1.942340e+00 2.018740e-02 1.896798e+00 1.999960e+00 1.126685e+07 226 4.531763e+04
Level_05 5.034444e+00 5.644586e-02 4.891205e+00 5.186212e+00 2.903709e+07 725 4.506004e+04
Level_06 1.533782e+01 1.246044e-01 1.503477e+01 1.562724e+01 1.015228e+08 920 5.171183e+04
Level_07 1.711071e+01 1.283619e-01 1.680923e+01 1.749578e+01 9.791315e+07 791 4.470572e+04
Level_08 3.124844e+01 1.714429e-01 3.086458e+01 3.173545e+01 1.123879e+08 596 2.809839e+04
Level_09 8.143225e+01 2.054750e-01 8.090016e+01 8.217000e+01 1.543412e+08 362 1.480729e+04
Level_10 1.408986e+02 2.666691e-01 1.401898e+02 1.416257e+02 3.273892e+08 383 1.815297e+04
MPIWaitReceive 2.164547e+01 5.822368e+00 8.051535e+00 3.497439e+01
ParticleUpdate 1.246567e-01 2.057813e-02 8.415503e-02 2.144460e-01
PrepareDensityField 1.998843e+01 1.774971e+00 1.362972e+01 2.341914e+01
RebuildHierarchy 3.669361e+01 1.823636e-01 3.625280e+01 3.715573e+01
SPCommUpdateCount 1.808682e+02 1.012387e+01 1.285918e+02 2.001236e+02
SPFinalize 1.808739e+02 1.012399e+01 1.285982e+02 2.001285e+02
SPFindTotalParticles 8.337038e-01 1.392033e-01 5.507778e-01 1.082839e+00
SPInitialize 1.295613e+00 6.807545e-02 1.168318e+00 1.418125e+00
SPRecordStarCount 4.564152e-01 1.749498e-01 1.347500e-01 8.634485e-01
SetAccelBoundary 4.838584e+00 5.924128e-01 2.886104e+00 6.767903e+00
SetBoundaryConditions 2.666677e+01 1.911786e+00 2.112700e+01 3.079353e+01
SetLevelTimeStep 7.403297e+00 1.468995e+00 3.538757e+00 1.194553e+01
SolveForPotential 1.302215e+01 1.241048e+00 8.373076e+00 1.549570e+01
SolveHydroEquations 2.456116e+01 1.822482e+00 2.022643e+01 3.092011e+01
StarParticleHandler 2.649545e+00 8.717940e-01 1.349762e+00 6.897641e+00
Total 3.558690e+02 8.826746e-04 3.558652e+02 3.558695e+02 8.517999e+08 4390 1.869982e+04
UpdateFromFinerGrids 2.351961e+00 5.534739e-01 1.201139e+00 3.868111e+00

Cycle_Number 2122
ChemistryCooling 3.331061e+01 8.492614e+00 2.108336e+01 8.017783e+01
CommBufferedSend 5.125509e-01 1.736038e-01 1.732046e-01 1.191485e+00
CommReceiveHandler 2.449546e+01 5.601553e+00 1.007876e+01 3.688516e+01
CommunicationTranspose 1.041831e-01 4.679394e-02 4.513262e-02 1.632253e-01
ComputePotentialFieldLevelZero 1.239553e-01 3.905551e-02 7.476496e-02 1.729528e-01
CopyToOldBaryon 1.202330e+00 2.396209e-01 7.812488e-01 1.775028e+00
CreateSiblingList 9.722486e-01 3.061908e-01 5.076172e-01 2.014647e+00
GravityAccel 1.493165e+00 1.831059e-01 1.103112e+00 2.233288e+00
Group_WriteAllData 6.715179e+00 7.155519e-04 6.714277e+00 6.717375e+00
Level_00 2.391880e+00 2.716683e-02 2.344556e+00 2.450152e+00 1.677722e+07 64 5.479873e+04
Level_01 1.733011e-01 4.055507e-02 1.239542e-01 2.181656e-01 1.208480e+05 44 5.447889e+03
Level_02 2.111620e-01 3.955616e-03 2.058823e-01 2.164750e-01 2.339840e+05 91 8.656859e+03
Level_03 2.358276e-01 3.918570e-03 2.207413e-01 2.461195e-01 8.096160e+05 188 2.682097e+04
Level_04 1.340067e+00 8.611248e-03 1.312406e+00 1.359762e+00 7.511232e+06 226 4.378998e+04
Level_05 5.158683e+00 7.288617e-02 4.947934e+00 5.394359e+00 3.222396e+07 712 4.880115e+04
Level_06 1.555459e+01 1.191669e-01 1.518611e+01 1.591047e+01 1.063663e+08 909 5.342386e+04
Level_07 1.761717e+01 1.094019e-01 1.719440e+01 1.793116e+01 9.890894e+07 825 4.386210e+04
Level_08 3.284458e+01 1.451340e-01 3.243497e+01 3.346640e+01 9.892777e+07 599 2.353122e+04
Level_09 7.523441e+01 1.861085e-01 7.472006e+01 7.611838e+01 1.385706e+08 355 1.438946e+04
Level_10 1.474645e+02 2.436283e-01 1.468442e+02 1.482130e+02 3.046232e+08 391 1.613859e+04
MPIWaitReceive 2.062934e+01 5.084581e+00 9.568795e+00 3.276607e+01
ParticleUpdate 1.144359e-01 2.096556e-02 7.601576e-02 2.151952e-01
PrepareDensityField 1.960312e+01 1.974621e+00 1.218721e+01 2.319497e+01
RebuildHierarchy 3.679259e+01 1.993434e-01 3.635173e+01 3.736979e+01
SPCommUpdateCount 1.908237e+02 1.107421e+01 1.368634e+02 2.143843e+02
SPFinalize 1.908289e+02 1.107451e+01 1.368687e+02 2.143882e+02
SPFindTotalParticles 7.545551e-01 1.279680e-01 5.196171e-01 9.841225e-01
SPInitialize 1.180696e+00 6.256311e-02 1.048739e+00 1.291898e+00
SPRecordStarCount 4.212907e-01 1.604869e-01 1.039262e-01 7.587195e-01
SetAccelBoundary 4.295792e+00 5.983695e-01 2.356485e+00 6.894431e+00
SetBoundaryConditions 2.323573e+01 1.783967e+00 1.688778e+01 2.686319e+01
SetLevelTimeStep 6.439648e+00 1.290765e+00 3.229406e+00 9.947879e+00
SolveForPotential 1.262374e+01 1.418118e+00 7.022266e+00 1.512389e+01
SolveHydroEquations 2.301185e+01 1.795050e+00 1.962568e+01 2.923482e+01
StarParticleHandler 2.601230e+00 9.321816e-01 1.150919e+00 9.102289e+00
Total 3.559336e+02 1.225007e-03 3.559281e+02 3.559340e+02 8.050737e+08 4404 1.767082e+04
UpdateFromFinerGrids 2.073650e+00 4.931490e-01 1.178087e+00 3.287368e+00

Cycle_Number 2123
ChemistryCooling 3.456872e+01 9.207246e+00 2.258770e+01 7.821085e+01
CommBufferedSend 5.299999e-01 2.047565e-01 1.157365e-01 1.351625e+00
CommReceiveHandler 2.973490e+01 6.556910e+00 1.075895e+01 4.317017e+01
CommunicationTranspose 1.037907e-01 4.614086e-02 4.481031e-02 1.642706e-01
ComputePotentialFieldLevelZero 1.250406e-01 3.782853e-02 7.580850e-02 1.752185e-01
CopyToOldBaryon 1.274347e+00 2.725772e-01 7.628056e-01 1.890937e+00
CreateSiblingList 1.010265e+00 3.577874e-01 5.073212e-01 2.118577e+00
GravityAccel 1.589507e+00 2.022902e-01 1.232494e+00 2.168586e+00
Group_WriteAllData 6.811438e+00 1.610948e-04 6.811412e+00 6.813252e+00
Level_00 2.578508e+00 2.911129e-02 2.517098e+00 2.639822e+00 1.677722e+07 64 5.083249e+04
Level_01 2.219027e-01 3.853797e-02 1.753849e-01 2.639295e-01 1.208480e+05 44 4.254680e+03
Level_02 2.279190e-01 4.534546e-03 2.193424e-01 2.334029e-01 2.342960e+05 91 8.031087e+03
Level_03 2.553573e-01 3.049862e-03 2.467960e-01 2.635633e-01 8.094720e+05 188 2.476530e+04
Level_04 1.344733e+00 1.077080e-02 1.305624e+00 1.372459e+00 7.499760e+06 225 4.357138e+04
Level_05 4.301911e+00 5.985846e-02 4.111571e+00 4.475037e+00 2.912768e+07 710 5.289742e+04
Level_06 1.411621e+01 1.440865e-01 1.380288e+01 1.454265e+01 1.024861e+08 944 5.672010e+04
Level_07 2.594249e+01 1.866959e-01 2.529854e+01 2.650148e+01 1.241779e+08 819 3.739580e+04
Level_08 3.801358e+01 2.241600e-01 3.701956e+01 3.878948e+01 1.093673e+08 577 2.247702e+04
Level_09 7.740464e+01 1.883610e-01 7.685061e+01 7.790819e+01 1.422924e+08 359 1.436167e+04
Level_10 1.503559e+02 2.910137e-01 1.496469e+02 1.512235e+02 3.064424e+08 385 1.592276e+04
MPIWaitReceive 2.572990e+01 6.100152e+00 1.019798e+01 3.896313e+01
ParticleUpdate 1.211421e-01 2.057335e-02 8.094112e-02 1.701185e-01
PrepareDensityField 2.336697e+01 2.385789e+00 1.518706e+01 2.709751e+01
RebuildHierarchy 3.681874e+01 2.112010e-01 3.620290e+01 3.738922e+01
SPCommUpdateCount 1.982337e+02 1.220877e+01 1.430293e+02 2.184863e+02
SPFinalize 1.982393e+02 1.220889e+01 1.430332e+02 2.184923e+02
SPFindTotalParticles 7.944336e-01 1.446135e-01 5.348368e-01 1.042932e+00
SPInitialize 1.229074e+00 6.043109e-02 1.120070e+00 1.336443e+00
SPRecordStarCount 4.297540e-01 1.718128e-01 1.458202e-01 7.943832e-01
SetAccelBoundary 4.884504e+00 6.785752e-01 2.734551e+00 7.790088e+00
SetBoundaryConditions 2.618432e+01 2.215934e+00 1.967173e+01 3.154422e+01
SetLevelTimeStep 7.123016e+00 1.651961e+00 3.644826e+00 1.102819e+01
SolveForPotential 1.519361e+01 1.698971e+00 9.540034e+00 1.875267e+01
SolveHydroEquations 2.395174e+01 1.598414e+00 2.085071e+01 2.871082e+01
StarParticleHandler 2.532011e+00 7.808408e-01 1.214236e+00 4.504616e+00
Total 3.741297e+02 1.089978e-03 3.741250e+02 3.741303e+02 8.393355e+08 4406 1.752683e+04
UpdateFromFinerGrids 2.326354e+00 5.740061e-01 1.213375e+00 3.691838e+00

Cycle_Number 2124
ChemistryCooling 3.557931e+01 1.079369e+01 2.364548e+01 1.254484e+02
CommBufferedSend 5.766952e-01 2.021977e-01 1.945393e-01 1.739279e+00
CommReceiveHandler 2.710115e+01 6.346697e+00 1.165012e+01 4.229807e+01
CommunicationTranspose 1.150755e-01 4.860755e-02 5.569698e-02 1.772833e-01
ComputePotentialFieldLevelZero 1.369366e-01 3.926074e-02 8.310448e-02 1.876175e-01
CopyToOldBaryon 1.450831e+00 3.261318e-01 8.445951e-01 2.123553e+00
CreateSiblingList 1.174151e+00 3.918562e-01 5.560074e-01 2.393272e+00
GravityAccel 1.657591e+00 2.138090e-01 1.143804e+00 2.377024e+00
Group_WriteAllData 6.969405e+00 7.583488e-04 6.968074e+00 6.971937e+00
Level_00 2.751819e+00 2.875966e-02 2.675219e+00 2.814453e+00 1.677722e+07 64 4.763104e+04
Level_01 1.745793e-01 4.452680e-02 1.107386e-01 2.240166e-01 1.208480e+05 44 5.407999e+03
Level_02 1.567244e-01 6.025888e-03 1.430569e-01 1.631621e-01 2.342960e+05 91 1.167934e+04
Level_03 2.610048e-01 3.767202e-03 2.535354e-01 2.694583e-01 8.094720e+05 188 2.422944e+04
Level_04 1.314286e+00 1.299424e-02 1.283375e+00 1.358768e+00 7.499760e+06 225 4.458077e+04
Level_05 4.693276e+00 6.702410e-02 4.464364e+00 4.890694e+00 2.921227e+07 709 4.862720e+04
Level_06 1.636912e+01 1.855013e-01 1.597303e+01 1.700263e+01 1.189139e+08 958 5.675409e+04
Level_07 2.684668e+01 1.754057e-01 2.637022e+01 2.722242e+01 1.305505e+08 829 3.799076e+04
Level_08 3.705887e+01 1.963029e-01 3.651941e+01 3.785650e+01 1.140398e+08 569 2.404110e+04
Level_09 6.911097e+01 1.904894e-01 6.857541e+01 7.000083e+01 1.452845e+08 363 1.642337e+04
Level_10 1.587400e+02 3.095351e-01 1.577758e+02 1.596264e+02 3.132059e+08 391 1.541465e+04
MPIWaitReceive 2.270728e+01 5.903676e+00 9.318484e+00 3.598024e+01
ParticleUpdate 1.243310e-01 2.480116e-02 8.380662e-02 2.123257e-01
PrepareDensityField 2.120700e+01 1.795326e+00 1.447995e+01 2.529496e+01
RebuildHierarchy 3.778217e+01 2.419839e-01 3.708179e+01 3.841554e+01
SPCommUpdateCount 1.999043e+02 1.365222e+01 9.340765e+01 2.270112e+02
SPFinalize 1.999098e+02 1.365261e+01 9.341188e+01 2.270176e+02
SPFindTotalParticles 8.131857e-01 1.566733e-01 5.675715e-01 1.049318e+00
SPInitialize 1.265298e+00 6.236624e-02 1.128984e+00 1.396513e+00
SPRecordStarCount 4.465553e-01 1.887671e-01 1.449857e-01 8.030286e-01
SetAccelBoundary 5.007866e+00 8.015238e-01 3.324107e+00 1.120027e+01
SetBoundaryConditions 2.714600e+01 1.961105e+00 1.909476e+01 3.535575e+01
SetLevelTimeStep 7.160557e+00 1.445115e+00 2.842100e+00 1.231184e+01
SolveForPotential 1.327453e+01 1.223621e+00 9.314066e+00 1.594306e+01
SolveHydroEquations 2.500063e+01 1.722689e+00 2.039576e+01 2.975051e+01
StarParticleHandler 2.607444e+00 1.021187e+00 1.375293e+00 7.361790e+00
Total 3.783488e+02 1.233704e-03 3.783435e+02 3.783493e+02 8.766485e+08 4431 1.810186e+04
UpdateFromFinerGrids 2.444674e+00 5.919950e-01 1.275305e+00 4.017863e+00

Cycle_Number 2125
ChemistryCooling 3.532434e+01 9.557785e+00 2.296712e+01 1.007696e+02
CommBufferedSend 5.771734e-01 2.135935e-01 1.692994e-01 1.407377e+00
CommReceiveHandler 2.577031e+01 6.787574e+00 8.946090e+00 3.999042e+01
CommunicationTranspose 1.104069e-01 4.844952e-02 5.041439e-02 1.715162e-01
ComputePotentialFieldLevelZero 1.305978e-01 4.069986e-02 7.820991e-02 1.819114e-01
CopyToOldBaryon 1.484802e+00 3.393358e-01 7.495175e-01 2.199226e+00
CreateSiblingList 1.129748e+00 3.453448e-01 4.861927e-01 2.078971e+00
GravityAccel 1.642613e+00 2.221677e-01 1.128758e+00 2.473897e+00
Group_WriteAllData 6.795601e+00 1.906861e-04 6.795575e+00 6.797749e+00
Level_00 2.235368e+00 2.908200e-02 2.146553e+00 2.294119e+00 1.677722e+07 64 5.863553e+04
Level_01 1.908496e-01 4.075118e-02 1.346480e-01 2.365458e-01 1.208480e+05 44 4.946958e+03
Level_02 1.526262e-01 6.048742e-03 1.428288e-01 1.602806e-01 2.352320e+05 91 1.204086e+04
Level_03 2.381075e-01 3.647973e-03 2.295510e-01 2.471342e-01 8.146160e+05 189 2.672821e+04
Level_04 1.389343e+00 1.075623e-02 1.356059e+00 1.430989e+00 7.497456e+06 223 4.215941e+04
Level_05 5.560990e+00 7.953556e-02 5.333947e+00 5.788306e+00 3.248256e+07 705 4.563396e+04
Level_06 1.528868e+01 1.326713e-01 1.491162e+01 1.580521e+01 1.115526e+08 925 5.700328e+04
Level_07 2.494648e+01 1.526389e-01 2.435925e+01 2.528278e+01 1.155628e+08 805 3.619084e+04
Level_08 3.714937e+01 1.870265e-01 3.677472e+01 3.778752e+01 1.118839e+08 584 2.352915e+04
Level_09 6.957322e+01 2.358828e-01 6.876517e+01 7.038448e+01 1.468518e+08 356 1.649025e+04
Level_10 1.270806e+02 2.795797e-01 1.265196e+02 1.282097e+02 3.192091e+08 386 1.962393e+04
MPIWaitReceive 2.140100e+01 6.206879e+00 7.987088e+00 3.514687e+01
ParticleUpdate 1.235704e-01 2.301427e-02 7.943337e-02 2.106780e-01
PrepareDensityField 2.037307e+01 1.933372e+00 1.377397e+01 2.371558e+01
RebuildHierarchy 3.663032e+01 1.930867e-01 3.617905e+01 3.701090e+01
SPCommUpdateCount 1.678725e+02 1.233827e+01 9.128828e+01 1.932787e+02
SPFinalize 1.678781e+02 1.233852e+01 9.129233e+01 1.932857e+02
SPFindTotalParticles 8.073451e-01 1.443911e-01 5.613026e-01 1.046827e+00
SPInitialize 1.251746e+00 6.049322e-02 1.112058e+00 1.375134e+00
SPRecordStarCount 4.389399e-01 1.690472e-01 1.489759e-01 8.019137e-01
SetAccelBoundary 4.769737e+00 6.561219e-01 2.584861e+00 6.563665e+00
SetBoundaryConditions 2.679372e+01 2.039125e+00 2.040074e+01 3.090224e+01
SetLevelTimeStep 7.248168e+00 1.497367e+00 4.594044e+00 1.131163e+01
SolveForPotential 1.285848e+01 1.330756e+00 8.186896e+00 1.502880e+01
SolveHydroEquations 2.472132e+01 1.631646e+00 2.033947e+01 2.973756e+01
StarParticleHandler 2.483337e+00 9.384238e-01 9.843817e-01 6.221267e+00
Total 3.432082e+02 1.302947e-03 3.432024e+02 3.432088e+02 8.629882e+08 4372 1.964433e+04
UpdateFromFinerGrids 2.432312e+00 6.215830e-01 1.167564e+00 3.760690e+00

Cycle_Number 2126
ChemistryCooling 3.521311e+01 9.020926e+00 2.414800e+01 1.083450e+02
CommBufferedSend 5.613655e-01 2.063240e-01 7.364023e-02 1.764121e+00
CommReceiveHandler 2.815597e+01 6.544608e+00 1.235769e+01 4.419913e+01
CommunicationTranspose 1.011810e-01 4.258923e-02 4.444706e-02 1.589200e-01
ComputePotentialFieldLevelZero 1.209509e-01 3.502812e-02 7.696225e-02 1.691720e-01
CopyToOldBaryon 1.470797e+00 3.377110e-01 7.651358e-01 2.078125e+00
CreateSiblingList 1.136745e+00 3.457651e-01 4.552583e-01 2.194262e+00
GravityAccel 1.629911e+00 1.926221e-01 1.167431e+00 2.362528e+00
Group_WriteAllData 6.911799e+00 7.581685e-04 6.910779e+00 6.913720e+00
Level_00 2.588099e+00 3.341669e-02 2.480383e+00 2.664897e+00 1.677722e+07 64 5.064412e+04
Level_01 1.711766e-01 4.028871e-02 1.198165e-01 2.165767e-01 1.208480e+05 44 5.515504e+03
Level_02 2.354447e-01 5.218397e-03 2.283507e-01 2.421188e-01 2.352320e+05 91 7.805442e+03
Level_03 2.388352e-01 4.645697e-03 2.282191e-01 2.488820e-01 8.146160e+05 189 2.664677e+04
Level_04 1.298102e+00 1.211945e-02 1.269535e+00 1.338638e+00 7.497456e+06 223 4.512270e+04
Level_05 4.794082e+00 5.601590e-02 4.643410e+00 4.942441e+00 3.234292e+07 714 5.270645e+04
Level_06 1.524334e+01 1.004985e-01 1.497871e+01 1.551275e+01 1.149800e+08 931 5.892944e+04
Level_07 2.583193e+01 1.293197e-01 2.549701e+01 2.616214e+01 1.092938e+08 778 3.305435e+04
Level_08 3.802975e+01 1.789613e-01 3.764353e+01 3.868514e+01 1.006949e+08 590 2.068589e+04
Level_09 7.696625e+01 2.479935e-01 7.601837e+01 7.757517e+01 1.499280e+08 363 1.521852e+04
Level_10 1.368911e+02 3.647887e-01 1.360828e+02 1.384079e+02 3.252586e+08 381 1.856280e+04
MPIWaitReceive 2.379557e+01 6.013719e+00 1.008660e+01 4.044633e+01
ParticleUpdate 1.219477e-01 1.915299e-02 8.826471e-02 1.681203e-01
PrepareDensityField 2.214370e+01 2.220806e+00 1.401405e+01 2.609705e+01
RebuildHierarchy 3.880220e+01 3.449445e-01 3.800410e+01 3.992402e+01
SPCommUpdateCount 1.849626e+02 1.160215e+01 1.021089e+02 2.089558e+02
SPFinalize 1.849683e+02 1.160227e+01 1.021152e+02 2.089627e+02
SPFindTotalParticles 8.197377e-01 1.601115e-01 5.572025e-01 1.072617e+00
SPInitialize 1.286685e+00 6.301347e-02 1.151974e+00 1.431270e+00
SPRecordStarCount 4.612015e-01 1.863216e-01 1.460978e-01 8.631514e-01
SetAccelBoundary 4.734185e+00 6.866824e-01 2.541059e+00 6.916433e+00
SetBoundaryConditions 2.664919e+01 2.028971e+00 1.927524e+01 3.153871e+01
SetLevelTimeStep 7.070159e+00 1.569743e+00 3.696329e+00 1.365706e+01
SolveForPotential 1.392410e+01 1.456181e+00 8.620692e+00 1.660162e+01
SolveHydroEquations 2.455954e+01 1.582788e+00 2.085021e+01 2.945970e+01
StarParticleHandler 2.615287e+00 8.767169e-01 1.252096e+00 7.000351e+00
Total 3.638946e+02 9.737749e-04 3.638900e+02 3.638950e+02 8.579436e+08 4368 1.841930e+04
UpdateFromFinerGrids 2.412340e+00 5.902799e-01 1.094215e+00 3.875350e+00

Cycle_Number 2127
ChemistryCooling 3.472234e+01 1.447425e+01 2.142329e+01 1.779194e+02
CommBufferedSend 5.501390e-01 2.611177e-01 1.007109e-01 2.511104e+00
CommReceiveHandler 3.298957e+01 6.992545e+00 1.500649e+01 5.027548e+01
CommunicationTranspose 1.117166e-01 5.123182e-02 4.889983e-02 1.780766e-01
ComputePotentialFieldLevelZero 1.318526e-01 4.346541e-02 7.954696e-02 1.878881e-01
CopyToOldBaryon 1.486406e+00 3.222880e-01 7.516162e-01 2.173917e+00
CreateSiblingList 1.060306e+00 3.792210e-01 4.620532e-01 2.250311e+00
GravityAccel 1.615869e+00 2.294935e-01 1.101517e+00 2.648770e+00
Group_WriteAllData 6.967772e+00 1.919388e-04 6.967746e+00 6.969934e+00
Level_00 2.288375e+00 3.060274e-02 2.213200e+00 2.356552e+00 1.677722e+07 64 5.727733e+04
Level_01 1.774280e-01 3.894819e-02 1.262720e-01 2.201898e-01 1.208480e+05 44 5.321173e+03
Level_02 2.015404e-01 4.394376e-03 1.951394e-01 2.074761e-01 2.352320e+05 91 9.118521e+03
Level_03 3.450235e-01 4.349574e-03 3.373800e-01 3.662405e-01 8.149040e+05 186 1.845218e+04
Level_04 2.255984e+00 1.918167e-02 2.209333e+00 2.306426e+00 1.124506e+07 223 3.894177e+04
Level_05 5.743730e+00 6.220461e-02 5.573154e+00 5.941181e+00 3.557102e+07 713 4.838295e+04
Level_06 1.736219e+01 1.543604e-01 1.700672e+01 1.791158e+01 1.268364e+08 932 5.707283e+04
Level_07 2.843576e+01 1.446790e-01 2.801109e+01 2.900317e+01 1.053009e+08 791 2.893060e+04
Level_08 4.266516e+01 1.715673e-01 4.223900e+01 4.339747e+01 1.012743e+08 601 1.854453e+04
Level_09 7.788324e+01 1.987858e-01 7.742972e+01 7.855862e+01 1.385205e+08 347 1.389505e+04
Level_10 1.334801e+02 3.325287e-01 1.324675e+02 1.347287e+02 3.154328e+08 380 1.846206e+04
MPIWaitReceive 2.864815e+01 6.491534e+00 1.442664e+01 4.539754e+01
ParticleUpdate 1.206221e-01 2.247178e-02 8.074456e-02 1.854054e-01
PrepareDensityField 2.644602e+01 2.657788e+00 1.837575e+01 3.294488e+01
RebuildHierarchy 3.761818e+01 3.051501e-01 3.698624e+01 3.839611e+01
SPCommUpdateCount 1.896116e+02 1.761859e+01 2.834866e+01 2.138081e+02
SPFinalize 1.896170e+02 1.761882e+01 2.835190e+01 2.138127e+02
SPFindTotalParticles 8.016695e-01 1.559223e-01 5.268877e-01 1.031074e+00
SPInitialize 1.232480e+00 5.991217e-02 1.121101e+00 1.354705e+00
SPRecordStarCount 4.253010e-01 1.839139e-01 1.214341e-01 8.000129e-01
SetAccelBoundary 4.850699e+00 6.214285e-01 2.535686e+00 6.972981e+00
SetBoundaryConditions 2.721582e+01 2.088581e+00 2.011590e+01 3.330439e+01
SetLevelTimeStep 7.158678e+00 1.659770e+00 2.125919e+00 1.319399e+01
SolveForPotential 1.459486e+01 1.558793e+00 9.599233e+00 1.910555e+01
SolveHydroEquations 2.428143e+01 1.852608e+00 2.069211e+01 3.114871e+01
StarParticleHandler 2.518364e+00 8.821166e-01 1.149714e+00 6.491032e+00
Total 3.712847e+02 8.872586e-04 3.712806e+02 3.712852e+02 8.521291e+08 4372 1.793033e+04
UpdateFromFinerGrids 2.480892e+00 6.190376e-01 1.072126e+00 4.542912e+00

Cycle_Number 2128
ChemistryCooling 3.469548e+01 1.001064e+01 2.332888e+01 8.784072e+01
CommBufferedSend 5.497395e-01 1.896496e-01 1.112183e-01 1.242359e+00
CommReceiveHandler 2.916655e+01 5.728413e+00 1.056608e+01 4.340589e+01
CommunicationTranspose 1.092966e-01 5.196460e-02 4.614956e-02 1.763208e-01
ComputePotentialFieldLevelZero 1.290500e-01 4.439199e-02 7.477606e-02 1.860156e-01
CopyToOldBaryon 1.450180e+00 3.060680e-01 7.180007e-01 2.118275e+00
CreateSiblingList 1.063683e+00 3.008868e-01 4.717261e-01 2.014433e+00
GravityAccel 1.598993e+00 2.056462e-01 1.151616e+00 2.809551e+00
Group_WriteAllData 6.863957e+00 7.059685e-04 6.862943e+00 6.866196e+00
Level_00 2.114803e+00 3.318296e-02 2.051478e+00 2.189119e+00 1.677722e+07 64 6.197834e+04
Level_01 1.944332e-01 3.977118e-02 1.422224e-01 2.389958e-01 1.208480e+05 44 4.855782e+03
Level_02 1.483484e-01 3.745817e-03 1.366088e-01 1.537842e-01 2.352320e+05 91 1.238807e+04
Level_03 2.564461e-01 3.467133e-03 2.485927e-01 2.640268e-01 8.149040e+05 186 2.482564e+04
Level_04 1.809907e+00 1.674196e-02 1.756402e+00 1.860229e+00 1.124506e+07 223 4.853951e+04
Level_05 6.495678e+00 8.024469e-02 6.278105e+00 6.696016e+00 3.887701e+07 709 4.675827e+04
Level_06 1.572577e+01 1.100134e-01 1.550039e+01 1.602694e+01 1.257634e+08 957 6.247876e+04
Level_07 3.040447e+01 1.197589e-01 3.016517e+01 3.088307e+01 1.026442e+08 807 2.637466e+04
Level_08 3.192689e+01 1.505479e-01 3.151005e+01 3.247016e+01 1.007405e+08 618 2.465116e+04
Level_09 7.064673e+01 2.152477e-01 7.018753e+01 7.131172e+01 1.376149e+08 365 1.521821e+04
Level_10 1.298136e+02 2.612587e-01 1.291483e+02 1.309174e+02 3.193060e+08 383 1.921662e+04
MPIWaitReceive 2.476352e+01 5.153364e+00 9.998658e+00 3.889984e+01
ParticleUpdate 1.195324e-01 2.177657e-02 8.203320e-02 2.143959e-01
PrepareDensityField 2.322325e+01 2.001866e+00 1.597132e+01 2.726954e+01
RebuildHierarchy 3.758099e+01 2.944205e-01 3.694955e+01 3.825486e+01
SPCommUpdateCount 1.733457e+02 1.266308e+01 1.178543e+02 1.959341e+02
SPFinalize 1.733509e+02 1.266342e+01 1.178592e+02 1.959394e+02
SPFindTotalParticles 7.851961e-01 1.486517e-01 5.274599e-01 1.006704e+00
SPInitialize 1.222880e+00 6.389022e-02 1.095208e+00 1.359928e+00
SPRecordStarCount 4.324239e-01 1.778579e-01 1.438506e-01 8.026331e-01
SetAccelBoundary 4.605712e+00 5.273896e-01 2.480044e+00 5.819287e+00
SetBoundaryConditions 2.582246e+01 1.731763e+00 1.941637e+01 2.890228e+01
SetLevelTimeStep 6.601740e+00 1.380312e+00 2.916441e+00 1.165047e+01
SolveForPotential 1.400013e+01 1.399712e+00 8.889145e+00 1.750802e+01
SolveHydroEquations 2.444426e+01 1.728742e+00 1.970195e+01 3.008453e+01
StarParticleHandler 2.418480e+00 9.548099e-01 1.165296e+00 9.592348e+00
Total 3.493785e+02 1.028317e-03 3.493737e+02 3.493790e+02 8.541393e+08 4447 1.909952e+04
UpdateFromFinerGrids 2.312082e+00 5.339876e-01 1.075377e+00 4.122708e+00

Cycle_Number 2129
ChemistryCooling 3.650719e+01 7.752013e+00 2.367451e+01 6.221061e+01
CommBufferedSend 5.976883e-01 1.788201e-01 1.087278e-01 1.362044e+00
CommReceiveHandler 3.218023e+01 6.953266e+00 1.051893e+01 4.829136e+01
CommunicationTranspose 1.053604e-01 4.674987e-02 5.000956e-02 1.663670e-01
ComputePotentialFieldLevelZero 1.252377e-01 3.945612e-02 7.778045e-02 1.768920e-01
CopyToOldBaryon 1.540012e+00 3.590858e-01 8.489248e-01 2.289623e+00
CreateSiblingList 1.233107e+00 4.209863e-01 5.301308e-01 2.663841e+00
GravityAccel 1.699837e+00 1.852523e-01 1.331171e+00 2.400410e+00
Group_WriteAllData 6.900736e+00 2.096685e-04 6.900708e+00 6.903099e+00
Level_00 2.215120e+00 2.819483e-02 2.144866e+00 2.276588e+00 1.677722e+07 64 5.917150e+04
Level_01 1.726866e-01 3.801618e-02 1.241891e-01 2.153709e-01 1.208480e+05 44 5.467273e+03
Level_02 1.741081e-01 3.592980e-03 1.677188e-01 1.873426e-01 2.353520e+05 91 1.056061e+04
Level_03 2.666749e-01 5.857320e-03 2.566900e-01 3.094189e-01 8.153520e+05 186 2.388653e+04
Level_04 2.022421e+00 2.124631e-02 1.944578e+00 2.070721e+00 1.123680e+07 222 4.340712e+04
Level_05 6.128000e+00 1.228583e-01 5.848916e+00 6.645712e+00 3.888148e+07 720 4.956944e+04
Level_06 1.658759e+01 1.787759e-01 1.618518e+01 1.701487e+01 1.251966e+08 963 5.896568e+04
Level_07 2.589373e+01 1.773118e-01 2.549469e+01 2.641371e+01 1.059713e+08 816 3.197300e+04
Level_08 4.097111e+01 2.078627e-01 4.042763e+01 4.160410e+01 1.212619e+08 616 2.312259e+04
Level_09 7.896677e+01 2.153451e-01 7.826526e+01 7.959837e+01 1.507514e+08 380 1.491444e+04
Level_10 1.441674e+02 2.657801e-01 1.434181e+02 1.450264e+02 3.259973e+08 391 1.766595e+04
MPIWaitReceive 2.735609e+01 6.545555e+00 9.943656e+00 4.272232e+01
ParticleUpdate 1.290950e-01 2.170622e-02 9.164463e-02 2.006463e-01
PrepareDensityField 2.526208e+01 2.122677e+00 1.895145e+01 2.920694e+01
RebuildHierarchy 3.772064e+01 2.215378e-01 3.711631e+01 3.818222e+01
SPCommUpdateCount 1.921329e+02 1.010460e+01 1.569468e+02 2.131191e+02
SPFinalize 1.921386e+02 1.010499e+01 1.569531e+02 2.131267e+02
SPFindTotalParticles 8.549124e-01 1.688101e-01 5.505893e-01 1.101342e+00
SPInitialize 1.307378e+00 5.531778e-02 1.164186e+00 1.430239e+00
SPRecordStarCount 4.465450e-01 1.966749e-01 1.372918e-01 8.756272e-01
SetAccelBoundary 5.309972e+00 5.464421e-01 2.735539e+00 6.321422e+00
SetBoundaryConditions 2.916615e+01 1.781719e+00 2.225708e+01 3.279653e+01
SetLevelTimeStep 7.596120e+00 1.363736e+00 4.674697e+00 1.282434e+01
SolveForPotential 1.619122e+01 1.432627e+00 1.179555e+01 1.890891e+01
SolveHydroEquations 2.576715e+01 1.389291e+00 2.229971e+01 3.074483e+01
StarParticleHandler 2.582891e+00 8.806325e-01 1.196258e+00 6.699310e+00
Total 3.795918e+02 1.503340e-03 3.795850e+02 3.795923e+02 8.972454e+08 4493 1.846649e+04
UpdateFromFinerGrids 2.637232e+00 6.412964e-01 1.335148e+00 3.981577e+00

Cycle_Number 2130
ChemistryCooling 3.610001e+01 7.996908e+00 2.369299e+01 7.071354e+01
CommBufferedSend 6.278683e-01 2.081229e-01 1.215120e-01 1.402276e+00
CommReceiveHandler 3.241055e+01 7.259288e+00 1.010893e+01 4.806833e+01
CommunicationTranspose 1.078545e-01 4.824960e-02 4.772782e-02 1.697153e-01
ComputePotentialFieldLevelZero 1.278842e-01 4.026939e-02 7.872896e-02 1.803358e-01
CopyToOldBaryon 1.666958e+00 3.682169e-01 8.870994e-01 2.448306e+00
CreateSiblingList 1.337156e+00 4.502204e-01 5.131736e-01 2.489835e+00
GravityAccel 1.705125e+00 2.088553e-01 1.273885e+00 2.364748e+00
Group_WriteAllData 6.711125e+00 8.895001e-04 6.710041e+00 6.713191e+00
Level_00 2.816159e+00 3.434046e-02 2.753184e+00 2.895897e+00 1.677722e+07 64 4.654282e+04
Level_01 1.766417e-01 4.208819e-02 1.247611e-01 2.216807e-01 1.208480e+05 44 5.344858e+03
Level_02 1.580506e-01 4.304910e-03 1.526702e-01 1.639306e-01 2.353520e+05 91 1.163354e+04
Level_03 2.598915e-01 5.755200e-03 2.501018e-01 3.126714e-01 8.153520e+05 186 2.450999e+04
Level_04 1.909548e+00 2.280699e-02 1.841717e+00 1.955815e+00 1.123680e+07 222 4.597292e+04
Level_05 5.757997e+00 8.131728e-02 5.575162e+00 6.022131e+00 3.578553e+07 718 4.855411e+04
Level_06 1.631001e+01 1.632372e-01 1.595234e+01 1.674655e+01 1.169411e+08 971 5.601480e+04
Level_07 2.417988e+01 1.346690e-01 2.387468e+01 2.470554e+01 1.023447e+08 806 3.306749e+04
Level_08 4.520548e+01 2.038417e-01 4.457001e+01 4.587660e+01 1.238005e+08 616 2.139545e+04
Level_09 7.793406e+01 2.094407e-01 7.735419e+01 7.854131e+01 1.512089e+08 377 1.515793e+04
Level_10 1.218702e+02 2.798225e-01 1.209750e+02 1.230283e+02 3.190272e+08 378 2.045128e+04
MPIWaitReceive 2.735805e+01 6.773852e+00 9.075600e+00 4.403163e+01
ParticleUpdate 1.293843e-01 2.185800e-02 8.797311e-02 1.920106e-01
PrepareDensityField 2.491160e+01 2.320024e+00 1.555072e+01 2.946608e+01
RebuildHierarchy 4.151136e+01 2.523666e-01 4.092311e+01 4.220072e+01
SPCommUpdateCount 1.718879e+02 1.070516e+01 1.296541e+02 2.019988e+02
SPFinalize 1.718936e+02 1.070560e+01 1.296594e+02 2.020068e+02
SPFindTotalParticles 8.642725e-01 1.687863e-01 5.287847e-01 1.099400e+00
SPInitialize 1.316432e+00 6.708881e-02 1.187476e+00 1.464993e+00
SPRecordStarCount 4.460240e-01 2.007422e-01 1.469927e-01 9.039657e-01
SetAccelBoundary 5.403120e+00 6.700324e-01 2.752080e+00 7.351697e+00
SetBoundaryConditions 2.960508e+01 2.036860e+00 2.123688e+01 3.411300e+01
SetLevelTimeStep 7.839079e+00 1.410912e+00 4.557311e+00 1.232793e+01
SolveForPotential 1.456861e+01 1.375797e+00 8.733739e+00 1.785823e+01
SolveHydroEquations 2.524227e+01 1.526309e+00 2.131707e+01 3.012883e+01
StarParticleHandler 2.636278e+00 9.038824e-01 1.303351e+00 6.320759e+00
Total 3.627741e+02 1.084934e-03 3.627688e+02 3.627745e+02 8.782935e+08 4473 1.891444e+04
UpdateFromFinerGrids 2.740134e+00 5.993185e-01 1.605127e+00 4.285511e+00

