# Starting performance log. MPI processes: 128

Cycle_Number 2111
CommunicationTranspose 1.414592e-01 4.033235e-02 9.039254e-02 1.852531e-01
ComputePotentialFieldLevelZero 1.591464e-01 3.562806e-02 1.171956e-01 1.966107e-01
Group_WriteAllData 2.028427e+01 5.945053e+00 1.430232e+01 2.625117e+01
Level_00 2.854237e+00 1.433331e-02 2.826735e+00 2.884971e+00 1.677722e+07 64 4.592190e+04
Level_01 3.784050e-01 2.539381e-02 3.400106e-01 4.039286e-01 1.231840e+05 12 2.543241e+03
Level_02 4.525104e-01 6.233197e-03 4.347146e-01 4.555921e-01 2.694880e+05 27 4.652656e+03
Level_03 5.886016e-01 1.155701e-02 5.651256e-01 5.987157e-01 8.803280e+05 81 1.168458e+04
Level_04 1.767443e+00 1.300013e-02 1.737598e+00 1.797476e+00 7.646352e+06 205 3.379862e+04
Level_05 6.434563e+00 7.144156e-02 6.205486e+00 6.619496e+00 3.302912e+07 722 4.010218e+04
Level_06 1.319342e+01 6.013385e-02 1.304072e+01 1.335337e+01 8.134402e+07 954 4.816797e+04
Level_07 2.397836e+01 1.045554e-01 2.364456e+01 2.429317e+01 9.764658e+07 742 3.181469e+04
Level_08 5.076305e+01 1.331500e-01 5.033264e+01 5.116554e+01 1.206727e+08 477 1.857169e+04
Level_09 1.378114e+02 3.169200e-01 1.369683e+02 1.387556e+02 2.046976e+08 244 1.160427e+04
Level_10 2.053588e+02 4.374553e-01 2.040623e+02 2.063509e+02 3.815374e+08 216 1.451490e+04
RebuildHierarchy 3.329727e+01 1.245297e-01 3.296448e+01 3.357668e+01
SetBoundaryConditions 2.071651e+01 3.449897e+00 1.028622e+01 2.759219e+01
SolveForPotential 1.167416e+01 2.326502e+00 4.154711e+00 1.755653e+01
SolveHydroEquations 2.209816e+01 4.768535e+00 1.307150e+01 3.597147e+01
Total 4.960489e+02 4.294229e-04 4.960488e+02 4.960537e+02 9.446240e+08 3744 1.487731e+04

Cycle_Number 2112
CommunicationTranspose 1.012920e-01 4.989096e-02 4.034115e-02 1.590168e-01
ComputePotentialFieldLevelZero 1.188590e-01 4.358849e-02 6.727050e-02 1.694883e-01
Group_WriteAllData 7.406739e+00 8.487533e-04 7.405645e+00 7.408879e+00
Level_00 2.830204e+00 2.077126e-02 2.781943e+00 2.873513e+00 1.677722e+07 64 4.631186e+04
Level_01 3.339930e-01 3.059258e-02 2.937214e-01 3.654836e-01 1.231840e+05 12 2.881423e+03
Level_02 3.612186e-01 3.150654e-03 3.465017e-01 3.634942e-01 2.694880e+05 27 5.828534e+03
Level_03 4.593034e-01 1.194705e-02 4.389160e-01 4.726538e-01 8.803280e+05 81 1.497390e+04
Level_04 1.596546e+00 1.657937e-02 1.552127e+00 1.664063e+00 7.646352e+06 205 3.741647e+04
Level_05 6.471782e+00 7.487012e-02 6.146327e+00 6.673608e+00 3.631461e+07 713 4.383768e+04
Level_06 1.769576e+01 1.092137e-01 1.732419e+01 1.790980e+01 1.131150e+08 958 4.993914e+04
Level_07 3.038603e+01 1.615313e-01 2.999329e+01 3.106387e+01 1.432312e+08 728 3.682593e+04
Level_08 4.842528e+01 2.234245e-01 4.794127e+01 4.949293e+01 1.284924e+08 472 2.072981e+04
Level_09 9.672200e+01 2.690423e-01 9.576873e+01 9.746349e+01 1.653030e+08 236 1.335198e+04
Level_10 1.941996e+02 3.416201e-01 1.932258e+02 1.952279e+02 3.571666e+08 198 1.436854e+04
RebuildHierarchy 3.583073e+01 1.633048e-01 3.532074e+01 3.623742e+01
SetBoundaryConditions 2.286048e+01 2.698444e+00 1.485881e+01 2.882193e+01
SolveForPotential 1.129541e+01 1.456731e+00 8.218466e+00 1.565294e+01
SolveHydroEquations 2.294926e+01 3.854546e+00 1.412338e+01 3.449800e+01
Total 4.585792e+02 1.734281e-03 4.585733e+02 4.585805e+02 9.693194e+08 3694 1.651363e+04

Cycle_Number 2113
CommunicationTranspose 1.127009e-01 5.238507e-02 5.030884e-02 1.782055e-01
ComputePotentialFieldLevelZero 1.326413e-01 4.505162e-02 7.901276e-02 1.889342e-01
Group_WriteAllData 6.580691e+00 1.461447e-04 6.580667e+00 6.582337e+00
Level_00 2.746236e+00 2.950724e-02 2.699527e+00 2.809554e+00 1.677722e+07 64 4.772787e+04
Level_01 3.270847e-01 3.648452e-02 2.782310e-01 3.658819e-01 1.241520e+05 12 2.965402e+03
Level_02 3.654365e-01 3.328432e-03 3.552117e-01 3.682247e-01 2.694880e+05 27 5.761260e+03
Level_03 6.961609e-01 1.251364e-02 6.713254e-01 7.551094e-01 8.830000e+05 82 9.909258e+03
Level_04 1.588220e+00 1.763688e-02 1.551316e+00 1.640752e+00 7.608016e+06 211 3.742405e+04
Level_05 6.019142e+00 8.300313e-02 5.747520e+00 6.216401e+00 2.990474e+07 699 3.881464e+04
Level_06 1.719061e+01 1.269174e-01 1.690281e+01 1.757797e+01 1.062748e+08 961 4.829802e+04
Level_07 3.516283e+01 2.062111e-01 3.467305e+01 3.583598e+01 1.447676e+08 723 3.216455e+04
Level_08 4.723959e+01 2.531030e-01 4.670320e+01 4.795976e+01 1.225627e+08 466 2.026946e+04
Level_09 9.700028e+01 3.006502e-01 9.565065e+01 9.784123e+01 1.586431e+08 235 1.277727e+04
Level_10 1.828653e+02 3.603035e-01 1.818982e+02 1.837004e+02 3.420360e+08 206 1.461271e+04
RebuildHierarchy 3.351566e+01 1.705547e-01 3.306189e+01 3.390478e+01
SetBoundaryConditions 2.175345e+01 2.863795e+00 1.196240e+01 2.731852e+01
SolveForPotential 1.052001e+01 1.635722e+00 6.168260e+00 1.521856e+01
SolveHydroEquations 2.183189e+01 4.157349e+00 1.437569e+01 3.356419e+01
Total 4.459182e+02 9.948132e-04 4.459143e+02 4.459188e+02 9.298509e+08 3686 1.629101e+04

Cycle_Number 2114
CommunicationTranspose 1.034571e-01 4.345739e-02 5.196031e-02 1.573094e-01
ComputePotentialFieldLevelZero 1.219843e-01 3.647083e-02 7.979239e-02 1.667094e-01
Group_WriteAllData 6.599736e+00 6.239485e-04 6.598726e+00 6.601518e+00
Level_00 2.606112e+00 2.520638e-02 2.549153e+00 2.661664e+00 1.677722e+07 64 5.029408e+04
Level_01 3.855706e-01 3.470259e-02 3.373042e-01 4.244403e-01 1.241520e+05 12 2.515590e+03
Level_02 3.786457e-01 5.129735e-03 3.648396e-01 3.815951e-01 2.694880e+05 27 5.560277e+03
Level_03 6.824034e-01 1.047828e-02 6.646656e-01 6.933200e-01 8.830000e+05 82 1.010903e+04
Level_04 1.710856e+00 1.743452e-02 1.674106e+00 1.762620e+00 7.608016e+06 211 3.474146e+04
Level_05 7.905501e+00 9.739646e-02 7.509275e+00 8.155892e+00 3.986631e+07 706 3.939732e+04
Level_06 2.080267e+01 1.874641e-01 2.033489e+01 2.127870e+01 1.310426e+08 967 4.921341e+04
Level_07 3.467543e+01 1.942985e-01 3.420494e+01 3.528542e+01 1.176487e+08 717 2.650667e+04
Level_08 5.274896e+01 2.002168e-01 5.214213e+01 5.321701e+01 1.168467e+08 457 1.730584e+04
Level_09 9.839374e+01 3.131867e-01 9.744660e+01 9.920913e+01 1.623856e+08 223 1.289348e+04
Level_10 1.904484e+02 3.398479e-01 1.896045e+02 1.912949e+02 3.512498e+08 199 1.440883e+04
RebuildHierarchy 3.686671e+01 1.968748e-01 3.632808e+01 3.740909e+01
SetBoundaryConditions 2.107060e+01 3.215242e+00 9.627383e+00 2.893260e+01
SolveForPotential 1.100302e+01 2.068935e+00 5.425742e+00 1.716366e+01
SolveHydroEquations 2.180596e+01 4.342308e+00 1.346807e+01 3.557563e+01
Total 4.700709e+02 7.173697e-04 4.700673e+02 4.700712e+02 9.447015e+08 3665 1.570078e+04

Cycle_Number 2115
CommunicationTranspose 1.062948e-01 4.350534e-02 5.212457e-02 1.612750e-01
ComputePotentialFieldLevelZero 1.246561e-01 3.752187e-02 7.483987e-02 1.715296e-01
Group_WriteAllData 6.415286e+00 1.401615e-04 6.415264e+00 6.416865e+00
Level_00 2.577085e+00 2.722074e-02 2.526458e+00 2.641337e+00 1.677722e+07 64 5.086057e+04
Level_01 2.977190e-01 3.441587e-02 2.513859e-01 3.336484e-01 1.241520e+05 12 3.257895e+03
Level_02 3.667070e-01 2.750230e-03 3.559107e-01 3.687252e-01 2.696560e+05 27 5.744880e+03
Level_03 4.667020e-01 1.105512e-02 4.510919e-01 4.782265e-01 8.864080e+05 82 1.483830e+04
Level_04 1.649125e+00 1.384969e-02 1.615899e+00 1.702579e+00 7.608736e+06 213 3.604532e+04
Level_05 6.158851e+00 5.399618e-02 5.913017e+00 6.287365e+00 2.967557e+07 715 3.764345e+04
Level_06 1.736950e+01 1.083000e-01 1.695395e+01 1.762576e+01 1.064102e+08 962 4.786145e+04
Level_07 2.543615e+01 1.545324e-01 2.505125e+01 2.599424e+01 1.290693e+08 723 3.964256e+04
Level_08 5.136412e+01 2.072592e-01 5.094956e+01 5.204320e+01 1.264618e+08 456 1.923489e+04
Level_09 1.166190e+02 3.073592e-01 1.159117e+02 1.172906e+02 1.561342e+08 222 1.045969e+04
Level_10 2.331629e+02 4.115792e-01 2.300214e+02 2.342456e+02 3.489426e+08 195 1.169189e+04
RebuildHierarchy 3.386741e+01 1.680511e-01 3.345267e+01 3.435582e+01
SetBoundaryConditions 2.056981e+01 2.895546e+00 1.138815e+01 2.851770e+01
SolveForPotential 1.027568e+01 1.742841e+00 4.625885e+00 1.409645e+01
SolveHydroEquations 2.134563e+01 4.656030e+00 1.246649e+01 3.304722e+01
Total 5.107458e+02 9.002204e-04 5.107424e+02 5.107463e+02 9.223599e+08 3671 1.410866e+04

